=== Session 32 ===
Seed: 1317143838265288107
Initial: 100,000원  Target: 500,000원  Ruin: 50,000원  Table-max: 100,000원
Strategy: martingale (pivot, steps=4)
Base bet: 1,000원  Primary side: BANKER

H001 | bet   1,000원 BANKER | P:9♠ K♣=9  B:2♣ 8♠=0  PLAYER(L)  | -1,000원 → 99,000원  [start]
H002 | bet   2,000원 PLAYER | P:A♣ 9♦ 3♦=3  B:6♦ K♥=6  BANKER(L)  | -2,000원 → 97,000원
H003 | bet   4,000원 PLAYER | P:2♦ 9♠ J♥=1  B:3♥ 8♥ 10♠=1  TIE(T)  |     0원 → 97,000원
H004 | bet   4,000원 PLAYER | P:4♦ A♦=5  B:8♠ J♠=8  BANKER(L)  | -4,000원 → 93,000원
H005 | bet   8,000원 PLAYER | P:2♠ 5♠=7  B:2♠ 2♠ Q♦=4  PLAYER(W)  | +8,000원 → 101,000원  [end_win]
H006 | bet   1,000원 BANKER | P:A♠ 10♣ Q♣=1  B:8♣ 4♠ Q♠=2  BANKER(W)  | +950원 → 101,950원
H007 | bet   1,000원 BANKER | P:7♠ 10♥=7  B:5♥ 2♣=7  TIE(T)  |     0원 → 101,950원
H008 | bet   1,000원 BANKER | P:5♦ 6♥=1  B:8♣ 10♠=8  BANKER(W)  | +950원 → 102,900원
H009 | bet   1,000원 BANKER | P:J♥ J♦ 3♥=3  B:6♣ K♦=6  BANKER(W)  | +950원 → 103,850원
H010 | bet   1,000원 BANKER | P:5♦ 3♠=8  B:6♣ A♥=7  PLAYER(L)  | -1,000원 → 102,850원  [start]
H011 | bet   2,000원 PLAYER | P:Q♥ 7♣=7  B:6♥ 4♣ A♦=1  PLAYER(W)  | +2,000원 → 104,850원  [end_win]
H012 | bet   1,000원 BANKER | P:J♣ Q♥ 5♥=5  B:7♥ J♦=7  BANKER(W)  | +950원 → 105,800원
H013 | bet   1,000원 BANKER | P:5♠ K♥ J♥=5  B:7♣ 3♥ 8♣=8  BANKER(W)  | +950원 → 106,750원
H014 | bet   1,000원 BANKER | P:A♠ 8♥=9  B:4♥ J♣=4  PLAYER(L)  | -1,000원 → 105,750원  [start]
H015 | bet   2,000원 PLAYER | P:3♦ 4♣=7  B:K♥ 4♦ K♥=4  PLAYER(W)  | +2,000원 → 107,750원  [end_win]
H016 | bet   1,000원 BANKER | P:Q♠ 5♣ 5♦=0  B:K♦ K♠ A♣=1  BANKER(W)  | +950원 → 108,700원
H017 | bet   1,000원 BANKER | P:K♣ 5♥ A♣=6  B:4♦ A♠=5  PLAYER(L)  | -1,000원 → 107,700원  [start]
H018 | bet   2,000원 PLAYER | P:J♥ 2♥=2  B:8♦ A♣=9  BANKER(L)  | -2,000원 → 105,700원
H019 | bet   4,000원 PLAYER | P:4♦ 6♣ 4♠=4  B:9♦ 3♠ 6♣=8  BANKER(L)  | -4,000원 → 101,700원
H020 | bet   8,000원 PLAYER | P:3♥ 7♠=0  B:A♦ 8♦=9  BANKER(L)  | -8,000원 → 93,700원
H021 | bet  16,000원 PLAYER | P:7♠ 7♥ 9♣=3  B:Q♦ 4♥=4  BANKER(L)  | -16,000원 → 77,700원  [end_giveup]
H022 | bet   1,000원 BANKER | P:K♥ 6♦=6  B:A♥ 2♦ K♥=3  PLAYER(L)  | -1,000원 → 76,700원  [start]
H023 | bet   2,000원 PLAYER | P:2♥ 8♣ 10♦=0  B:K♦ K♠ J♦=0  TIE(T)  |     0원 → 76,700원
H024 | bet   2,000원 PLAYER | P:4♦ 7♣=1  B:7♠ A♥=8  BANKER(L)  | -2,000원 → 74,700원
H025 | bet   4,000원 PLAYER | P:8♠ 4♥=2  B:K♦ 9♠=9  BANKER(L)  | -4,000원 → 70,700원
H026 | bet   8,000원 PLAYER | P:3♣ 7♣ 4♣=4  B:7♣ 6♦ 10♦=3  PLAYER(W)  | +8,000원 → 78,700원  [end_win]
H027 | bet   1,000원 BANKER | P:8♠ 5♥ 5♣=8  B:J♦ 3♦ 7♥=0  PLAYER(L)  | -1,000원 → 77,700원  [start]
H028 | bet   2,000원 PLAYER | P:3♦ 10♠ Q♦=3  B:9♣ 7♥=6  BANKER(L)  | -2,000원 → 75,700원
H029 | bet   4,000원 PLAYER | P:J♦ 9♦=9  B:A♥ 5♦=6  PLAYER(W)  | +4,000원 → 79,700원  [end_win]
H030 | bet   1,000원 BANKER | P:J♠ 4♥ 2♦=6  B:Q♠ 10♣ 3♥=3  PLAYER(L)  | -1,000원 → 78,700원  [start]
H031 | bet   2,000원 PLAYER | P:J♦ 9♣=9  B:A♣ 8♠=9  TIE(T)  |     0원 → 78,700원
H032 | bet   2,000원 PLAYER | P:10♦ Q♦ 9♠=9  B:3♣ Q♣ Q♠=3  PLAYER(W)  | +2,000원 → 80,700원  [end_win]
H033 | bet   1,000원 BANKER | P:10♣ 6♠=6  B:4♥ 9♦ 5♠=8  BANKER(W)  | +950원 → 81,650원
H034 | bet   1,000원 BANKER | P:2♠ 3♥ 10♠=5  B:7♦ 5♥ K♠=2  PLAYER(L)  | -1,000원 → 80,650원  [start]
H035 | bet   2,000원 PLAYER | P:8♥ 10♦=8  B:3♣ 9♠=2  PLAYER(W)  | +2,000원 → 82,650원  [end_win]
H036 | bet   1,000원 BANKER | P:2♦ 10♠ 6♦=8  B:2♦ 10♣ 9♥=1  PLAYER(L)  | -1,000원 → 81,650원  [start]
H037 | bet   2,000원 PLAYER | P:8♥ Q♠=8  B:K♠ K♠=0  PLAYER(W)  | +2,000원 → 83,650원  [end_win]
H038 | bet   1,000원 BANKER | P:Q♦ K♦=0  B:7♠ A♥=8  BANKER(W)  | +950원 → 84,600원
H039 | bet   1,000원 BANKER | P:3♣ 3♥=6  B:A♥ 8♣=9  BANKER(W)  | +950원 → 85,550원
H040 | bet   1,000원 BANKER | P:9♥ 6♦ J♠=5  B:Q♠ J♥ 10♠=0  PLAYER(L)  | -1,000원 → 84,550원  [start]
H041 | bet   2,000원 PLAYER | P:2♣ 4♥=6  B:4♦ Q♦ 3♣=7  BANKER(L)  | -2,000원 → 82,550원
H042 | bet   4,000원 PLAYER | P:2♥ J♠ 3♦=5  B:7♦ 4♣ 6♦=7  BANKER(L)  | -4,000원 → 78,550원
H043 | bet   8,000원 PLAYER | P:K♦ K♣ 9♦=9  B:7♦ 5♣ 5♠=7  PLAYER(W)  | +8,000원 → 86,550원  [end_win]
H044 | bet   1,000원 BANKER | P:3♠ 3♣=6  B:9♠ 10♦=9  BANKER(W)  | +950원 → 87,500원
H045 | bet   1,000원 BANKER | P:A♦ Q♥ 7♣=8  B:4♣ 7♥ J♠=1  PLAYER(L)  | -1,000원 → 86,500원  [start]
H046 | bet   2,000원 PLAYER | P:2♥ 2♥ K♣=4  B:6♠ 5♣ 5♥=6  BANKER(L)  | -2,000원 → 84,500원
H047 | bet   4,000원 PLAYER | P:7♦ 5♦ 2♠=4  B:5♣ 2♣=7  BANKER(L)  | -4,000원 → 80,500원
H048 | bet   8,000원 PLAYER | P:K♦ K♥ A♥=1  B:J♣ 6♣=6  BANKER(L)  | -8,000원 → 72,500원
H049 | bet  16,000원 PLAYER | P:3♦ 5♠=8  B:2♠ Q♥=2  PLAYER(W)  | +16,000원 → 88,500원  [end_win]
H050 | bet   1,000원 BANKER | P:J♥ 7♠=7  B:3♠ A♦ J♥=4  PLAYER(L)  | -1,000원 → 87,500원  [start]
H051 | bet   2,000원 PLAYER | P:5♣ 9♣=4  B:8♠ Q♥=8  BANKER(L)  | -2,000원 → 85,500원
H052 | bet   4,000원 PLAYER | P:K♠ 8♦=8  B:9♥ 5♣=4  PLAYER(W)  | +4,000원 → 89,500원  [end_win]
H053 | bet   1,000원 BANKER | P:A♣ J♠ 9♠=0  B:8♣ 2♥ J♥=0  TIE(T)  |     0원 → 89,500원
H054 | bet   1,000원 BANKER | P:A♣ 3♦ Q♣=4  B:Q♠ 7♥=7  BANKER(W)  | +950원 → 90,450원
H055 | bet   1,000원 BANKER | P:7♦ K♥=7  B:6♥ 5♦ 5♠=6  PLAYER(L)  | -1,000원 → 89,450원  [start]
H056 | bet   2,000원 PLAYER | P:2♣ 10♣ 9♣=1  B:J♠ 2♦ 7♠=9  BANKER(L)  | -2,000원 → 87,450원
H057 | bet   4,000원 PLAYER | P:9♥ 8♥=7  B:J♣ 4♠ 6♠=0  PLAYER(W)  | +4,000원 → 91,450원  [end_win]
H058 | bet   1,000원 BANKER | P:2♥ Q♣=2  B:A♠ 7♦=8  BANKER(W)  | +950원 → 92,400원
H059 | bet   1,000원 BANKER | P:K♠ 6♦=6  B:6♠ 9♥ 3♥=8  BANKER(W)  | +950원 → 93,350원
H060 | bet   1,000원 BANKER | P:4♥ 3♦=7  B:9♣ 5♠ K♣=4  PLAYER(L)  | -1,000원 → 92,350원  [start]
H061 | bet   2,000원 PLAYER | P:9♦ J♣=9  B:8♥ Q♦=8  PLAYER(W)  | +2,000원 → 94,350원  [end_win]
H062 | bet   1,000원 BANKER | P:7♦ Q♣=7  B:4♠ 4♠=8  BANKER(W)  | +950원 → 95,300원
H063 | bet   1,000원 BANKER | P:8♦ Q♣=8  B:Q♥ 6♠=6  PLAYER(L)  | -1,000원 → 94,300원  [start]
H064 | bet   2,000원 PLAYER | P:A♠ 8♦=9  B:Q♠ 10♥=0  PLAYER(W)  | +2,000원 → 96,300원  [end_win]
H065 | bet   1,000원 BANKER | P:K♦ 8♣=8  B:K♣ 7♦=7  PLAYER(L)  | -1,000원 → 95,300원  [start]
H066 | bet   2,000원 PLAYER | P:A♦ 6♦=7  B:Q♥ 6♠=6  PLAYER(W)  | +2,000원 → 97,300원  [end_win]
H067 | bet   1,000원 BANKER | P:10♥ J♦=0  B:9♦ 10♦=9  BANKER(W)  | +950원 → 98,250원
H068 | bet   1,000원 BANKER | P:10♣ Q♣ J♣=0  B:9♦ 6♣=5  BANKER(W)  | +950원 → 99,200원
H069 | bet   1,000원 BANKER | P:10♦ 8♦=8  B:10♥ 9♥=9  BANKER(W)  | +950원 → 100,150원
H070 | bet   1,000원 BANKER | P:7♠ 4♣ K♣=1  B:8♥ 3♣ 2♦=3  BANKER(W)  | +950원 → 101,100원
H071 | bet   1,000원 BANKER | P:7♣ 6♠ A♠=4  B:2♠ 4♠=6  BANKER(W)  | +950원 → 102,050원
H072 | bet   1,000원 BANKER | P:8♠ 7♣=5  B:6♥ 2♣=8  BANKER(W)  | +950원 → 103,000원
H073 | bet   1,000원 BANKER | P:5♥ 8♦ 8♠=1  B:9♠ 3♠ 4♣=6  BANKER(W)  | +950원 → 103,950원
H074 | bet   1,000원 BANKER | P:10♠ 4♠=4  B:J♣ 8♥=8  BANKER(W)  | +950원 → 104,900원
H075 | bet   1,000원 BANKER | P:10♠ A♠=1  B:J♦ 8♦=8  BANKER(W)  | +950원 → 105,850원
H076 | bet   1,000원 BANKER | P:K♣ 6♥=6  B:K♠ 5♠ J♠=5  PLAYER(L)  | -1,000원 → 104,850원  [start]
H077 | bet   2,000원 PLAYER | P:Q♦ 5♦ 10♣=5  B:A♠ 6♣=7  BANKER(L)  | -2,000원 → 102,850원
H078 | bet   4,000원 PLAYER | P:4♦ 4♠=8  B:2♥ 10♥=2  PLAYER(W)  | +4,000원 → 106,850원  [end_win]
H079 | bet   1,000원 BANKER | P:6♣ 9♥ 5♣=0  B:A♦ 4♥ 10♥=5  BANKER(W)  | +950원 → 107,800원
H080 | bet   1,000원 BANKER | P:3♠ 7♥ A♦=1  B:10♦ 2♠ J♣=2  BANKER(W)  | +950원 → 108,750원
H081 | bet   1,000원 BANKER | P:2♣ 2♣ 8♣=2  B:9♣ 4♣=3  BANKER(W)  | +950원 → 109,700원
H082 | bet   1,000원 BANKER | P:A♣ 9♣=0  B:6♥ 3♠=9  BANKER(W)  | +950원 → 110,650원
H083 | bet   1,000원 BANKER | P:3♣ 6♥=9  B:Q♣ 5♥=5  PLAYER(L)  | -1,000원 → 109,650원  [start]
H084 | bet   2,000원 PLAYER | P:8♠ 9♦=7  B:9♠ Q♦=9  BANKER(L)  | -2,000원 → 107,650원
H085 | bet   4,000원 PLAYER | P:4♣ 10♥ 6♥=0  B:Q♥ 6♠ K♦=6  BANKER(L)  | -4,000원 → 103,650원
H086 | bet   8,000원 PLAYER | P:7♠ 5♣ 3♠=5  B:3♦ 7♦ 4♣=4  PLAYER(W)  | +8,000원 → 111,650원  [end_win]
H087 | bet   1,000원 BANKER | P:A♠ 8♣=9  B:6♠ 6♣=2  PLAYER(L)  | -1,000원 → 110,650원  [start]
H088 | bet   2,000원 PLAYER | P:8♣ Q♦=8  B:Q♠ 4♥=4  PLAYER(W)  | +2,000원 → 112,650원  [end_win]
H089 | bet   1,000원 BANKER | P:2♠ Q♠ 6♣=8  B:4♠ K♣ Q♥=4  PLAYER(L)  | -1,000원 → 111,650원  [start]
H090 | bet   2,000원 PLAYER | P:9♥ 10♠=9  B:2♣ 7♥=9  TIE(T)  |     0원 → 111,650원
H091 | bet   2,000원 PLAYER | P:J♠ 8♠=8  B:10♦ 2♥=2  PLAYER(W)  | +2,000원 → 113,650원  [end_win]
H092 | bet   1,000원 BANKER | P:6♦ 6♠=2  B:A♥ 7♥=8  BANKER(W)  | +950원 → 114,600원
H093 | bet   1,000원 BANKER | P:J♦ 7♣=7  B:A♦ K♦ 4♣=5  PLAYER(L)  | -1,000원 → 113,600원  [start]
H094 | bet   2,000원 PLAYER | P:3♠ 10♥ A♣=4  B:7♥ Q♠=7  BANKER(L)  | -2,000원 → 111,600원
H095 | bet   4,000원 PLAYER | P:10♣ 3♣ 8♥=1  B:5♠ J♦=5  BANKER(L)  | -4,000원 → 107,600원
H096 | bet   8,000원 PLAYER | P:Q♣ 4♥ 10♠=4  B:7♠ 8♠=5  BANKER(L)  | -8,000원 → 99,600원
H097 | bet  16,000원 PLAYER | P:5♦ 9♠ 2♦=6  B:A♦ Q♠ Q♠=1  PLAYER(W)  | +16,000원 → 115,600원  [end_win]
H098 | bet   1,000원 BANKER | P:7♦ 10♣=7  B:J♠ 10♥ 6♥=6  PLAYER(L)  | -1,000원 → 114,600원  [start]
H099 | bet   2,000원 PLAYER | P:J♣ 2♠ 4♥=6  B:A♠ J♣ 7♦=8  BANKER(L)  | -2,000원 → 112,600원
H100 | bet   4,000원 PLAYER | P:9♣ 5♦=4  B:J♠ 8♠=8  BANKER(L)  | -4,000원 → 108,600원
H101 | bet   8,000원 PLAYER | P:4♣ 5♣=9  B:9♠ 2♣=1  PLAYER(W)  | +8,000원 → 116,600원  [end_win]
H102 | bet   1,000원 BANKER | P:J♥ 5♠ K♥=5  B:3♠ 7♣ 2♦=2  PLAYER(L)  | -1,000원 → 115,600원  [start]
H103 | bet   2,000원 PLAYER | P:8♥ 8♣=6  B:9♣ 6♥ 10♣=5  PLAYER(W)  | +2,000원 → 117,600원  [end_win]
H104 | bet   1,000원 BANKER | P:A♠ 7♥=8  B:A♠ 5♥=6  PLAYER(L)  | -1,000원 → 116,600원  [start]
H105 | bet   2,000원 PLAYER | P:3♦ A♦ 5♣=9  B:5♥ Q♥ Q♦=5  PLAYER(W)  | +2,000원 → 118,600원  [end_win]
H106 | bet   1,000원 BANKER | P:J♦ 8♦=8  B:9♣ 9♥=8  TIE(T)  |     0원 → 118,600원
H107 | bet   1,000원 BANKER | P:5♠ 9♦=4  B:6♥ 2♣=8  BANKER(W)  | +950원 → 119,550원
H108 | bet   1,000원 BANKER | P:6♦ 10♣=6  B:J♦ K♦ 3♦=3  PLAYER(L)  | -1,000원 → 118,550원  [start]
H109 | bet   2,000원 PLAYER | P:10♠ 8♦=8  B:7♥ 5♥=2  PLAYER(W)  | +2,000원 → 120,550원  [end_win]
H110 | bet   1,000원 BANKER | P:5♣ J♦=5  B:9♠ K♠=9  BANKER(W)  | +950원 → 121,500원
H111 | bet   1,000원 BANKER | P:6♠ K♦=6  B:2♦ J♠ K♦=2  PLAYER(L)  | -1,000원 → 120,500원  [start]
H112 | bet   2,000원 PLAYER | P:J♦ 10♠ 3♥=3  B:A♣ Q♥ 4♦=5  BANKER(L)  | -2,000원 → 118,500원
H113 | bet   4,000원 PLAYER | P:10♥ 6♦=6  B:2♠ J♣ 9♥=1  PLAYER(W)  | +4,000원 → 122,500원  [end_win]
H114 | bet   1,000원 BANKER | P:8♥ A♣=9  B:5♣ 6♦=1  PLAYER(L)  | -1,000원 → 121,500원  [start]
H115 | bet   2,000원 PLAYER | P:Q♣ 5♦ 2♥=7  B:6♣ A♥=7  TIE(T)  |     0원 → 121,500원
H116 | bet   2,000원 PLAYER | P:9♥ 5♠ A♠=5  B:10♦ 5♣=5  TIE(T)  |     0원 → 121,500원
H117 | bet   2,000원 PLAYER | P:3♣ 7♦ 4♦=4  B:8♣ 4♠ 8♥=0  PLAYER(W)  | +2,000원 → 123,500원  [end_win]
H118 | bet   1,000원 BANKER | P:J♥ 2♠=2  B:8♥ A♦=9  BANKER(W)  | +950원 → 124,450원
H119 | bet   1,000원 BANKER | P:J♣ 4♦ 3♦=7  B:5♦ 5♣ J♦=0  PLAYER(L)  | -1,000원 → 123,450원  [start]
H120 | bet   2,000원 PLAYER | P:2♥ 10♣ 7♣=9  B:K♦ 4♠ 10♦=4  PLAYER(W)  | +2,000원 → 125,450원  [end_win]
H121 | bet   1,000원 BANKER | P:8♠ 2♥ A♠=1  B:K♥ 6♥=6  BANKER(W)  | +950원 → 126,400원
H122 | bet   1,000원 BANKER | P:8♦ 3♥ 7♥=8  B:9♣ 6♠ 3♠=8  TIE(T)  |     0원 → 126,400원
H123 | bet   1,000원 BANKER | P:7♦ J♠=7  B:8♣ 10♦=8  BANKER(W)  | +950원 → 127,350원
H124 | bet   1,000원 BANKER | P:3♠ 8♦ 3♦=4  B:J♥ 5♣=5  BANKER(W)  | +950원 → 128,300원
H125 | bet   1,000원 BANKER | P:4♠ 10♠ Q♣=4  B:K♣ 6♠=6  BANKER(W)  | +950원 → 129,250원
H126 | bet   1,000원 BANKER | P:7♣ 3♣=0  B:Q♠ 8♥=8  BANKER(W)  | +950원 → 130,200원
H127 | bet   1,000원 BANKER | P:10♥ K♠ 4♣=4  B:4♥ 10♦ A♣=5  BANKER(W)  | +950원 → 131,150원
H128 | bet   1,000원 BANKER | P:Q♠ 2♥ 6♣=8  B:K♥ 2♥ 5♠=7  PLAYER(L)  | -1,000원 → 130,150원  [start]
H129 | bet   2,000원 PLAYER | P:4♦ 3♥=7  B:K♥ 7♠=7  TIE(T)  |     0원 → 130,150원
H130 | bet   2,000원 PLAYER | P:3♥ A♣ 9♣=3  B:3♣ K♣ 3♣=6  BANKER(L)  | -2,000원 → 128,150원
H131 | bet   4,000원 PLAYER | P:10♣ A♠ 4♣=5  B:Q♦ 6♥=6  BANKER(L)  | -4,000원 → 124,150원
H132 | bet   8,000원 PLAYER | P:4♥ A♥ K♦=5  B:2♥ 9♠ 8♠=9  BANKER(L)  | -8,000원 → 116,150원
H133 | bet  16,000원 PLAYER | P:5♦ 5♥ K♦=0  B:K♣ 6♦=6  BANKER(L)  | -16,000원 → 100,150원  [end_giveup]
H134 | bet   1,000원 BANKER | P:7♠ 4♣ J♥=1  B:2♦ Q♦ 10♥=2  BANKER(W)  | +950원 → 101,100원
H135 | bet   1,000원 BANKER | P:2♣ A♦=3  B:2♦ 6♣=8  BANKER(W)  | +950원 → 102,050원
H136 | bet   1,000원 BANKER | P:3♣ Q♣ 8♦=1  B:K♠ 6♣=6  BANKER(W)  | +950원 → 103,000원
H137 | bet   1,000원 BANKER | P:J♣ 5♠=5  B:8♠ 10♣=8  BANKER(W)  | +950원 → 103,950원
H138 | bet   1,000원 BANKER | P:9♣ 7♦=6  B:4♥ 10♦ 6♦=0  PLAYER(L)  | -1,000원 → 102,950원  [start]
H139 | bet   2,000원 PLAYER | P:9♠ K♠=9  B:7♠ 5♦=2  PLAYER(W)  | +2,000원 → 104,950원  [end_win]
H140 | bet   1,000원 BANKER | P:A♥ K♣ 2♠=3  B:6♦ Q♦=6  BANKER(W)  | +950원 → 105,900원
H141 | bet   1,000원 BANKER | P:10♥ K♠=0  B:8♦ J♣=8  BANKER(W)  | +950원 → 106,850원
H142 | bet   1,000원 BANKER | P:9♦ 4♦ Q♥=3  B:5♥ A♣=6  BANKER(W)  | +950원 → 107,800원
H143 | bet   1,000원 BANKER | P:9♥ 3♥ 9♠=1  B:6♣ K♣=6  BANKER(W)  | +950원 → 108,750원
H144 | bet   1,000원 BANKER | P:9♦ 6♣ 8♥=3  B:2♣ 9♠ 5♦=6  BANKER(W)  | +950원 → 109,700원
H145 | bet   1,000원 BANKER | P:A♥ 2♠ 3♥=6  B:10♦ Q♠ 4♠=4  PLAYER(L)  | -1,000원 → 108,700원  [start]
H146 | bet   2,000원 PLAYER | P:K♠ 9♥=9  B:K♠ 3♠=3  PLAYER(W)  | +2,000원 → 110,700원  [end_win]
H147 | bet   1,000원 BANKER | P:7♥ 2♠=9  B:J♠ J♦=0  PLAYER(L)  | -1,000원 → 109,700원  [start]
H148 | bet   2,000원 PLAYER | P:8♥ 5♦=3  B:5♠ 4♥=9  BANKER(L)  | -2,000원 → 107,700원
H149 | bet   4,000원 PLAYER | P:3♦ 8♣ 5♠=6  B:J♥ 4♠ 2♥=6  TIE(T)  |     0원 → 107,700원
H150 | bet   4,000원 PLAYER | P:A♥ K♣ 9♦=0  B:10♠ 10♣ Q♦=0  TIE(T)  |     0원 → 107,700원
H151 | bet   4,000원 PLAYER | P:7♣ 3♦=0  B:Q♣ 8♣=8  BANKER(L)  | -4,000원 → 103,700원
H152 | bet   8,000원 PLAYER | P:K♠ 8♦=8  B:2♠ 7♦=9  BANKER(L)  | -8,000원 → 95,700원
H153 | bet  16,000원 PLAYER | P:8♦ J♠=8  B:7♣ Q♣=7  PLAYER(W)  | +16,000원 → 111,700원  [end_win]
H154 | bet   1,000원 BANKER | P:7♠ A♦=8  B:3♣ A♣=4  PLAYER(L)  | -1,000원 → 110,700원  [start]
H155 | bet   2,000원 PLAYER | P:3♥ 9♦ 4♦=6  B:2♣ 10♥ 7♦=9  BANKER(L)  | -2,000원 → 108,700원
H156 | bet   4,000원 PLAYER | P:7♥ Q♥=7  B:Q♣ K♥ 2♣=2  PLAYER(W)  | +4,000원 → 112,700원  [end_win]
H157 | bet   1,000원 BANKER | P:J♠ A♠ 9♣=0  B:Q♥ 6♠=6  BANKER(W)  | +950원 → 113,650원
H158 | bet   1,000원 BANKER | P:4♣ 10♦=4  B:A♦ 7♠=8  BANKER(W)  | +950원 → 114,600원
H159 | bet   1,000원 BANKER | P:10♠ 10♠ 2♦=2  B:J♣ A♥ 8♣=9  BANKER(W)  | +950원 → 115,550원
H160 | bet   1,000원 BANKER | P:6♥ J♥=6  B:2♦ 9♥ 5♥=6  TIE(T)  |     0원 → 115,550원
H161 | bet   1,000원 BANKER | P:3♦ K♥ K♥=3  B:3♠ J♣ Q♣=3  TIE(T)  |     0원 → 115,550원
H162 | bet   1,000원 BANKER | P:2♦ 4♠=6  B:A♦ J♥ 9♦=0  PLAYER(L)  | -1,000원 → 114,550원  [start]
H163 | bet   2,000원 PLAYER | P:6♥ 9♥=5  B:J♥ 8♠=8  BANKER(L)  | -2,000원 → 112,550원
H164 | bet   4,000원 PLAYER | P:3♣ K♣ 7♣=0  B:A♣ 4♥ 6♠=1  BANKER(L)  | -4,000원 → 108,550원
H165 | bet   8,000원 PLAYER | P:2♣ Q♦ 7♠=9  B:4♠ K♥ A♥=5  PLAYER(W)  | +8,000원 → 116,550원  [end_win]
H166 | bet   1,000원 BANKER | P:7♥ 7♠ 7♣=1  B:3♥ 9♣ 9♠=1  TIE(T)  |     0원 → 116,550원
H167 | bet   1,000원 BANKER | P:2♠ Q♠ 8♦=0  B:A♣ A♥ K♠=2  BANKER(W)  | +950원 → 117,500원
H168 | bet   1,000원 BANKER | P:8♣ 5♠=3  B:6♥ 2♠=8  BANKER(W)  | +950원 → 118,450원
H169 | bet   1,000원 BANKER | P:A♣ 6♠=7  B:K♥ 5♦ 6♦=1  PLAYER(L)  | -1,000원 → 117,450원  [start]
H170 | bet   2,000원 PLAYER | P:2♦ 2♣=4  B:3♣ 5♠=8  BANKER(L)  | -2,000원 → 115,450원
H171 | bet   4,000원 PLAYER | P:10♥ 5♣ A♠=6  B:9♠ 3♣ 2♣=4  PLAYER(W)  | +4,000원 → 119,450원  [end_win]
H172 | bet   1,000원 BANKER | P:10♣ 7♠=7  B:J♠ 8♦=8  BANKER(W)  | +950원 → 120,400원
H173 | bet   1,000원 BANKER | P:9♣ 5♦ 3♥=7  B:8♣ 5♣ 8♠=1  PLAYER(L)  | -1,000원 → 119,400원  [start]
H174 | bet   2,000원 PLAYER | P:10♦ 4♣ 6♦=0  B:10♦ 10♠ 6♣=6  BANKER(L)  | -2,000원 → 117,400원
H175 | bet   4,000원 PLAYER | P:9♦ A♦ 6♦=6  B:J♠ 7♣=7  BANKER(L)  | -4,000원 → 113,400원
H176 | bet   8,000원 PLAYER | P:6♣ Q♣=6  B:J♥ 6♣=6  TIE(T)  |     0원 → 113,400원
H177 | bet   8,000원 PLAYER | P:10♠ 5♥ 9♦=4  B:6♠ 7♦ A♠=4  TIE(T)  |     0원 → 113,400원
H178 | bet   8,000원 PLAYER | P:Q♥ 3♦ 5♥=8  B:3♥ A♣ 7♣=1  PLAYER(W)  | +8,000원 → 121,400원  [end_win]
H179 | bet   1,000원 BANKER | P:4♠ 9♣ 5♠=8  B:6♦ 10♠=6  PLAYER(L)  | -1,000원 → 120,400원  [start]
H180 | bet   2,000원 PLAYER | P:4♠ 2♥=6  B:A♦ 7♦=8  BANKER(L)  | -2,000원 → 118,400원
H181 | bet   4,000원 PLAYER | P:2♦ 9♥ 4♥=5  B:Q♣ 10♥ 10♦=0  PLAYER(W)  | +4,000원 → 122,400원  [end_win]
H182 | bet   1,000원 BANKER | P:A♠ 7♥=8  B:A♠ 10♠=1  PLAYER(L)  | -1,000원 → 121,400원  [start]
H183 | bet   2,000원 PLAYER | P:K♦ 10♦ 2♥=2  B:2♣ Q♦ 8♦=0  PLAYER(W)  | +2,000원 → 123,400원  [end_win]
H184 | bet   1,000원 BANKER | P:2♠ 8♥ 6♠=6  B:3♣ Q♦ 2♥=5  PLAYER(L)  | -1,000원 → 122,400원  [start]
H185 | bet   2,000원 PLAYER | P:10♣ K♣ J♣=0  B:K♠ 6♥=6  BANKER(L)  | -2,000원 → 120,400원
H186 | bet   4,000원 PLAYER | P:4♠ 9♣=3  B:7♠ 2♦=9  BANKER(L)  | -4,000원 → 116,400원
H187 | bet   8,000원 PLAYER | P:5♣ 8♣ Q♥=3  B:3♠ J♥ 2♥=5  BANKER(L)  | -8,000원 → 108,400원
H188 | bet  16,000원 PLAYER | P:9♦ A♠ 10♠=0  B:K♣ K♣ 4♣=4  BANKER(L)  | -16,000원 → 92,400원  [end_giveup]
H189 | bet   1,000원 BANKER | P:9♦ 5♥ 8♠=2  B:2♠ 3♦=5  BANKER(W)  | +950원 → 93,350원
H190 | bet   1,000원 BANKER | P:J♦ 6♦=6  B:5♣ 4♦=9  BANKER(W)  | +950원 → 94,300원
H191 | bet   1,000원 BANKER | P:K♥ J♣ 6♥=6  B:9♦ 4♠ 7♠=0  PLAYER(L)  | -1,000원 → 93,300원  [start]
H192 | bet   2,000원 PLAYER | P:J♠ J♥=0  B:10♦ 8♣=8  BANKER(L)  | -2,000원 → 91,300원
H193 | bet   4,000원 PLAYER | P:8♠ 6♠ J♦=4  B:3♦ 3♦=6  BANKER(L)  | -4,000원 → 87,300원
H194 | bet   8,000원 PLAYER | P:9♠ 8♥=7  B:7♥ 2♦=9  BANKER(L)  | -8,000원 → 79,300원
H195 | bet  16,000원 PLAYER | P:10♥ 2♦=2  B:K♣ 9♥=9  BANKER(L)  | -16,000원 → 63,300원  [end_giveup]
H196 | bet   1,000원 BANKER | P:K♣ Q♠ 10♣=0  B:10♥ Q♠ 3♠=3  BANKER(W)  | +950원 → 64,250원
H197 | bet   1,000원 BANKER | P:2♦ 2♣ 10♣=4  B:J♠ 6♣=6  BANKER(W)  | +950원 → 65,200원
H198 | bet   1,000원 BANKER | P:6♠ 10♠=6  B:K♣ 10♦ K♣=0  PLAYER(L)  | -1,000원 → 64,200원  [start]
H199 | bet   2,000원 PLAYER | P:10♣ 7♥=7  B:Q♠ K♦ J♠=0  PLAYER(W)  | +2,000원 → 66,200원  [end_win]
H200 | bet   1,000원 BANKER | P:3♥ 8♣ K♥=1  B:2♠ 5♣=7  BANKER(W)  | +950원 → 67,150원
H201 | bet   1,000원 BANKER | P:2♣ J♥ 8♥=0  B:4♥ 8♣ 3♦=5  BANKER(W)  | +950원 → 68,100원
H202 | bet   1,000원 BANKER | P:Q♦ 2♣ 3♣=5  B:A♥ 6♦=7  BANKER(W)  | +950원 → 69,050원
H203 | bet   1,000원 BANKER | P:Q♦ J♦=0  B:9♠ J♥=9  BANKER(W)  | +950원 → 70,000원
H204 | bet   1,000원 BANKER | P:K♦ J♣ K♠=0  B:J♠ 4♦=4  BANKER(W)  | +950원 → 70,950원
H205 | bet   1,000원 BANKER | P:8♠ 3♣ 5♦=6  B:8♣ 5♣ A♦=4  PLAYER(L)  | -1,000원 → 69,950원  [start]
H206 | bet   2,000원 PLAYER | P:7♥ Q♣=7  B:K♥ Q♥ 8♦=8  BANKER(L)  | -2,000원 → 67,950원
H207 | bet   4,000원 PLAYER | P:3♣ 5♥=8  B:Q♣ 8♣=8  TIE(T)  |     0원 → 67,950원
H208 | bet   4,000원 PLAYER | P:J♦ 2♣ 10♦=2  B:5♠ A♥=6  BANKER(L)  | -4,000원 → 63,950원
H209 | bet   8,000원 PLAYER | P:A♥ 6♦=7  B:A♣ 8♥=9  BANKER(L)  | -8,000원 → 55,950원
H210 | bet  16,000원 PLAYER | P:8♦ 4♠ 9♥=1  B:7♠ J♦=7  BANKER(L)  | -16,000원 → 39,950원  [end_giveup]

Result: RUIN (capital_depleted)
Final: 39,950원  Hands: 210  Bets: 191  Wagered: 527,000원  Max losing streak: 8
