=== Session 51 ===
Seed: 7097704095687072272
Initial: 100,000원  Target: 500,000원  Ruin: 50,000원  Table-max: 100,000원
Strategy: martingale (pivot, steps=5)
Base bet: 1,000원  Primary side: BANKER

H001 | bet   1,000원 BANKER | P:2♣ 5♦=7  B:3♣ 7♠ K♥=0  PLAYER(L)  | -1,000원 → 99,000원  [start]
H002 | bet   2,000원 PLAYER | P:5♠ 10♦ J♥=5  B:K♦ 2♠ 10♣=2  PLAYER(W)  | +2,000원 → 101,000원  [end_win]
H003 | bet   1,000원 BANKER | P:7♦ K♣=7  B:A♠ 3♣ 8♠=2  PLAYER(L)  | -1,000원 → 100,000원  [start]
H004 | bet   2,000원 PLAYER | P:10♥ J♠ 3♣=3  B:Q♦ 10♥ 10♥=0  PLAYER(W)  | +2,000원 → 102,000원  [end_win]
H005 | bet   1,000원 BANKER | P:5♣ J♣=5  B:K♥ 9♣=9  BANKER(W)  | +950원 → 102,950원
H006 | bet   1,000원 BANKER | P:A♠ 9♦ 6♣=6  B:J♦ 2♣ 2♣=4  PLAYER(L)  | -1,000원 → 101,950원  [start]
H007 | bet   2,000원 PLAYER | P:4♥ 2♣=6  B:J♦ 7♣=7  BANKER(L)  | -2,000원 → 99,950원
H008 | bet   4,000원 PLAYER | P:A♦ Q♣ 7♥=8  B:3♣ 8♠ K♣=1  PLAYER(W)  | +4,000원 → 103,950원  [end_win]
H009 | bet   1,000원 BANKER | P:K♦ 8♣=8  B:3♦ K♥=3  PLAYER(L)  | -1,000원 → 102,950원  [start]
H010 | bet   2,000원 PLAYER | P:K♦ 2♥=2  B:A♣ 7♣=8  BANKER(L)  | -2,000원 → 100,950원
H011 | bet   4,000원 PLAYER | P:K♦ 8♥=8  B:9♠ 7♦=6  PLAYER(W)  | +4,000원 → 104,950원  [end_win]
H012 | bet   1,000원 BANKER | P:3♦ A♦ 9♣=3  B:4♦ 7♦ 7♠=8  BANKER(W)  | +950원 → 105,900원
H013 | bet   1,000원 BANKER | P:J♦ A♣=1  B:8♣ K♣=8  BANKER(W)  | +950원 → 106,850원
H014 | bet   1,000원 BANKER | P:8♣ 5♠ K♠=3  B:K♣ 7♥=7  BANKER(W)  | +950원 → 107,800원
H015 | bet   1,000원 BANKER | P:Q♥ 2♦ 6♣=8  B:9♦ 4♣ 3♥=6  PLAYER(L)  | -1,000원 → 106,800원  [start]
H016 | bet   2,000원 PLAYER | P:Q♦ 9♣=9  B:6♥ K♣=6  PLAYER(W)  | +2,000원 → 108,800원  [end_win]
H017 | bet   1,000원 BANKER | P:Q♠ 3♥ 6♥=9  B:K♥ 10♣ 9♠=9  TIE(T)  |     0원 → 108,800원
H018 | bet   1,000원 BANKER | P:5♦ A♦=6  B:Q♥ 4♦ 6♥=0  PLAYER(L)  | -1,000원 → 107,800원  [start]
H019 | bet   2,000원 PLAYER | P:7♣ Q♦=7  B:A♠ 10♣ 6♦=7  TIE(T)  |     0원 → 107,800원
H020 | bet   2,000원 PLAYER | P:3♦ 3♦=6  B:8♥ 2♦ 4♦=4  PLAYER(W)  | +2,000원 → 109,800원  [end_win]
H021 | bet   1,000원 BANKER | P:7♥ 9♠=6  B:Q♦ A♣ A♥=2  PLAYER(L)  | -1,000원 → 108,800원  [start]
H022 | bet   2,000원 PLAYER | P:5♥ 4♣=9  B:7♠ 6♥=3  PLAYER(W)  | +2,000원 → 110,800원  [end_win]
H023 | bet   1,000원 BANKER | P:5♥ J♥=5  B:8♦ J♠=8  BANKER(W)  | +950원 → 111,750원
H024 | bet   1,000원 BANKER | P:5♠ 8♠ 2♠=5  B:3♥ 10♥ 10♥=3  PLAYER(L)  | -1,000원 → 110,750원  [start]
H025 | bet   2,000원 PLAYER | P:5♠ A♦=6  B:J♥ Q♠ 10♠=0  PLAYER(W)  | +2,000원 → 112,750원  [end_win]
H026 | bet   1,000원 BANKER | P:6♣ Q♣=6  B:5♠ 2♥=7  BANKER(W)  | +950원 → 113,700원
H027 | bet   1,000원 BANKER | P:5♣ 3♠=8  B:10♣ 4♦=4  PLAYER(L)  | -1,000원 → 112,700원  [start]
H028 | bet   2,000원 PLAYER | P:J♣ A♣=1  B:2♣ 7♠=9  BANKER(L)  | -2,000원 → 110,700원
H029 | bet   4,000원 PLAYER | P:6♦ 8♥=4  B:2♦ 6♥=8  BANKER(L)  | -4,000원 → 106,700원
H030 | bet   8,000원 PLAYER | P:7♦ 10♠=7  B:6♥ 9♥ 7♦=2  PLAYER(W)  | +8,000원 → 114,700원  [end_win]
H031 | bet   1,000원 BANKER | P:2♠ 5♥=7  B:6♦ 10♦=6  PLAYER(L)  | -1,000원 → 113,700원  [start]
H032 | bet   2,000원 PLAYER | P:K♠ 4♠ K♥=4  B:J♣ J♠ 5♦=5  BANKER(L)  | -2,000원 → 111,700원
H033 | bet   4,000원 PLAYER | P:Q♠ 5♦ 6♠=1  B:A♥ A♥ K♥=2  BANKER(L)  | -4,000원 → 107,700원
H034 | bet   8,000원 PLAYER | P:9♠ Q♠=9  B:6♠ 9♠=5  PLAYER(W)  | +8,000원 → 115,700원  [end_win]
H035 | bet   1,000원 BANKER | P:5♣ 8♣ K♠=3  B:K♣ 10♥ 4♥=4  BANKER(W)  | +950원 → 116,650원
H036 | bet   1,000원 BANKER | P:9♥ 5♠ 6♣=0  B:10♦ 7♠=7  BANKER(W)  | +950원 → 117,600원
H037 | bet   1,000원 BANKER | P:5♥ A♥=6  B:K♠ 9♥=9  BANKER(W)  | +950원 → 118,550원
H038 | bet   1,000원 BANKER | P:9♦ J♠=9  B:Q♣ 3♥=3  PLAYER(L)  | -1,000원 → 117,550원  [start]
H039 | bet   2,000원 PLAYER | P:Q♦ 3♣=3  B:9♣ 10♣=9  BANKER(L)  | -2,000원 → 115,550원
H040 | bet   4,000원 PLAYER | P:4♥ 8♣ J♣=2  B:A♠ Q♣ 9♠=0  PLAYER(W)  | +4,000원 → 119,550원  [end_win]
H041 | bet   1,000원 BANKER | P:4♥ Q♦ Q♥=4  B:6♥ 9♦=5  BANKER(W)  | +950원 → 120,500원
H042 | bet   1,000원 BANKER | P:4♦ 10♦=4  B:4♠ 5♠=9  BANKER(W)  | +950원 → 121,450원
H043 | bet   1,000원 BANKER | P:4♣ 10♦ 8♣=2  B:3♦ 7♣ 2♦=2  TIE(T)  |     0원 → 121,450원
H044 | bet   1,000원 BANKER | P:A♠ 10♥ 6♦=7  B:8♦ 3♦ 5♣=6  PLAYER(L)  | -1,000원 → 120,450원  [start]
H045 | bet   2,000원 PLAYER | P:Q♣ J♦ 4♦=4  B:3♦ Q♠ 2♠=5  BANKER(L)  | -2,000원 → 118,450원
H046 | bet   4,000원 PLAYER | P:J♥ 2♦ 9♥=1  B:2♦ 9♦ 5♣=6  BANKER(L)  | -4,000원 → 114,450원
H047 | bet   8,000원 PLAYER | P:K♥ 2♥ 3♠=5  B:K♠ 5♥=5  TIE(T)  |     0원 → 114,450원
H048 | bet   8,000원 PLAYER | P:2♣ 3♥ 4♠=9  B:4♣ A♣ 6♣=1  PLAYER(W)  | +8,000원 → 122,450원  [end_win]
H049 | bet   1,000원 BANKER | P:4♥ 9♣ 2♣=5  B:7♣ 4♠ 10♦=1  PLAYER(L)  | -1,000원 → 121,450원  [start]
H050 | bet   2,000원 PLAYER | P:10♣ Q♥ Q♥=0  B:4♣ 6♥ A♥=1  BANKER(L)  | -2,000원 → 119,450원
H051 | bet   4,000원 PLAYER | P:J♣ 8♦=8  B:3♠ 9♥=2  PLAYER(W)  | +4,000원 → 123,450원  [end_win]
H052 | bet   1,000원 BANKER | P:5♦ 3♠=8  B:J♦ 8♦=8  TIE(T)  |     0원 → 123,450원
H053 | bet   1,000원 BANKER | P:A♠ K♣=1  B:8♥ K♣=8  BANKER(W)  | +950원 → 124,400원
H054 | bet   1,000원 BANKER | P:4♠ 9♦ 10♣=3  B:2♠ 10♣ J♥=2  PLAYER(L)  | -1,000원 → 123,400원  [start]
H055 | bet   2,000원 PLAYER | P:2♥ 4♦=6  B:10♦ 9♥=9  BANKER(L)  | -2,000원 → 121,400원
H056 | bet   4,000원 PLAYER | P:K♥ 3♠ 2♥=5  B:10♠ 4♦ 7♥=1  PLAYER(W)  | +4,000원 → 125,400원  [end_win]
H057 | bet   1,000원 BANKER | P:7♠ 3♣ Q♣=0  B:A♦ Q♣ 4♠=5  BANKER(W)  | +950원 → 126,350원
H058 | bet   1,000원 BANKER | P:A♦ J♠ 7♣=8  B:A♥ 4♣ 5♦=0  PLAYER(L)  | -1,000원 → 125,350원  [start]
H059 | bet   2,000원 PLAYER | P:5♥ 3♦=8  B:J♦ 10♠=0  PLAYER(W)  | +2,000원 → 127,350원  [end_win]
H060 | bet   1,000원 BANKER | P:7♠ 6♠ 4♥=7  B:8♦ 9♥=7  TIE(T)  |     0원 → 127,350원
H061 | bet   1,000원 BANKER | P:K♦ 7♣=7  B:10♠ 9♠=9  BANKER(W)  | +950원 → 128,300원
H062 | bet   1,000원 BANKER | P:2♥ A♠ 6♠=9  B:5♦ 2♠=7  PLAYER(L)  | -1,000원 → 127,300원  [start]
H063 | bet   2,000원 PLAYER | P:2♠ 2♦ 8♦=2  B:Q♠ 5♥=5  BANKER(L)  | -2,000원 → 125,300원
H064 | bet   4,000원 PLAYER | P:4♥ A♥ 8♦=3  B:4♠ 9♦=3  TIE(T)  |     0원 → 125,300원
H065 | bet   4,000원 PLAYER | P:2♠ Q♥ 9♦=1  B:6♦ 9♠=5  BANKER(L)  | -4,000원 → 121,300원
H066 | bet   8,000원 PLAYER | P:J♥ 8♠=8  B:8♥ 6♦=4  PLAYER(W)  | +8,000원 → 129,300원  [end_win]
H067 | bet   1,000원 BANKER | P:6♦ K♦=6  B:J♣ 8♠=8  BANKER(W)  | +950원 → 130,250원
H068 | bet   1,000원 BANKER | P:7♦ 10♦=7  B:A♣ 8♦=9  BANKER(W)  | +950원 → 131,200원
H069 | bet   1,000원 BANKER | P:J♥ A♠ Q♥=1  B:J♠ 4♠=4  BANKER(W)  | +950원 → 132,150원
H070 | bet   1,000원 BANKER | P:3♠ 6♠=9  B:6♠ 7♥=3  PLAYER(L)  | -1,000원 → 131,150원  [start]
H071 | bet   2,000원 PLAYER | P:8♥ 3♠ 6♣=7  B:J♠ 3♥ 3♣=6  PLAYER(W)  | +2,000원 → 133,150원  [end_win]
H072 | bet   1,000원 BANKER | P:6♠ 10♠=6  B:4♣ Q♦ Q♣=4  PLAYER(L)  | -1,000원 → 132,150원  [start]
H073 | bet   2,000원 PLAYER | P:4♣ 5♣=9  B:3♥ K♠=3  PLAYER(W)  | +2,000원 → 134,150원  [end_win]
H074 | bet   1,000원 BANKER | P:K♠ 10♠=0  B:K♦ 8♥=8  BANKER(W)  | +950원 → 135,100원
H075 | bet   1,000원 BANKER | P:7♥ Q♠=7  B:K♠ 7♦=7  TIE(T)  |     0원 → 135,100원
H076 | bet   1,000원 BANKER | P:2♣ 8♠ 6♦=6  B:Q♠ 3♠ 7♦=0  PLAYER(L)  | -1,000원 → 134,100원  [start]
H077 | bet   2,000원 PLAYER | P:A♣ 6♠=7  B:8♠ 5♠ 8♣=1  PLAYER(W)  | +2,000원 → 136,100원  [end_win]
H078 | bet   1,000원 BANKER | P:9♥ 3♣ Q♥=2  B:J♦ 7♠=7  BANKER(W)  | +950원 → 137,050원
H079 | bet   1,000원 BANKER | P:2♥ 8♠ J♣=0  B:10♥ 5♣=5  BANKER(W)  | +950원 → 138,000원
H080 | bet   1,000원 BANKER | P:7♥ 8♥=5  B:7♣ A♦=8  BANKER(W)  | +950원 → 138,950원
H081 | bet   1,000원 BANKER | P:9♣ 6♣=5  B:3♥ 5♣=8  BANKER(W)  | +950원 → 139,900원
H082 | bet   1,000원 BANKER | P:7♥ 5♦ Q♦=2  B:9♣ 8♣=7  BANKER(W)  | +950원 → 140,850원
H083 | bet   1,000원 BANKER | P:6♣ J♥=6  B:4♥ 9♣ J♠=3  PLAYER(L)  | -1,000원 → 139,850원  [start]
H084 | bet   2,000원 PLAYER | P:J♣ 5♦ 7♣=2  B:A♣ 9♦ 4♣=4  BANKER(L)  | -2,000원 → 137,850원
H085 | bet   4,000원 PLAYER | P:3♥ 6♥=9  B:3♥ A♥=4  PLAYER(W)  | +4,000원 → 141,850원  [end_win]
H086 | bet   1,000원 BANKER | P:2♥ 3♣ 9♣=4  B:4♥ 3♠=7  BANKER(W)  | +950원 → 142,800원
H087 | bet   1,000원 BANKER | P:9♥ 7♦=6  B:K♥ A♥ Q♥=1  PLAYER(L)  | -1,000원 → 141,800원  [start]
H088 | bet   2,000원 PLAYER | P:K♠ 3♥ 4♠=7  B:9♥ A♠ K♠=0  PLAYER(W)  | +2,000원 → 143,800원  [end_win]
H089 | bet   1,000원 BANKER | P:7♠ 8♥ 9♦=4  B:2♠ 10♣ A♣=3  PLAYER(L)  | -1,000원 → 142,800원  [start]
H090 | bet   2,000원 PLAYER | P:2♦ K♦ 9♠=1  B:8♦ 6♠=4  BANKER(L)  | -2,000원 → 140,800원
H091 | bet   4,000원 PLAYER | P:J♣ 3♠ 4♠=7  B:8♥ 7♣ J♦=5  PLAYER(W)  | +4,000원 → 144,800원  [end_win]
H092 | bet   1,000원 BANKER | P:6♦ 9♥ A♠=6  B:3♦ A♣=4  PLAYER(L)  | -1,000원 → 143,800원  [start]
H093 | bet   2,000원 PLAYER | P:J♦ 7♣=7  B:Q♦ 6♠=6  PLAYER(W)  | +2,000원 → 145,800원  [end_win]
H094 | bet   1,000원 BANKER | P:5♠ 5♣ 7♥=7  B:6♣ 7♦ J♣=3  PLAYER(L)  | -1,000원 → 144,800원  [start]
H095 | bet   2,000원 PLAYER | P:J♣ A♦ 2♦=3  B:7♥ J♠=7  BANKER(L)  | -2,000원 → 142,800원
H096 | bet   4,000원 PLAYER | P:4♥ 3♦=7  B:Q♦ K♣ 9♥=9  BANKER(L)  | -4,000원 → 138,800원
H097 | bet   8,000원 PLAYER | P:3♥ 5♠=8  B:10♠ 3♦=3  PLAYER(W)  | +8,000원 → 146,800원  [end_win]
H098 | bet   1,000원 BANKER | P:K♠ 4♣=4  B:10♠ 8♣=8  BANKER(W)  | +950원 → 147,750원
H099 | bet   1,000원 BANKER | P:2♥ 5♠=7  B:K♦ 9♣=9  BANKER(W)  | +950원 → 148,700원
H100 | bet   1,000원 BANKER | P:8♦ 10♥=8  B:10♦ 5♣=5  PLAYER(L)  | -1,000원 → 147,700원  [start]
H101 | bet   2,000원 PLAYER | P:7♠ Q♦=7  B:J♦ 10♠ 5♥=5  PLAYER(W)  | +2,000원 → 149,700원  [end_win]
H102 | bet   1,000원 BANKER | P:5♥ 9♠ 8♥=2  B:3♠ K♥=3  BANKER(W)  | +950원 → 150,650원
H103 | bet   1,000원 BANKER | P:6♠ A♣=7  B:A♠ J♥ Q♥=1  PLAYER(L)  | -1,000원 → 149,650원  [start]
H104 | bet   2,000원 PLAYER | P:Q♠ Q♥ 10♠=0  B:Q♣ 4♠=4  BANKER(L)  | -2,000원 → 147,650원
H105 | bet   4,000원 PLAYER | P:A♥ 3♣ Q♣=4  B:Q♦ 10♥ 2♣=2  PLAYER(W)  | +4,000원 → 151,650원  [end_win]
H106 | bet   1,000원 BANKER | P:3♣ 7♥ J♣=0  B:7♠ 8♦=5  BANKER(W)  | +950원 → 152,600원
H107 | bet   1,000원 BANKER | P:A♦ 7♥=8  B:6♣ Q♦=6  PLAYER(L)  | -1,000원 → 151,600원  [start]
H108 | bet   2,000원 PLAYER | P:9♦ 6♠ 10♥=5  B:9♠ 8♥=7  BANKER(L)  | -2,000원 → 149,600원
H109 | bet   4,000원 PLAYER | P:Q♠ 8♠=8  B:10♥ 8♠=8  TIE(T)  |     0원 → 149,600원
H110 | bet   4,000원 PLAYER | P:9♦ K♣=9  B:J♠ 7♣=7  PLAYER(W)  | +4,000원 → 153,600원  [end_win]
H111 | bet   1,000원 BANKER | P:9♣ 3♦ Q♠=2  B:4♦ Q♠=4  BANKER(W)  | +950원 → 154,550원
H112 | bet   1,000원 BANKER | P:2♥ A♣ 10♥=3  B:6♦ 4♠ A♥=1  PLAYER(L)  | -1,000원 → 153,550원  [start]
H113 | bet   2,000원 PLAYER | P:8♥ 2♦ 7♠=7  B:A♠ 3♦ 7♥=1  PLAYER(W)  | +2,000원 → 155,550원  [end_win]
H114 | bet   1,000원 BANKER | P:10♣ 5♥ 5♣=0  B:7♦ K♣=7  BANKER(W)  | +950원 → 156,500원
H115 | bet   1,000원 BANKER | P:6♠ 4♠ 4♥=4  B:K♥ 5♣ Q♣=5  BANKER(W)  | +950원 → 157,450원
H116 | bet   1,000원 BANKER | P:7♦ J♣=7  B:6♥ 8♥ 5♦=9  BANKER(W)  | +950원 → 158,400원
H117 | bet   1,000원 BANKER | P:8♣ 8♠=6  B:9♣ 2♥ 9♥=0  PLAYER(L)  | -1,000원 → 157,400원  [start]
H118 | bet   2,000원 PLAYER | P:K♥ A♣ 7♦=8  B:8♠ 8♠ 6♦=2  PLAYER(W)  | +2,000원 → 159,400원  [end_win]
H119 | bet   1,000원 BANKER | P:4♣ 2♠=6  B:Q♣ Q♥ 5♠=5  PLAYER(L)  | -1,000원 → 158,400원  [start]
H120 | bet   2,000원 PLAYER | P:6♦ 8♣ 10♦=4  B:4♣ A♠=5  BANKER(L)  | -2,000원 → 156,400원
H121 | bet   4,000원 PLAYER | P:10♣ 5♦ 2♠=7  B:2♠ 4♦=6  PLAYER(W)  | +4,000원 → 160,400원  [end_win]
H122 | bet   1,000원 BANKER | P:7♥ 2♥=9  B:8♣ 3♣=1  PLAYER(L)  | -1,000원 → 159,400원  [start]
H123 | bet   2,000원 PLAYER | P:4♣ 5♦=9  B:4♠ 2♣=6  PLAYER(W)  | +2,000원 → 161,400원  [end_win]
H124 | bet   1,000원 BANKER | P:K♣ Q♦=0  B:7♠ 2♠=9  BANKER(W)  | +950원 → 162,350원
H125 | bet   1,000원 BANKER | P:5♥ 6♣=1  B:J♣ 8♣=8  BANKER(W)  | +950원 → 163,300원
H126 | bet   1,000원 BANKER | P:K♦ 2♣=2  B:7♠ 2♣=9  BANKER(W)  | +950원 → 164,250원
H127 | bet   1,000원 BANKER | P:5♠ 8♣ 2♣=5  B:J♦ J♠ 5♥=5  TIE(T)  |     0원 → 164,250원
H128 | bet   1,000원 BANKER | P:J♥ 9♦=9  B:6♠ 9♦=5  PLAYER(L)  | -1,000원 → 163,250원  [start]
H129 | bet   2,000원 PLAYER | P:2♣ 8♦=0  B:K♥ 9♣=9  BANKER(L)  | -2,000원 → 161,250원
H130 | bet   4,000원 PLAYER | P:3♦ 4♥=7  B:6♦ Q♥=6  PLAYER(W)  | +4,000원 → 165,250원  [end_win]
H131 | bet   1,000원 BANKER | P:A♥ K♠ 2♦=3  B:K♦ 3♠ 2♣=5  BANKER(W)  | +950원 → 166,200원
H132 | bet   1,000원 BANKER | P:8♦ 7♣ 8♦=3  B:9♠ 7♣=6  BANKER(W)  | +950원 → 167,150원
H133 | bet   1,000원 BANKER | P:10♦ 4♦ K♥=4  B:7♥ 5♠ J♣=2  PLAYER(L)  | -1,000원 → 166,150원  [start]
H134 | bet   2,000원 PLAYER | P:3♥ 4♦=7  B:6♥ 9♠ 10♠=5  PLAYER(W)  | +2,000원 → 168,150원  [end_win]
H135 | bet   1,000원 BANKER | P:K♥ 8♣=8  B:J♠ 4♥=4  PLAYER(L)  | -1,000원 → 167,150원  [start]
H136 | bet   2,000원 PLAYER | P:J♦ 2♥ A♦=3  B:8♥ 7♣=5  BANKER(L)  | -2,000원 → 165,150원
H137 | bet   4,000원 PLAYER | P:4♦ J♠ 8♥=2  B:6♠ J♥=6  BANKER(L)  | -4,000원 → 161,150원
H138 | bet   8,000원 PLAYER | P:A♥ 5♥=6  B:K♦ 3♥ 6♥=9  BANKER(L)  | -8,000원 → 153,150원
H139 | bet  16,000원 PLAYER | P:9♥ K♠=9  B:5♠ 6♣=1  PLAYER(W)  | +16,000원 → 169,150원  [end_win]
H140 | bet   1,000원 BANKER | P:Q♦ 8♠=8  B:Q♥ 10♦=0  PLAYER(L)  | -1,000원 → 168,150원  [start]
H141 | bet   2,000원 PLAYER | P:J♥ 10♣ 8♦=8  B:Q♠ 6♦=6  PLAYER(W)  | +2,000원 → 170,150원  [end_win]
H142 | bet   1,000원 BANKER | P:5♣ A♥=6  B:K♦ 6♣=6  TIE(T)  |     0원 → 170,150원
H143 | bet   1,000원 BANKER | P:10♠ J♥ J♥=0  B:A♦ 3♣=4  BANKER(W)  | +950원 → 171,100원
H144 | bet   1,000원 BANKER | P:6♣ 5♣ Q♣=1  B:8♠ 9♠=7  BANKER(W)  | +950원 → 172,050원
H145 | bet   1,000원 BANKER | P:K♣ 4♦=4  B:4♠ 4♥=8  BANKER(W)  | +950원 → 173,000원
H146 | bet   1,000원 BANKER | P:10♣ 9♠=9  B:10♥ 10♣=0  PLAYER(L)  | -1,000원 → 172,000원  [start]
H147 | bet   2,000원 PLAYER | P:K♦ 2♠ 6♠=8  B:3♣ 2♦ A♠=6  PLAYER(W)  | +2,000원 → 174,000원  [end_win]
H148 | bet   1,000원 BANKER | P:10♣ 10♦ 3♦=3  B:2♣ 9♥ 3♥=4  BANKER(W)  | +950원 → 174,950원
H149 | bet   1,000원 BANKER | P:10♠ 7♥=7  B:9♥ 5♥ A♠=5  PLAYER(L)  | -1,000원 → 173,950원  [start]
H150 | bet   2,000원 PLAYER | P:2♦ 3♠ K♣=5  B:6♥ Q♣=6  BANKER(L)  | -2,000원 → 171,950원
H151 | bet   4,000원 PLAYER | P:5♣ 5♦=0  B:3♣ 5♠=8  BANKER(L)  | -4,000원 → 167,950원
H152 | bet   8,000원 PLAYER | P:A♦ 5♦=6  B:2♥ K♠ A♣=3  PLAYER(W)  | +8,000원 → 175,950원  [end_win]
H153 | bet   1,000원 BANKER | P:Q♠ J♠ 4♣=4  B:9♦ 8♦=7  BANKER(W)  | +950원 → 176,900원
H154 | bet   1,000원 BANKER | P:A♥ 7♦=8  B:J♦ 9♣=9  BANKER(W)  | +950원 → 177,850원
H155 | bet   1,000원 BANKER | P:A♦ 6♦=7  B:6♥ J♠=6  PLAYER(L)  | -1,000원 → 176,850원  [start]
H156 | bet   2,000원 PLAYER | P:J♦ 2♦ 4♦=6  B:2♠ 3♣ A♠=6  TIE(T)  |     0원 → 176,850원
H157 | bet   2,000원 PLAYER | P:9♦ 9♣=8  B:4♥ K♠=4  PLAYER(W)  | +2,000원 → 178,850원  [end_win]
H158 | bet   1,000원 BANKER | P:10♦ J♦ 2♠=2  B:A♦ 5♦=6  BANKER(W)  | +950원 → 179,800원
H159 | bet   1,000원 BANKER | P:9♠ Q♣=9  B:10♣ J♠=0  PLAYER(L)  | -1,000원 → 178,800원  [start]
H160 | bet   2,000원 PLAYER | P:7♦ 4♦ 5♥=6  B:A♣ 10♥ 2♦=3  PLAYER(W)  | +2,000원 → 180,800원  [end_win]
H161 | bet   1,000원 BANKER | P:Q♦ 9♣=9  B:10♦ J♥=0  PLAYER(L)  | -1,000원 → 179,800원  [start]
H162 | bet   2,000원 PLAYER | P:10♦ J♥ 3♠=3  B:3♥ 4♣=7  BANKER(L)  | -2,000원 → 177,800원
H163 | bet   4,000원 PLAYER | P:4♠ 6♥ 3♠=3  B:3♠ Q♥ K♣=3  TIE(T)  |     0원 → 177,800원
H164 | bet   4,000원 PLAYER | P:4♣ 10♠ 5♦=9  B:K♠ 5♣ 6♦=1  PLAYER(W)  | +4,000원 → 181,800원  [end_win]
H165 | bet   1,000원 BANKER | P:Q♥ K♥ K♣=0  B:4♥ Q♠=4  BANKER(W)  | +950원 → 182,750원
H166 | bet   1,000원 BANKER | P:7♠ Q♠=7  B:3♦ 2♥ 8♣=3  PLAYER(L)  | -1,000원 → 181,750원  [start]
H167 | bet   2,000원 PLAYER | P:4♠ 5♣=9  B:6♣ A♦=7  PLAYER(W)  | +2,000원 → 183,750원  [end_win]
H168 | bet   1,000원 BANKER | P:K♣ 2♠ 7♦=9  B:K♦ 3♥ 2♥=5  PLAYER(L)  | -1,000원 → 182,750원  [start]
H169 | bet   2,000원 PLAYER | P:9♥ 8♠=7  B:8♥ Q♥=8  BANKER(L)  | -2,000원 → 180,750원
H170 | bet   4,000원 PLAYER | P:J♥ 2♥ J♠=2  B:8♦ 3♥ A♠=2  TIE(T)  |     0원 → 180,750원
H171 | bet   4,000원 PLAYER | P:A♥ K♦=1  B:4♣ 5♥=9  BANKER(L)  | -4,000원 → 176,750원
H172 | bet   8,000원 PLAYER | P:4♦ K♥=4  B:2♠ 6♣=8  BANKER(L)  | -8,000원 → 168,750원
H173 | bet  16,000원 PLAYER | P:6♥ 6♣ J♦=2  B:2♠ A♠ 7♦=0  PLAYER(W)  | +16,000원 → 184,750원  [end_win]
H174 | bet   1,000원 BANKER | P:6♥ 9♦ 7♥=2  B:6♠ 8♥ K♦=4  BANKER(W)  | +950원 → 185,700원
H175 | bet   1,000원 BANKER | P:8♠ J♣=8  B:6♦ 2♣=8  TIE(T)  |     0원 → 185,700원
H176 | bet   1,000원 BANKER | P:6♥ 10♣=6  B:5♦ K♠ 4♣=9  BANKER(W)  | +950원 → 186,650원
H177 | bet   1,000원 BANKER | P:5♥ 8♦ 9♣=2  B:5♦ 2♠=7  BANKER(W)  | +950원 → 187,600원
H178 | bet   1,000원 BANKER | P:6♥ J♠=6  B:2♦ Q♠ 5♣=7  BANKER(W)  | +950원 → 188,550원
H179 | bet   1,000원 BANKER | P:2♣ 8♥=0  B:3♣ 6♣=9  BANKER(W)  | +950원 → 189,500원
H180 | bet   1,000원 BANKER | P:4♥ 4♠=8  B:9♠ 9♣=8  TIE(T)  |     0원 → 189,500원
H181 | bet   1,000원 BANKER | P:4♥ 8♠ 2♥=4  B:6♠ 7♥ 5♣=8  BANKER(W)  | +950원 → 190,450원
H182 | bet   1,000원 BANKER | P:7♥ Q♣=7  B:Q♦ Q♥ 7♦=7  TIE(T)  |     0원 → 190,450원
H183 | bet   1,000원 BANKER | P:Q♠ 5♥ 9♠=4  B:5♦ 6♦ 7♠=8  BANKER(W)  | +950원 → 191,400원
H184 | bet   1,000원 BANKER | P:4♥ 2♣=6  B:Q♠ J♥ 7♦=7  BANKER(W)  | +950원 → 192,350원
H185 | bet   1,000원 BANKER | P:8♦ 3♦=1  B:7♥ A♠=8  BANKER(W)  | +950원 → 193,300원
H186 | bet   1,000원 BANKER | P:7♠ 2♠=9  B:4♦ 3♦=7  PLAYER(L)  | -1,000원 → 192,300원  [start]
H187 | bet   2,000원 PLAYER | P:A♦ 8♥=9  B:A♥ K♣=1  PLAYER(W)  | +2,000원 → 194,300원  [end_win]
H188 | bet   1,000원 BANKER | P:5♣ 2♦=7  B:6♣ 5♠ 2♦=3  PLAYER(L)  | -1,000원 → 193,300원  [start]
H189 | bet   2,000원 PLAYER | P:A♣ 2♥ 4♦=7  B:10♣ 4♣ J♦=4  PLAYER(W)  | +2,000원 → 195,300원  [end_win]
H190 | bet   1,000원 BANKER | P:Q♣ 2♥ 9♠=1  B:4♥ 6♦ 8♦=8  BANKER(W)  | +950원 → 196,250원
H191 | bet   1,000원 BANKER | P:5♠ 3♥=8  B:6♦ 9♠=5  PLAYER(L)  | -1,000원 → 195,250원  [start]
H192 | bet   2,000원 PLAYER | P:4♣ A♠ 7♦=2  B:A♠ 3♠ K♥=4  BANKER(L)  | -2,000원 → 193,250원
H193 | bet   4,000원 PLAYER | P:J♥ 9♥=9  B:5♠ 7♠=2  PLAYER(W)  | +4,000원 → 197,250원  [end_win]
H194 | bet   1,000원 BANKER | P:Q♦ A♣ 8♣=9  B:Q♣ Q♣ 7♣=7  PLAYER(L)  | -1,000원 → 196,250원  [start]
H195 | bet   2,000원 PLAYER | P:10♦ 9♥=9  B:K♠ 9♦=9  TIE(T)  |     0원 → 196,250원
H196 | bet   2,000원 PLAYER | P:9♦ J♠=9  B:A♣ K♣=1  PLAYER(W)  | +2,000원 → 198,250원  [end_win]
H197 | bet   1,000원 BANKER | P:9♠ J♥=9  B:10♣ Q♣=0  PLAYER(L)  | -1,000원 → 197,250원  [start]
H198 | bet   2,000원 PLAYER | P:9♦ 3♠ 10♠=2  B:K♥ K♣ Q♠=0  PLAYER(W)  | +2,000원 → 199,250원  [end_win]
H199 | bet   1,000원 BANKER | P:J♠ A♦=1  B:J♦ 9♣=9  BANKER(W)  | +950원 → 200,200원
H200 | bet   1,000원 BANKER | P:A♣ K♣ K♣=1  B:K♦ 10♣ 6♣=6  BANKER(W)  | +950원 → 201,150원
H201 | bet   1,000원 BANKER | P:Q♠ 7♣=7  B:5♦ 4♠=9  BANKER(W)  | +950원 → 202,100원
H202 | bet   1,000원 BANKER | P:K♥ 9♥=9  B:8♣ 4♣=2  PLAYER(L)  | -1,000원 → 201,100원  [start]
H203 | bet   2,000원 PLAYER | P:4♣ 4♠=8  B:A♣ 2♦=3  PLAYER(W)  | +2,000원 → 203,100원  [end_win]
H204 | bet   1,000원 BANKER | P:4♣ J♠ 7♠=1  B:A♦ 5♣ 8♦=4  BANKER(W)  | +950원 → 204,050원
H205 | bet   1,000원 BANKER | P:9♥ 9♠=8  B:2♦ 2♦=4  PLAYER(L)  | -1,000원 → 203,050원  [start]
H206 | bet   2,000원 PLAYER | P:10♠ K♦ J♠=0  B:J♠ K♦ 7♣=7  BANKER(L)  | -2,000원 → 201,050원
H207 | bet   4,000원 PLAYER | P:2♣ 10♥ 7♠=9  B:8♣ 8♠ 9♣=5  PLAYER(W)  | +4,000원 → 205,050원  [end_win]
H208 | bet   1,000원 BANKER | P:6♦ 10♣=6  B:7♠ A♠=8  BANKER(W)  | +950원 → 206,000원
H209 | bet   1,000원 BANKER | P:10♣ A♥ A♠=2  B:6♠ 10♠=6  BANKER(W)  | +950원 → 206,950원
H210 | bet   1,000원 BANKER | P:K♣ 4♥ J♦=4  B:2♣ 8♣ 7♣=7  BANKER(W)  | +950원 → 207,900원
H211 | bet   1,000원 BANKER | P:3♠ 6♠=9  B:K♠ K♥=0  PLAYER(L)  | -1,000원 → 206,900원  [start]
H212 | bet   2,000원 PLAYER | P:7♣ K♠=7  B:Q♠ Q♠ J♥=0  PLAYER(W)  | +2,000원 → 208,900원  [end_win]
H213 | bet   1,000원 BANKER | P:4♥ 3♣=7  B:5♦ K♥ 5♦=0  PLAYER(L)  | -1,000원 → 207,900원  [start]
H214 | bet   2,000원 PLAYER | P:4♦ 9♠ 4♠=7  B:4♦ A♦ 10♥=5  PLAYER(W)  | +2,000원 → 209,900원  [end_win]
H215 | bet   1,000원 BANKER | P:7♠ 7♦ 10♥=4  B:8♥ 5♥ 9♣=2  PLAYER(L)  | -1,000원 → 208,900원  [start]
H216 | bet   2,000원 PLAYER | P:9♦ 7♥=6  B:J♥ J♠ 8♥=8  BANKER(L)  | -2,000원 → 206,900원
H217 | bet   4,000원 PLAYER | P:10♦ 3♥ 6♥=9  B:A♥ A♥ 10♥=2  PLAYER(W)  | +4,000원 → 210,900원  [end_win]
H218 | bet   1,000원 BANKER | P:6♣ 3♥=9  B:9♦ Q♣=9  TIE(T)  |     0원 → 210,900원
H219 | bet   1,000원 BANKER | P:10♦ 5♥ 10♠=5  B:7♣ 6♠ K♠=3  PLAYER(L)  | -1,000원 → 209,900원  [start]
H220 | bet   2,000원 PLAYER | P:A♣ K♥ 5♥=6  B:J♣ Q♥ Q♥=0  PLAYER(W)  | +2,000원 → 211,900원  [end_win]
H221 | bet   1,000원 BANKER | P:9♠ 7♣=6  B:3♠ Q♦ 10♦=3  PLAYER(L)  | -1,000원 → 210,900원  [start]
H222 | bet   2,000원 PLAYER | P:J♥ 8♦=8  B:2♣ A♣=3  PLAYER(W)  | +2,000원 → 212,900원  [end_win]
H223 | bet   1,000원 BANKER | P:6♠ 3♦=9  B:4♠ 3♦=7  PLAYER(L)  | -1,000원 → 211,900원  [start]
H224 | bet   2,000원 PLAYER | P:2♣ J♣ Q♦=2  B:Q♥ J♣ 5♠=5  BANKER(L)  | -2,000원 → 209,900원
H225 | bet   4,000원 PLAYER | P:10♦ 5♣=5  B:7♥ 2♠=9  BANKER(L)  | -4,000원 → 205,900원
H226 | bet   8,000원 PLAYER | P:8♣ 10♦=8  B:Q♣ 6♣=6  PLAYER(W)  | +8,000원 → 213,900원  [end_win]
H227 | bet   1,000원 BANKER | P:3♠ 8♠=1  B:7♣ 2♥=9  BANKER(W)  | +950원 → 214,850원
H228 | bet   1,000원 BANKER | P:6♦ 5♠ 6♦=7  B:2♥ 9♣ 4♦=5  PLAYER(L)  | -1,000원 → 213,850원  [start]
H229 | bet   2,000원 PLAYER | P:3♠ 2♦=5  B:9♦ K♥=9  BANKER(L)  | -2,000원 → 211,850원
H230 | bet   4,000원 PLAYER | P:J♣ K♠ A♠=1  B:3♠ Q♥ 8♠=1  TIE(T)  |     0원 → 211,850원
H231 | bet   4,000원 PLAYER | P:8♣ K♠=8  B:A♣ J♣=1  PLAYER(W)  | +4,000원 → 215,850원  [end_win]
H232 | bet   1,000원 BANKER | P:2♠ 5♣=7  B:10♠ K♦ 8♥=8  BANKER(W)  | +950원 → 216,800원
H233 | bet   1,000원 BANKER | P:J♦ 6♥=6  B:2♠ 4♣=6  TIE(T)  |     0원 → 216,800원
H234 | bet   1,000원 BANKER | P:10♦ J♥ 8♣=8  B:4♥ 9♥=3  PLAYER(L)  | -1,000원 → 215,800원  [start]
H235 | bet   2,000원 PLAYER | P:A♥ 3♥=4  B:3♦ 5♦=8  BANKER(L)  | -2,000원 → 213,800원
H236 | bet   4,000원 PLAYER | P:J♦ 8♠=8  B:K♠ J♣=0  PLAYER(W)  | +4,000원 → 217,800원  [end_win]
H237 | bet   1,000원 BANKER | P:Q♦ 9♣=9  B:8♠ 10♠=8  PLAYER(L)  | -1,000원 → 216,800원  [start]
H238 | bet   2,000원 PLAYER | P:8♦ A♦=9  B:7♥ 10♥=7  PLAYER(W)  | +2,000원 → 218,800원  [end_win]
H239 | bet   1,000원 BANKER | P:4♦ 3♣=7  B:4♠ Q♦ 10♠=4  PLAYER(L)  | -1,000원 → 217,800원  [start]
H240 | bet   2,000원 PLAYER | P:9♦ 6♦ 5♦=0  B:6♠ A♥=7  BANKER(L)  | -2,000원 → 215,800원
H241 | bet   4,000원 PLAYER | P:10♥ 4♦=4  B:3♦ 5♠=8  BANKER(L)  | -4,000원 → 211,800원
H242 | bet   8,000원 PLAYER | P:5♥ 5♣ J♦=0  B:7♦ 6♥ 7♦=0  TIE(T)  |     0원 → 211,800원
H243 | bet   8,000원 PLAYER | P:10♦ 3♣ 3♥=6  B:6♥ 4♠ Q♦=0  PLAYER(W)  | +8,000원 → 219,800원  [end_win]
H244 | bet   1,000원 BANKER | P:Q♦ 3♠ 2♦=5  B:3♦ 3♣=6  BANKER(W)  | +950원 → 220,750원
H245 | bet   1,000원 BANKER | P:Q♥ 5♠ K♣=5  B:6♠ 4♥ 10♣=0  PLAYER(L)  | -1,000원 → 219,750원  [start]
H246 | bet   2,000원 PLAYER | P:Q♣ Q♥ A♥=1  B:5♥ 10♠=5  BANKER(L)  | -2,000원 → 217,750원
H247 | bet   4,000원 PLAYER | P:9♣ A♦=0  B:7♥ 2♥=9  BANKER(L)  | -4,000원 → 213,750원
H248 | bet   8,000원 PLAYER | P:9♥ 10♥=9  B:A♦ 8♦=9  TIE(T)  |     0원 → 213,750원
H249 | bet   8,000원 PLAYER | P:J♣ 9♥=9  B:3♣ 7♠=0  PLAYER(W)  | +8,000원 → 221,750원  [end_win]
H250 | bet   1,000원 BANKER | P:9♥ 9♠=8  B:2♥ 10♠=2  PLAYER(L)  | -1,000원 → 220,750원  [start]
H251 | bet   2,000원 PLAYER | P:2♥ A♣ Q♦=3  B:4♦ Q♣=4  BANKER(L)  | -2,000원 → 218,750원
H252 | bet   4,000원 PLAYER | P:A♠ K♦=1  B:8♣ A♣=9  BANKER(L)  | -4,000원 → 214,750원
H253 | bet   8,000원 PLAYER | P:Q♣ 3♣ 6♦=9  B:10♣ J♥ K♠=0  PLAYER(W)  | +8,000원 → 222,750원  [end_win]
H254 | bet   1,000원 BANKER | P:3♣ 2♣=5  B:10♣ 8♥=8  BANKER(W)  | +950원 → 223,700원
H255 | bet   1,000원 BANKER | P:8♥ 6♠=4  B:6♦ 3♥=9  BANKER(W)  | +950원 → 224,650원
H256 | bet   1,000원 BANKER | P:7♥ 10♥=7  B:10♦ 2♣ J♠=2  PLAYER(L)  | -1,000원 → 223,650원  [start]
H257 | bet   2,000원 PLAYER | P:6♥ J♦=6  B:2♠ J♥ 10♦=2  PLAYER(W)  | +2,000원 → 225,650원  [end_win]
H258 | bet   1,000원 BANKER | P:7♦ K♣=7  B:4♣ 8♥ J♠=2  PLAYER(L)  | -1,000원 → 224,650원  [start]
H259 | bet   2,000원 PLAYER | P:3♣ Q♥ K♠=3  B:8♦ 4♣ 3♥=5  BANKER(L)  | -2,000원 → 222,650원
H260 | bet   4,000원 PLAYER | P:J♣ 3♣ J♣=3  B:5♠ K♠=5  BANKER(L)  | -4,000원 → 218,650원
H261 | bet   8,000원 PLAYER | P:K♣ 3♦ K♦=3  B:4♦ 10♥=4  BANKER(L)  | -8,000원 → 210,650원
H262 | bet  16,000원 PLAYER | P:Q♠ Q♥ Q♦=0  B:6♠ Q♥=6  BANKER(L)  | -16,000원 → 194,650원
H263 | bet  32,000원 PLAYER | P:7♠ 6♣=3  B:5♠ 3♦=8  BANKER(L)  | -32,000원 → 162,650원  [end_giveup]
H264 | bet   1,000원 BANKER | P:A♥ 6♠=7  B:6♥ 9♣ 2♦=7  TIE(T)  |     0원 → 162,650원
H265 | bet   1,000원 BANKER | P:4♠ 8♠ 9♥=1  B:3♦ 7♠ 8♠=8  BANKER(W)  | +950원 → 163,600원
H266 | bet   1,000원 BANKER | P:5♦ 2♠=7  B:K♥ Q♥ 9♦=9  BANKER(W)  | +950원 → 164,550원
H267 | bet   1,000원 BANKER | P:Q♥ A♠ 6♣=7  B:9♥ 2♥ J♥=1  PLAYER(L)  | -1,000원 → 163,550원  [start]
H268 | bet   2,000원 PLAYER | P:9♦ K♣=9  B:2♥ A♣=3  PLAYER(W)  | +2,000원 → 165,550원  [end_win]
H269 | bet   1,000원 BANKER | P:K♥ 7♦=7  B:K♦ A♠ 5♥=6  PLAYER(L)  | -1,000원 → 164,550원  [start]
H270 | bet   2,000원 PLAYER | P:5♦ Q♦ 8♣=3  B:J♠ J♣ 10♦=0  PLAYER(W)  | +2,000원 → 166,550원  [end_win]
H271 | bet   1,000원 BANKER | P:A♠ 9♥ 4♣=4  B:J♣ Q♦ 9♥=9  BANKER(W)  | +950원 → 167,500원
H272 | bet   1,000원 BANKER | P:5♣ 10♣=5  B:8♣ Q♦=8  BANKER(W)  | +950원 → 168,450원
H273 | bet   1,000원 BANKER | P:K♠ 6♣=6  B:4♥ 6♥ 10♦=0  PLAYER(L)  | -1,000원 → 167,450원  [start]
H274 | bet   2,000원 PLAYER | P:5♥ A♦=6  B:5♠ Q♥ 3♠=8  BANKER(L)  | -2,000원 → 165,450원
H275 | bet   4,000원 PLAYER | P:7♦ 5♦ 6♣=8  B:A♣ 5♥ Q♠=6  PLAYER(W)  | +4,000원 → 169,450원  [end_win]
H276 | bet   1,000원 BANKER | P:7♥ 7♠ 7♠=1  B:4♥ Q♦ J♥=4  BANKER(W)  | +950원 → 170,400원
H277 | bet   1,000원 BANKER | P:6♠ K♦=6  B:4♣ 9♥ 3♥=6  TIE(T)  |     0원 → 170,400원
H278 | bet   1,000원 BANKER | P:6♠ 9♠ 2♣=7  B:J♣ 3♥ 10♠=3  PLAYER(L)  | -1,000원 → 169,400원  [start]
H279 | bet   2,000원 PLAYER | P:A♠ 8♦=9  B:Q♠ 8♥=8  PLAYER(W)  | +2,000원 → 171,400원  [end_win]
H280 | bet   1,000원 BANKER | P:10♣ A♥=1  B:9♠ 10♦=9  BANKER(W)  | +950원 → 172,350원
H281 | bet   1,000원 BANKER | P:4♠ 3♣=7  B:2♦ 5♠=7  TIE(T)  |     0원 → 172,350원
H282 | bet   1,000원 BANKER | P:10♥ Q♠ 5♣=5  B:Q♣ 4♥ 2♣=6  BANKER(W)  | +950원 → 173,300원
H283 | bet   1,000원 BANKER | P:2♣ A♦ 3♥=6  B:4♣ 9♦ 3♣=6  TIE(T)  |     0원 → 173,300원
H284 | bet   1,000원 BANKER | P:5♥ 3♠=8  B:2♠ 7♣=9  BANKER(W)  | +950원 → 174,250원
H285 | bet   1,000원 BANKER | P:7♠ Q♠=7  B:8♠ J♦=8  BANKER(W)  | +950원 → 175,200원
H286 | bet   1,000원 BANKER | P:9♣ K♦=9  B:7♦ K♥=7  PLAYER(L)  | -1,000원 → 174,200원  [start]
H287 | bet   2,000원 PLAYER | P:2♠ 7♦=9  B:8♥ 5♠=3  PLAYER(W)  | +2,000원 → 176,200원  [end_win]
H288 | bet   1,000원 BANKER | P:7♣ A♣=8  B:6♥ 3♥=9  BANKER(W)  | +950원 → 177,150원
H289 | bet   1,000원 BANKER | P:J♥ 9♥=9  B:4♠ K♦=4  PLAYER(L)  | -1,000원 → 176,150원  [start]
H290 | bet   2,000원 PLAYER | P:A♥ 2♣ K♣=3  B:3♠ 4♦=7  BANKER(L)  | -2,000원 → 174,150원
H291 | bet   4,000원 PLAYER | P:9♠ 3♠ K♥=2  B:9♣ 2♦ 4♥=5  BANKER(L)  | -4,000원 → 170,150원
H292 | bet   8,000원 PLAYER | P:8♥ J♠=8  B:6♣ 7♥=3  PLAYER(W)  | +8,000원 → 178,150원  [end_win]
H293 | bet   1,000원 BANKER | P:4♦ 10♠ Q♠=4  B:A♠ 6♠=7  BANKER(W)  | +950원 → 179,100원
H294 | bet   1,000원 BANKER | P:8♠ 7♣ 6♦=1  B:9♣ 3♠ 9♣=1  TIE(T)  |     0원 → 179,100원
H295 | bet   1,000원 BANKER | P:9♠ 9♦=8  B:10♥ 7♥=7  PLAYER(L)  | -1,000원 → 178,100원  [start]
H296 | bet   2,000원 PLAYER | P:4♥ A♣ 8♦=3  B:4♥ 10♦=4  BANKER(L)  | -2,000원 → 176,100원
H297 | bet   4,000원 PLAYER | P:J♦ 7♣=7  B:A♦ K♦ 5♦=6  PLAYER(W)  | +4,000원 → 180,100원  [end_win]
H298 | bet   1,000원 BANKER | P:8♣ 9♦=7  B:K♣ J♠ 3♣=3  PLAYER(L)  | -1,000원 → 179,100원  [start]
H299 | bet   2,000원 PLAYER | P:Q♣ K♠ 6♦=6  B:A♣ K♠ 2♦=3  PLAYER(W)  | +2,000원 → 181,100원  [end_win]
H300 | bet   1,000원 BANKER | P:7♣ K♥=7  B:5♠ Q♥ 2♦=7  TIE(T)  |     0원 → 181,100원
H301 | bet   1,000원 BANKER | P:10♠ 3♦ 9♦=2  B:10♦ A♣ 2♥=3  BANKER(W)  | +950원 → 182,050원
H302 | bet   1,000원 BANKER | P:9♠ J♦=9  B:2♠ Q♣=2  PLAYER(L)  | -1,000원 → 181,050원  [start]
H303 | bet   2,000원 PLAYER | P:6♠ 7♠ K♠=3  B:5♥ 9♥=4  BANKER(L)  | -2,000원 → 179,050원
H304 | bet   4,000원 PLAYER | P:Q♣ 7♠=7  B:4♦ A♦ 3♠=8  BANKER(L)  | -4,000원 → 175,050원
H305 | bet   8,000원 PLAYER | P:A♥ 7♣=8  B:A♦ J♥=1  PLAYER(W)  | +8,000원 → 183,050원  [end_win]
H306 | bet   1,000원 BANKER | P:A♦ 3♦ 7♥=1  B:4♦ 7♥ A♥=2  BANKER(W)  | +950원 → 184,000원
H307 | bet   1,000원 BANKER | P:10♣ 5♣=5  B:5♥ 4♠=9  BANKER(W)  | +950원 → 184,950원
H308 | bet   1,000원 BANKER | P:2♣ J♥ 9♦=1  B:8♥ 3♠ J♦=1  TIE(T)  |     0원 → 184,950원
H309 | bet   1,000원 BANKER | P:3♥ 5♥=8  B:2♥ 4♠=6  PLAYER(L)  | -1,000원 → 183,950원  [start]
H310 | bet   2,000원 PLAYER | P:K♥ 6♥=6  B:8♦ 8♦=6  TIE(T)  |     0원 → 183,950원
H311 | bet   2,000원 PLAYER | P:K♥ 3♣ Q♣=3  B:Q♠ J♦ J♣=0  PLAYER(W)  | +2,000원 → 185,950원  [end_win]
H312 | bet   1,000원 BANKER | P:10♥ 4♣ 5♦=9  B:8♣ 4♠ 7♣=9  TIE(T)  |     0원 → 185,950원
H313 | bet   1,000원 BANKER | P:3♦ A♠ A♥=5  B:10♦ 7♦=7  BANKER(W)  | +950원 → 186,900원
H314 | bet   1,000원 BANKER | P:2♠ 9♣ K♣=1  B:J♦ 6♥=6  BANKER(W)  | +950원 → 187,850원
H315 | bet   1,000원 BANKER | P:3♥ K♦ 2♥=5  B:9♠ 8♠=7  BANKER(W)  | +950원 → 188,800원
H316 | bet   1,000원 BANKER | P:8♣ 4♥ 5♣=7  B:K♠ J♣ 5♣=5  PLAYER(L)  | -1,000원 → 187,800원  [start]
H317 | bet   2,000원 PLAYER | P:6♣ 5♣ 8♠=9  B:6♦ 5♠ A♥=2  PLAYER(W)  | +2,000원 → 189,800원  [end_win]
H318 | bet   1,000원 BANKER | P:5♣ 10♠ 4♣=9  B:J♥ K♣ 4♠=4  PLAYER(L)  | -1,000원 → 188,800원  [start]
H319 | bet   2,000원 PLAYER | P:9♣ Q♣=9  B:7♣ 8♣=5  PLAYER(W)  | +2,000원 → 190,800원  [end_win]
H320 | bet   1,000원 BANKER | P:9♦ 6♣ 2♥=7  B:7♦ J♠=7  TIE(T)  |     0원 → 190,800원
H321 | bet   1,000원 BANKER | P:8♣ 4♠=2  B:5♠ 3♠=8  BANKER(W)  | +950원 → 191,750원
H322 | bet   1,000원 BANKER | P:A♥ 5♦=6  B:7♠ K♣=7  BANKER(W)  | +950원 → 192,700원
H323 | bet   1,000원 BANKER | P:2♦ 5♣=7  B:A♠ 9♠ 6♥=6  PLAYER(L)  | -1,000원 → 191,700원  [start]
H324 | bet   2,000원 PLAYER | P:J♠ 5♦ Q♦=5  B:3♦ 8♠ 10♥=1  PLAYER(W)  | +2,000원 → 193,700원  [end_win]
H325 | bet   1,000원 BANKER | P:4♥ 7♥ 5♥=6  B:Q♥ 7♦=7  BANKER(W)  | +950원 → 194,650원
H326 | bet   1,000원 BANKER | P:10♥ 8♥=8  B:6♦ 10♠=6  PLAYER(L)  | -1,000원 → 193,650원  [start]
H327 | bet   2,000원 PLAYER | P:10♠ 6♦=6  B:Q♦ 8♦=8  BANKER(L)  | -2,000원 → 191,650원
H328 | bet   4,000원 PLAYER | P:8♠ J♣=8  B:J♦ 6♠=6  PLAYER(W)  | +4,000원 → 195,650원  [end_win]
H329 | bet   1,000원 BANKER | P:8♦ 2♠ 4♦=4  B:9♣ 6♦ 2♣=7  BANKER(W)  | +950원 → 196,600원
H330 | bet   1,000원 BANKER | P:A♦ 2♠ 10♣=3  B:2♦ Q♠ 6♥=8  BANKER(W)  | +950원 → 197,550원
H331 | bet   1,000원 BANKER | P:5♦ 10♥ 4♣=9  B:10♠ K♥ 3♦=3  PLAYER(L)  | -1,000원 → 196,550원  [start]
H332 | bet   2,000원 PLAYER | P:A♥ 8♥=9  B:5♥ A♣=6  PLAYER(W)  | +2,000원 → 198,550원  [end_win]
H333 | bet   1,000원 BANKER | P:8♦ Q♥=8  B:K♦ 2♦=2  PLAYER(L)  | -1,000원 → 197,550원  [start]
H334 | bet   2,000원 PLAYER | P:5♦ 7♦ 4♣=6  B:10♣ 10♦ 2♠=2  PLAYER(W)  | +2,000원 → 199,550원  [end_win]
H335 | bet   1,000원 BANKER | P:10♣ 9♥=9  B:7♦ 4♦=1  PLAYER(L)  | -1,000원 → 198,550원  [start]
H336 | bet   2,000원 PLAYER | P:J♣ 7♣=7  B:10♥ J♥ 9♣=9  BANKER(L)  | -2,000원 → 196,550원
H337 | bet   4,000원 PLAYER | P:7♦ 6♣ Q♦=3  B:J♥ A♦ 10♦=1  PLAYER(W)  | +4,000원 → 200,550원  [end_win]
H338 | bet   1,000원 BANKER | P:8♠ Q♠=8  B:2♦ J♦=2  PLAYER(L)  | -1,000원 → 199,550원  [start]
H339 | bet   2,000원 PLAYER | P:K♥ 10♣ A♦=1  B:5♠ Q♦=5  BANKER(L)  | -2,000원 → 197,550원
H340 | bet   4,000원 PLAYER | P:J♥ K♦ 4♠=4  B:10♠ K♠ 5♣=5  BANKER(L)  | -4,000원 → 193,550원
H341 | bet   8,000원 PLAYER | P:8♣ A♣=9  B:4♠ A♠=5  PLAYER(W)  | +8,000원 → 201,550원  [end_win]
H342 | bet   1,000원 BANKER | P:9♦ 10♣=9  B:5♠ K♥=5  PLAYER(L)  | -1,000원 → 200,550원  [start]
H343 | bet   2,000원 PLAYER | P:A♣ 3♥=4  B:A♣ 7♦=8  BANKER(L)  | -2,000원 → 198,550원
H344 | bet   4,000원 PLAYER | P:6♣ A♠=7  B:3♠ 2♣ 2♥=7  TIE(T)  |     0원 → 198,550원
H345 | bet   4,000원 PLAYER | P:3♣ K♦ A♣=4  B:4♦ 2♣=6  BANKER(L)  | -4,000원 → 194,550원
H346 | bet   8,000원 PLAYER | P:4♠ Q♣=4  B:Q♠ 8♣=8  BANKER(L)  | -8,000원 → 186,550원
H347 | bet  16,000원 PLAYER | P:10♣ 4♦ A♣=5  B:8♦ 6♥=4  PLAYER(W)  | +16,000원 → 202,550원  [end_win]
H348 | bet   1,000원 BANKER | P:10♣ 3♥ 4♠=7  B:9♥ 4♦ K♦=3  PLAYER(L)  | -1,000원 → 201,550원  [start]
H349 | bet   2,000원 PLAYER | P:J♠ Q♦ 8♦=8  B:J♦ K♣ Q♣=0  PLAYER(W)  | +2,000원 → 203,550원  [end_win]
H350 | bet   1,000원 BANKER | P:4♣ 7♥ 9♠=0  B:2♥ Q♣ 9♠=1  BANKER(W)  | +950원 → 204,500원
H351 | bet   1,000원 BANKER | P:6♣ A♠=7  B:8♠ J♦=8  BANKER(W)  | +950원 → 205,450원
H352 | bet   1,000원 BANKER | P:8♥ A♣=9  B:9♣ K♠=9  TIE(T)  |     0원 → 205,450원
H353 | bet   1,000원 BANKER | P:7♠ K♦=7  B:4♣ Q♦ J♠=4  PLAYER(L)  | -1,000원 → 204,450원  [start]
H354 | bet   2,000원 PLAYER | P:10♠ J♣ Q♣=0  B:9♦ 7♣=6  BANKER(L)  | -2,000원 → 202,450원
H355 | bet   4,000원 PLAYER | P:3♣ 7♥ 9♥=9  B:7♥ 6♠ 5♣=8  PLAYER(W)  | +4,000원 → 206,450원  [end_win]
H356 | bet   1,000원 BANKER | P:2♣ 8♦ 9♣=9  B:2♠ 10♥ A♦=3  PLAYER(L)  | -1,000원 → 205,450원  [start]
H357 | bet   2,000원 PLAYER | P:5♦ 10♥=5  B:9♦ J♦=9  BANKER(L)  | -2,000원 → 203,450원
H358 | bet   4,000원 PLAYER | P:8♠ 6♠ Q♠=4  B:3♠ 4♥=7  BANKER(L)  | -4,000원 → 199,450원
H359 | bet   8,000원 PLAYER | P:5♥ K♥=5  B:7♠ A♠=8  BANKER(L)  | -8,000원 → 191,450원
H360 | bet  16,000원 PLAYER | P:9♦ 8♥=7  B:9♣ 8♣=7  TIE(T)  |     0원 → 191,450원
H361 | bet  16,000원 PLAYER | P:Q♦ 3♠ 10♠=3  B:J♥ A♠ 2♣=3  TIE(T)  |     0원 → 191,450원
H362 | bet  16,000원 PLAYER | P:J♠ Q♠ J♦=0  B:Q♥ 10♥ Q♦=0  TIE(T)  |     0원 → 191,450원
H363 | bet  16,000원 PLAYER | P:8♠ 5♦ 6♥=9  B:4♣ 9♠ 2♥=5  PLAYER(W)  | +16,000원 → 207,450원  [end_win]
H364 | bet   1,000원 BANKER | P:3♥ 3♥=6  B:5♣ 10♦ 9♣=4  PLAYER(L)  | -1,000원 → 206,450원  [start]
H365 | bet   2,000원 PLAYER | P:J♦ Q♥ J♦=0  B:9♥ 3♣ 2♦=4  BANKER(L)  | -2,000원 → 204,450원
H366 | bet   4,000원 PLAYER | P:K♥ 3♦ 10♦=3  B:6♥ 5♣ 6♦=7  BANKER(L)  | -4,000원 → 200,450원
H367 | bet   8,000원 PLAYER | P:5♣ 3♥=8  B:4♣ 8♦=2  PLAYER(W)  | +8,000원 → 208,450원  [end_win]
H368 | bet   1,000원 BANKER | P:8♣ 4♦=2  B:J♥ 9♥=9  BANKER(W)  | +950원 → 209,400원
H369 | bet   1,000원 BANKER | P:3♥ 10♦ 3♦=6  B:2♦ 4♣=6  TIE(T)  |     0원 → 209,400원
H370 | bet   1,000원 BANKER | P:2♦ 8♥ 5♦=5  B:8♥ 6♠ Q♣=4  PLAYER(L)  | -1,000원 → 208,400원  [start]
H371 | bet   2,000원 PLAYER | P:5♠ A♠=6  B:3♣ 8♥ 4♥=5  PLAYER(W)  | +2,000원 → 210,400원  [end_win]
H372 | bet   1,000원 BANKER | P:6♠ Q♥=6  B:5♣ 6♣ 7♣=8  BANKER(W)  | +950원 → 211,350원
H373 | bet   1,000원 BANKER | P:5♣ 9♦ K♣=4  B:K♣ 6♠=6  BANKER(W)  | +950원 → 212,300원
H374 | bet   1,000원 BANKER | P:8♠ 2♥ 2♦=2  B:9♠ 6♦=5  BANKER(W)  | +950원 → 213,250원
H375 | bet   1,000원 BANKER | P:7♣ A♥=8  B:2♠ 2♠=4  PLAYER(L)  | -1,000원 → 212,250원  [start]
H376 | bet   2,000원 PLAYER | P:7♥ 4♥ 7♣=8  B:A♥ 3♦ 4♥=8  TIE(T)  |     0원 → 212,250원
H377 | bet   2,000원 PLAYER | P:3♣ 2♥=5  B:6♥ 2♣=8  BANKER(L)  | -2,000원 → 210,250원
H378 | bet   4,000원 PLAYER | P:A♦ K♣ K♠=1  B:8♦ 6♣=4  BANKER(L)  | -4,000원 → 206,250원
H379 | bet   8,000원 PLAYER | P:J♥ 3♥ J♣=3  B:8♦ 8♣=6  BANKER(L)  | -8,000원 → 198,250원
H380 | bet  16,000원 PLAYER | P:10♦ J♥ Q♣=0  B:7♦ 4♥ Q♠=1  BANKER(L)  | -16,000원 → 182,250원
H381 | bet  32,000원 PLAYER | P:K♣ 7♦=7  B:A♦ K♦ 5♠=6  PLAYER(W)  | +32,000원 → 214,250원  [end_win]
H382 | bet   1,000원 BANKER | P:5♦ 8♠ 10♣=3  B:8♠ 6♥=4  BANKER(W)  | +950원 → 215,200원
H383 | bet   1,000원 BANKER | P:K♠ 7♠=7  B:4♠ 8♦ 7♥=9  BANKER(W)  | +950원 → 216,150원
H384 | bet   1,000원 BANKER | P:2♥ A♥ 4♠=7  B:J♠ 5♥ A♦=6  PLAYER(L)  | -1,000원 → 215,150원  [start]
H385 | bet   2,000원 PLAYER | P:A♥ 4♥ 3♠=8  B:6♦ 10♠=6  PLAYER(W)  | +2,000원 → 217,150원  [end_win]
H386 | bet   1,000원 BANKER | P:6♦ 6♦ 3♦=5  B:4♣ K♥ 5♥=9  BANKER(W)  | +950원 → 218,100원
H387 | bet   1,000원 BANKER | P:8♣ 5♣ K♠=3  B:4♦ 7♦ 7♥=8  BANKER(W)  | +950원 → 219,050원
H388 | bet   1,000원 BANKER | P:4♦ 9♠ A♥=4  B:3♠ 7♠ 10♠=0  PLAYER(L)  | -1,000원 → 218,050원  [start]
H389 | bet   2,000원 PLAYER | P:A♥ 3♠ A♦=5  B:3♦ K♠ K♦=3  PLAYER(W)  | +2,000원 → 220,050원  [end_win]
H390 | bet   1,000원 BANKER | P:6♣ 3♠=9  B:K♣ 6♦=6  PLAYER(L)  | -1,000원 → 219,050원  [start]
H391 | bet   2,000원 PLAYER | P:7♠ 9♦=6  B:Q♥ Q♥ 10♥=0  PLAYER(W)  | +2,000원 → 221,050원  [end_win]
H392 | bet   1,000원 BANKER | P:3♣ J♠ 5♠=8  B:K♥ 2♣ 6♠=8  TIE(T)  |     0원 → 221,050원
H393 | bet   1,000원 BANKER | P:10♠ K♣=0  B:J♦ 9♠=9  BANKER(W)  | +950원 → 222,000원
H394 | bet   1,000원 BANKER | P:7♣ 6♦ 6♠=9  B:Q♥ 5♠ 7♠=2  PLAYER(L)  | -1,000원 → 221,000원  [start]
H395 | bet   2,000원 PLAYER | P:J♠ 4♣=4  B:8♠ J♠=8  BANKER(L)  | -2,000원 → 219,000원
H396 | bet   4,000원 PLAYER | P:7♠ 7♠ K♦=4  B:A♦ Q♣ 6♥=7  BANKER(L)  | -4,000원 → 215,000원
H397 | bet   8,000원 PLAYER | P:J♣ J♠ 5♥=5  B:K♠ K♥ 9♦=9  BANKER(L)  | -8,000원 → 207,000원
H398 | bet  16,000원 PLAYER | P:9♣ 2♥ 10♣=1  B:9♠ A♠ 3♦=3  BANKER(L)  | -16,000원 → 191,000원
H399 | bet  32,000원 PLAYER | P:5♦ 8♣ 4♥=7  B:2♦ 8♣ 9♥=9  BANKER(L)  | -32,000원 → 159,000원  [end_giveup]
H400 | bet   1,000원 BANKER | P:5♦ 6♥ 2♦=3  B:8♥ 6♦ K♠=4  BANKER(W)  | +950원 → 159,950원
H401 | bet   1,000원 BANKER | P:2♠ Q♣ 10♠=2  B:9♣ 2♣ 10♠=1  PLAYER(L)  | -1,000원 → 158,950원  [start]
H402 | bet   2,000원 PLAYER | P:7♥ 9♥=6  B:Q♦ A♣ 2♠=3  PLAYER(W)  | +2,000원 → 160,950원  [end_win]
H403 | bet   1,000원 BANKER | P:9♦ 6♣ 3♣=8  B:A♠ 2♥ 3♣=6  PLAYER(L)  | -1,000원 → 159,950원  [start]
H404 | bet   2,000원 PLAYER | P:J♣ 10♥ K♥=0  B:Q♠ J♣ 4♦=4  BANKER(L)  | -2,000원 → 157,950원
H405 | bet   4,000원 PLAYER | P:7♦ 9♣=6  B:9♥ 7♣=6  TIE(T)  |     0원 → 157,950원
H406 | bet   4,000원 PLAYER | P:6♣ 3♥=9  B:Q♠ 5♥=5  PLAYER(W)  | +4,000원 → 161,950원  [end_win]
H407 | bet   1,000원 BANKER | P:5♠ 6♥ K♣=1  B:3♦ 8♥ 5♠=6  BANKER(W)  | +950원 → 162,900원
H408 | bet   1,000원 BANKER | P:10♦ 4♥ 2♠=6  B:2♣ J♥ 7♣=9  BANKER(W)  | +950원 → 163,850원
H409 | bet   1,000원 BANKER | P:3♦ 6♠=9  B:Q♥ 4♠=4  PLAYER(L)  | -1,000원 → 162,850원  [start]
H410 | bet   2,000원 PLAYER | P:A♥ 3♠ 5♥=9  B:Q♦ 10♦ J♣=0  PLAYER(W)  | +2,000원 → 164,850원  [end_win]
H411 | bet   1,000원 BANKER | P:7♦ Q♠=7  B:6♦ 10♠=6  PLAYER(L)  | -1,000원 → 163,850원  [start]
H412 | bet   2,000원 PLAYER | P:7♥ A♥=8  B:6♦ Q♦=6  PLAYER(W)  | +2,000원 → 165,850원  [end_win]
H413 | bet   1,000원 BANKER | P:3♠ 8♥=1  B:4♣ 4♦=8  BANKER(W)  | +950원 → 166,800원
H414 | bet   1,000원 BANKER | P:5♦ 6♦ 9♦=0  B:Q♣ 6♠=6  BANKER(W)  | +950원 → 167,750원
H415 | bet   1,000원 BANKER | P:A♥ 10♣ 10♥=1  B:J♠ 5♣=5  BANKER(W)  | +950원 → 168,700원
H416 | bet   1,000원 BANKER | P:J♦ 9♥=9  B:9♥ 6♣=5  PLAYER(L)  | -1,000원 → 167,700원  [start]
H417 | bet   2,000원 PLAYER | P:9♥ J♥=9  B:4♠ 4♠=8  PLAYER(W)  | +2,000원 → 169,700원  [end_win]
H418 | bet   1,000원 BANKER | P:10♣ 6♠=6  B:2♠ 5♠=7  BANKER(W)  | +950원 → 170,650원
H419 | bet   1,000원 BANKER | P:J♥ 2♦=2  B:K♦ 8♥=8  BANKER(W)  | +950원 → 171,600원
H420 | bet   1,000원 BANKER | P:8♦ J♣=8  B:A♠ Q♦=1  PLAYER(L)  | -1,000원 → 170,600원  [start]
H421 | bet   2,000원 PLAYER | P:J♦ 2♥ 9♦=1  B:3♥ 8♠ J♣=1  TIE(T)  |     0원 → 170,600원
H422 | bet   2,000원 PLAYER | P:A♥ K♠ 3♥=4  B:8♣ 7♣=5  BANKER(L)  | -2,000원 → 168,600원
H423 | bet   4,000원 PLAYER | P:3♦ 5♣=8  B:A♠ 5♥=6  PLAYER(W)  | +4,000원 → 172,600원  [end_win]
H424 | bet   1,000원 BANKER | P:A♦ 9♠ 10♥=0  B:9♣ 4♠ K♦=3  BANKER(W)  | +950원 → 173,550원
H425 | bet   1,000원 BANKER | P:8♠ J♣=8  B:8♠ Q♣=8  TIE(T)  |     0원 → 173,550원
H426 | bet   1,000원 BANKER | P:6♣ 4♠ 8♦=8  B:7♦ 3♥ 8♠=8  TIE(T)  |     0원 → 173,550원
H427 | bet   1,000원 BANKER | P:Q♥ Q♠ A♣=1  B:6♦ A♠=7  BANKER(W)  | +950원 → 174,500원
H428 | bet   1,000원 BANKER | P:Q♦ 7♣=7  B:10♦ 2♣ 9♣=1  PLAYER(L)  | -1,000원 → 173,500원  [start]
H429 | bet   2,000원 PLAYER | P:5♠ 10♥=5  B:A♥ 7♥=8  BANKER(L)  | -2,000원 → 171,500원
H430 | bet   4,000원 PLAYER | P:3♥ 3♠=6  B:J♣ 4♥ Q♦=4  PLAYER(W)  | +4,000원 → 175,500원  [end_win]
H431 | bet   1,000원 BANKER | P:J♣ 9♥=9  B:8♠ J♠=8  PLAYER(L)  | -1,000원 → 174,500원  [start]
H432 | bet   2,000원 PLAYER | P:J♠ 5♠ Q♠=5  B:Q♣ 6♦=6  BANKER(L)  | -2,000원 → 172,500원
H433 | bet   4,000원 PLAYER | P:10♥ K♠=0  B:A♣ 7♦=8  BANKER(L)  | -4,000원 → 168,500원
H434 | bet   8,000원 PLAYER | P:4♦ A♣ J♦=5  B:6♥ 8♥=4  PLAYER(W)  | +8,000원 → 176,500원  [end_win]
H435 | bet   1,000원 BANKER | P:8♦ K♣=8  B:4♣ 9♥=3  PLAYER(L)  | -1,000원 → 175,500원  [start]
H436 | bet   2,000원 PLAYER | P:9♦ K♥=9  B:4♥ 3♣=7  PLAYER(W)  | +2,000원 → 177,500원  [end_win]
H437 | bet   1,000원 BANKER | P:5♦ 7♠ 4♣=6  B:6♠ 6♣ 6♠=8  BANKER(W)  | +950원 → 178,450원
H438 | bet   1,000원 BANKER | P:5♦ A♣=6  B:A♦ J♦ 7♠=8  BANKER(W)  | +950원 → 179,400원
H439 | bet   1,000원 BANKER | P:A♥ J♥=1  B:K♣ 9♦=9  BANKER(W)  | +950원 → 180,350원
H440 | bet   1,000원 BANKER | P:7♣ K♠=7  B:5♥ J♥ 5♦=0  PLAYER(L)  | -1,000원 → 179,350원  [start]
H441 | bet   2,000원 PLAYER | P:2♥ 8♣ 9♦=9  B:4♥ K♣=4  PLAYER(W)  | +2,000원 → 181,350원  [end_win]
H442 | bet   1,000원 BANKER | P:A♠ J♣=1  B:5♠ 3♣=8  BANKER(W)  | +950원 → 182,300원
H443 | bet   1,000원 BANKER | P:9♣ 3♠ 7♠=9  B:Q♥ 5♠ 10♠=5  PLAYER(L)  | -1,000원 → 181,300원  [start]
H444 | bet   2,000원 PLAYER | P:6♥ 9♦ 7♠=2  B:5♥ 6♠ 5♥=6  BANKER(L)  | -2,000원 → 179,300원
H445 | bet   4,000원 PLAYER | P:K♥ Q♠ K♥=0  B:K♠ J♠ 6♦=6  BANKER(L)  | -4,000원 → 175,300원
H446 | bet   8,000원 PLAYER | P:4♥ 4♣=8  B:6♦ 10♠=6  PLAYER(W)  | +8,000원 → 183,300원  [end_win]
H447 | bet   1,000원 BANKER | P:6♥ 8♦ 5♦=9  B:10♣ 6♣=6  PLAYER(L)  | -1,000원 → 182,300원  [start]
H448 | bet   2,000원 PLAYER | P:4♥ Q♠ 6♠=0  B:10♦ 3♥ 4♠=7  BANKER(L)  | -2,000원 → 180,300원
H449 | bet   4,000원 PLAYER | P:5♣ 2♦=7  B:2♠ 9♠ 6♥=7  TIE(T)  |     0원 → 180,300원
H450 | bet   4,000원 PLAYER | P:A♠ 7♠=8  B:7♦ J♣=7  PLAYER(W)  | +4,000원 → 184,300원  [end_win]
H451 | bet   1,000원 BANKER | P:7♥ 6♠ 3♥=6  B:3♠ 10♠ 3♠=6  TIE(T)  |     0원 → 184,300원
H452 | bet   1,000원 BANKER | P:4♥ 8♥ 2♥=4  B:10♥ A♦ 9♣=0  PLAYER(L)  | -1,000원 → 183,300원  [start]
H453 | bet   2,000원 PLAYER | P:8♣ 9♥=7  B:7♠ 9♣=6  PLAYER(W)  | +2,000원 → 185,300원  [end_win]
H454 | bet   1,000원 BANKER | P:3♣ K♦ 2♥=5  B:Q♣ A♥ 9♠=0  PLAYER(L)  | -1,000원 → 184,300원  [start]
H455 | bet   2,000원 PLAYER | P:J♠ 3♦ 9♣=2  B:2♠ 4♣=6  BANKER(L)  | -2,000원 → 182,300원
H456 | bet   4,000원 PLAYER | P:K♠ 10♦=0  B:7♣ 2♠=9  BANKER(L)  | -4,000원 → 178,300원
H457 | bet   8,000원 PLAYER | P:5♥ 9♦ 8♠=2  B:2♥ K♣ Q♠=2  TIE(T)  |     0원 → 178,300원
H458 | bet   8,000원 PLAYER | P:2♣ 10♥ 3♦=5  B:9♠ 4♠ 3♦=6  BANKER(L)  | -8,000원 → 170,300원
H459 | bet  16,000원 PLAYER | P:A♦ 3♣ 7♦=1  B:K♣ K♦ 10♦=0  PLAYER(W)  | +16,000원 → 186,300원  [end_win]
H460 | bet   1,000원 BANKER | P:A♦ K♦ K♦=1  B:8♣ 5♠ 6♠=9  BANKER(W)  | +950원 → 187,250원
H461 | bet   1,000원 BANKER | P:9♠ 2♦ J♦=1  B:7♣ 6♣ 3♣=6  BANKER(W)  | +950원 → 188,200원
H462 | bet   1,000원 BANKER | P:8♠ Q♦=8  B:10♦ 3♦=3  PLAYER(L)  | -1,000원 → 187,200원  [start]
H463 | bet   2,000원 PLAYER | P:8♠ 9♣=7  B:Q♣ 7♥=7  TIE(T)  |     0원 → 187,200원
H464 | bet   2,000원 PLAYER | P:6♣ 5♣ 8♣=9  B:4♠ K♣=4  PLAYER(W)  | +2,000원 → 189,200원  [end_win]
H465 | bet   1,000원 BANKER | P:8♣ 7♥ A♣=6  B:2♦ A♠ 9♥=2  PLAYER(L)  | -1,000원 → 188,200원  [start]
H466 | bet   2,000원 PLAYER | P:Q♣ A♦ 7♣=8  B:Q♣ 3♦ 5♠=8  TIE(T)  |     0원 → 188,200원
H467 | bet   2,000원 PLAYER | P:6♥ Q♥=6  B:4♥ A♣ 9♥=4  PLAYER(W)  | +2,000원 → 190,200원  [end_win]
H468 | bet   1,000원 BANKER | P:2♠ 3♠ K♠=5  B:Q♣ 2♠ Q♦=2  PLAYER(L)  | -1,000원 → 189,200원  [start]
H469 | bet   2,000원 PLAYER | P:10♠ 6♥=6  B:J♦ A♣ K♥=1  PLAYER(W)  | +2,000원 → 191,200원  [end_win]
H470 | bet   1,000원 BANKER | P:J♥ 4♦=4  B:7♥ 2♥=9  BANKER(W)  | +950원 → 192,150원
H471 | bet   1,000원 BANKER | P:3♣ 3♦=6  B:8♥ J♦=8  BANKER(W)  | +950원 → 193,100원
H472 | bet   1,000원 BANKER | P:2♣ 5♥=7  B:4♣ 10♠ 7♣=1  PLAYER(L)  | -1,000원 → 192,100원  [start]
H473 | bet   2,000원 PLAYER | P:A♦ 5♠=6  B:3♠ 9♠ Q♦=2  PLAYER(W)  | +2,000원 → 194,100원  [end_win]
H474 | bet   1,000원 BANKER | P:J♠ 6♥=6  B:K♣ J♣ K♥=0  PLAYER(L)  | -1,000원 → 193,100원  [start]
H475 | bet   2,000원 PLAYER | P:J♠ 9♦=9  B:2♦ 2♦=4  PLAYER(W)  | +2,000원 → 195,100원  [end_win]
H476 | bet   1,000원 BANKER | P:10♠ 9♣=9  B:5♥ Q♥=5  PLAYER(L)  | -1,000원 → 194,100원  [start]
H477 | bet   2,000원 PLAYER | P:8♦ 4♦ K♠=2  B:10♦ 2♦ A♠=3  BANKER(L)  | -2,000원 → 192,100원
H478 | bet   4,000원 PLAYER | P:A♣ 10♦=1  B:9♠ K♦=9  BANKER(L)  | -4,000원 → 188,100원
H479 | bet   8,000원 PLAYER | P:3♠ 10♣ 10♥=3  B:5♦ K♥=5  BANKER(L)  | -8,000원 → 180,100원
H480 | bet  16,000원 PLAYER | P:A♦ A♥ Q♥=2  B:2♣ 2♦=4  BANKER(L)  | -16,000원 → 164,100원
H481 | bet  32,000원 PLAYER | P:8♦ J♥=8  B:5♦ 5♦=0  PLAYER(W)  | +32,000원 → 196,100원  [end_win]
H482 | bet   1,000원 BANKER | P:7♠ 4♦ 8♥=9  B:K♠ 4♠=4  PLAYER(L)  | -1,000원 → 195,100원  [start]
H483 | bet   2,000원 PLAYER | P:Q♥ 3♥ 7♥=0  B:7♦ 3♣ 5♥=5  BANKER(L)  | -2,000원 → 193,100원
H484 | bet   4,000원 PLAYER | P:7♠ 5♣ 10♣=2  B:3♥ 4♥=7  BANKER(L)  | -4,000원 → 189,100원
H485 | bet   8,000원 PLAYER | P:A♥ J♥ 8♥=9  B:5♣ 8♣=3  PLAYER(W)  | +8,000원 → 197,100원  [end_win]
H486 | bet   1,000원 BANKER | P:5♣ 4♦=9  B:8♦ 8♦=6  PLAYER(L)  | -1,000원 → 196,100원  [start]
H487 | bet   2,000원 PLAYER | P:7♦ 5♣ 4♦=6  B:3♣ 2♣ 4♣=9  BANKER(L)  | -2,000원 → 194,100원
H488 | bet   4,000원 PLAYER | P:2♣ J♠ Q♠=2  B:6♥ 7♣ 6♣=9  BANKER(L)  | -4,000원 → 190,100원
H489 | bet   8,000원 PLAYER | P:2♣ 4♣=6  B:2♥ K♦ 10♣=2  PLAYER(W)  | +8,000원 → 198,100원  [end_win]
H490 | bet   1,000원 BANKER | P:K♥ 6♣=6  B:10♥ 10♣ Q♥=0  PLAYER(L)  | -1,000원 → 197,100원  [start]
H491 | bet   2,000원 PLAYER | P:9♠ Q♠=9  B:2♥ Q♦=2  PLAYER(W)  | +2,000원 → 199,100원  [end_win]
H492 | bet   1,000원 BANKER | P:3♦ 10♠ 10♣=3  B:7♥ 10♦=7  BANKER(W)  | +950원 → 200,050원
H493 | bet   1,000원 BANKER | P:6♠ 2♦=8  B:9♥ A♦=0  PLAYER(L)  | -1,000원 → 199,050원  [start]
H494 | bet   2,000원 PLAYER | P:10♠ A♥ K♦=1  B:4♠ 2♠=6  BANKER(L)  | -2,000원 → 197,050원
H495 | bet   4,000원 PLAYER | P:2♣ 10♦ 5♦=7  B:6♦ J♣=6  PLAYER(W)  | +4,000원 → 201,050원  [end_win]
H496 | bet   1,000원 BANKER | P:2♦ 2♥ 2♣=6  B:J♣ 7♠=7  BANKER(W)  | +950원 → 202,000원
H497 | bet   1,000원 BANKER | P:A♠ 6♥=7  B:7♦ 3♦ J♦=0  PLAYER(L)  | -1,000원 → 201,000원  [start]
H498 | bet   2,000원 PLAYER | P:Q♥ A♠ 8♥=9  B:9♠ 6♣=5  PLAYER(W)  | +2,000원 → 203,000원  [end_win]
H499 | bet   1,000원 BANKER | P:2♦ 9♥ 3♦=4  B:A♥ A♣ J♣=2  PLAYER(L)  | -1,000원 → 202,000원  [start]
H500 | bet   2,000원 PLAYER | P:Q♥ 7♣=7  B:3♥ J♠ A♠=4  PLAYER(W)  | +2,000원 → 204,000원  [end_win]
H501 | bet   1,000원 BANKER | P:8♦ 5♦=3  B:A♥ 7♥=8  BANKER(W)  | +950원 → 204,950원
H502 | bet   1,000원 BANKER | P:10♦ J♠=0  B:10♣ 8♠=8  BANKER(W)  | +950원 → 205,900원
H503 | bet   1,000원 BANKER | P:K♥ Q♥ J♠=0  B:9♠ 2♠ 5♠=6  BANKER(W)  | +950원 → 206,850원
H504 | bet   1,000원 BANKER | P:10♣ J♥ Q♣=0  B:4♦ 7♣ 9♦=0  TIE(T)  |     0원 → 206,850원
H505 | bet   1,000원 BANKER | P:Q♠ 3♣=3  B:J♥ 9♦=9  BANKER(W)  | +950원 → 207,800원
H506 | bet   1,000원 BANKER | P:7♥ 8♥ A♠=6  B:K♣ Q♠ J♣=0  PLAYER(L)  | -1,000원 → 206,800원  [start]
H507 | bet   2,000원 PLAYER | P:6♦ 5♣=1  B:8♣ K♠=8  BANKER(L)  | -2,000원 → 204,800원
H508 | bet   4,000원 PLAYER | P:7♣ J♦=7  B:3♥ 8♣ 6♦=7  TIE(T)  |     0원 → 204,800원
H509 | bet   4,000원 PLAYER | P:J♥ 5♥ 8♦=3  B:K♣ 10♠ 7♠=7  BANKER(L)  | -4,000원 → 200,800원
H510 | bet   8,000원 PLAYER | P:6♥ 3♦=9  B:A♦ 2♠=3  PLAYER(W)  | +8,000원 → 208,800원  [end_win]
H511 | bet   1,000원 BANKER | P:5♥ Q♦ 6♥=1  B:J♥ 10♠ 7♥=7  BANKER(W)  | +950원 → 209,750원
H512 | bet   1,000원 BANKER | P:4♥ 5♣=9  B:4♦ 4♣=8  PLAYER(L)  | -1,000원 → 208,750원  [start]
H513 | bet   2,000원 PLAYER | P:3♠ Q♣ A♣=4  B:7♣ Q♥=7  BANKER(L)  | -2,000원 → 206,750원
H514 | bet   4,000원 PLAYER | P:Q♣ 10♥ 9♠=9  B:6♠ J♦=6  PLAYER(W)  | +4,000원 → 210,750원  [end_win]
H515 | bet   1,000원 BANKER | P:J♥ 3♠ 2♣=5  B:3♥ 4♥=7  BANKER(W)  | +950원 → 211,700원
H516 | bet   1,000원 BANKER | P:5♦ 6♠ A♠=2  B:9♠ 3♣ 4♣=6  BANKER(W)  | +950원 → 212,650원
H517 | bet   1,000원 BANKER | P:9♥ 6♥=5  B:3♣ 6♥=9  BANKER(W)  | +950원 → 213,600원
H518 | bet   1,000원 BANKER | P:K♣ 6♠=6  B:2♦ 6♣=8  BANKER(W)  | +950원 → 214,550원
H519 | bet   1,000원 BANKER | P:4♠ 5♠=9  B:7♠ 4♠=1  PLAYER(L)  | -1,000원 → 213,550원  [start]
H520 | bet   2,000원 PLAYER | P:8♦ 10♥=8  B:4♣ 3♦=7  PLAYER(W)  | +2,000원 → 215,550원  [end_win]
H521 | bet   1,000원 BANKER | P:9♥ 4♥ 2♥=5  B:A♥ K♦ 8♠=9  BANKER(W)  | +950원 → 216,500원
H522 | bet   1,000원 BANKER | P:8♠ Q♠=8  B:K♣ J♣=0  PLAYER(L)  | -1,000원 → 215,500원  [start]
H523 | bet   2,000원 PLAYER | P:9♣ 2♠ 7♦=8  B:3♣ Q♣ 5♠=8  TIE(T)  |     0원 → 215,500원
H524 | bet   2,000원 PLAYER | P:3♥ 3♥=6  B:J♦ 2♥ A♥=3  PLAYER(W)  | +2,000원 → 217,500원  [end_win]
H525 | bet   1,000원 BANKER | P:Q♥ A♣ 4♠=5  B:2♦ 2♥ 6♠=0  PLAYER(L)  | -1,000원 → 216,500원  [start]
H526 | bet   2,000원 PLAYER | P:K♣ 4♦ 9♥=3  B:5♦ A♦=6  BANKER(L)  | -2,000원 → 214,500원
H527 | bet   4,000원 PLAYER | P:6♣ K♥=6  B:K♠ 8♣=8  BANKER(L)  | -4,000원 → 210,500원
H528 | bet   8,000원 PLAYER | P:5♠ 7♦ 10♦=2  B:5♠ 2♦=7  BANKER(L)  | -8,000원 → 202,500원
H529 | bet  16,000원 PLAYER | P:3♦ 4♣=7  B:2♦ 7♥=9  BANKER(L)  | -16,000원 → 186,500원
H530 | bet  32,000원 PLAYER | P:6♣ 4♦ 3♦=3  B:9♠ A♦ J♦=0  PLAYER(W)  | +32,000원 → 218,500원  [end_win]
H531 | bet   1,000원 BANKER | P:8♦ 10♥=8  B:2♥ 7♦=9  BANKER(W)  | +950원 → 219,450원
H532 | bet   1,000원 BANKER | P:4♠ A♠=5  B:Q♣ 8♠=8  BANKER(W)  | +950원 → 220,400원
H533 | bet   1,000원 BANKER | P:6♠ J♠=6  B:4♥ 2♣=6  TIE(T)  |     0원 → 220,400원
H534 | bet   1,000원 BANKER | P:5♥ Q♦ 10♠=5  B:Q♣ 6♣=6  BANKER(W)  | +950원 → 221,350원
H535 | bet   1,000원 BANKER | P:K♦ K♦ 6♥=6  B:A♣ 4♥ 4♠=9  BANKER(W)  | +950원 → 222,300원
H536 | bet   1,000원 BANKER | P:5♣ 4♣=9  B:9♠ 7♥=6  PLAYER(L)  | -1,000원 → 221,300원  [start]
H537 | bet   2,000원 PLAYER | P:K♠ A♠ 3♠=4  B:K♦ 5♣=5  BANKER(L)  | -2,000원 → 219,300원
H538 | bet   4,000원 PLAYER | P:K♥ 3♠=3  B:10♦ 9♠=9  BANKER(L)  | -4,000원 → 215,300원
H539 | bet   8,000원 PLAYER | P:10♠ 3♠ K♥=3  B:5♣ 9♣=4  BANKER(L)  | -8,000원 → 207,300원
H540 | bet  16,000원 PLAYER | P:A♦ 10♥ 10♦=1  B:8♥ 2♥ 9♥=9  BANKER(L)  | -16,000원 → 191,300원
H541 | bet  32,000원 PLAYER | P:Q♥ 9♣=9  B:8♣ J♣=8  PLAYER(W)  | +32,000원 → 223,300원  [end_win]
H542 | bet   1,000원 BANKER | P:4♥ 5♣=9  B:6♠ 3♠=9  TIE(T)  |     0원 → 223,300원
H543 | bet   1,000원 BANKER | P:10♣ 4♦=4  B:A♦ 7♦=8  BANKER(W)  | +950원 → 224,250원
H544 | bet   1,000원 BANKER | P:K♣ A♥=1  B:K♦ 9♥=9  BANKER(W)  | +950원 → 225,200원
H545 | bet   1,000원 BANKER | P:K♠ A♣ 6♦=7  B:8♦ 2♣ 2♠=2  PLAYER(L)  | -1,000원 → 224,200원  [start]
H546 | bet   2,000원 PLAYER | P:4♦ J♦ 8♥=2  B:Q♠ 7♠=7  BANKER(L)  | -2,000원 → 222,200원
H547 | bet   4,000원 PLAYER | P:3♣ Q♠=3  B:9♦ Q♠=9  BANKER(L)  | -4,000원 → 218,200원
H548 | bet   8,000원 PLAYER | P:J♥ 9♦=9  B:K♦ Q♦=0  PLAYER(W)  | +8,000원 → 226,200원  [end_win]
H549 | bet   1,000원 BANKER | P:3♣ 10♥ 3♣=6  B:5♣ 6♣ K♠=1  PLAYER(L)  | -1,000원 → 225,200원  [start]
H550 | bet   2,000원 PLAYER | P:7♠ 5♥=2  B:5♠ 3♥=8  BANKER(L)  | -2,000원 → 223,200원
H551 | bet   4,000원 PLAYER | P:10♦ 4♣=4  B:J♠ 8♣=8  BANKER(L)  | -4,000원 → 219,200원
H552 | bet   8,000원 PLAYER | P:7♦ 5♠ Q♦=2  B:2♦ A♣ 5♣=8  BANKER(L)  | -8,000원 → 211,200원
H553 | bet  16,000원 PLAYER | P:8♠ 2♠ 9♦=9  B:10♠ 2♠ 9♥=1  PLAYER(W)  | +16,000원 → 227,200원  [end_win]
H554 | bet   1,000원 BANKER | P:4♠ K♠ K♥=4  B:9♣ 7♠=6  BANKER(W)  | +950원 → 228,150원
H555 | bet   1,000원 BANKER | P:10♥ J♠ 7♣=7  B:Q♦ 7♦=7  TIE(T)  |     0원 → 228,150원
H556 | bet   1,000원 BANKER | P:2♣ 5♥=7  B:6♦ 8♣ 3♥=7  TIE(T)  |     0원 → 228,150원
H557 | bet   1,000원 BANKER | P:J♠ J♥ 8♥=8  B:6♥ A♥=7  PLAYER(L)  | -1,000원 → 227,150원  [start]
H558 | bet   2,000원 PLAYER | P:Q♣ 10♦=0  B:8♣ J♦=8  BANKER(L)  | -2,000원 → 225,150원
H559 | bet   4,000원 PLAYER | P:8♦ 7♣ A♦=6  B:K♠ J♠ 5♦=5  PLAYER(W)  | +4,000원 → 229,150원  [end_win]
H560 | bet   1,000원 BANKER | P:K♣ A♥ Q♠=1  B:7♥ 8♦=5  BANKER(W)  | +950원 → 230,100원
H561 | bet   1,000원 BANKER | P:J♣ 8♥=8  B:10♠ J♥=0  PLAYER(L)  | -1,000원 → 229,100원  [start]
H562 | bet   2,000원 PLAYER | P:8♠ 6♦ 10♣=4  B:7♣ 8♠=5  BANKER(L)  | -2,000원 → 227,100원
H563 | bet   4,000원 PLAYER | P:2♣ A♦ 7♠=0  B:10♦ Q♦ 8♦=8  BANKER(L)  | -4,000원 → 223,100원
H564 | bet   8,000원 PLAYER | P:K♣ 4♦ 6♥=0  B:9♦ 4♣ A♠=4  BANKER(L)  | -8,000원 → 215,100원
H565 | bet  16,000원 PLAYER | P:10♣ 4♠ 4♣=8  B:10♣ Q♦ 10♥=0  PLAYER(W)  | +16,000원 → 231,100원  [end_win]
H566 | bet   1,000원 BANKER | P:7♣ J♣=7  B:Q♣ 6♣=6  PLAYER(L)  | -1,000원 → 230,100원  [start]
H567 | bet   2,000원 PLAYER | P:K♠ K♥ 3♠=3  B:4♥ 8♥ 7♥=9  BANKER(L)  | -2,000원 → 228,100원
H568 | bet   4,000원 PLAYER | P:A♣ K♦=1  B:9♣ Q♠=9  BANKER(L)  | -4,000원 → 224,100원
H569 | bet   8,000원 PLAYER | P:5♦ 7♠ 3♠=5  B:9♠ 6♣=5  TIE(T)  |     0원 → 224,100원
H570 | bet   8,000원 PLAYER | P:4♦ Q♦ 8♥=2  B:3♣ K♥=3  BANKER(L)  | -8,000원 → 216,100원
H571 | bet  16,000원 PLAYER | P:6♦ 9♣ A♣=6  B:8♠ 3♥ 10♣=1  PLAYER(W)  | +16,000원 → 232,100원  [end_win]
H572 | bet   1,000원 BANKER | P:J♦ 7♥=7  B:4♥ 6♦ 5♦=5  PLAYER(L)  | -1,000원 → 231,100원  [start]
H573 | bet   2,000원 PLAYER | P:2♠ 9♦ 10♣=1  B:K♥ 6♠=6  BANKER(L)  | -2,000원 → 229,100원
H574 | bet   4,000원 PLAYER | P:10♠ 2♥ 9♣=1  B:5♦ 5♥ 8♣=8  BANKER(L)  | -4,000원 → 225,100원
H575 | bet   8,000원 PLAYER | P:9♠ 9♠=8  B:K♠ A♦=1  PLAYER(W)  | +8,000원 → 233,100원  [end_win]
H576 | bet   1,000원 BANKER | P:2♦ 6♦=8  B:J♥ 8♥=8  TIE(T)  |     0원 → 233,100원
H577 | bet   1,000원 BANKER | P:3♣ 2♦ 9♠=4  B:8♥ 2♦ 5♥=5  BANKER(W)  | +950원 → 234,050원
H578 | bet   1,000원 BANKER | P:10♥ 7♦=7  B:K♥ 2♥ 2♥=4  PLAYER(L)  | -1,000원 → 233,050원  [start]
H579 | bet   2,000원 PLAYER | P:5♥ Q♥ A♠=6  B:7♠ 5♥ 9♣=1  PLAYER(W)  | +2,000원 → 235,050원  [end_win]
H580 | bet   1,000원 BANKER | P:10♣ 2♠ A♥=3  B:2♠ A♣ K♦=3  TIE(T)  |     0원 → 235,050원
H581 | bet   1,000원 BANKER | P:A♦ 3♣ 4♣=8  B:4♥ Q♦ 9♣=3  PLAYER(L)  | -1,000원 → 234,050원  [start]
H582 | bet   2,000원 PLAYER | P:A♥ A♦=2  B:2♣ 6♥=8  BANKER(L)  | -2,000원 → 232,050원
H583 | bet   4,000원 PLAYER | P:K♣ 5♠ A♣=6  B:6♠ J♠=6  TIE(T)  |     0원 → 232,050원
H584 | bet   4,000원 PLAYER | P:9♣ 4♦ 8♦=1  B:Q♠ 3♠=3  BANKER(L)  | -4,000원 → 228,050원
H585 | bet   8,000원 PLAYER | P:7♦ K♥=7  B:7♣ 3♥ 7♦=7  TIE(T)  |     0원 → 228,050원
H586 | bet   8,000원 PLAYER | P:9♠ 7♥=6  B:A♥ 2♣ J♠=3  PLAYER(W)  | +8,000원 → 236,050원  [end_win]
H587 | bet   1,000원 BANKER | P:J♠ 3♦ 3♠=6  B:Q♦ 3♥ 10♠=3  PLAYER(L)  | -1,000원 → 235,050원  [start]
H588 | bet   2,000원 PLAYER | P:K♣ 10♦=0  B:4♣ 5♦=9  BANKER(L)  | -2,000원 → 233,050원
H589 | bet   4,000원 PLAYER | P:A♣ 5♦=6  B:J♦ 8♠=8  BANKER(L)  | -4,000원 → 229,050원
H590 | bet   8,000원 PLAYER | P:9♣ 2♣ 7♥=8  B:7♦ Q♣=7  PLAYER(W)  | +8,000원 → 237,050원  [end_win]
H591 | bet   1,000원 BANKER | P:K♦ 9♠=9  B:8♣ 8♥=6  PLAYER(L)  | -1,000원 → 236,050원  [start]
H592 | bet   2,000원 PLAYER | P:K♣ 3♦ 10♣=3  B:J♠ 4♥=4  BANKER(L)  | -2,000원 → 234,050원
H593 | bet   4,000원 PLAYER | P:Q♥ 5♦ 5♦=0  B:7♠ 8♣ 3♣=8  BANKER(L)  | -4,000원 → 230,050원
H594 | bet   8,000원 PLAYER | P:4♠ K♠ 6♣=0  B:7♠ 10♣=7  BANKER(L)  | -8,000원 → 222,050원
H595 | bet  16,000원 PLAYER | P:2♣ 5♥=7  B:6♠ 5♠ 7♠=8  BANKER(L)  | -16,000원 → 206,050원
H596 | bet  32,000원 PLAYER | P:6♣ 6♥ 3♥=5  B:3♣ 9♥ A♣=3  PLAYER(W)  | +32,000원 → 238,050원  [end_win]
H597 | bet   1,000원 BANKER | P:K♠ 3♠ 3♣=6  B:2♣ A♣ Q♠=3  PLAYER(L)  | -1,000원 → 237,050원  [start]
H598 | bet   2,000원 PLAYER | P:7♥ 2♠=9  B:2♠ 10♣=2  PLAYER(W)  | +2,000원 → 239,050원  [end_win]
H599 | bet   1,000원 BANKER | P:K♥ 4♠ 8♥=2  B:6♥ K♠=6  BANKER(W)  | +950원 → 240,000원
H600 | bet   1,000원 BANKER | P:4♠ 5♠=9  B:6♣ A♥=7  PLAYER(L)  | -1,000원 → 239,000원  [start]
H601 | bet   2,000원 PLAYER | P:5♥ 3♣=8  B:3♥ 3♦=6  PLAYER(W)  | +2,000원 → 241,000원  [end_win]
H602 | bet   1,000원 BANKER | P:7♥ K♣=7  B:4♠ K♠ 8♠=2  PLAYER(L)  | -1,000원 → 240,000원  [start]
H603 | bet   2,000원 PLAYER | P:A♥ K♦ Q♥=1  B:10♥ 7♣=7  BANKER(L)  | -2,000원 → 238,000원
H604 | bet   4,000원 PLAYER | P:10♦ 10♦ 2♠=2  B:10♥ 3♠ Q♦=3  BANKER(L)  | -4,000원 → 234,000원
H605 | bet   8,000원 PLAYER | P:2♥ 9♦ 6♣=7  B:J♥ K♦ 6♦=6  PLAYER(W)  | +8,000원 → 242,000원  [end_win]
H606 | bet   1,000원 BANKER | P:4♦ 10♠ 4♥=8  B:3♠ 4♦=7  PLAYER(L)  | -1,000원 → 241,000원  [start]
H607 | bet   2,000원 PLAYER | P:K♦ Q♥ 6♠=6  B:6♥ 6♦ 8♥=0  PLAYER(W)  | +2,000원 → 243,000원  [end_win]
H608 | bet   1,000원 BANKER | P:5♠ A♠=6  B:10♥ 8♣=8  BANKER(W)  | +950원 → 243,950원
H609 | bet   1,000원 BANKER | P:9♥ 8♠=7  B:J♣ 9♣=9  BANKER(W)  | +950원 → 244,900원
H610 | bet   1,000원 BANKER | P:A♦ Q♥ 9♦=0  B:5♣ K♥=5  BANKER(W)  | +950원 → 245,850원
H611 | bet   1,000원 BANKER | P:8♦ 7♠=5  B:Q♣ 9♣=9  BANKER(W)  | +950원 → 246,800원
H612 | bet   1,000원 BANKER | P:4♣ 10♠ 9♥=3  B:2♣ 5♣=7  BANKER(W)  | +950원 → 247,750원
H613 | bet   1,000원 BANKER | P:7♠ J♦=7  B:K♥ 4♥ 10♠=4  PLAYER(L)  | -1,000원 → 246,750원  [start]
H614 | bet   2,000원 PLAYER | P:A♠ K♥=1  B:Q♣ 8♥=8  BANKER(L)  | -2,000원 → 244,750원
H615 | bet   4,000원 PLAYER | P:K♥ 6♥=6  B:10♥ 5♣ 7♦=2  PLAYER(W)  | +4,000원 → 248,750원  [end_win]
H616 | bet   1,000원 BANKER | P:8♣ A♥=9  B:7♥ 3♣=0  PLAYER(L)  | -1,000원 → 247,750원  [start]
H617 | bet   2,000원 PLAYER | P:A♠ 4♣ A♣=6  B:J♣ J♦ 10♦=0  PLAYER(W)  | +2,000원 → 249,750원  [end_win]
H618 | bet   1,000원 BANKER | P:8♠ Q♣=8  B:7♥ 9♣=6  PLAYER(L)  | -1,000원 → 248,750원  [start]
H619 | bet   2,000원 PLAYER | P:4♦ 4♥=8  B:4♠ 9♣=3  PLAYER(W)  | +2,000원 → 250,750원  [end_win]
H620 | bet   1,000원 BANKER | P:5♥ 3♦=8  B:2♠ 7♠=9  BANKER(W)  | +950원 → 251,700원
H621 | bet   1,000원 BANKER | P:8♣ K♠=8  B:5♣ 10♣=5  PLAYER(L)  | -1,000원 → 250,700원  [start]
H622 | bet   2,000원 PLAYER | P:2♦ 3♥=5  B:A♠ 8♠=9  BANKER(L)  | -2,000원 → 248,700원
H623 | bet   4,000원 PLAYER | P:Q♦ J♥ 2♥=2  B:7♦ 8♦=5  BANKER(L)  | -4,000원 → 244,700원
H624 | bet   8,000원 PLAYER | P:3♦ 9♦ 7♣=9  B:A♠ 6♥=7  PLAYER(W)  | +8,000원 → 252,700원  [end_win]
H625 | bet   1,000원 BANKER | P:6♦ A♥=7  B:Q♠ 7♣=7  TIE(T)  |     0원 → 252,700원
H626 | bet   1,000원 BANKER | P:Q♦ 5♠ 9♦=4  B:K♣ 4♣=4  TIE(T)  |     0원 → 252,700원
H627 | bet   1,000원 BANKER | P:9♥ J♣=9  B:10♣ J♥=0  PLAYER(L)  | -1,000원 → 251,700원  [start]
H628 | bet   2,000원 PLAYER | P:J♦ 4♦ 3♠=7  B:2♥ 2♦ 9♦=3  PLAYER(W)  | +2,000원 → 253,700원  [end_win]
H629 | bet   1,000원 BANKER | P:2♣ 5♠=7  B:4♠ J♠ 4♣=8  BANKER(W)  | +950원 → 254,650원
H630 | bet   1,000원 BANKER | P:9♥ K♥=9  B:6♥ 3♠=9  TIE(T)  |     0원 → 254,650원
H631 | bet   1,000원 BANKER | P:Q♣ 6♦=6  B:4♦ 6♦ 6♠=6  TIE(T)  |     0원 → 254,650원
H632 | bet   1,000원 BANKER | P:J♠ 2♠ Q♠=2  B:5♥ Q♥=5  BANKER(W)  | +950원 → 255,600원
H633 | bet   1,000원 BANKER | P:J♣ Q♣ A♠=1  B:4♥ 8♠ 8♦=0  PLAYER(L)  | -1,000원 → 254,600원  [start]
H634 | bet   2,000원 PLAYER | P:K♠ 2♥ 5♠=7  B:2♥ 3♥ A♣=6  PLAYER(W)  | +2,000원 → 256,600원  [end_win]
H635 | bet   1,000원 BANKER | P:5♥ 7♣ 8♣=0  B:6♠ A♦=7  BANKER(W)  | +950원 → 257,550원
H636 | bet   1,000원 BANKER | P:7♥ 9♦=6  B:K♦ 3♦ K♠=3  PLAYER(L)  | -1,000원 → 256,550원  [start]
H637 | bet   2,000원 PLAYER | P:8♥ 7♦ Q♥=5  B:5♣ J♠=5  TIE(T)  |     0원 → 256,550원
H638 | bet   2,000원 PLAYER | P:6♣ 6♣ A♦=3  B:Q♠ 6♣=6  BANKER(L)  | -2,000원 → 254,550원
H639 | bet   4,000원 PLAYER | P:4♣ A♥=5  B:Q♠ 8♦=8  BANKER(L)  | -4,000원 → 250,550원
H640 | bet   8,000원 PLAYER | P:J♥ 8♦=8  B:4♥ 10♠=4  PLAYER(W)  | +8,000원 → 258,550원  [end_win]
H641 | bet   1,000원 BANKER | P:Q♥ 5♦ 6♥=1  B:6♦ 4♦ 7♣=7  BANKER(W)  | +950원 → 259,500원
H642 | bet   1,000원 BANKER | P:8♠ J♦=8  B:8♦ 7♣=5  PLAYER(L)  | -1,000원 → 258,500원  [start]
H643 | bet   2,000원 PLAYER | P:6♠ Q♦=6  B:K♣ 10♠ 7♣=7  BANKER(L)  | -2,000원 → 256,500원
H644 | bet   4,000원 PLAYER | P:K♦ 2♦=2  B:5♣ 4♠=9  BANKER(L)  | -4,000원 → 252,500원
H645 | bet   8,000원 PLAYER | P:4♣ 6♦ 7♦=7  B:10♠ 4♦ K♣=4  PLAYER(W)  | +8,000원 → 260,500원  [end_win]
H646 | bet   1,000원 BANKER | P:3♣ 10♠ A♣=4  B:J♦ 3♠ 10♥=3  PLAYER(L)  | -1,000원 → 259,500원  [start]
H647 | bet   2,000원 PLAYER | P:A♦ 10♦ J♣=1  B:10♣ 5♦=5  BANKER(L)  | -2,000원 → 257,500원
H648 | bet   4,000원 PLAYER | P:Q♠ 2♦=2  B:8♠ Q♣=8  BANKER(L)  | -4,000원 → 253,500원
H649 | bet   8,000원 PLAYER | P:10♦ 3♦ 8♣=1  B:J♥ 5♦=5  BANKER(L)  | -8,000원 → 245,500원
H650 | bet  16,000원 PLAYER | P:9♠ 4♠ 6♠=9  B:10♥ 2♣ 3♥=5  PLAYER(W)  | +16,000원 → 261,500원  [end_win]
H651 | bet   1,000원 BANKER | P:5♦ 9♦ 5♣=9  B:K♣ Q♦ 3♦=3  PLAYER(L)  | -1,000원 → 260,500원  [start]
H652 | bet   2,000원 PLAYER | P:2♠ 9♠=1  B:8♣ Q♣=8  BANKER(L)  | -2,000원 → 258,500원
H653 | bet   4,000원 PLAYER | P:Q♠ 7♠=7  B:6♠ 6♣ J♣=2  PLAYER(W)  | +4,000원 → 262,500원  [end_win]
H654 | bet   1,000원 BANKER | P:10♦ 5♣ J♥=5  B:10♣ 4♥=4  PLAYER(L)  | -1,000원 → 261,500원  [start]
H655 | bet   2,000원 PLAYER | P:J♥ J♣ J♦=0  B:10♥ K♦ 7♥=7  BANKER(L)  | -2,000원 → 259,500원
H656 | bet   4,000원 PLAYER | P:10♦ 9♠=9  B:J♦ J♠=0  PLAYER(W)  | +4,000원 → 263,500원  [end_win]
H657 | bet   1,000원 BANKER | P:7♠ 10♠=7  B:10♥ K♠ 5♣=5  PLAYER(L)  | -1,000원 → 262,500원  [start]
H658 | bet   2,000원 PLAYER | P:5♥ A♥=6  B:Q♠ 5♦ 7♣=2  PLAYER(W)  | +2,000원 → 264,500원  [end_win]
H659 | bet   1,000원 BANKER | P:3♥ K♠ Q♦=3  B:10♠ Q♥ 4♦=4  BANKER(W)  | +950원 → 265,450원
H660 | bet   1,000원 BANKER | P:J♥ 10♣ 7♣=7  B:K♥ A♣ K♣=1  PLAYER(L)  | -1,000원 → 264,450원  [start]
H661 | bet   2,000원 PLAYER | P:2♣ 7♣=9  B:7♥ 3♦=0  PLAYER(W)  | +2,000원 → 266,450원  [end_win]
H662 | bet   1,000원 BANKER | P:6♠ 5♠ Q♠=1  B:7♦ K♥=7  BANKER(W)  | +950원 → 267,400원
H663 | bet   1,000원 BANKER | P:10♦ 8♣=8  B:A♣ 7♠=8  TIE(T)  |     0원 → 267,400원
H664 | bet   1,000원 BANKER | P:8♠ 3♥ 4♣=5  B:Q♥ 6♥=6  BANKER(W)  | +950원 → 268,350원
H665 | bet   1,000원 BANKER | P:J♥ 10♣ 5♥=5  B:2♣ 9♣ 3♥=4  PLAYER(L)  | -1,000원 → 267,350원  [start]
H666 | bet   2,000원 PLAYER | P:3♥ 4♣=7  B:4♦ 7♥ 7♠=8  BANKER(L)  | -2,000원 → 265,350원
H667 | bet   4,000원 PLAYER | P:2♠ A♠ 4♥=7  B:10♦ J♦ 4♥=4  PLAYER(W)  | +4,000원 → 269,350원  [end_win]
H668 | bet   1,000원 BANKER | P:J♦ 5♦ 3♣=8  B:4♠ 10♦ 5♦=9  BANKER(W)  | +950원 → 270,300원
H669 | bet   1,000원 BANKER | P:10♥ J♥ 4♦=4  B:3♦ 3♠=6  BANKER(W)  | +950원 → 271,250원
H670 | bet   1,000원 BANKER | P:8♦ 6♥=4  B:J♥ 9♦=9  BANKER(W)  | +950원 → 272,200원
H671 | bet   1,000원 BANKER | P:3♣ J♣ 10♠=3  B:4♣ J♣=4  BANKER(W)  | +950원 → 273,150원
H672 | bet   1,000원 BANKER | P:2♥ 10♥ Q♥=2  B:J♥ A♣ 4♦=5  BANKER(W)  | +950원 → 274,100원
H673 | bet   1,000원 BANKER | P:2♥ J♠ 4♠=6  B:J♠ 3♣ 2♣=5  PLAYER(L)  | -1,000원 → 273,100원  [start]
H674 | bet   2,000원 PLAYER | P:K♣ 3♣ 2♣=5  B:9♥ A♥ 9♣=9  BANKER(L)  | -2,000원 → 271,100원
H675 | bet   4,000원 PLAYER | P:5♥ 5♠ J♦=0  B:7♥ Q♠=7  BANKER(L)  | -4,000원 → 267,100원
H676 | bet   8,000원 PLAYER | P:7♦ Q♠=7  B:2♦ 10♥ J♣=2  PLAYER(W)  | +8,000원 → 275,100원  [end_win]
H677 | bet   1,000원 BANKER | P:9♠ 8♥=7  B:6♥ 9♠ 10♦=5  PLAYER(L)  | -1,000원 → 274,100원  [start]
H678 | bet   2,000원 PLAYER | P:6♣ 5♠ K♣=1  B:3♥ 3♦=6  BANKER(L)  | -2,000원 → 272,100원
H679 | bet   4,000원 PLAYER | P:10♠ 9♦=9  B:2♦ K♥=2  PLAYER(W)  | +4,000원 → 276,100원  [end_win]
H680 | bet   1,000원 BANKER | P:Q♦ K♦ K♥=0  B:9♥ 5♥=4  BANKER(W)  | +950원 → 277,050원
H681 | bet   1,000원 BANKER | P:4♠ 2♠=6  B:8♥ A♦=9  BANKER(W)  | +950원 → 278,000원
H682 | bet   1,000원 BANKER | P:Q♥ 3♥ 4♠=7  B:3♦ K♦ 5♥=8  BANKER(W)  | +950원 → 278,950원
H683 | bet   1,000원 BANKER | P:4♥ 7♣=1  B:9♠ J♣=9  BANKER(W)  | +950원 → 279,900원
H684 | bet   1,000원 BANKER | P:3♦ J♣ Q♦=3  B:3♥ 2♦=5  BANKER(W)  | +950원 → 280,850원
H685 | bet   1,000원 BANKER | P:4♠ 2♦=6  B:J♦ 3♣ 2♥=5  PLAYER(L)  | -1,000원 → 279,850원  [start]
H686 | bet   2,000원 PLAYER | P:6♣ 6♥ 2♣=4  B:8♠ 8♦=6  BANKER(L)  | -2,000원 → 277,850원
H687 | bet   4,000원 PLAYER | P:3♦ 10♣=3  B:A♣ 8♣=9  BANKER(L)  | -4,000원 → 273,850원
H688 | bet   8,000원 PLAYER | P:A♦ 8♦=9  B:10♦ 9♥=9  TIE(T)  |     0원 → 273,850원
H689 | bet   8,000원 PLAYER | P:4♠ K♠ 10♦=4  B:6♠ 10♣=6  BANKER(L)  | -8,000원 → 265,850원
H690 | bet  16,000원 PLAYER | P:2♦ K♠ Q♦=2  B:7♣ 6♠ 8♥=1  PLAYER(W)  | +16,000원 → 281,850원  [end_win]
H691 | bet   1,000원 BANKER | P:K♦ 9♦=9  B:2♠ 5♠=7  PLAYER(L)  | -1,000원 → 280,850원  [start]
H692 | bet   2,000원 PLAYER | P:A♦ K♥ 9♦=0  B:J♠ A♠ 4♥=5  BANKER(L)  | -2,000원 → 278,850원
H693 | bet   4,000원 PLAYER | P:10♥ 7♦=7  B:K♠ A♦ 8♣=9  BANKER(L)  | -4,000원 → 274,850원
H694 | bet   8,000원 PLAYER | P:2♣ 6♥=8  B:10♣ 6♦=6  PLAYER(W)  | +8,000원 → 282,850원  [end_win]
H695 | bet   1,000원 BANKER | P:3♠ A♣ A♦=5  B:A♥ 9♥ A♦=1  PLAYER(L)  | -1,000원 → 281,850원  [start]
H696 | bet   2,000원 PLAYER | P:A♠ 3♠ 7♦=1  B:Q♥ 6♣ 8♥=4  BANKER(L)  | -2,000원 → 279,850원
H697 | bet   4,000원 PLAYER | P:6♠ 6♣=2  B:J♣ 9♥=9  BANKER(L)  | -4,000원 → 275,850원
H698 | bet   8,000원 PLAYER | P:Q♠ 4♠ 10♠=4  B:Q♥ J♣ 2♠=2  PLAYER(W)  | +8,000원 → 283,850원  [end_win]
H699 | bet   1,000원 BANKER | P:8♠ 2♠ 7♥=7  B:J♠ 4♥ K♦=4  PLAYER(L)  | -1,000원 → 282,850원  [start]
H700 | bet   2,000원 PLAYER | P:K♦ 4♣ 5♣=9  B:10♣ A♣ 7♠=8  PLAYER(W)  | +2,000원 → 284,850원  [end_win]
H701 | bet   1,000원 BANKER | P:6♣ Q♦=6  B:8♠ 8♦=6  TIE(T)  |     0원 → 284,850원
H702 | bet   1,000원 BANKER | P:7♠ K♦=7  B:K♥ J♦ Q♦=0  PLAYER(L)  | -1,000원 → 283,850원  [start]
H703 | bet   2,000원 PLAYER | P:7♠ 7♠ 9♦=3  B:2♦ 5♠=7  BANKER(L)  | -2,000원 → 281,850원
H704 | bet   4,000원 PLAYER | P:A♠ 4♥ 2♥=7  B:5♣ 6♦ 6♥=7  TIE(T)  |     0원 → 281,850원
H705 | bet   4,000원 PLAYER | P:8♥ 3♠=1  B:5♥ 4♦=9  BANKER(L)  | -4,000원 → 277,850원
H706 | bet   8,000원 PLAYER | P:5♣ 7♦ 7♥=9  B:6♠ 8♥ 5♥=9  TIE(T)  |     0원 → 277,850원
H707 | bet   8,000원 PLAYER | P:2♣ 3♠ 6♠=1  B:2♥ 3♣ 2♥=7  BANKER(L)  | -8,000원 → 269,850원
H708 | bet  16,000원 PLAYER | P:6♠ 7♥=3  B:7♣ A♠=8  BANKER(L)  | -16,000원 → 253,850원
H709 | bet  32,000원 PLAYER | P:Q♠ K♣=0  B:8♠ Q♦=8  BANKER(L)  | -32,000원 → 221,850원  [end_giveup]
H710 | bet   1,000원 BANKER | P:2♥ 4♦=6  B:10♥ Q♣ 8♥=8  BANKER(W)  | +950원 → 222,800원
H711 | bet   1,000원 BANKER | P:A♠ 5♦=6  B:J♠ 3♠ 10♣=3  PLAYER(L)  | -1,000원 → 221,800원  [start]
H712 | bet   2,000원 PLAYER | P:9♠ 4♣ 2♠=5  B:Q♥ 2♠ 10♠=2  PLAYER(W)  | +2,000원 → 223,800원  [end_win]
H713 | bet   1,000원 BANKER | P:A♥ 9♣ 8♦=8  B:Q♦ 10♥ 5♠=5  PLAYER(L)  | -1,000원 → 222,800원  [start]
H714 | bet   2,000원 PLAYER | P:9♣ Q♣=9  B:2♦ Q♠=2  PLAYER(W)  | +2,000원 → 224,800원  [end_win]
H715 | bet   1,000원 BANKER | P:4♥ 9♥ A♥=4  B:Q♣ 5♣=5  BANKER(W)  | +950원 → 225,750원
H716 | bet   1,000원 BANKER | P:9♠ 3♠ 8♥=0  B:10♦ K♠ 6♦=6  BANKER(W)  | +950원 → 226,700원
H717 | bet   1,000원 BANKER | P:10♠ J♥=0  B:2♦ 7♦=9  BANKER(W)  | +950원 → 227,650원
H718 | bet   1,000원 BANKER | P:A♥ J♣ 5♣=6  B:J♠ K♦ 8♠=8  BANKER(W)  | +950원 → 228,600원
H719 | bet   1,000원 BANKER | P:6♦ 10♣=6  B:Q♣ J♦ K♠=0  PLAYER(L)  | -1,000원 → 227,600원  [start]
H720 | bet   2,000원 PLAYER | P:4♣ 7♦ 9♣=0  B:2♣ 10♠ A♥=3  BANKER(L)  | -2,000원 → 225,600원
H721 | bet   4,000원 PLAYER | P:A♣ 7♣=8  B:A♦ 5♦=6  PLAYER(W)  | +4,000원 → 229,600원  [end_win]
H722 | bet   1,000원 BANKER | P:Q♣ 9♥=9  B:9♣ 8♠=7  PLAYER(L)  | -1,000원 → 228,600원  [start]
H723 | bet   2,000원 PLAYER | P:9♠ 7♥=6  B:Q♣ 6♣=6  TIE(T)  |     0원 → 228,600원
H724 | bet   2,000원 PLAYER | P:5♥ 9♣ 3♣=7  B:4♣ 9♠ 5♦=8  BANKER(L)  | -2,000원 → 226,600원
H725 | bet   4,000원 PLAYER | P:J♠ K♥ 4♦=4  B:K♣ 7♥=7  BANKER(L)  | -4,000원 → 222,600원
H726 | bet   8,000원 PLAYER | P:8♣ J♦=8  B:Q♣ J♥=0  PLAYER(W)  | +8,000원 → 230,600원  [end_win]
H727 | bet   1,000원 BANKER | P:8♣ 9♥=7  B:6♦ J♦=6  PLAYER(L)  | -1,000원 → 229,600원  [start]
H728 | bet   2,000원 PLAYER | P:Q♣ 4♦ 4♠=8  B:A♦ 6♦=7  PLAYER(W)  | +2,000원 → 231,600원  [end_win]
H729 | bet   1,000원 BANKER | P:7♣ K♥=7  B:9♠ 8♦=7  TIE(T)  |     0원 → 231,600원
H730 | bet   1,000원 BANKER | P:6♣ 9♦ J♥=5  B:3♥ 8♣ 3♣=4  PLAYER(L)  | -1,000원 → 230,600원  [start]
H731 | bet   2,000원 PLAYER | P:6♦ 7♦=3  B:4♥ 5♦=9  BANKER(L)  | -2,000원 → 228,600원
H732 | bet   4,000원 PLAYER | P:8♣ 2♠=0  B:3♦ 6♦=9  BANKER(L)  | -4,000원 → 224,600원
H733 | bet   8,000원 PLAYER | P:5♣ A♣=6  B:4♣ K♣ 9♦=3  PLAYER(W)  | +8,000원 → 232,600원  [end_win]
H734 | bet   1,000원 BANKER | P:6♠ 3♦=9  B:Q♠ 10♥=0  PLAYER(L)  | -1,000원 → 231,600원  [start]
H735 | bet   2,000원 PLAYER | P:8♣ 9♣=7  B:10♦ 5♣ 6♥=1  PLAYER(W)  | +2,000원 → 233,600원  [end_win]
H736 | bet   1,000원 BANKER | P:A♥ 8♦=9  B:6♥ Q♥=6  PLAYER(L)  | -1,000원 → 232,600원  [start]
H737 | bet   2,000원 PLAYER | P:A♠ 5♠=6  B:5♦ 6♣ J♠=1  PLAYER(W)  | +2,000원 → 234,600원  [end_win]
H738 | bet   1,000원 BANKER | P:4♠ 6♦=0  B:9♠ K♣=9  BANKER(W)  | +950원 → 235,550원
H739 | bet   1,000원 BANKER | P:6♦ K♠=6  B:5♠ A♣=6  TIE(T)  |     0원 → 235,550원
H740 | bet   1,000원 BANKER | P:10♠ A♣ 6♣=7  B:9♦ A♣ Q♠=0  PLAYER(L)  | -1,000원 → 234,550원  [start]
H741 | bet   2,000원 PLAYER | P:Q♥ 7♥=7  B:3♥ A♥ 8♥=2  PLAYER(W)  | +2,000원 → 236,550원  [end_win]
H742 | bet   1,000원 BANKER | P:Q♠ 4♠ K♦=4  B:7♣ 8♠=5  BANKER(W)  | +950원 → 237,500원
H743 | bet   1,000원 BANKER | P:8♠ 2♠ 6♦=6  B:K♠ 2♦ J♠=2  PLAYER(L)  | -1,000원 → 236,500원  [start]
H744 | bet   2,000원 PLAYER | P:Q♥ 4♠=4  B:3♣ 5♠=8  BANKER(L)  | -2,000원 → 234,500원
H745 | bet   4,000원 PLAYER | P:K♥ 10♦=0  B:6♠ 2♠=8  BANKER(L)  | -4,000원 → 230,500원
H746 | bet   8,000원 PLAYER | P:9♠ K♣=9  B:3♥ 6♣=9  TIE(T)  |     0원 → 230,500원
H747 | bet   8,000원 PLAYER | P:Q♠ 9♦=9  B:9♥ 3♠=2  PLAYER(W)  | +8,000원 → 238,500원  [end_win]
H748 | bet   1,000원 BANKER | P:8♥ Q♦=8  B:A♥ 2♠=3  PLAYER(L)  | -1,000원 → 237,500원  [start]
H749 | bet   2,000원 PLAYER | P:2♥ 3♣ J♣=5  B:A♣ J♥ 9♣=0  PLAYER(W)  | +2,000원 → 239,500원  [end_win]
H750 | bet   1,000원 BANKER | P:2♥ J♦ 2♣=4  B:4♥ J♥ 4♥=8  BANKER(W)  | +950원 → 240,450원
H751 | bet   1,000원 BANKER | P:9♣ 4♥ Q♦=3  B:A♠ 6♦=7  BANKER(W)  | +950원 → 241,400원
H752 | bet   1,000원 BANKER | P:3♥ 9♥ 7♠=9  B:A♦ Q♥ 10♠=1  PLAYER(L)  | -1,000원 → 240,400원  [start]
H753 | bet   2,000원 PLAYER | P:A♣ A♦ 10♦=2  B:8♦ 4♦ 2♦=4  BANKER(L)  | -2,000원 → 238,400원
H754 | bet   4,000원 PLAYER | P:4♣ 5♦=9  B:6♦ 5♦=1  PLAYER(W)  | +4,000원 → 242,400원  [end_win]
H755 | bet   1,000원 BANKER | P:6♥ 3♦=9  B:5♥ 2♥=7  PLAYER(L)  | -1,000원 → 241,400원  [start]
H756 | bet   2,000원 PLAYER | P:Q♥ 4♠ 4♠=8  B:J♥ Q♣ K♥=0  PLAYER(W)  | +2,000원 → 243,400원  [end_win]
H757 | bet   1,000원 BANKER | P:4♠ 3♠=7  B:K♦ 2♦ 9♥=1  PLAYER(L)  | -1,000원 → 242,400원  [start]
H758 | bet   2,000원 PLAYER | P:9♥ J♥=9  B:A♣ 9♠=0  PLAYER(W)  | +2,000원 → 244,400원  [end_win]
H759 | bet   1,000원 BANKER | P:A♣ 6♥=7  B:J♦ 8♦=8  BANKER(W)  | +950원 → 245,350원
H760 | bet   1,000원 BANKER | P:9♠ 8♠=7  B:7♥ J♥=7  TIE(T)  |     0원 → 245,350원
H761 | bet   1,000원 BANKER | P:10♦ 4♥ K♦=4  B:2♥ 5♣=7  BANKER(W)  | +950원 → 246,300원
H762 | bet   1,000원 BANKER | P:4♣ J♣=4  B:7♠ 2♠=9  BANKER(W)  | +950원 → 247,250원
H763 | bet   1,000원 BANKER | P:3♦ A♠=4  B:Q♣ 9♦=9  BANKER(W)  | +950원 → 248,200원
H764 | bet   1,000원 BANKER | P:Q♦ J♠ 3♦=3  B:9♦ 7♣=6  BANKER(W)  | +950원 → 249,150원
H765 | bet   1,000원 BANKER | P:J♠ 9♣=9  B:4♥ 6♥=0  PLAYER(L)  | -1,000원 → 248,150원  [start]
H766 | bet   2,000원 PLAYER | P:8♥ 10♥=8  B:7♦ 10♣=7  PLAYER(W)  | +2,000원 → 250,150원  [end_win]
H767 | bet   1,000원 BANKER | P:K♦ K♦ 5♣=5  B:5♦ 5♦ 8♥=8  BANKER(W)  | +950원 → 251,100원
H768 | bet   1,000원 BANKER | P:7♣ 5♠ 7♦=9  B:9♥ 8♠=7  PLAYER(L)  | -1,000원 → 250,100원  [start]
H769 | bet   2,000원 PLAYER | P:7♣ 8♥ 8♠=3  B:7♠ 6♦=3  TIE(T)  |     0원 → 250,100원
H770 | bet   2,000원 PLAYER | P:7♦ 2♦=9  B:J♦ A♠=1  PLAYER(W)  | +2,000원 → 252,100원  [end_win]
H771 | bet   1,000원 BANKER | P:7♦ Q♦=7  B:K♣ 8♥=8  BANKER(W)  | +950원 → 253,050원
H772 | bet   1,000원 BANKER | P:5♥ 9♣ A♠=5  B:Q♦ Q♥ 10♠=0  PLAYER(L)  | -1,000원 → 252,050원  [start]
H773 | bet   2,000원 PLAYER | P:2♠ 2♣=4  B:J♠ 8♦=8  BANKER(L)  | -2,000원 → 250,050원
H774 | bet   4,000원 PLAYER | P:Q♣ 10♥ K♥=0  B:10♠ 2♠ K♣=2  BANKER(L)  | -4,000원 → 246,050원
H775 | bet   8,000원 PLAYER | P:4♦ Q♥ A♠=5  B:J♣ 10♦ J♥=0  PLAYER(W)  | +8,000원 → 254,050원  [end_win]
H776 | bet   1,000원 BANKER | P:4♦ 3♠=7  B:A♦ 10♥ 9♦=0  PLAYER(L)  | -1,000원 → 253,050원  [start]
H777 | bet   2,000원 PLAYER | P:3♥ 3♦=6  B:8♠ 6♠ 8♣=2  PLAYER(W)  | +2,000원 → 255,050원  [end_win]
H778 | bet   1,000원 BANKER | P:3♣ 6♣=9  B:10♠ 4♦=4  PLAYER(L)  | -1,000원 → 254,050원  [start]
H779 | bet   2,000원 PLAYER | P:J♣ 7♠=7  B:K♠ 5♠ K♣=5  PLAYER(W)  | +2,000원 → 256,050원  [end_win]
H780 | bet   1,000원 BANKER | P:A♥ A♥ 5♥=7  B:5♣ 2♣=7  TIE(T)  |     0원 → 256,050원
H781 | bet   1,000원 BANKER | P:J♠ 8♠=8  B:3♣ 3♥=6  PLAYER(L)  | -1,000원 → 255,050원  [start]
H782 | bet   2,000원 PLAYER | P:J♣ 2♣=2  B:3♦ 6♠=9  BANKER(L)  | -2,000원 → 253,050원
H783 | bet   4,000원 PLAYER | P:8♦ Q♣=8  B:9♣ 3♠=2  PLAYER(W)  | +4,000원 → 257,050원  [end_win]
H784 | bet   1,000원 BANKER | P:10♦ A♥=1  B:5♦ 3♣=8  BANKER(W)  | +950원 → 258,000원
H785 | bet   1,000원 BANKER | P:8♦ 4♣ Q♠=2  B:10♥ 6♠=6  BANKER(W)  | +950원 → 258,950원
H786 | bet   1,000원 BANKER | P:K♠ 7♣=7  B:2♥ 6♥=8  BANKER(W)  | +950원 → 259,900원
H787 | bet   1,000원 BANKER | P:A♦ 4♦ 10♦=5  B:8♣ 2♥ 6♠=6  BANKER(W)  | +950원 → 260,850원
H788 | bet   1,000원 BANKER | P:J♦ 10♣ 10♣=0  B:A♥ 9♠ J♠=0  TIE(T)  |     0원 → 260,850원
H789 | bet   1,000원 BANKER | P:4♣ J♦ 5♠=9  B:Q♥ A♦ A♠=2  PLAYER(L)  | -1,000원 → 259,850원  [start]
H790 | bet   2,000원 PLAYER | P:5♣ J♥ 7♠=2  B:6♣ 6♦ 10♣=2  TIE(T)  |     0원 → 259,850원
H791 | bet   2,000원 PLAYER | P:6♣ 4♦ Q♠=0  B:4♥ 7♥ 8♣=9  BANKER(L)  | -2,000원 → 257,850원
H792 | bet   4,000원 PLAYER | P:K♦ 2♠ K♠=2  B:5♥ 8♦ 5♥=8  BANKER(L)  | -4,000원 → 253,850원
H793 | bet   8,000원 PLAYER | P:8♥ K♣=8  B:7♥ 8♣=5  PLAYER(W)  | +8,000원 → 261,850원  [end_win]
H794 | bet   1,000원 BANKER | P:6♥ 7♥ 5♣=8  B:4♦ 7♦ 10♥=1  PLAYER(L)  | -1,000원 → 260,850원  [start]
H795 | bet   2,000원 PLAYER | P:6♥ 2♦=8  B:9♥ 5♦=4  PLAYER(W)  | +2,000원 → 262,850원  [end_win]
H796 | bet   1,000원 BANKER | P:K♥ 8♥=8  B:Q♠ K♥=0  PLAYER(L)  | -1,000원 → 261,850원  [start]
H797 | bet   2,000원 PLAYER | P:3♦ 5♥=8  B:3♦ J♦=3  PLAYER(W)  | +2,000원 → 263,850원  [end_win]
H798 | bet   1,000원 BANKER | P:7♣ J♠=7  B:K♥ 5♠ J♦=5  PLAYER(L)  | -1,000원 → 262,850원  [start]
H799 | bet   2,000원 PLAYER | P:4♦ Q♦=4  B:2♦ 6♥=8  BANKER(L)  | -2,000원 → 260,850원
H800 | bet   4,000원 PLAYER | P:A♠ J♣ Q♥=1  B:5♦ 6♥ 9♣=0  PLAYER(W)  | +4,000원 → 264,850원  [end_win]
H801 | bet   1,000원 BANKER | P:9♥ 10♣=9  B:3♥ A♥=4  PLAYER(L)  | -1,000원 → 263,850원  [start]
H802 | bet   2,000원 PLAYER | P:9♠ 3♦ Q♦=2  B:A♥ 2♣ 7♠=0  PLAYER(W)  | +2,000원 → 265,850원  [end_win]
H803 | bet   1,000원 BANKER | P:3♠ J♦ Q♠=3  B:6♠ K♣=6  BANKER(W)  | +950원 → 266,800원
H804 | bet   1,000원 BANKER | P:3♣ 2♥ Q♦=5  B:10♠ 6♣=6  BANKER(W)  | +950원 → 267,750원
H805 | bet   1,000원 BANKER | P:J♠ 7♠=7  B:A♦ 5♠=6  PLAYER(L)  | -1,000원 → 266,750원  [start]
H806 | bet   2,000원 PLAYER | P:2♦ K♥=2  B:4♣ 5♥=9  BANKER(L)  | -2,000원 → 264,750원
H807 | bet   4,000원 PLAYER | P:K♣ 3♣ K♦=3  B:5♥ 7♣ 8♦=0  PLAYER(W)  | +4,000원 → 268,750원  [end_win]
H808 | bet   1,000원 BANKER | P:Q♣ 2♦ 5♦=7  B:10♣ K♠ 5♣=5  PLAYER(L)  | -1,000원 → 267,750원  [start]
H809 | bet   2,000원 PLAYER | P:8♣ Q♣=8  B:K♥ J♣=0  PLAYER(W)  | +2,000원 → 269,750원  [end_win]
H810 | bet   1,000원 BANKER | P:10♦ 10♦=0  B:8♣ A♣=9  BANKER(W)  | +950원 → 270,700원
H811 | bet   1,000원 BANKER | P:J♣ 7♥=7  B:8♣ 3♠ 9♥=0  PLAYER(L)  | -1,000원 → 269,700원  [start]
H812 | bet   2,000원 PLAYER | P:7♦ 2♣=9  B:7♦ 2♣=9  TIE(T)  |     0원 → 269,700원
H813 | bet   2,000원 PLAYER | P:10♣ 4♣ 6♣=0  B:Q♠ A♦ 4♥=5  BANKER(L)  | -2,000원 → 267,700원
H814 | bet   4,000원 PLAYER | P:6♠ 4♠ 6♠=6  B:4♠ Q♣ 9♦=3  PLAYER(W)  | +4,000원 → 271,700원  [end_win]
H815 | bet   1,000원 BANKER | P:7♣ 9♣=6  B:A♠ 3♥ 5♠=9  BANKER(W)  | +950원 → 272,650원
H816 | bet   1,000원 BANKER | P:4♣ 7♠=1  B:9♠ 10♥=9  BANKER(W)  | +950원 → 273,600원
H817 | bet   1,000원 BANKER | P:7♥ K♠=7  B:A♦ 9♦ 9♠=9  BANKER(W)  | +950원 → 274,550원
H818 | bet   1,000원 BANKER | P:8♦ 10♠=8  B:2♣ 9♦=1  PLAYER(L)  | -1,000원 → 273,550원  [start]
H819 | bet   2,000원 PLAYER | P:5♣ K♠ 3♠=8  B:J♥ 5♣=5  PLAYER(W)  | +2,000원 → 275,550원  [end_win]
H820 | bet   1,000원 BANKER | P:8♠ 10♥=8  B:9♣ 3♥=2  PLAYER(L)  | -1,000원 → 274,550원  [start]
H821 | bet   2,000원 PLAYER | P:10♣ 6♣=6  B:8♣ 4♣ 6♦=8  BANKER(L)  | -2,000원 → 272,550원
H822 | bet   4,000원 PLAYER | P:6♣ 3♦=9  B:5♦ 4♣=9  TIE(T)  |     0원 → 272,550원
H823 | bet   4,000원 PLAYER | P:3♦ 8♦=1  B:K♥ 8♠=8  BANKER(L)  | -4,000원 → 268,550원
H824 | bet   8,000원 PLAYER | P:Q♠ J♣ J♣=0  B:J♠ 6♦=6  BANKER(L)  | -8,000원 → 260,550원
H825 | bet  16,000원 PLAYER | P:4♣ 4♦=8  B:9♥ Q♣=9  BANKER(L)  | -16,000원 → 244,550원
H826 | bet  32,000원 PLAYER | P:9♣ 4♣ 8♦=1  B:9♠ 7♥=6  BANKER(L)  | -32,000원 → 212,550원  [end_giveup]
H827 | bet   1,000원 BANKER | P:10♥ K♣=0  B:8♦ Q♠=8  BANKER(W)  | +950원 → 213,500원
H828 | bet   1,000원 BANKER | P:8♠ 6♠ 3♥=7  B:6♠ A♠=7  TIE(T)  |     0원 → 213,500원
H829 | bet   1,000원 BANKER | P:K♥ K♠ 10♠=0  B:3♠ 9♣ J♥=2  BANKER(W)  | +950원 → 214,450원
H830 | bet   1,000원 BANKER | P:J♥ 9♥=9  B:A♣ 2♦=3  PLAYER(L)  | -1,000원 → 213,450원  [start]
H831 | bet   2,000원 PLAYER | P:8♠ Q♠=8  B:A♣ 4♠=5  PLAYER(W)  | +2,000원 → 215,450원  [end_win]
H832 | bet   1,000원 BANKER | P:3♠ 6♥=9  B:3♦ A♦=4  PLAYER(L)  | -1,000원 → 214,450원  [start]
H833 | bet   2,000원 PLAYER | P:K♠ 4♠ 6♦=0  B:7♦ 9♦ 10♦=6  BANKER(L)  | -2,000원 → 212,450원
H834 | bet   4,000원 PLAYER | P:A♣ Q♥ J♣=1  B:4♦ 7♣ 5♥=6  BANKER(L)  | -4,000원 → 208,450원
H835 | bet   8,000원 PLAYER | P:2♣ A♣ 5♠=8  B:A♥ 9♠ 9♥=9  BANKER(L)  | -8,000원 → 200,450원
H836 | bet  16,000원 PLAYER | P:A♦ 6♣=7  B:9♥ 3♠ 4♣=6  PLAYER(W)  | +16,000원 → 216,450원  [end_win]
H837 | bet   1,000원 BANKER | P:6♣ J♣=6  B:4♥ 10♥ 4♦=8  BANKER(W)  | +950원 → 217,400원
H838 | bet   1,000원 BANKER | P:2♥ K♠ 2♣=4  B:5♠ Q♠=5  BANKER(W)  | +950원 → 218,350원
H839 | bet   1,000원 BANKER | P:3♥ 2♦ Q♥=5  B:7♠ 4♠ Q♠=1  PLAYER(L)  | -1,000원 → 217,350원  [start]
H840 | bet   2,000원 PLAYER | P:6♦ 2♥=8  B:10♦ 2♠=2  PLAYER(W)  | +2,000원 → 219,350원  [end_win]
H841 | bet   1,000원 BANKER | P:3♥ 4♦=7  B:Q♦ 8♥=8  BANKER(W)  | +950원 → 220,300원
H842 | bet   1,000원 BANKER | P:8♣ 8♦=6  B:4♠ K♥ Q♦=4  PLAYER(L)  | -1,000원 → 219,300원  [start]
H843 | bet   2,000원 PLAYER | P:6♥ J♥=6  B:K♦ K♣ J♣=0  PLAYER(W)  | +2,000원 → 221,300원  [end_win]
H844 | bet   1,000원 BANKER | P:10♣ 7♦=7  B:7♠ 3♠ Q♣=0  PLAYER(L)  | -1,000원 → 220,300원  [start]
H845 | bet   2,000원 PLAYER | P:J♠ 4♦ 4♠=8  B:6♥ 8♥ K♣=4  PLAYER(W)  | +2,000원 → 222,300원  [end_win]
H846 | bet   1,000원 BANKER | P:10♦ 10♥ 8♦=8  B:4♠ 9♦=3  PLAYER(L)  | -1,000원 → 221,300원  [start]
H847 | bet   2,000원 PLAYER | P:Q♠ 10♥ 5♣=5  B:6♣ K♦=6  BANKER(L)  | -2,000원 → 219,300원
H848 | bet   4,000원 PLAYER | P:A♥ 2♥ 3♦=6  B:9♠ 5♠ 3♣=7  BANKER(L)  | -4,000원 → 215,300원
H849 | bet   8,000원 PLAYER | P:7♣ 10♥=7  B:J♦ J♦ 8♣=8  BANKER(L)  | -8,000원 → 207,300원
H850 | bet  16,000원 PLAYER | P:4♥ K♠ Q♦=4  B:9♦ 7♠=6  BANKER(L)  | -16,000원 → 191,300원
H851 | bet  32,000원 PLAYER | P:8♥ 9♥=7  B:K♠ 10♦ 5♦=5  PLAYER(W)  | +32,000원 → 223,300원  [end_win]
H852 | bet   1,000원 BANKER | P:J♠ 5♦=5  B:10♠ 9♥=9  BANKER(W)  | +950원 → 224,250원
H853 | bet   1,000원 BANKER | P:7♥ 6♠ 2♥=5  B:6♠ 10♦=6  BANKER(W)  | +950원 → 225,200원
H854 | bet   1,000원 BANKER | P:8♥ 8♣=6  B:10♦ 10♣ 10♣=0  PLAYER(L)  | -1,000원 → 224,200원  [start]
H855 | bet   2,000원 PLAYER | P:9♠ A♣ 10♥=0  B:6♦ 6♣ 8♦=0  TIE(T)  |     0원 → 224,200원
H856 | bet   2,000원 PLAYER | P:K♠ 9♣=9  B:A♥ 2♥=3  PLAYER(W)  | +2,000원 → 226,200원  [end_win]
H857 | bet   1,000원 BANKER | P:3♣ 7♣ J♠=0  B:4♣ 10♠=4  BANKER(W)  | +950원 → 227,150원
H858 | bet   1,000원 BANKER | P:8♠ 8♥=6  B:K♦ 9♣=9  BANKER(W)  | +950원 → 228,100원
H859 | bet   1,000원 BANKER | P:J♥ 3♦ J♣=3  B:6♣ 4♦ Q♣=0  PLAYER(L)  | -1,000원 → 227,100원  [start]
H860 | bet   2,000원 PLAYER | P:2♣ K♥ 6♠=8  B:6♥ 7♠ 3♥=6  PLAYER(W)  | +2,000원 → 229,100원  [end_win]
H861 | bet   1,000원 BANKER | P:Q♣ A♦ 9♣=0  B:Q♦ Q♥ 7♠=7  BANKER(W)  | +950원 → 230,050원
H862 | bet   1,000원 BANKER | P:Q♥ 7♣=7  B:2♦ 6♠=8  BANKER(W)  | +950원 → 231,000원
H863 | bet   1,000원 BANKER | P:2♠ Q♥ 10♠=2  B:K♠ 2♠ 10♥=2  TIE(T)  |     0원 → 231,000원
H864 | bet   1,000원 BANKER | P:7♥ 10♣=7  B:6♣ 6♥ 3♣=5  PLAYER(L)  | -1,000원 → 230,000원  [start]
H865 | bet   2,000원 PLAYER | P:3♦ 7♦=0  B:9♦ Q♥=9  BANKER(L)  | -2,000원 → 228,000원
H866 | bet   4,000원 PLAYER | P:A♦ A♠ K♦=2  B:5♦ J♠=5  BANKER(L)  | -4,000원 → 224,000원
H867 | bet   8,000원 PLAYER | P:8♥ 3♠ 2♠=3  B:Q♠ K♣ 3♥=3  TIE(T)  |     0원 → 224,000원
H868 | bet   8,000원 PLAYER | P:9♦ 10♥=9  B:2♦ J♦=2  PLAYER(W)  | +8,000원 → 232,000원  [end_win]
H869 | bet   1,000원 BANKER | P:A♣ K♣ J♥=1  B:5♦ 5♥ 4♥=4  BANKER(W)  | +950원 → 232,950원
H870 | bet   1,000원 BANKER | P:J♦ 9♦=9  B:8♠ 5♥=3  PLAYER(L)  | -1,000원 → 231,950원  [start]
H871 | bet   2,000원 PLAYER | P:2♠ Q♣ 3♣=5  B:7♣ 6♥ 2♣=5  TIE(T)  |     0원 → 231,950원
H872 | bet   2,000원 PLAYER | P:8♣ 5♠=3  B:J♦ 9♦=9  BANKER(L)  | -2,000원 → 229,950원
H873 | bet   4,000원 PLAYER | P:K♠ 2♥=2  B:Q♠ 8♠=8  BANKER(L)  | -4,000원 → 225,950원
H874 | bet   8,000원 PLAYER | P:7♠ 5♦ Q♣=2  B:A♠ 3♥=4  BANKER(L)  | -8,000원 → 217,950원
H875 | bet  16,000원 PLAYER | P:A♥ 6♦=7  B:4♥ 5♣=9  BANKER(L)  | -16,000원 → 201,950원
H876 | bet  32,000원 PLAYER | P:3♥ 10♠ A♥=4  B:4♥ A♦=5  BANKER(L)  | -32,000원 → 169,950원  [end_giveup]
H877 | bet   1,000원 BANKER | P:4♦ 2♠=6  B:10♦ A♠ 4♣=5  PLAYER(L)  | -1,000원 → 168,950원  [start]
H878 | bet   2,000원 PLAYER | P:7♣ 3♠ K♦=0  B:7♣ J♥=7  BANKER(L)  | -2,000원 → 166,950원
H879 | bet   4,000원 PLAYER | P:A♣ 5♣=6  B:2♥ 5♠=7  BANKER(L)  | -4,000원 → 162,950원
H880 | bet   8,000원 PLAYER | P:7♦ 4♥ 10♣=1  B:A♥ 10♠ A♠=2  BANKER(L)  | -8,000원 → 154,950원
H881 | bet  16,000원 PLAYER | P:5♠ 9♠ 9♠=3  B:Q♦ 7♥=7  BANKER(L)  | -16,000원 → 138,950원
H882 | bet  32,000원 PLAYER | P:A♣ Q♥ K♥=1  B:7♦ K♣=7  BANKER(L)  | -32,000원 → 106,950원  [end_giveup]
H883 | bet   1,000원 BANKER | P:9♥ 8♦=7  B:A♦ 4♦ 5♠=0  PLAYER(L)  | -1,000원 → 105,950원  [start]
H884 | bet   2,000원 PLAYER | P:5♣ 10♠ 8♥=3  B:K♥ 3♣=3  TIE(T)  |     0원 → 105,950원
H885 | bet   2,000원 PLAYER | P:9♠ 6♣ A♦=6  B:J♠ 2♣ 4♥=6  TIE(T)  |     0원 → 105,950원
H886 | bet   2,000원 PLAYER | P:5♥ Q♥ 8♣=3  B:Q♦ 4♥=4  BANKER(L)  | -2,000원 → 103,950원
H887 | bet   4,000원 PLAYER | P:5♥ J♦ 5♠=0  B:J♠ 4♠ 6♥=0  TIE(T)  |     0원 → 103,950원
H888 | bet   4,000원 PLAYER | P:J♥ A♥ 3♦=4  B:8♣ 6♠ 3♣=7  BANKER(L)  | -4,000원 → 99,950원
H889 | bet   8,000원 PLAYER | P:10♣ 3♣ 9♣=2  B:J♥ 4♠=4  BANKER(L)  | -8,000원 → 91,950원
H890 | bet  16,000원 PLAYER | P:5♥ J♦ Q♦=5  B:3♥ K♣ 4♣=7  BANKER(L)  | -16,000원 → 75,950원
H891 | bet  32,000원 PLAYER | P:10♠ 5♥=5  B:7♥ 2♦=9  BANKER(L)  | -32,000원 → 43,950원  [end_giveup]

Result: RUIN (capital_depleted)
Final: 43,950원  Hands: 891  Bets: 800  Wagered: 2,484,000원  Max losing streak: 18
