=== Session 56 ===
Seed: 5414121733845069545
Initial: 100,000원  Target: 500,000원  Ruin: 50,000원  Table-max: 100,000원
Strategy: martingale (pivot, steps=5)
Base bet: 1,000원  Primary side: BANKER

H001 | bet   1,000원 BANKER | P:3♠ J♥ 9♦=2  B:7♣ 5♣ 7♦=9  BANKER(W)  | +950원 → 100,950원
H002 | bet   1,000원 BANKER | P:2♠ K♥ 9♦=1  B:6♥ J♣=6  BANKER(W)  | +950원 → 101,900원
H003 | bet   1,000원 BANKER | P:2♠ 9♣ 2♠=3  B:Q♦ 5♠=5  BANKER(W)  | +950원 → 102,850원
H004 | bet   1,000원 BANKER | P:6♠ 4♣ A♦=1  B:J♥ J♠ 7♥=7  BANKER(W)  | +950원 → 103,800원
H005 | bet   1,000원 BANKER | P:9♣ 2♦ 3♠=4  B:2♥ 9♠ 3♥=4  TIE(T)  |     0원 → 103,800원
H006 | bet   1,000원 BANKER | P:7♠ 4♦ 5♦=6  B:7♦ 4♥ K♥=1  PLAYER(L)  | -1,000원 → 102,800원  [start]
H007 | bet   2,000원 PLAYER | P:K♥ 10♥ 7♣=7  B:A♥ 3♣ 8♦=2  PLAYER(W)  | +2,000원 → 104,800원  [end_win]
H008 | bet   1,000원 BANKER | P:6♦ 3♣=9  B:K♦ A♠=1  PLAYER(L)  | -1,000원 → 103,800원  [start]
H009 | bet   2,000원 PLAYER | P:J♥ 8♠=8  B:Q♦ 2♥=2  PLAYER(W)  | +2,000원 → 105,800원  [end_win]
H010 | bet   1,000원 BANKER | P:2♠ A♦=3  B:6♠ 2♥=8  BANKER(W)  | +950원 → 106,750원
H011 | bet   1,000원 BANKER | P:9♥ 7♣=6  B:10♣ K♦ 9♠=9  BANKER(W)  | +950원 → 107,700원
H012 | bet   1,000원 BANKER | P:A♠ J♠ K♠=1  B:10♥ 4♦=4  BANKER(W)  | +950원 → 108,650원
H013 | bet   1,000원 BANKER | P:9♥ A♣ Q♥=0  B:7♦ 8♦=5  BANKER(W)  | +950원 → 109,600원
H014 | bet   1,000원 BANKER | P:8♠ 6♥ A♠=5  B:6♣ 4♥ 7♣=7  BANKER(W)  | +950원 → 110,550원
H015 | bet   1,000원 BANKER | P:3♥ Q♣=3  B:J♠ 8♥=8  BANKER(W)  | +950원 → 111,500원
H016 | bet   1,000원 BANKER | P:6♠ 8♣ K♥=4  B:K♠ 5♥=5  BANKER(W)  | +950원 → 112,450원
H017 | bet   1,000원 BANKER | P:8♣ 10♣=8  B:K♦ 9♥=9  BANKER(W)  | +950원 → 113,400원
H018 | bet   1,000원 BANKER | P:10♣ 3♠ 2♣=5  B:10♠ J♦ 4♦=4  PLAYER(L)  | -1,000원 → 112,400원  [start]
H019 | bet   2,000원 PLAYER | P:3♦ Q♥ 9♦=2  B:A♠ A♣ 3♠=5  BANKER(L)  | -2,000원 → 110,400원
H020 | bet   4,000원 PLAYER | P:8♣ 9♥=7  B:7♠ 5♥ 10♣=2  PLAYER(W)  | +4,000원 → 114,400원  [end_win]
H021 | bet   1,000원 BANKER | P:6♥ K♥=6  B:J♣ 9♣=9  BANKER(W)  | +950원 → 115,350원
H022 | bet   1,000원 BANKER | P:3♣ 8♥ 8♣=9  B:8♦ 9♠=7  PLAYER(L)  | -1,000원 → 114,350원  [start]
H023 | bet   2,000원 PLAYER | P:6♣ 2♦=8  B:8♥ 3♣=1  PLAYER(W)  | +2,000원 → 116,350원  [end_win]
H024 | bet   1,000원 BANKER | P:K♠ 8♣=8  B:9♥ 3♣=2  PLAYER(L)  | -1,000원 → 115,350원  [start]
H025 | bet   2,000원 PLAYER | P:A♥ 2♣ 9♠=2  B:Q♣ J♦ 7♣=7  BANKER(L)  | -2,000원 → 113,350원
H026 | bet   4,000원 PLAYER | P:2♣ 9♥ 10♠=1  B:9♥ A♥ 10♦=0  PLAYER(W)  | +4,000원 → 117,350원  [end_win]
H027 | bet   1,000원 BANKER | P:9♣ 6♠ 8♠=3  B:Q♥ 10♣ 9♣=9  BANKER(W)  | +950원 → 118,300원
H028 | bet   1,000원 BANKER | P:10♦ 10♠ 5♦=5  B:J♠ 10♠ 5♥=5  TIE(T)  |     0원 → 118,300원
H029 | bet   1,000원 BANKER | P:Q♦ 5♣ 2♣=7  B:K♣ 3♥ Q♣=3  PLAYER(L)  | -1,000원 → 117,300원  [start]
H030 | bet   2,000원 PLAYER | P:7♥ K♦=7  B:K♣ 7♣=7  TIE(T)  |     0원 → 117,300원
H031 | bet   2,000원 PLAYER | P:A♠ A♥ K♣=2  B:10♥ J♠ J♠=0  PLAYER(W)  | +2,000원 → 119,300원  [end_win]
H032 | bet   1,000원 BANKER | P:5♠ 6♦=1  B:Q♦ 8♥=8  BANKER(W)  | +950원 → 120,250원
H033 | bet   1,000원 BANKER | P:8♣ 6♠=4  B:5♠ 4♠=9  BANKER(W)  | +950원 → 121,200원
H034 | bet   1,000원 BANKER | P:A♣ A♥ Q♦=2  B:Q♥ 6♦=6  BANKER(W)  | +950원 → 122,150원
H035 | bet   1,000원 BANKER | P:Q♣ J♥ 4♣=4  B:6♦ 6♥ 5♥=7  BANKER(W)  | +950원 → 123,100원
H036 | bet   1,000원 BANKER | P:5♣ J♣=5  B:3♥ 6♦=9  BANKER(W)  | +950원 → 124,050원
H037 | bet   1,000원 BANKER | P:K♦ 2♦ J♥=2  B:6♦ 5♣ 4♥=5  BANKER(W)  | +950원 → 125,000원
H038 | bet   1,000원 BANKER | P:8♦ 4♠ 8♣=0  B:4♠ 9♦=3  BANKER(W)  | +950원 → 125,950원
H039 | bet   1,000원 BANKER | P:A♣ 8♥=9  B:2♦ 6♣=8  PLAYER(L)  | -1,000원 → 124,950원  [start]
H040 | bet   2,000원 PLAYER | P:3♦ 10♦=3  B:3♥ 6♥=9  BANKER(L)  | -2,000원 → 122,950원
H041 | bet   4,000원 PLAYER | P:2♥ 9♠ A♦=2  B:A♦ 5♣=6  BANKER(L)  | -4,000원 → 118,950원
H042 | bet   8,000원 PLAYER | P:10♠ Q♠ 8♦=8  B:7♦ 5♦ 4♥=6  PLAYER(W)  | +8,000원 → 126,950원  [end_win]
H043 | bet   1,000원 BANKER | P:A♠ Q♠ 3♦=4  B:9♣ 7♥=6  BANKER(W)  | +950원 → 127,900원
H044 | bet   1,000원 BANKER | P:2♦ 8♠ A♦=1  B:A♣ 6♥=7  BANKER(W)  | +950원 → 128,850원
H045 | bet   1,000원 BANKER | P:J♠ 2♦ 4♥=6  B:3♦ 8♦ 8♠=9  BANKER(W)  | +950원 → 129,800원
H046 | bet   1,000원 BANKER | P:J♣ 3♠ Q♣=3  B:10♦ 4♠=4  BANKER(W)  | +950원 → 130,750원
H047 | bet   1,000원 BANKER | P:A♦ 10♣ K♠=1  B:2♠ 4♦=6  BANKER(W)  | +950원 → 131,700원
H048 | bet   1,000원 BANKER | P:K♣ A♣ 9♦=0  B:3♠ 7♥ Q♦=0  TIE(T)  |     0원 → 131,700원
H049 | bet   1,000원 BANKER | P:5♥ J♠ Q♠=5  B:9♣ 6♣=5  TIE(T)  |     0원 → 131,700원
H050 | bet   1,000원 BANKER | P:5♣ J♦ 2♠=7  B:5♣ 6♠ 10♦=1  PLAYER(L)  | -1,000원 → 130,700원  [start]
H051 | bet   2,000원 PLAYER | P:7♥ 9♥=6  B:A♦ 5♣=6  TIE(T)  |     0원 → 130,700원
H052 | bet   2,000원 PLAYER | P:6♣ 3♠=9  B:2♦ 6♥=8  PLAYER(W)  | +2,000원 → 132,700원  [end_win]
H053 | bet   1,000원 BANKER | P:J♦ 5♥ 9♠=4  B:Q♠ A♥ 7♠=8  BANKER(W)  | +950원 → 133,650원
H054 | bet   1,000원 BANKER | P:5♥ Q♥ 4♦=9  B:7♣ 9♠=6  PLAYER(L)  | -1,000원 → 132,650원  [start]
H055 | bet   2,000원 PLAYER | P:A♠ 7♣=8  B:3♣ 4♠=7  PLAYER(W)  | +2,000원 → 134,650원  [end_win]
H056 | bet   1,000원 BANKER | P:4♣ 3♣=7  B:7♠ 7♦ 8♦=2  PLAYER(L)  | -1,000원 → 133,650원  [start]
H057 | bet   2,000원 PLAYER | P:10♦ 3♦ 10♠=3  B:J♣ 2♣ 2♣=4  BANKER(L)  | -2,000원 → 131,650원
H058 | bet   4,000원 PLAYER | P:10♣ J♦ 7♠=7  B:3♦ 4♣=7  TIE(T)  |     0원 → 131,650원
H059 | bet   4,000원 PLAYER | P:7♠ 10♥=7  B:J♥ 7♥=7  TIE(T)  |     0원 → 131,650원
H060 | bet   4,000원 PLAYER | P:A♣ 8♥=9  B:2♣ 3♥=5  PLAYER(W)  | +4,000원 → 135,650원  [end_win]
H061 | bet   1,000원 BANKER | P:10♥ K♠ 5♠=5  B:K♥ 7♥=7  BANKER(W)  | +950원 → 136,600원
H062 | bet   1,000원 BANKER | P:2♥ 9♠ 4♠=5  B:8♣ 4♦ K♠=2  PLAYER(L)  | -1,000원 → 135,600원  [start]
H063 | bet   2,000원 PLAYER | P:6♣ 2♥=8  B:2♥ 5♠=7  PLAYER(W)  | +2,000원 → 137,600원  [end_win]
H064 | bet   1,000원 BANKER | P:J♣ A♦ Q♠=1  B:K♦ 7♠=7  BANKER(W)  | +950원 → 138,550원
H065 | bet   1,000원 BANKER | P:A♣ Q♣ J♣=1  B:10♥ 10♠ 2♥=2  BANKER(W)  | +950원 → 139,500원
H066 | bet   1,000원 BANKER | P:6♣ 10♥=6  B:8♥ K♠=8  BANKER(W)  | +950원 → 140,450원
H067 | bet   1,000원 BANKER | P:9♦ 8♠=7  B:6♥ 9♣ 7♦=2  PLAYER(L)  | -1,000원 → 139,450원  [start]
H068 | bet   2,000원 PLAYER | P:8♠ 7♥ 6♦=1  B:4♥ K♣ Q♦=4  BANKER(L)  | -2,000원 → 137,450원
H069 | bet   4,000원 PLAYER | P:10♦ 2♠ 5♦=7  B:A♥ K♣ 8♠=9  BANKER(L)  | -4,000원 → 133,450원
H070 | bet   8,000원 PLAYER | P:7♠ J♥=7  B:Q♥ Q♦ 5♦=5  PLAYER(W)  | +8,000원 → 141,450원  [end_win]
H071 | bet   1,000원 BANKER | P:Q♥ K♥ 4♣=4  B:9♦ 3♦ 7♦=9  BANKER(W)  | +950원 → 142,400원
H072 | bet   1,000원 BANKER | P:K♠ K♥=0  B:2♣ 6♠=8  BANKER(W)  | +950원 → 143,350원
H073 | bet   1,000원 BANKER | P:Q♣ 5♥ Q♠=5  B:Q♣ 6♠=6  BANKER(W)  | +950원 → 144,300원
H074 | bet   1,000원 BANKER | P:9♦ 5♠=4  B:4♣ 5♦=9  BANKER(W)  | +950원 → 145,250원
H075 | bet   1,000원 BANKER | P:10♥ 3♠ 3♥=6  B:2♦ J♦ 4♥=6  TIE(T)  |     0원 → 145,250원
H076 | bet   1,000원 BANKER | P:4♣ A♥ 4♦=9  B:6♣ 10♣=6  PLAYER(L)  | -1,000원 → 144,250원  [start]
H077 | bet   2,000원 PLAYER | P:5♦ J♣ K♣=5  B:A♠ K♣ 2♠=3  PLAYER(W)  | +2,000원 → 146,250원  [end_win]
H078 | bet   1,000원 BANKER | P:4♠ 6♦ 4♠=4  B:J♦ 4♥ K♦=4  TIE(T)  |     0원 → 146,250원
H079 | bet   1,000원 BANKER | P:5♠ K♦ Q♥=5  B:J♥ 5♦=5  TIE(T)  |     0원 → 146,250원
H080 | bet   1,000원 BANKER | P:10♦ 7♦=7  B:3♠ K♠ 6♣=9  BANKER(W)  | +950원 → 147,200원
H081 | bet   1,000원 BANKER | P:8♥ 9♦=7  B:10♠ 9♠=9  BANKER(W)  | +950원 → 148,150원
H082 | bet   1,000원 BANKER | P:Q♠ A♦ K♣=1  B:K♥ Q♥ 2♦=2  BANKER(W)  | +950원 → 149,100원
H083 | bet   1,000원 BANKER | P:3♥ 7♥ Q♥=0  B:J♦ 7♠=7  BANKER(W)  | +950원 → 150,050원
H084 | bet   1,000원 BANKER | P:4♠ A♥ 4♣=9  B:2♥ 9♦ K♥=1  PLAYER(L)  | -1,000원 → 149,050원  [start]
H085 | bet   2,000원 PLAYER | P:4♣ 5♦=9  B:7♦ 10♦=7  PLAYER(W)  | +2,000원 → 151,050원  [end_win]
H086 | bet   1,000원 BANKER | P:10♦ 9♠=9  B:4♦ 3♦=7  PLAYER(L)  | -1,000원 → 150,050원  [start]
H087 | bet   2,000원 PLAYER | P:3♥ 3♥=6  B:7♦ 5♦ 2♥=4  PLAYER(W)  | +2,000원 → 152,050원  [end_win]
H088 | bet   1,000원 BANKER | P:Q♣ Q♠ 6♥=6  B:Q♠ 4♥ 2♠=6  TIE(T)  |     0원 → 152,050원
H089 | bet   1,000원 BANKER | P:K♣ Q♥ 7♠=7  B:J♠ 10♠ 4♣=4  PLAYER(L)  | -1,000원 → 151,050원  [start]
H090 | bet   2,000원 PLAYER | P:7♠ A♥=8  B:4♠ 8♦=2  PLAYER(W)  | +2,000원 → 153,050원  [end_win]
H091 | bet   1,000원 BANKER | P:7♠ J♥=7  B:K♠ 8♣=8  BANKER(W)  | +950원 → 154,000원
H092 | bet   1,000원 BANKER | P:A♠ 6♥=7  B:A♦ 7♦=8  BANKER(W)  | +950원 → 154,950원
H093 | bet   1,000원 BANKER | P:10♣ 2♣ 3♥=5  B:Q♠ K♣ 3♥=3  PLAYER(L)  | -1,000원 → 153,950원  [start]
H094 | bet   2,000원 PLAYER | P:6♣ 5♣ J♥=1  B:10♦ 10♣ K♥=0  PLAYER(W)  | +2,000원 → 155,950원  [end_win]
H095 | bet   1,000원 BANKER | P:5♥ 7♦ 7♥=9  B:K♠ Q♣ 9♦=9  TIE(T)  |     0원 → 155,950원
H096 | bet   1,000원 BANKER | P:7♣ 4♦ 3♣=4  B:K♠ 2♦ 3♦=5  BANKER(W)  | +950원 → 156,900원
H097 | bet   1,000원 BANKER | P:K♣ 7♦=7  B:4♣ K♦ 2♣=6  PLAYER(L)  | -1,000원 → 155,900원  [start]
H098 | bet   2,000원 PLAYER | P:6♥ 8♠ 8♥=2  B:Q♣ J♥ 10♣=0  PLAYER(W)  | +2,000원 → 157,900원  [end_win]
H099 | bet   1,000원 BANKER | P:Q♦ A♣=1  B:8♦ A♠=9  BANKER(W)  | +950원 → 158,850원
H100 | bet   1,000원 BANKER | P:6♠ 7♣ J♠=3  B:Q♥ 2♥ 3♣=5  BANKER(W)  | +950원 → 159,800원
H101 | bet   1,000원 BANKER | P:J♣ J♦ 3♦=3  B:A♥ 10♥ 4♥=5  BANKER(W)  | +950원 → 160,750원
H102 | bet   1,000원 BANKER | P:J♦ 9♥=9  B:5♥ 9♠=4  PLAYER(L)  | -1,000원 → 159,750원  [start]
H103 | bet   2,000원 PLAYER | P:K♣ K♦ 7♣=7  B:2♠ 8♥ A♣=1  PLAYER(W)  | +2,000원 → 161,750원  [end_win]
H104 | bet   1,000원 BANKER | P:4♦ 8♣ 9♠=1  B:3♠ 8♦ 8♥=9  BANKER(W)  | +950원 → 162,700원
H105 | bet   1,000원 BANKER | P:7♣ 8♣=5  B:8♠ J♣=8  BANKER(W)  | +950원 → 163,650원
H106 | bet   1,000원 BANKER | P:6♥ A♠=7  B:6♦ 3♣=9  BANKER(W)  | +950원 → 164,600원
H107 | bet   1,000원 BANKER | P:4♣ 9♣ 4♠=7  B:5♥ 9♥ 4♠=8  BANKER(W)  | +950원 → 165,550원
H108 | bet   1,000원 BANKER | P:J♣ A♣=1  B:9♣ 9♣=8  BANKER(W)  | +950원 → 166,500원
H109 | bet   1,000원 BANKER | P:9♥ 4♥=3  B:6♣ 3♦=9  BANKER(W)  | +950원 → 167,450원
H110 | bet   1,000원 BANKER | P:10♥ 8♥=8  B:J♦ 7♥=7  PLAYER(L)  | -1,000원 → 166,450원  [start]
H111 | bet   2,000원 PLAYER | P:4♦ 5♦=9  B:J♣ K♥=0  PLAYER(W)  | +2,000원 → 168,450원  [end_win]
H112 | bet   1,000원 BANKER | P:3♥ Q♥ Q♠=3  B:K♦ 2♠ 9♦=1  PLAYER(L)  | -1,000원 → 167,450원  [start]
H113 | bet   2,000원 PLAYER | P:8♦ 9♦=7  B:9♣ 7♣=6  PLAYER(W)  | +2,000원 → 169,450원  [end_win]
H114 | bet   1,000원 BANKER | P:J♥ 4♥ 4♠=8  B:3♦ K♣ 4♥=7  PLAYER(L)  | -1,000원 → 168,450원  [start]
H115 | bet   2,000원 PLAYER | P:6♣ 2♦=8  B:9♥ 8♣=7  PLAYER(W)  | +2,000원 → 170,450원  [end_win]
H116 | bet   1,000원 BANKER | P:5♥ A♣=6  B:7♠ 8♠ J♣=5  PLAYER(L)  | -1,000원 → 169,450원  [start]
H117 | bet   2,000원 PLAYER | P:A♦ A♦ 10♠=2  B:2♦ Q♦ 4♥=6  BANKER(L)  | -2,000원 → 167,450원
H118 | bet   4,000원 PLAYER | P:8♥ 7♥ 7♠=2  B:A♥ 10♠ 7♥=8  BANKER(L)  | -4,000원 → 163,450원
H119 | bet   8,000원 PLAYER | P:10♥ 5♠ 7♥=2  B:J♦ 10♦ 5♠=5  BANKER(L)  | -8,000원 → 155,450원
H120 | bet  16,000원 PLAYER | P:J♥ J♣ A♥=1  B:6♥ J♠=6  BANKER(L)  | -16,000원 → 139,450원
H121 | bet  32,000원 PLAYER | P:3♠ A♠=4  B:Q♦ 8♠=8  BANKER(L)  | -32,000원 → 107,450원  [end_giveup]
H122 | bet   1,000원 BANKER | P:3♣ A♣ 2♣=6  B:2♦ J♣ K♣=2  PLAYER(L)  | -1,000원 → 106,450원  [start]
H123 | bet   2,000원 PLAYER | P:A♠ Q♣ 2♦=3  B:K♠ 6♥=6  BANKER(L)  | -2,000원 → 104,450원
H124 | bet   4,000원 PLAYER | P:3♦ 4♣=7  B:2♣ 3♠ 6♦=1  PLAYER(W)  | +4,000원 → 108,450원  [end_win]
H125 | bet   1,000원 BANKER | P:A♠ 5♠=6  B:9♣ 6♦ 7♣=2  PLAYER(L)  | -1,000원 → 107,450원  [start]
H126 | bet   2,000원 PLAYER | P:2♠ 6♠=8  B:4♠ 2♦=6  PLAYER(W)  | +2,000원 → 109,450원  [end_win]
H127 | bet   1,000원 BANKER | P:A♦ 8♥=9  B:A♦ 3♠=4  PLAYER(L)  | -1,000원 → 108,450원  [start]
H128 | bet   2,000원 PLAYER | P:6♦ 6♠ 6♥=8  B:3♣ K♠ A♣=4  PLAYER(W)  | +2,000원 → 110,450원  [end_win]
H129 | bet   1,000원 BANKER | P:J♦ 9♦=9  B:9♠ 10♣=9  TIE(T)  |     0원 → 110,450원
H130 | bet   1,000원 BANKER | P:7♦ 8♣ 8♦=3  B:2♥ A♥=3  TIE(T)  |     0원 → 110,450원
H131 | bet   1,000원 BANKER | P:10♦ 3♦ 6♣=9  B:5♠ 8♦ Q♣=3  PLAYER(L)  | -1,000원 → 109,450원  [start]
H132 | bet   2,000원 PLAYER | P:A♣ 10♥ 9♦=0  B:7♠ 5♠ 5♥=7  BANKER(L)  | -2,000원 → 107,450원
H133 | bet   4,000원 PLAYER | P:5♦ Q♠ K♦=5  B:4♠ A♥=5  TIE(T)  |     0원 → 107,450원
H134 | bet   4,000원 PLAYER | P:4♦ 7♣=1  B:J♥ 9♥=9  BANKER(L)  | -4,000원 → 103,450원
H135 | bet   8,000원 PLAYER | P:10♥ 6♠=6  B:3♥ Q♦ J♠=3  PLAYER(W)  | +8,000원 → 111,450원  [end_win]
H136 | bet   1,000원 BANKER | P:2♣ 9♣ 10♣=1  B:3♠ J♠ K♥=3  BANKER(W)  | +950원 → 112,400원
H137 | bet   1,000원 BANKER | P:10♦ 4♦ J♥=4  B:6♠ 5♣ 9♦=0  PLAYER(L)  | -1,000원 → 111,400원  [start]
H138 | bet   2,000원 PLAYER | P:2♥ K♦ 5♦=7  B:10♣ 10♥ 4♠=4  PLAYER(W)  | +2,000원 → 113,400원  [end_win]
H139 | bet   1,000원 BANKER | P:Q♥ 10♥ 3♦=3  B:2♥ 2♦ 3♣=7  BANKER(W)  | +950원 → 114,350원
H140 | bet   1,000원 BANKER | P:6♦ Q♣=6  B:7♥ A♦=8  BANKER(W)  | +950원 → 115,300원
H141 | bet   1,000원 BANKER | P:J♠ A♣ 2♠=3  B:5♣ 7♣ 8♥=0  PLAYER(L)  | -1,000원 → 114,300원  [start]
H142 | bet   2,000원 PLAYER | P:6♠ J♠=6  B:K♠ 5♥ 7♠=2  PLAYER(W)  | +2,000원 → 116,300원  [end_win]
H143 | bet   1,000원 BANKER | P:6♥ 7♥=3  B:3♣ 6♣=9  BANKER(W)  | +950원 → 117,250원
H144 | bet   1,000원 BANKER | P:Q♦ 2♠ 5♠=7  B:6♣ 6♠ 5♣=7  TIE(T)  |     0원 → 117,250원
H145 | bet   1,000원 BANKER | P:K♦ 4♥ K♣=4  B:5♠ 8♣ 6♠=9  BANKER(W)  | +950원 → 118,200원
H146 | bet   1,000원 BANKER | P:10♠ 4♥ 9♠=3  B:9♥ 3♠ 6♦=8  BANKER(W)  | +950원 → 119,150원
H147 | bet   1,000원 BANKER | P:5♦ 9♠ 3♣=7  B:J♣ 2♥ J♦=2  PLAYER(L)  | -1,000원 → 118,150원  [start]
H148 | bet   2,000원 PLAYER | P:K♥ 8♠=8  B:Q♥ 2♠=2  PLAYER(W)  | +2,000원 → 120,150원  [end_win]
H149 | bet   1,000원 BANKER | P:K♥ 2♣ J♥=2  B:2♣ 9♣ J♠=1  PLAYER(L)  | -1,000원 → 119,150원  [start]
H150 | bet   2,000원 PLAYER | P:A♠ 2♠ 8♠=1  B:A♥ K♦ 8♦=9  BANKER(L)  | -2,000원 → 117,150원
H151 | bet   4,000원 PLAYER | P:Q♦ 5♦ 8♠=3  B:5♦ A♦=6  BANKER(L)  | -4,000원 → 113,150원
H152 | bet   8,000원 PLAYER | P:A♠ 10♥=1  B:Q♥ 9♥=9  BANKER(L)  | -8,000원 → 105,150원
H153 | bet  16,000원 PLAYER | P:5♣ 10♠ 5♥=0  B:4♣ Q♠ Q♦=4  BANKER(L)  | -16,000원 → 89,150원
H154 | bet  32,000원 PLAYER | P:8♣ 4♣ 4♦=6  B:5♣ 5♣ 8♦=8  BANKER(L)  | -32,000원 → 57,150원  [end_giveup]
H155 | bet   1,000원 BANKER | P:2♥ J♦ 5♠=7  B:3♥ 2♣ Q♣=5  PLAYER(L)  | -1,000원 → 56,150원  [start]
H156 | bet   2,000원 PLAYER | P:9♥ 4♦ 7♦=0  B:10♠ K♦ 8♠=8  BANKER(L)  | -2,000원 → 54,150원
H157 | bet   4,000원 PLAYER | P:6♦ 10♠=6  B:9♣ Q♠=9  BANKER(L)  | -4,000원 → 50,150원
H158 | bet   8,000원 PLAYER | P:6♠ Q♣=6  B:Q♦ A♥ 7♣=8  BANKER(L)  | -8,000원 → 42,150원

Result: RUIN (capital_depleted)
Final: 42,150원  Hands: 158  Bets: 141  Wagered: 337,000원  Max losing streak: 10
