=== Session 33 ===
Seed: 4515964510634773972
Initial: 100,000원  Target: 500,000원  Ruin: 50,000원  Table-max: 100,000원
Strategy: martingale (pivot, steps=4)
Base bet: 1,000원  Primary side: BANKER

H001 | bet   1,000원 BANKER | P:8♦ 4♣ 9♥=1  B:Q♣ 2♠ Q♣=2  BANKER(W)  | +950원 → 100,950원
H002 | bet   1,000원 BANKER | P:8♣ 5♥ J♦=3  B:7♦ 4♠ A♥=2  PLAYER(L)  | -1,000원 → 99,950원  [start]
H003 | bet   2,000원 PLAYER | P:4♥ 3♥=7  B:4♠ Q♣ K♦=4  PLAYER(W)  | +2,000원 → 101,950원  [end_win]
H004 | bet   1,000원 BANKER | P:4♠ J♠ 6♣=0  B:K♦ 4♣ 4♦=8  BANKER(W)  | +950원 → 102,900원
H005 | bet   1,000원 BANKER | P:7♦ 2♦=9  B:2♠ 8♥=0  PLAYER(L)  | -1,000원 → 101,900원  [start]
H006 | bet   2,000원 PLAYER | P:Q♥ 3♣ 8♥=1  B:4♥ K♣=4  BANKER(L)  | -2,000원 → 99,900원
H007 | bet   4,000원 PLAYER | P:2♣ 8♦ 3♠=3  B:10♥ 7♦=7  BANKER(L)  | -4,000원 → 95,900원
H008 | bet   8,000원 PLAYER | P:9♣ 9♠=8  B:Q♦ 2♥=2  PLAYER(W)  | +8,000원 → 103,900원  [end_win]
H009 | bet   1,000원 BANKER | P:2♥ A♥ J♣=3  B:Q♠ K♦ A♦=1  PLAYER(L)  | -1,000원 → 102,900원  [start]
H010 | bet   2,000원 PLAYER | P:8♠ A♥=9  B:5♠ 8♦=3  PLAYER(W)  | +2,000원 → 104,900원  [end_win]
H011 | bet   1,000원 BANKER | P:6♣ Q♠=6  B:7♥ A♣=8  BANKER(W)  | +950원 → 105,850원
H012 | bet   1,000원 BANKER | P:J♠ A♠ 2♥=3  B:A♠ 2♠ 7♦=0  PLAYER(L)  | -1,000원 → 104,850원  [start]
H013 | bet   2,000원 PLAYER | P:K♣ 9♥=9  B:J♦ 9♥=9  TIE(T)  |     0원 → 104,850원
H014 | bet   2,000원 PLAYER | P:5♦ 4♥=9  B:4♠ 10♠=4  PLAYER(W)  | +2,000원 → 106,850원  [end_win]
H015 | bet   1,000원 BANKER | P:8♦ J♠=8  B:A♦ K♠=1  PLAYER(L)  | -1,000원 → 105,850원  [start]
H016 | bet   2,000원 PLAYER | P:9♠ 4♠ 7♦=0  B:Q♠ 6♣ 8♠=4  BANKER(L)  | -2,000원 → 103,850원
H017 | bet   4,000원 PLAYER | P:7♣ 4♥=1  B:9♥ 10♣=9  BANKER(L)  | -4,000원 → 99,850원
H018 | bet   8,000원 PLAYER | P:6♦ 2♠=8  B:J♦ Q♥=0  PLAYER(W)  | +8,000원 → 107,850원  [end_win]
H019 | bet   1,000원 BANKER | P:10♣ 3♣=3  B:K♠ 8♥=8  BANKER(W)  | +950원 → 108,800원
H020 | bet   1,000원 BANKER | P:6♥ 9♣ Q♥=5  B:9♣ 6♣=5  TIE(T)  |     0원 → 108,800원
H021 | bet   1,000원 BANKER | P:A♦ Q♣ Q♠=1  B:K♠ 2♣ 2♦=4  BANKER(W)  | +950원 → 109,750원
H022 | bet   1,000원 BANKER | P:5♣ K♠ 4♣=9  B:7♠ K♣=7  PLAYER(L)  | -1,000원 → 108,750원  [start]
H023 | bet   2,000원 PLAYER | P:3♥ 10♥ 3♥=6  B:7♣ 8♠=5  PLAYER(W)  | +2,000원 → 110,750원  [end_win]
H024 | bet   1,000원 BANKER | P:J♠ 3♠ Q♦=3  B:6♠ 7♠ 7♠=0  PLAYER(L)  | -1,000원 → 109,750원  [start]
H025 | bet   2,000원 PLAYER | P:3♠ 7♠ 4♦=4  B:4♥ 3♦=7  BANKER(L)  | -2,000원 → 107,750원
H026 | bet   4,000원 PLAYER | P:9♣ 6♣ K♣=5  B:2♣ J♦ 7♦=9  BANKER(L)  | -4,000원 → 103,750원
H027 | bet   8,000원 PLAYER | P:10♦ Q♦ 9♦=9  B:2♦ K♥ 9♠=1  PLAYER(W)  | +8,000원 → 111,750원  [end_win]
H028 | bet   1,000원 BANKER | P:A♥ 10♠ 10♥=1  B:2♥ 10♦ 5♠=7  BANKER(W)  | +950원 → 112,700원
H029 | bet   1,000원 BANKER | P:Q♦ 5♦ 3♥=8  B:8♥ 6♠ 3♦=7  PLAYER(L)  | -1,000원 → 111,700원  [start]
H030 | bet   2,000원 PLAYER | P:8♦ J♦=8  B:2♣ 10♦=2  PLAYER(W)  | +2,000원 → 113,700원  [end_win]
H031 | bet   1,000원 BANKER | P:3♠ 10♥ A♣=4  B:K♣ A♦ K♦=1  PLAYER(L)  | -1,000원 → 112,700원  [start]
H032 | bet   2,000원 PLAYER | P:9♠ A♠ 9♠=9  B:6♦ 6♥ 7♣=9  TIE(T)  |     0원 → 112,700원
H033 | bet   2,000원 PLAYER | P:2♥ 10♣ 4♣=6  B:J♣ 4♦ 3♣=7  BANKER(L)  | -2,000원 → 110,700원
H034 | bet   4,000원 PLAYER | P:5♥ 7♥ 6♠=8  B:2♣ J♥ 10♠=2  PLAYER(W)  | +4,000원 → 114,700원  [end_win]
H035 | bet   1,000원 BANKER | P:5♣ 9♠ 8♠=2  B:7♣ 6♠=3  BANKER(W)  | +950원 → 115,650원
H036 | bet   1,000원 BANKER | P:8♣ 8♠=6  B:10♦ 6♠=6  TIE(T)  |     0원 → 115,650원
H037 | bet   1,000원 BANKER | P:K♣ 5♣ 9♥=4  B:9♥ 6♣=5  BANKER(W)  | +950원 → 116,600원
H038 | bet   1,000원 BANKER | P:7♥ A♠=8  B:5♠ J♥=5  PLAYER(L)  | -1,000원 → 115,600원  [start]
H039 | bet   2,000원 PLAYER | P:9♠ Q♣=9  B:3♣ 3♦=6  PLAYER(W)  | +2,000원 → 117,600원  [end_win]
H040 | bet   1,000원 BANKER | P:Q♦ 4♣ 5♦=9  B:2♠ K♦ 9♦=1  PLAYER(L)  | -1,000원 → 116,600원  [start]
H041 | bet   2,000원 PLAYER | P:5♠ Q♥ 8♣=3  B:A♣ 4♣=5  BANKER(L)  | -2,000원 → 114,600원
H042 | bet   4,000원 PLAYER | P:6♥ 8♦ J♦=4  B:A♠ 2♠ 2♦=5  BANKER(L)  | -4,000원 → 110,600원
H043 | bet   8,000원 PLAYER | P:8♥ 6♦ 10♦=4  B:4♦ 10♠=4  TIE(T)  |     0원 → 110,600원
H044 | bet   8,000원 PLAYER | P:5♦ K♠ 4♥=9  B:J♥ 2♦ 7♠=9  TIE(T)  |     0원 → 110,600원
H045 | bet   8,000원 PLAYER | P:5♦ Q♥ K♥=5  B:7♦ 10♠=7  BANKER(L)  | -8,000원 → 102,600원
H046 | bet  16,000원 PLAYER | P:7♥ 6♠ A♥=4  B:Q♦ 4♦=4  TIE(T)  |     0원 → 102,600원
H047 | bet  16,000원 PLAYER | P:9♦ J♦=9  B:5♣ 10♣=5  PLAYER(W)  | +16,000원 → 118,600원  [end_win]
H048 | bet   1,000원 BANKER | P:Q♣ 10♠ 4♠=4  B:8♠ 9♥=7  BANKER(W)  | +950원 → 119,550원
H049 | bet   1,000원 BANKER | P:7♣ 2♥=9  B:K♠ 4♥=4  PLAYER(L)  | -1,000원 → 118,550원  [start]
H050 | bet   2,000원 PLAYER | P:J♥ A♥ K♥=1  B:Q♣ A♣ 2♣=3  BANKER(L)  | -2,000원 → 116,550원
H051 | bet   4,000원 PLAYER | P:8♦ 5♥ 7♠=0  B:Q♦ 7♥=7  BANKER(L)  | -4,000원 → 112,550원
H052 | bet   8,000원 PLAYER | P:10♦ 4♠=4  B:8♣ A♦=9  BANKER(L)  | -8,000원 → 104,550원
H053 | bet  16,000원 PLAYER | P:9♦ 5♣ 2♦=6  B:7♣ 6♥ 3♣=6  TIE(T)  |     0원 → 104,550원
H054 | bet  16,000원 PLAYER | P:4♣ 8♣=2  B:J♣ 8♠=8  BANKER(L)  | -16,000원 → 88,550원  [end_giveup]
H055 | bet   1,000원 BANKER | P:9♥ 7♦=6  B:Q♥ 8♣=8  BANKER(W)  | +950원 → 89,500원
H056 | bet   1,000원 BANKER | P:J♥ 3♣=3  B:3♥ 6♣=9  BANKER(W)  | +950원 → 90,450원
H057 | bet   1,000원 BANKER | P:6♦ 5♠ 7♥=8  B:6♦ Q♠ 6♥=2  PLAYER(L)  | -1,000원 → 89,450원  [start]
H058 | bet   2,000원 PLAYER | P:2♥ 10♥ A♦=3  B:A♣ 3♦=4  BANKER(L)  | -2,000원 → 87,450원
H059 | bet   4,000원 PLAYER | P:K♦ 2♠ 8♣=0  B:A♠ 9♣ 2♦=2  BANKER(L)  | -4,000원 → 83,450원
H060 | bet   8,000원 PLAYER | P:J♣ 5♥=5  B:9♣ K♥=9  BANKER(L)  | -8,000원 → 75,450원
H061 | bet  16,000원 PLAYER | P:Q♥ A♦ 9♠=0  B:5♥ 5♥ 7♣=7  BANKER(L)  | -16,000원 → 59,450원  [end_giveup]
H062 | bet   1,000원 BANKER | P:J♥ 7♥=7  B:8♠ 9♦=7  TIE(T)  |     0원 → 59,450원
H063 | bet   1,000원 BANKER | P:3♠ K♠ 7♥=0  B:10♠ J♦ 5♠=5  BANKER(W)  | +950원 → 60,400원
H064 | bet   1,000원 BANKER | P:J♠ J♣=0  B:2♠ 6♣=8  BANKER(W)  | +950원 → 61,350원
H065 | bet   1,000원 BANKER | P:6♥ 5♦ K♠=1  B:J♣ J♥ 10♥=0  PLAYER(L)  | -1,000원 → 60,350원  [start]
H066 | bet   2,000원 PLAYER | P:4♣ 9♦ 10♣=3  B:3♥ Q♥ 8♥=1  PLAYER(W)  | +2,000원 → 62,350원  [end_win]
H067 | bet   1,000원 BANKER | P:3♦ J♠ 4♦=7  B:9♦ 8♥=7  TIE(T)  |     0원 → 62,350원
H068 | bet   1,000원 BANKER | P:3♣ 4♦=7  B:J♠ 9♣=9  BANKER(W)  | +950원 → 63,300원
H069 | bet   1,000원 BANKER | P:5♣ 7♣ 10♠=2  B:4♦ 2♣=6  BANKER(W)  | +950원 → 64,250원
H070 | bet   1,000원 BANKER | P:K♣ 2♣ 7♠=9  B:6♠ 4♥ 10♦=0  PLAYER(L)  | -1,000원 → 63,250원  [start]
H071 | bet   2,000원 PLAYER | P:6♥ 3♥=9  B:J♥ 6♦=6  PLAYER(W)  | +2,000원 → 65,250원  [end_win]
H072 | bet   1,000원 BANKER | P:10♦ 9♦=9  B:3♦ 6♥=9  TIE(T)  |     0원 → 65,250원
H073 | bet   1,000원 BANKER | P:9♣ 6♦ 5♦=0  B:Q♠ 3♥ A♣=4  BANKER(W)  | +950원 → 66,200원
H074 | bet   1,000원 BANKER | P:A♦ 3♠ K♥=4  B:J♣ 5♠=5  BANKER(W)  | +950원 → 67,150원
H075 | bet   1,000원 BANKER | P:Q♠ 2♦ K♣=2  B:2♥ Q♣ Q♠=2  TIE(T)  |     0원 → 67,150원
H076 | bet   1,000원 BANKER | P:5♥ 8♦ K♥=3  B:8♣ 4♠ 10♣=2  PLAYER(L)  | -1,000원 → 66,150원  [start]
H077 | bet   2,000원 PLAYER | P:5♣ 3♠=8  B:10♥ 3♦=3  PLAYER(W)  | +2,000원 → 68,150원  [end_win]
H078 | bet   1,000원 BANKER | P:K♦ 10♣=0  B:Q♦ 8♥=8  BANKER(W)  | +950원 → 69,100원
H079 | bet   1,000원 BANKER | P:6♦ K♥=6  B:5♥ A♠=6  TIE(T)  |     0원 → 69,100원
H080 | bet   1,000원 BANKER | P:3♦ J♠ K♦=3  B:A♥ A♣ 5♣=7  BANKER(W)  | +950원 → 70,050원
H081 | bet   1,000원 BANKER | P:K♣ 4♣ 7♣=1  B:6♣ A♦=7  BANKER(W)  | +950원 → 71,000원
H082 | bet   1,000원 BANKER | P:J♥ 7♣=7  B:7♠ 4♣ Q♠=1  PLAYER(L)  | -1,000원 → 70,000원  [start]
H083 | bet   2,000원 PLAYER | P:3♣ 4♦=7  B:4♠ 8♣ J♠=2  PLAYER(W)  | +2,000원 → 72,000원  [end_win]
H084 | bet   1,000원 BANKER | P:K♦ 6♠=6  B:Q♠ 3♠ K♥=3  PLAYER(L)  | -1,000원 → 71,000원  [start]
H085 | bet   2,000원 PLAYER | P:A♥ K♥ A♣=2  B:4♥ 2♣=6  BANKER(L)  | -2,000원 → 69,000원
H086 | bet   4,000원 PLAYER | P:9♣ 6♠ Q♦=5  B:5♠ K♠=5  TIE(T)  |     0원 → 69,000원
H087 | bet   4,000원 PLAYER | P:3♣ 7♠ A♣=1  B:J♠ 6♥=6  BANKER(L)  | -4,000원 → 65,000원
H088 | bet   8,000원 PLAYER | P:2♠ 5♦=7  B:10♥ 9♠=9  BANKER(L)  | -8,000원 → 57,000원
H089 | bet  16,000원 PLAYER | P:2♥ Q♦ 6♦=8  B:J♣ 4♥ 2♦=6  PLAYER(W)  | +16,000원 → 73,000원  [end_win]
H090 | bet   1,000원 BANKER | P:9♠ A♣ 6♦=6  B:4♠ 3♠=7  BANKER(W)  | +950원 → 73,950원
H091 | bet   1,000원 BANKER | P:10♥ J♦ Q♦=0  B:Q♠ 10♠ 9♠=9  BANKER(W)  | +950원 → 74,900원
H092 | bet   1,000원 BANKER | P:7♣ J♣=7  B:A♠ A♣ 8♥=0  PLAYER(L)  | -1,000원 → 73,900원  [start]
H093 | bet   2,000원 PLAYER | P:Q♠ 7♦=7  B:6♥ 2♠=8  BANKER(L)  | -2,000원 → 71,900원
H094 | bet   4,000원 PLAYER | P:4♣ 4♥=8  B:J♥ 2♥=2  PLAYER(W)  | +4,000원 → 75,900원  [end_win]
H095 | bet   1,000원 BANKER | P:5♠ Q♦ 3♣=8  B:K♣ 10♥ 2♦=2  PLAYER(L)  | -1,000원 → 74,900원  [start]
H096 | bet   2,000원 PLAYER | P:7♠ 6♠ K♠=3  B:9♥ 7♥=6  BANKER(L)  | -2,000원 → 72,900원
H097 | bet   4,000원 PLAYER | P:7♦ 9♣=6  B:K♠ 5♣ 8♠=3  PLAYER(W)  | +4,000원 → 76,900원  [end_win]
H098 | bet   1,000원 BANKER | P:Q♣ 3♥ 7♠=0  B:J♠ 3♣ 6♥=9  BANKER(W)  | +950원 → 77,850원
H099 | bet   1,000원 BANKER | P:10♥ Q♣ Q♠=0  B:10♣ 10♠ 7♥=7  BANKER(W)  | +950원 → 78,800원
H100 | bet   1,000원 BANKER | P:3♥ 8♣=1  B:J♣ 9♦=9  BANKER(W)  | +950원 → 79,750원
H101 | bet   1,000원 BANKER | P:10♠ 10♦ 10♣=0  B:7♣ K♥=7  BANKER(W)  | +950원 → 80,700원
H102 | bet   1,000원 BANKER | P:J♦ 2♠ 5♦=7  B:9♥ A♥ 9♣=9  BANKER(W)  | +950원 → 81,650원
H103 | bet   1,000원 BANKER | P:Q♦ 8♠=8  B:4♦ 2♥=6  PLAYER(L)  | -1,000원 → 80,650원  [start]
H104 | bet   2,000원 PLAYER | P:8♦ 7♦ 9♣=4  B:7♦ 6♣ J♦=3  PLAYER(W)  | +2,000원 → 82,650원  [end_win]
H105 | bet   1,000원 BANKER | P:6♦ 8♣ 9♠=3  B:7♣ 5♠ 2♣=4  BANKER(W)  | +950원 → 83,600원
H106 | bet   1,000원 BANKER | P:K♥ K♦ J♦=0  B:A♠ 5♥=6  BANKER(W)  | +950원 → 84,550원
H107 | bet   1,000원 BANKER | P:2♣ 5♦=7  B:10♠ 2♦ K♣=2  PLAYER(L)  | -1,000원 → 83,550원  [start]
H108 | bet   2,000원 PLAYER | P:5♠ 9♠ 3♠=7  B:9♠ 4♠ Q♥=3  PLAYER(W)  | +2,000원 → 85,550원  [end_win]
H109 | bet   1,000원 BANKER | P:8♦ 8♥=6  B:5♣ Q♥ 3♥=8  BANKER(W)  | +950원 → 86,500원
H110 | bet   1,000원 BANKER | P:2♦ 7♥=9  B:A♥ Q♥=1  PLAYER(L)  | -1,000원 → 85,500원  [start]
H111 | bet   2,000원 PLAYER | P:10♦ 10♦ A♣=1  B:9♦ 2♠ 4♣=5  BANKER(L)  | -2,000원 → 83,500원
H112 | bet   4,000원 PLAYER | P:A♥ Q♣ 8♦=9  B:Q♦ 4♥=4  PLAYER(W)  | +4,000원 → 87,500원  [end_win]
H113 | bet   1,000원 BANKER | P:4♥ 3♥=7  B:6♥ 6♦ A♦=3  PLAYER(L)  | -1,000원 → 86,500원  [start]
H114 | bet   2,000원 PLAYER | P:5♣ K♠=5  B:K♣ 9♣=9  BANKER(L)  | -2,000원 → 84,500원
H115 | bet   4,000원 PLAYER | P:6♥ 5♠=1  B:5♥ 4♠=9  BANKER(L)  | -4,000원 → 80,500원
H116 | bet   8,000원 PLAYER | P:8♦ K♥=8  B:4♥ K♥=4  PLAYER(W)  | +8,000원 → 88,500원  [end_win]
H117 | bet   1,000원 BANKER | P:7♣ 7♠=4  B:3♥ 6♣=9  BANKER(W)  | +950원 → 89,450원
H118 | bet   1,000원 BANKER | P:J♦ 8♠=8  B:5♥ 4♦=9  BANKER(W)  | +950원 → 90,400원
H119 | bet   1,000원 BANKER | P:10♥ 2♦ 7♥=9  B:2♣ 5♥=7  PLAYER(L)  | -1,000원 → 89,400원  [start]
H120 | bet   2,000원 PLAYER | P:10♣ 6♦=6  B:Q♣ 8♠=8  BANKER(L)  | -2,000원 → 87,400원
H121 | bet   4,000원 PLAYER | P:3♥ 2♦ 2♣=7  B:8♠ 6♠ 5♦=9  BANKER(L)  | -4,000원 → 83,400원
H122 | bet   8,000원 PLAYER | P:9♦ K♣=9  B:5♦ K♠=5  PLAYER(W)  | +8,000원 → 91,400원  [end_win]
H123 | bet   1,000원 BANKER | P:9♣ A♠ K♦=0  B:2♠ 10♦ 3♦=5  BANKER(W)  | +950원 → 92,350원
H124 | bet   1,000원 BANKER | P:5♦ A♥=6  B:J♠ 8♥=8  BANKER(W)  | +950원 → 93,300원
H125 | bet   1,000원 BANKER | P:6♦ 5♥ 2♥=3  B:6♣ J♥=6  BANKER(W)  | +950원 → 94,250원
H126 | bet   1,000원 BANKER | P:A♦ 5♣=6  B:9♦ J♣=9  BANKER(W)  | +950원 → 95,200원
H127 | bet   1,000원 BANKER | P:J♥ 4♦=4  B:8♥ J♠=8  BANKER(W)  | +950원 → 96,150원
H128 | bet   1,000원 BANKER | P:7♠ 10♣=7  B:4♠ 3♦=7  TIE(T)  |     0원 → 96,150원
H129 | bet   1,000원 BANKER | P:Q♦ K♥ Q♠=0  B:5♠ A♦=6  BANKER(W)  | +950원 → 97,100원
H130 | bet   1,000원 BANKER | P:2♥ 3♠ A♥=6  B:9♥ A♠ 4♦=4  PLAYER(L)  | -1,000원 → 96,100원  [start]
H131 | bet   2,000원 PLAYER | P:A♦ 6♦=7  B:6♥ J♣=6  PLAYER(W)  | +2,000원 → 98,100원  [end_win]
H132 | bet   1,000원 BANKER | P:3♣ 9♥ 7♣=9  B:K♣ J♠ 7♦=7  PLAYER(L)  | -1,000원 → 97,100원  [start]
H133 | bet   2,000원 PLAYER | P:6♥ 9♥=5  B:6♠ 3♦=9  BANKER(L)  | -2,000원 → 95,100원
H134 | bet   4,000원 PLAYER | P:2♠ J♦ K♠=2  B:4♣ A♠=5  BANKER(L)  | -4,000원 → 91,100원
H135 | bet   8,000원 PLAYER | P:K♣ K♦ 5♦=5  B:Q♠ 4♠ 3♦=7  BANKER(L)  | -8,000원 → 83,100원
H136 | bet  16,000원 PLAYER | P:2♠ 5♠=7  B:Q♠ K♦ 7♥=7  TIE(T)  |     0원 → 83,100원
H137 | bet  16,000원 PLAYER | P:J♥ A♠ A♦=2  B:6♠ 7♣ 5♠=8  BANKER(L)  | -16,000원 → 67,100원  [end_giveup]
H138 | bet   1,000원 BANKER | P:8♠ 10♣=8  B:10♠ J♣=0  PLAYER(L)  | -1,000원 → 66,100원  [start]
H139 | bet   2,000원 PLAYER | P:4♦ 3♠=7  B:9♣ 7♦=6  PLAYER(W)  | +2,000원 → 68,100원  [end_win]
H140 | bet   1,000원 BANKER | P:4♥ Q♥ 2♣=6  B:Q♣ 2♣ 7♠=9  BANKER(W)  | +950원 → 69,050원
H141 | bet   1,000원 BANKER | P:K♠ 6♣=6  B:10♠ J♦ 4♣=4  PLAYER(L)  | -1,000원 → 68,050원  [start]
H142 | bet   2,000원 PLAYER | P:9♦ 9♦=8  B:9♦ 5♥=4  PLAYER(W)  | +2,000원 → 70,050원  [end_win]
H143 | bet   1,000원 BANKER | P:A♥ 2♥ A♦=4  B:4♦ 8♥ 8♠=0  PLAYER(L)  | -1,000원 → 69,050원  [start]
H144 | bet   2,000원 PLAYER | P:4♠ 5♣=9  B:9♥ J♠=9  TIE(T)  |     0원 → 69,050원
H145 | bet   2,000원 PLAYER | P:Q♣ 6♣=6  B:10♠ 3♥ A♣=4  PLAYER(W)  | +2,000원 → 71,050원  [end_win]
H146 | bet   1,000원 BANKER | P:J♣ A♦ J♦=1  B:10♣ J♠ K♦=0  PLAYER(L)  | -1,000원 → 70,050원  [start]
H147 | bet   2,000원 PLAYER | P:10♣ 3♠ 7♠=0  B:4♥ 10♥ 5♣=9  BANKER(L)  | -2,000원 → 68,050원
H148 | bet   4,000원 PLAYER | P:2♣ 3♠ 8♥=3  B:4♣ 6♣ 10♦=0  PLAYER(W)  | +4,000원 → 72,050원  [end_win]
H149 | bet   1,000원 BANKER | P:6♥ 8♦ 5♥=9  B:4♣ Q♦ 10♥=4  PLAYER(L)  | -1,000원 → 71,050원  [start]
H150 | bet   2,000원 PLAYER | P:3♦ 5♣=8  B:6♦ A♠=7  PLAYER(W)  | +2,000원 → 73,050원  [end_win]
H151 | bet   1,000원 BANKER | P:4♦ 7♦ Q♣=1  B:8♦ 4♠ 3♦=5  BANKER(W)  | +950원 → 74,000원
H152 | bet   1,000원 BANKER | P:J♥ 3♦ 10♥=3  B:A♠ K♥ 8♥=9  BANKER(W)  | +950원 → 74,950원
H153 | bet   1,000원 BANKER | P:10♣ 9♠=9  B:K♦ J♣=0  PLAYER(L)  | -1,000원 → 73,950원  [start]
H154 | bet   2,000원 PLAYER | P:5♦ 5♥ Q♥=0  B:K♦ 7♥=7  BANKER(L)  | -2,000원 → 71,950원
H155 | bet   4,000원 PLAYER | P:7♦ 9♣=6  B:7♥ 8♣ 2♦=7  BANKER(L)  | -4,000원 → 67,950원
H156 | bet   8,000원 PLAYER | P:9♥ 3♣ K♣=2  B:8♣ 3♠ 8♦=9  BANKER(L)  | -8,000원 → 59,950원
H157 | bet  16,000원 PLAYER | P:3♣ 6♠=9  B:8♦ 8♣=6  PLAYER(W)  | +16,000원 → 75,950원  [end_win]
H158 | bet   1,000원 BANKER | P:2♥ 8♠=0  B:Q♥ 8♥=8  BANKER(W)  | +950원 → 76,900원
H159 | bet   1,000원 BANKER | P:Q♣ 9♥=9  B:8♣ 3♥=1  PLAYER(L)  | -1,000원 → 75,900원  [start]
H160 | bet   2,000원 PLAYER | P:J♥ K♠ 10♦=0  B:6♠ 10♦=6  BANKER(L)  | -2,000원 → 73,900원
H161 | bet   4,000원 PLAYER | P:A♣ 8♣=9  B:2♠ 6♣=8  PLAYER(W)  | +4,000원 → 77,900원  [end_win]
H162 | bet   1,000원 BANKER | P:2♦ 7♥=9  B:9♠ 9♦=8  PLAYER(L)  | -1,000원 → 76,900원  [start]
H163 | bet   2,000원 PLAYER | P:9♣ K♦=9  B:8♥ 9♠=7  PLAYER(W)  | +2,000원 → 78,900원  [end_win]
H164 | bet   1,000원 BANKER | P:3♦ 10♣ 5♣=8  B:10♣ 10♦ Q♣=0  PLAYER(L)  | -1,000원 → 77,900원  [start]
H165 | bet   2,000원 PLAYER | P:5♦ 3♠=8  B:4♣ J♥=4  PLAYER(W)  | +2,000원 → 79,900원  [end_win]
H166 | bet   1,000원 BANKER | P:2♠ 8♠=0  B:9♠ K♦=9  BANKER(W)  | +950원 → 80,850원
H167 | bet   1,000원 BANKER | P:9♣ 6♦=5  B:7♣ 2♣=9  BANKER(W)  | +950원 → 81,800원
H168 | bet   1,000원 BANKER | P:4♦ 6♠=0  B:K♠ 9♥=9  BANKER(W)  | +950원 → 82,750원
H169 | bet   1,000원 BANKER | P:8♠ 2♦ K♥=0  B:4♣ J♥=4  BANKER(W)  | +950원 → 83,700원
H170 | bet   1,000원 BANKER | P:8♣ A♦=9  B:3♣ 7♥=0  PLAYER(L)  | -1,000원 → 82,700원  [start]
H171 | bet   2,000원 PLAYER | P:Q♣ 3♠ Q♠=3  B:A♠ 2♦ K♥=3  TIE(T)  |     0원 → 82,700원
H172 | bet   2,000원 PLAYER | P:J♣ J♠ 5♦=5  B:4♦ A♥ J♠=5  TIE(T)  |     0원 → 82,700원
H173 | bet   2,000원 PLAYER | P:4♠ 6♣ 7♠=7  B:Q♥ 2♠ 10♥=2  PLAYER(W)  | +2,000원 → 84,700원  [end_win]
H174 | bet   1,000원 BANKER | P:A♦ K♥ 4♠=5  B:A♥ 5♣=6  BANKER(W)  | +950원 → 85,650원
H175 | bet   1,000원 BANKER | P:3♣ 4♥=7  B:3♦ 10♥ 9♦=2  PLAYER(L)  | -1,000원 → 84,650원  [start]
H176 | bet   2,000원 PLAYER | P:A♣ 3♥ J♣=4  B:5♦ 10♣=5  BANKER(L)  | -2,000원 → 82,650원
H177 | bet   4,000원 PLAYER | P:K♣ Q♣ 10♥=0  B:4♦ 8♣ 5♣=7  BANKER(L)  | -4,000원 → 78,650원
H178 | bet   8,000원 PLAYER | P:K♦ A♠ Q♥=1  B:4♣ 8♠ 7♥=9  BANKER(L)  | -8,000원 → 70,650원
H179 | bet  16,000원 PLAYER | P:J♥ 3♥ Q♦=3  B:10♥ 2♥ 8♥=0  PLAYER(W)  | +16,000원 → 86,650원  [end_win]
H180 | bet   1,000원 BANKER | P:3♠ Q♥ K♣=3  B:J♣ 7♥=7  BANKER(W)  | +950원 → 87,600원
H181 | bet   1,000원 BANKER | P:J♥ A♦=1  B:4♠ 5♥=9  BANKER(W)  | +950원 → 88,550원
H182 | bet   1,000원 BANKER | P:7♦ 7♠=4  B:7♣ 2♥=9  BANKER(W)  | +950원 → 89,500원
H183 | bet   1,000원 BANKER | P:10♠ 6♠=6  B:4♥ J♣ 6♠=0  PLAYER(L)  | -1,000원 → 88,500원  [start]
H184 | bet   2,000원 PLAYER | P:8♦ 9♦=7  B:J♦ 5♦ A♠=6  PLAYER(W)  | +2,000원 → 90,500원  [end_win]
H185 | bet   1,000원 BANKER | P:3♣ 8♣ 6♥=7  B:7♠ 6♣ Q♦=3  PLAYER(L)  | -1,000원 → 89,500원  [start]
H186 | bet   2,000원 PLAYER | P:A♦ 8♥=9  B:10♦ 10♦=0  PLAYER(W)  | +2,000원 → 91,500원  [end_win]
H187 | bet   1,000원 BANKER | P:5♣ 6♣ 3♠=4  B:2♦ 9♦ 7♦=8  BANKER(W)  | +950원 → 92,450원
H188 | bet   1,000원 BANKER | P:A♥ 6♥=7  B:9♣ 5♣ 9♠=3  PLAYER(L)  | -1,000원 → 91,450원  [start]
H189 | bet   2,000원 PLAYER | P:5♥ 8♦ J♦=3  B:2♣ 9♦ 2♠=3  TIE(T)  |     0원 → 91,450원
H190 | bet   2,000원 PLAYER | P:J♦ Q♠ 6♦=6  B:4♦ 10♥ A♥=5  PLAYER(W)  | +2,000원 → 93,450원  [end_win]
H191 | bet   1,000원 BANKER | P:10♠ J♥ 6♥=6  B:3♦ 2♥ K♣=5  PLAYER(L)  | -1,000원 → 92,450원  [start]
H192 | bet   2,000원 PLAYER | P:7♥ 8♠=5  B:6♥ 2♣=8  BANKER(L)  | -2,000원 → 90,450원
H193 | bet   4,000원 PLAYER | P:7♦ 6♠ 5♥=8  B:3♠ 8♦ K♣=1  PLAYER(W)  | +4,000원 → 94,450원  [end_win]
H194 | bet   1,000원 BANKER | P:7♥ 5♦=2  B:Q♠ 8♦=8  BANKER(W)  | +950원 → 95,400원
H195 | bet   1,000원 BANKER | P:K♠ A♥=1  B:J♣ 9♦=9  BANKER(W)  | +950원 → 96,350원
H196 | bet   1,000원 BANKER | P:A♥ 8♥=9  B:J♣ 5♦=5  PLAYER(L)  | -1,000원 → 95,350원  [start]
H197 | bet   2,000원 PLAYER | P:4♣ 9♠ K♥=3  B:K♠ K♦ 7♣=7  BANKER(L)  | -2,000원 → 93,350원
H198 | bet   4,000원 PLAYER | P:7♠ 8♣ 2♠=7  B:4♥ 7♣ 8♠=9  BANKER(L)  | -4,000원 → 89,350원
H199 | bet   8,000원 PLAYER | P:10♦ 9♠=9  B:4♦ 3♥=7  PLAYER(W)  | +8,000원 → 97,350원  [end_win]
H200 | bet   1,000원 BANKER | P:K♦ 2♥=2  B:8♦ A♣=9  BANKER(W)  | +950원 → 98,300원
H201 | bet   1,000원 BANKER | P:K♠ 4♠ 6♦=0  B:2♥ J♦ 9♥=1  BANKER(W)  | +950원 → 99,250원
H202 | bet   1,000원 BANKER | P:3♦ 9♣ A♣=3  B:J♦ 6♥=6  BANKER(W)  | +950원 → 100,200원
H203 | bet   1,000원 BANKER | P:5♠ 10♦=5  B:9♦ 10♣=9  BANKER(W)  | +950원 → 101,150원
H204 | bet   1,000원 BANKER | P:8♣ J♥=8  B:3♥ 3♣=6  PLAYER(L)  | -1,000원 → 100,150원  [start]
H205 | bet   2,000원 PLAYER | P:Q♥ 6♦=6  B:6♥ K♠=6  TIE(T)  |     0원 → 100,150원
H206 | bet   2,000원 PLAYER | P:K♣ 2♣ Q♦=2  B:6♣ A♦=7  BANKER(L)  | -2,000원 → 98,150원
H207 | bet   4,000원 PLAYER | P:J♥ 10♥ 2♣=2  B:5♠ 5♥ 4♦=4  BANKER(L)  | -4,000원 → 94,150원
H208 | bet   8,000원 PLAYER | P:K♣ 9♥=9  B:A♣ 5♥=6  PLAYER(W)  | +8,000원 → 102,150원  [end_win]
H209 | bet   1,000원 BANKER | P:8♦ J♦=8  B:Q♣ J♥=0  PLAYER(L)  | -1,000원 → 101,150원  [start]
H210 | bet   2,000원 PLAYER | P:8♥ 2♠ J♦=0  B:4♥ 6♥ 5♣=5  BANKER(L)  | -2,000원 → 99,150원
H211 | bet   4,000원 PLAYER | P:K♥ 5♠=5  B:8♥ A♦=9  BANKER(L)  | -4,000원 → 95,150원
H212 | bet   8,000원 PLAYER | P:9♦ 10♦=9  B:2♣ 3♥=5  PLAYER(W)  | +8,000원 → 103,150원  [end_win]
H213 | bet   1,000원 BANKER | P:K♣ 5♠ 4♥=9  B:K♠ 6♣=6  PLAYER(L)  | -1,000원 → 102,150원  [start]
H214 | bet   2,000원 PLAYER | P:2♦ 4♥=6  B:A♣ 10♠ 7♦=8  BANKER(L)  | -2,000원 → 100,150원
H215 | bet   4,000원 PLAYER | P:6♠ 5♥=1  B:10♥ 9♣=9  BANKER(L)  | -4,000원 → 96,150원
H216 | bet   8,000원 PLAYER | P:A♣ 4♠=5  B:3♣ 5♠=8  BANKER(L)  | -8,000원 → 88,150원
H217 | bet  16,000원 PLAYER | P:Q♠ 9♠=9  B:4♠ 2♠=6  PLAYER(W)  | +16,000원 → 104,150원  [end_win]
H218 | bet   1,000원 BANKER | P:10♣ 6♠=6  B:3♦ Q♦ 5♥=8  BANKER(W)  | +950원 → 105,100원
H219 | bet   1,000원 BANKER | P:7♦ 4♣=1  B:6♣ 2♣=8  BANKER(W)  | +950원 → 106,050원
H220 | bet   1,000원 BANKER | P:6♣ 3♣=9  B:Q♣ 9♣=9  TIE(T)  |     0원 → 106,050원
H221 | bet   1,000원 BANKER | P:Q♣ 3♦ 3♥=6  B:3♠ 10♠ 3♠=6  TIE(T)  |     0원 → 106,050원
H222 | bet   1,000원 BANKER | P:9♥ 4♥ 9♥=2  B:Q♥ K♦ 7♠=7  BANKER(W)  | +950원 → 107,000원
H223 | bet   1,000원 BANKER | P:5♠ 9♥ 2♦=6  B:6♠ 9♣=5  PLAYER(L)  | -1,000원 → 106,000원  [start]
H224 | bet   2,000원 PLAYER | P:10♠ 7♠=7  B:10♠ 7♦=7  TIE(T)  |     0원 → 106,000원
H225 | bet   2,000원 PLAYER | P:8♦ J♠=8  B:Q♣ 5♥=5  PLAYER(W)  | +2,000원 → 108,000원  [end_win]
H226 | bet   1,000원 BANKER | P:2♠ J♠=2  B:7♥ A♠=8  BANKER(W)  | +950원 → 108,950원
H227 | bet   1,000원 BANKER | P:9♠ 7♣=6  B:7♦ Q♥=7  BANKER(W)  | +950원 → 109,900원
H228 | bet   1,000원 BANKER | P:6♦ J♠=6  B:9♦ J♣=9  BANKER(W)  | +950원 → 110,850원
H229 | bet   1,000원 BANKER | P:5♣ K♠ 7♥=2  B:3♠ 8♣ 10♠=1  PLAYER(L)  | -1,000원 → 109,850원  [start]
H230 | bet   2,000원 PLAYER | P:5♠ Q♦ A♠=6  B:2♦ 8♥ 3♣=3  PLAYER(W)  | +2,000원 → 111,850원  [end_win]
H231 | bet   1,000원 BANKER | P:J♠ A♥ 5♦=6  B:J♣ A♠ 2♥=3  PLAYER(L)  | -1,000원 → 110,850원  [start]
H232 | bet   2,000원 PLAYER | P:2♥ 10♣ 9♥=1  B:3♥ 7♣ A♣=1  TIE(T)  |     0원 → 110,850원
H233 | bet   2,000원 PLAYER | P:K♣ Q♥ 4♠=4  B:Q♦ Q♠ 4♦=4  TIE(T)  |     0원 → 110,850원
H234 | bet   2,000원 PLAYER | P:8♣ Q♦=8  B:2♠ Q♠=2  PLAYER(W)  | +2,000원 → 112,850원  [end_win]
H235 | bet   1,000원 BANKER | P:10♥ K♦ Q♥=0  B:2♥ 5♠=7  BANKER(W)  | +950원 → 113,800원
H236 | bet   1,000원 BANKER | P:6♦ 4♣ 8♥=8  B:10♣ 4♦=4  PLAYER(L)  | -1,000원 → 112,800원  [start]
H237 | bet   2,000원 PLAYER | P:5♦ 2♦=7  B:5♣ 3♥=8  BANKER(L)  | -2,000원 → 110,800원
H238 | bet   4,000원 PLAYER | P:6♥ 7♣=3  B:8♠ A♣=9  BANKER(L)  | -4,000원 → 106,800원
H239 | bet   8,000원 PLAYER | P:6♠ 6♣ Q♣=2  B:8♣ 8♠=6  BANKER(L)  | -8,000원 → 98,800원
H240 | bet  16,000원 PLAYER | P:Q♠ 8♦=8  B:3♣ 3♦=6  PLAYER(W)  | +16,000원 → 114,800원  [end_win]
H241 | bet   1,000원 BANKER | P:A♠ Q♠ 4♣=5  B:2♣ J♠ 4♣=6  BANKER(W)  | +950원 → 115,750원
H242 | bet   1,000원 BANKER | P:4♥ 10♦ 7♥=1  B:10♣ K♥ 6♦=6  BANKER(W)  | +950원 → 116,700원
H243 | bet   1,000원 BANKER | P:A♦ 7♠=8  B:7♠ 7♦=4  PLAYER(L)  | -1,000원 → 115,700원  [start]
H244 | bet   2,000원 PLAYER | P:3♦ 9♥=2  B:8♠ K♥=8  BANKER(L)  | -2,000원 → 113,700원
H245 | bet   4,000원 PLAYER | P:7♣ K♥=7  B:10♠ A♠ A♦=2  PLAYER(W)  | +4,000원 → 117,700원  [end_win]
H246 | bet   1,000원 BANKER | P:4♦ 8♣ 6♥=8  B:J♣ 2♠ 7♣=9  BANKER(W)  | +950원 → 118,650원
H247 | bet   1,000원 BANKER | P:3♠ K♦=3  B:10♣ 9♦=9  BANKER(W)  | +950원 → 119,600원
H248 | bet   1,000원 BANKER | P:K♣ 5♠ 6♣=1  B:A♣ 9♣ 7♦=7  BANKER(W)  | +950원 → 120,550원
H249 | bet   1,000원 BANKER | P:J♦ 8♥=8  B:6♥ 9♥=5  PLAYER(L)  | -1,000원 → 119,550원  [start]
H250 | bet   2,000원 PLAYER | P:8♦ Q♠=8  B:A♠ 8♦=9  BANKER(L)  | -2,000원 → 117,550원
H251 | bet   4,000원 PLAYER | P:2♠ 2♠ 3♦=7  B:K♥ 3♥ Q♣=3  PLAYER(W)  | +4,000원 → 121,550원  [end_win]
H252 | bet   1,000원 BANKER | P:K♣ A♦ K♣=1  B:5♣ 10♦=5  BANKER(W)  | +950원 → 122,500원
H253 | bet   1,000원 BANKER | P:2♣ J♠ 6♠=8  B:10♣ 10♥ 2♦=2  PLAYER(L)  | -1,000원 → 121,500원  [start]
H254 | bet   2,000원 PLAYER | P:4♠ J♦ K♦=4  B:2♥ Q♦ A♥=3  PLAYER(W)  | +2,000원 → 123,500원  [end_win]
H255 | bet   1,000원 BANKER | P:3♥ 7♥ 10♣=0  B:7♠ 5♦ 5♠=7  BANKER(W)  | +950원 → 124,450원
H256 | bet   1,000원 BANKER | P:6♠ 3♠=9  B:4♥ 8♠=2  PLAYER(L)  | -1,000원 → 123,450원  [start]
H257 | bet   2,000원 PLAYER | P:3♠ 5♦=8  B:8♥ 9♣=7  PLAYER(W)  | +2,000원 → 125,450원  [end_win]
H258 | bet   1,000원 BANKER | P:4♣ A♣ Q♥=5  B:7♣ J♦=7  BANKER(W)  | +950원 → 126,400원
H259 | bet   1,000원 BANKER | P:4♥ 10♣ 8♣=2  B:Q♥ K♣ A♦=1  PLAYER(L)  | -1,000원 → 125,400원  [start]
H260 | bet   2,000원 PLAYER | P:7♣ K♣=7  B:10♦ 7♥=7  TIE(T)  |     0원 → 125,400원
H261 | bet   2,000원 PLAYER | P:5♣ 4♦=9  B:K♣ J♥=0  PLAYER(W)  | +2,000원 → 127,400원  [end_win]
H262 | bet   1,000원 BANKER | P:4♥ K♥ K♥=4  B:5♣ 8♥ 7♠=0  PLAYER(L)  | -1,000원 → 126,400원  [start]
H263 | bet   2,000원 PLAYER | P:7♦ A♦=8  B:4♦ 5♥=9  BANKER(L)  | -2,000원 → 124,400원
H264 | bet   4,000원 PLAYER | P:Q♥ 6♠=6  B:3♠ 2♥ 8♥=3  PLAYER(W)  | +4,000원 → 128,400원  [end_win]
H265 | bet   1,000원 BANKER | P:3♦ A♥=4  B:10♠ 8♣=8  BANKER(W)  | +950원 → 129,350원
H266 | bet   1,000원 BANKER | P:7♦ 9♣=6  B:6♦ K♥=6  TIE(T)  |     0원 → 129,350원
H267 | bet   1,000원 BANKER | P:5♦ 7♥=2  B:2♣ 6♦=8  BANKER(W)  | +950원 → 130,300원
H268 | bet   1,000원 BANKER | P:5♠ 6♠=1  B:10♣ 8♣=8  BANKER(W)  | +950원 → 131,250원
H269 | bet   1,000원 BANKER | P:2♦ J♥ 3♣=5  B:2♠ 4♣=6  BANKER(W)  | +950원 → 132,200원
H270 | bet   1,000원 BANKER | P:5♠ 3♠=8  B:4♦ 2♣=6  PLAYER(L)  | -1,000원 → 131,200원  [start]
H271 | bet   2,000원 PLAYER | P:9♠ 2♦ 10♥=1  B:2♣ 9♠ 10♥=1  TIE(T)  |     0원 → 131,200원
H272 | bet   2,000원 PLAYER | P:9♥ 5♠ A♣=5  B:K♠ A♠ 6♥=7  BANKER(L)  | -2,000원 → 129,200원
H273 | bet   4,000원 PLAYER | P:9♦ 6♠ J♠=5  B:7♣ 9♣=6  BANKER(L)  | -4,000원 → 125,200원
H274 | bet   8,000원 PLAYER | P:J♦ 7♥=7  B:6♥ 2♥=8  BANKER(L)  | -8,000원 → 117,200원
H275 | bet  16,000원 PLAYER | P:3♥ 7♦ 3♣=3  B:9♣ 3♦ 6♣=8  BANKER(L)  | -16,000원 → 101,200원  [end_giveup]
H276 | bet   1,000원 BANKER | P:K♠ A♠=1  B:9♠ 9♠=8  BANKER(W)  | +950원 → 102,150원
H277 | bet   1,000원 BANKER | P:Q♠ 6♠=6  B:7♣ 3♠ A♣=1  PLAYER(L)  | -1,000원 → 101,150원  [start]
H278 | bet   2,000원 PLAYER | P:2♦ 8♠=0  B:4♣ 4♦=8  BANKER(L)  | -2,000원 → 99,150원
H279 | bet   4,000원 PLAYER | P:K♦ 10♣ A♦=1  B:6♥ A♠=7  BANKER(L)  | -4,000원 → 95,150원
H280 | bet   8,000원 PLAYER | P:3♦ 10♥ K♠=3  B:4♣ A♠=5  BANKER(L)  | -8,000원 → 87,150원
H281 | bet  16,000원 PLAYER | P:K♣ 3♣=3  B:J♠ 9♥=9  BANKER(L)  | -16,000원 → 71,150원  [end_giveup]
H282 | bet   1,000원 BANKER | P:3♠ 5♣=8  B:A♠ 8♦=9  BANKER(W)  | +950원 → 72,100원
H283 | bet   1,000원 BANKER | P:6♥ 4♥ 4♣=4  B:3♣ 10♦ 6♥=9  BANKER(W)  | +950원 → 73,050원
H284 | bet   1,000원 BANKER | P:Q♠ 5♠ 8♥=3  B:Q♦ 7♥=7  BANKER(W)  | +950원 → 74,000원
H285 | bet   1,000원 BANKER | P:K♦ 2♦ A♥=3  B:5♥ 7♦ J♣=2  PLAYER(L)  | -1,000원 → 73,000원  [start]
H286 | bet   2,000원 PLAYER | P:3♦ 3♥=6  B:4♠ A♠ J♣=5  PLAYER(W)  | +2,000원 → 75,000원  [end_win]
H287 | bet   1,000원 BANKER | P:Q♥ 10♦ K♦=0  B:2♦ A♦ A♥=4  BANKER(W)  | +950원 → 75,950원
H288 | bet   1,000원 BANKER | P:8♣ 10♥=8  B:Q♣ 8♦=8  TIE(T)  |     0원 → 75,950원
H289 | bet   1,000원 BANKER | P:6♦ K♥=6  B:6♣ A♥=7  BANKER(W)  | +950원 → 76,900원
H290 | bet   1,000원 BANKER | P:J♥ 2♠=2  B:J♠ 8♦=8  BANKER(W)  | +950원 → 77,850원
H291 | bet   1,000원 BANKER | P:J♣ Q♣ 2♠=2  B:3♣ 7♣ A♣=1  PLAYER(L)  | -1,000원 → 76,850원  [start]
H292 | bet   2,000원 PLAYER | P:10♦ 10♣ K♦=0  B:Q♦ 10♠ 10♥=0  TIE(T)  |     0원 → 76,850원
H293 | bet   2,000원 PLAYER | P:9♥ K♠=9  B:10♥ 6♦=6  PLAYER(W)  | +2,000원 → 78,850원  [end_win]
H294 | bet   1,000원 BANKER | P:6♣ 4♣ 6♦=6  B:J♠ 5♣ J♣=5  PLAYER(L)  | -1,000원 → 77,850원  [start]
H295 | bet   2,000원 PLAYER | P:3♦ 2♣=5  B:J♦ 8♦=8  BANKER(L)  | -2,000원 → 75,850원
H296 | bet   4,000원 PLAYER | P:8♠ 10♠=8  B:9♥ 7♥=6  PLAYER(W)  | +4,000원 → 79,850원  [end_win]
H297 | bet   1,000원 BANKER | P:3♣ 9♦ K♦=2  B:J♥ 7♠=7  BANKER(W)  | +950원 → 80,800원
H298 | bet   1,000원 BANKER | P:K♠ 4♣ Q♦=4  B:3♣ A♥=4  TIE(T)  |     0원 → 80,800원
H299 | bet   1,000원 BANKER | P:7♥ 8♠ J♥=5  B:10♠ 5♠=5  TIE(T)  |     0원 → 80,800원
H300 | bet   1,000원 BANKER | P:10♣ Q♣ 5♠=5  B:K♦ A♦ 5♣=6  BANKER(W)  | +950원 → 81,750원
H301 | bet   1,000원 BANKER | P:8♦ 10♠=8  B:5♥ Q♦=5  PLAYER(L)  | -1,000원 → 80,750원  [start]
H302 | bet   2,000원 PLAYER | P:8♣ 2♥ Q♠=0  B:K♠ 4♥=4  BANKER(L)  | -2,000원 → 78,750원
H303 | bet   4,000원 PLAYER | P:J♥ J♣ 10♠=0  B:8♣ 8♠=6  BANKER(L)  | -4,000원 → 74,750원
H304 | bet   8,000원 PLAYER | P:10♦ K♠ Q♥=0  B:6♠ Q♥=6  BANKER(L)  | -8,000원 → 66,750원
H305 | bet  16,000원 PLAYER | P:10♥ 6♦=6  B:8♠ 4♠ 7♠=9  BANKER(L)  | -16,000원 → 50,750원  [end_giveup]
H306 | bet   1,000원 BANKER | P:9♠ 3♣=2  B:J♠ 8♥=8  BANKER(W)  | +950원 → 51,700원
H307 | bet   1,000원 BANKER | P:7♣ 6♦ 4♣=7  B:4♥ 10♦ 6♣=0  PLAYER(L)  | -1,000원 → 50,700원  [start]
H308 | bet   2,000원 PLAYER | P:9♠ K♥=9  B:J♣ 9♦=9  TIE(T)  |     0원 → 50,700원
H309 | bet   2,000원 PLAYER | P:7♠ 3♦ J♦=0  B:9♦ A♥ 10♠=0  TIE(T)  |     0원 → 50,700원
H310 | bet   2,000원 PLAYER | P:Q♦ J♠ 8♣=8  B:3♦ J♥=3  PLAYER(W)  | +2,000원 → 52,700원  [end_win]
H311 | bet   1,000원 BANKER | P:5♥ 3♥=8  B:9♠ 10♠=9  BANKER(W)  | +950원 → 53,650원
H312 | bet   1,000원 BANKER | P:7♥ K♣=7  B:6♣ 8♥ A♣=5  PLAYER(L)  | -1,000원 → 52,650원  [start]
H313 | bet   2,000원 PLAYER | P:7♣ 5♦ 3♠=5  B:7♠ 6♥ 8♠=1  PLAYER(W)  | +2,000원 → 54,650원  [end_win]
H314 | bet   1,000원 BANKER | P:A♣ 6♣=7  B:A♣ K♥ 4♥=5  PLAYER(L)  | -1,000원 → 53,650원  [start]
H315 | bet   2,000원 PLAYER | P:8♥ 8♦=6  B:5♥ 5♥ 9♥=9  BANKER(L)  | -2,000원 → 51,650원
H316 | bet   4,000원 PLAYER | P:5♦ 2♥=7  B:A♦ 5♦=6  PLAYER(W)  | +4,000원 → 55,650원  [end_win]
H317 | bet   1,000원 BANKER | P:2♥ 7♦=9  B:9♣ 2♣=1  PLAYER(L)  | -1,000원 → 54,650원  [start]
H318 | bet   2,000원 PLAYER | P:Q♥ 9♥=9  B:7♦ 9♦=6  PLAYER(W)  | +2,000원 → 56,650원  [end_win]
H319 | bet   1,000원 BANKER | P:K♥ J♦ Q♣=0  B:Q♠ Q♠ 3♥=3  BANKER(W)  | +950원 → 57,600원
H320 | bet   1,000원 BANKER | P:4♠ 6♠ 7♦=7  B:Q♥ 4♦ 9♦=3  PLAYER(L)  | -1,000원 → 56,600원  [start]
H321 | bet   2,000원 PLAYER | P:7♠ 4♥ 2♣=3  B:4♠ 9♦ Q♦=3  TIE(T)  |     0원 → 56,600원
H322 | bet   2,000원 PLAYER | P:Q♣ J♦ A♥=1  B:7♠ Q♦=7  BANKER(L)  | -2,000원 → 54,600원
H323 | bet   4,000원 PLAYER | P:4♦ 2♥=6  B:9♣ Q♣=9  BANKER(L)  | -4,000원 → 50,600원
H324 | bet   8,000원 PLAYER | P:5♦ K♠ 3♥=8  B:5♣ A♦=6  PLAYER(W)  | +8,000원 → 58,600원  [end_win]
H325 | bet   1,000원 BANKER | P:5♥ 2♦=7  B:9♠ 9♥=8  BANKER(W)  | +950원 → 59,550원
H326 | bet   1,000원 BANKER | P:9♣ A♠ 2♣=2  B:2♠ 5♥=7  BANKER(W)  | +950원 → 60,500원
H327 | bet   1,000원 BANKER | P:4♠ 4♦=8  B:6♣ J♣=6  PLAYER(L)  | -1,000원 → 59,500원  [start]
H328 | bet   2,000원 PLAYER | P:4♠ 2♦=6  B:Q♠ 10♦ Q♠=0  PLAYER(W)  | +2,000원 → 61,500원  [end_win]
H329 | bet   1,000원 BANKER | P:7♠ 3♠ 3♦=3  B:5♥ Q♣=5  BANKER(W)  | +950원 → 62,450원
H330 | bet   1,000원 BANKER | P:2♦ 7♥=9  B:3♦ 8♥=1  PLAYER(L)  | -1,000원 → 61,450원  [start]
H331 | bet   2,000원 PLAYER | P:5♥ Q♣ Q♥=5  B:Q♥ Q♣ 5♣=5  TIE(T)  |     0원 → 61,450원
H332 | bet   2,000원 PLAYER | P:7♣ 4♣ 5♦=6  B:2♦ 4♠=6  TIE(T)  |     0원 → 61,450원
H333 | bet   2,000원 PLAYER | P:4♠ 4♣=8  B:J♣ J♥=0  PLAYER(W)  | +2,000원 → 63,450원  [end_win]
H334 | bet   1,000원 BANKER | P:2♣ 2♠=4  B:10♥ 8♠=8  BANKER(W)  | +950원 → 64,400원
H335 | bet   1,000원 BANKER | P:5♣ 8♦ 7♣=0  B:7♠ 3♣ 10♣=0  TIE(T)  |     0원 → 64,400원
H336 | bet   1,000원 BANKER | P:10♦ 8♣=8  B:8♣ 4♣=2  PLAYER(L)  | -1,000원 → 63,400원  [start]
H337 | bet   2,000원 PLAYER | P:K♥ 3♣ 6♠=9  B:3♠ A♣ Q♥=4  PLAYER(W)  | +2,000원 → 65,400원  [end_win]
H338 | bet   1,000원 BANKER | P:J♣ 6♦=6  B:2♦ 8♦ J♠=0  PLAYER(L)  | -1,000원 → 64,400원  [start]
H339 | bet   2,000원 PLAYER | P:7♠ 4♦=1  B:8♦ 10♣=8  BANKER(L)  | -2,000원 → 62,400원
H340 | bet   4,000원 PLAYER | P:7♦ 6♥=3  B:4♥ 4♠=8  BANKER(L)  | -4,000원 → 58,400원
H341 | bet   8,000원 PLAYER | P:10♣ 6♣=6  B:7♥ 4♦ 9♦=0  PLAYER(W)  | +8,000원 → 66,400원  [end_win]
H342 | bet   1,000원 BANKER | P:K♦ Q♠ 3♠=3  B:6♣ 8♣ 5♦=9  BANKER(W)  | +950원 → 67,350원
H343 | bet   1,000원 BANKER | P:9♣ J♦=9  B:10♦ 2♠=2  PLAYER(L)  | -1,000원 → 66,350원  [start]
H344 | bet   2,000원 PLAYER | P:Q♥ J♦ 6♠=6  B:A♥ 10♣ 8♣=9  BANKER(L)  | -2,000원 → 64,350원
H345 | bet   4,000원 PLAYER | P:Q♦ 10♠ K♣=0  B:9♥ A♦ 2♣=2  BANKER(L)  | -4,000원 → 60,350원
H346 | bet   8,000원 PLAYER | P:3♦ K♣=3  B:2♣ 6♣=8  BANKER(L)  | -8,000원 → 52,350원
H347 | bet  16,000원 PLAYER | P:8♦ Q♥=8  B:5♥ 9♠=4  PLAYER(W)  | +16,000원 → 68,350원  [end_win]
H348 | bet   1,000원 BANKER | P:9♦ J♣=9  B:7♥ K♥=7  PLAYER(L)  | -1,000원 → 67,350원  [start]
H349 | bet   2,000원 PLAYER | P:4♦ Q♣ 5♠=9  B:10♠ 4♥ 8♥=2  PLAYER(W)  | +2,000원 → 69,350원  [end_win]
H350 | bet   1,000원 BANKER | P:2♦ 10♠ K♣=2  B:K♦ 3♠ J♥=3  BANKER(W)  | +950원 → 70,300원
H351 | bet   1,000원 BANKER | P:5♣ 5♥ A♣=1  B:2♣ K♥ 8♣=0  PLAYER(L)  | -1,000원 → 69,300원  [start]
H352 | bet   2,000원 PLAYER | P:5♥ 5♣=0  B:8♣ K♣=8  BANKER(L)  | -2,000원 → 67,300원
H353 | bet   4,000원 PLAYER | P:6♠ 7♥ 6♣=9  B:7♦ 9♠ 6♥=2  PLAYER(W)  | +4,000원 → 71,300원  [end_win]
H354 | bet   1,000원 BANKER | P:3♦ 7♠ 3♠=3  B:Q♠ Q♦ A♦=1  PLAYER(L)  | -1,000원 → 70,300원  [start]
H355 | bet   2,000원 PLAYER | P:A♦ 3♣=4  B:8♥ Q♠=8  BANKER(L)  | -2,000원 → 68,300원
H356 | bet   4,000원 PLAYER | P:A♥ J♥ 5♦=6  B:6♥ K♦=6  TIE(T)  |     0원 → 68,300원
H357 | bet   4,000원 PLAYER | P:10♥ K♠ 6♦=6  B:6♦ A♣=7  BANKER(L)  | -4,000원 → 64,300원
H358 | bet   8,000원 PLAYER | P:5♠ 5♣ 10♦=0  B:10♥ J♠ 9♥=9  BANKER(L)  | -8,000원 → 56,300원
H359 | bet  16,000원 PLAYER | P:Q♣ 8♦=8  B:2♠ A♣=3  PLAYER(W)  | +16,000원 → 72,300원  [end_win]
H360 | bet   1,000원 BANKER | P:4♦ 7♣ K♦=1  B:7♦ 3♠ 3♣=3  BANKER(W)  | +950원 → 73,250원
H361 | bet   1,000원 BANKER | P:7♦ 10♣=7  B:J♦ 9♣=9  BANKER(W)  | +950원 → 74,200원
H362 | bet   1,000원 BANKER | P:3♦ 3♥=6  B:A♠ 7♥=8  BANKER(W)  | +950원 → 75,150원
H363 | bet   1,000원 BANKER | P:6♠ 5♦ 2♥=3  B:3♥ 4♥=7  BANKER(W)  | +950원 → 76,100원
H364 | bet   1,000원 BANKER | P:5♦ 6♦ 2♣=3  B:4♣ J♠ Q♣=4  BANKER(W)  | +950원 → 77,050원
H365 | bet   1,000원 BANKER | P:K♣ Q♠ K♥=0  B:10♥ Q♦ 2♦=2  BANKER(W)  | +950원 → 78,000원
H366 | bet   1,000원 BANKER | P:10♦ 4♦ 7♥=1  B:4♥ 2♣ Q♣=6  BANKER(W)  | +950원 → 78,950원
H367 | bet   1,000원 BANKER | P:8♦ A♦=9  B:7♠ J♥=7  PLAYER(L)  | -1,000원 → 77,950원  [start]
H368 | bet   2,000원 PLAYER | P:5♦ K♦ A♥=6  B:Q♦ 3♠ 6♠=9  BANKER(L)  | -2,000원 → 75,950원
H369 | bet   4,000원 PLAYER | P:4♥ 4♠=8  B:2♦ K♠=2  PLAYER(W)  | +4,000원 → 79,950원  [end_win]
H370 | bet   1,000원 BANKER | P:10♥ 4♠ 7♠=1  B:J♣ J♦ A♣=1  TIE(T)  |     0원 → 79,950원
H371 | bet   1,000원 BANKER | P:9♦ 2♥=1  B:5♠ 4♠=9  BANKER(W)  | +950원 → 80,900원
H372 | bet   1,000원 BANKER | P:10♠ 4♣=4  B:3♠ 5♣=8  BANKER(W)  | +950원 → 81,850원
H373 | bet   1,000원 BANKER | P:J♣ 8♠=8  B:10♦ 3♥=3  PLAYER(L)  | -1,000원 → 80,850원  [start]
H374 | bet   2,000원 PLAYER | P:5♠ 2♦=7  B:K♦ 9♥=9  BANKER(L)  | -2,000원 → 78,850원
H375 | bet   4,000원 PLAYER | P:10♦ 2♥=2  B:Q♥ 8♣=8  BANKER(L)  | -4,000원 → 74,850원
H376 | bet   8,000원 PLAYER | P:7♣ J♠=7  B:J♠ 6♦=6  PLAYER(W)  | +8,000원 → 82,850원  [end_win]
H377 | bet   1,000원 BANKER | P:5♣ A♦=6  B:3♥ Q♦ 5♥=8  BANKER(W)  | +950원 → 83,800원
H378 | bet   1,000원 BANKER | P:J♣ 4♦ Q♥=4  B:A♠ 10♠ A♣=2  PLAYER(L)  | -1,000원 → 82,800원  [start]
H379 | bet   2,000원 PLAYER | P:4♠ 9♥ 5♥=8  B:9♣ 3♦ 8♠=0  PLAYER(W)  | +2,000원 → 84,800원  [end_win]
H380 | bet   1,000원 BANKER | P:9♣ 9♠=8  B:A♥ 2♥=3  PLAYER(L)  | -1,000원 → 83,800원  [start]
H381 | bet   2,000원 PLAYER | P:9♣ Q♠=9  B:9♣ K♣=9  TIE(T)  |     0원 → 83,800원
H382 | bet   2,000원 PLAYER | P:2♥ 6♥=8  B:2♠ J♠=2  PLAYER(W)  | +2,000원 → 85,800원  [end_win]
H383 | bet   1,000원 BANKER | P:K♥ Q♥ 5♥=5  B:A♦ A♠ A♠=3  PLAYER(L)  | -1,000원 → 84,800원  [start]
H384 | bet   2,000원 PLAYER | P:A♠ 9♠ 10♣=0  B:A♠ J♦ 3♣=4  BANKER(L)  | -2,000원 → 82,800원
H385 | bet   4,000원 PLAYER | P:2♣ 7♦=9  B:8♥ 6♥=4  PLAYER(W)  | +4,000원 → 86,800원  [end_win]
H386 | bet   1,000원 BANKER | P:2♣ A♥ 10♣=3  B:J♥ 4♥=4  BANKER(W)  | +950원 → 87,750원
H387 | bet   1,000원 BANKER | P:2♠ K♦ 2♠=4  B:6♦ 10♣=6  BANKER(W)  | +950원 → 88,700원
H388 | bet   1,000원 BANKER | P:Q♠ 4♣ J♥=4  B:J♣ A♥ 9♥=0  PLAYER(L)  | -1,000원 → 87,700원  [start]
H389 | bet   2,000원 PLAYER | P:2♥ 8♠ K♥=0  B:3♥ 10♥ Q♠=3  BANKER(L)  | -2,000원 → 85,700원
H390 | bet   4,000원 PLAYER | P:6♠ 6♥=2  B:8♠ K♣=8  BANKER(L)  | -4,000원 → 81,700원
H391 | bet   8,000원 PLAYER | P:J♣ 9♣=9  B:4♥ 3♥=7  PLAYER(W)  | +8,000원 → 89,700원  [end_win]
H392 | bet   1,000원 BANKER | P:9♦ 7♦=6  B:A♥ J♦ 4♠=5  PLAYER(L)  | -1,000원 → 88,700원  [start]
H393 | bet   2,000원 PLAYER | P:6♣ 7♠ A♣=4  B:K♠ 5♠=5  BANKER(L)  | -2,000원 → 86,700원
H394 | bet   4,000원 PLAYER | P:K♣ K♠ 9♠=9  B:6♦ 9♦=5  PLAYER(W)  | +4,000원 → 90,700원  [end_win]
H395 | bet   1,000원 BANKER | P:9♣ 8♥=7  B:7♦ 9♦=6  PLAYER(L)  | -1,000원 → 89,700원  [start]
H396 | bet   2,000원 PLAYER | P:8♥ J♦=8  B:7♠ K♥=7  PLAYER(W)  | +2,000원 → 91,700원  [end_win]
H397 | bet   1,000원 BANKER | P:6♣ 3♣=9  B:Q♦ 6♣=6  PLAYER(L)  | -1,000원 → 90,700원  [start]
H398 | bet   2,000원 PLAYER | P:10♠ 5♠ 5♠=0  B:5♦ 5♠ 9♥=9  BANKER(L)  | -2,000원 → 88,700원
H399 | bet   4,000원 PLAYER | P:6♠ 4♣ K♥=0  B:Q♠ 3♦ 6♥=9  BANKER(L)  | -4,000원 → 84,700원
H400 | bet   8,000원 PLAYER | P:7♣ 10♥=7  B:2♦ 8♦ A♦=1  PLAYER(W)  | +8,000원 → 92,700원  [end_win]
H401 | bet   1,000원 BANKER | P:8♠ 2♥ 4♦=4  B:3♥ 2♠ A♥=6  BANKER(W)  | +950원 → 93,650원
H402 | bet   1,000원 BANKER | P:9♦ 3♥ 3♣=5  B:4♣ 9♠ Q♣=3  PLAYER(L)  | -1,000원 → 92,650원  [start]
H403 | bet   2,000원 PLAYER | P:10♠ 2♥ A♦=3  B:7♣ 6♣ J♠=3  TIE(T)  |     0원 → 92,650원
H404 | bet   2,000원 PLAYER | P:J♥ 6♥=6  B:5♦ 10♠ 3♣=8  BANKER(L)  | -2,000원 → 90,650원
H405 | bet   4,000원 PLAYER | P:7♣ 8♦ J♠=5  B:8♥ 5♣ A♠=4  PLAYER(W)  | +4,000원 → 94,650원  [end_win]
H406 | bet   1,000원 BANKER | P:J♥ 10♥ 4♦=4  B:8♠ 6♦ 9♦=3  PLAYER(L)  | -1,000원 → 93,650원  [start]
H407 | bet   2,000원 PLAYER | P:9♥ 8♠=7  B:10♦ 7♣=7  TIE(T)  |     0원 → 93,650원
H408 | bet   2,000원 PLAYER | P:2♠ 7♥=9  B:8♥ 9♥=7  PLAYER(W)  | +2,000원 → 95,650원  [end_win]
H409 | bet   1,000원 BANKER | P:4♥ K♠ Q♦=4  B:7♦ J♦=7  BANKER(W)  | +950원 → 96,600원
H410 | bet   1,000원 BANKER | P:9♠ J♥=9  B:4♦ A♦=5  PLAYER(L)  | -1,000원 → 95,600원  [start]
H411 | bet   2,000원 PLAYER | P:7♣ 9♣=6  B:K♠ 5♣ 6♦=1  PLAYER(W)  | +2,000원 → 97,600원  [end_win]
H412 | bet   1,000원 BANKER | P:4♠ 8♣ 3♣=5  B:6♦ 8♥ J♣=4  PLAYER(L)  | -1,000원 → 96,600원  [start]
H413 | bet   2,000원 PLAYER | P:3♣ 4♥=7  B:7♠ 3♠ K♦=0  PLAYER(W)  | +2,000원 → 98,600원  [end_win]
H414 | bet   1,000원 BANKER | P:A♣ K♦ 4♦=5  B:10♠ A♦ 4♦=5  TIE(T)  |     0원 → 98,600원
H415 | bet   1,000원 BANKER | P:A♥ A♠ 9♥=1  B:Q♦ 10♠ 8♦=8  BANKER(W)  | +950원 → 99,550원
H416 | bet   1,000원 BANKER | P:9♣ 2♥ Q♣=1  B:2♠ 9♥ Q♠=1  TIE(T)  |     0원 → 99,550원
H417 | bet   1,000원 BANKER | P:5♥ 8♥ 10♣=3  B:10♣ 2♣ 7♥=9  BANKER(W)  | +950원 → 100,500원
H418 | bet   1,000원 BANKER | P:K♣ 9♣=9  B:9♣ 6♦=5  PLAYER(L)  | -1,000원 → 99,500원  [start]
H419 | bet   2,000원 PLAYER | P:K♣ J♠ K♦=0  B:6♥ 10♦=6  BANKER(L)  | -2,000원 → 97,500원
H420 | bet   4,000원 PLAYER | P:3♥ J♥ 3♠=6  B:2♥ 9♦ 8♦=9  BANKER(L)  | -4,000원 → 93,500원
H421 | bet   8,000원 PLAYER | P:4♥ 6♥ 2♠=2  B:8♠ 5♥ 2♦=5  BANKER(L)  | -8,000원 → 85,500원
H422 | bet  16,000원 PLAYER | P:10♠ 2♥ 7♥=9  B:J♠ 2♣ 2♠=4  PLAYER(W)  | +16,000원 → 101,500원  [end_win]
H423 | bet   1,000원 BANKER | P:2♥ 9♦ 9♣=0  B:A♦ A♣ 4♣=6  BANKER(W)  | +950원 → 102,450원
H424 | bet   1,000원 BANKER | P:J♠ Q♥ 2♣=2  B:J♣ 10♠ 8♠=8  BANKER(W)  | +950원 → 103,400원
H425 | bet   1,000원 BANKER | P:6♥ J♠=6  B:7♥ 2♠=9  BANKER(W)  | +950원 → 104,350원
H426 | bet   1,000원 BANKER | P:10♦ 5♥ 2♦=7  B:K♥ 10♥ 9♦=9  BANKER(W)  | +950원 → 105,300원
H427 | bet   1,000원 BANKER | P:9♠ J♦=9  B:10♥ 5♠=5  PLAYER(L)  | -1,000원 → 104,300원  [start]
H428 | bet   2,000원 PLAYER | P:8♣ 9♦=7  B:Q♣ 5♣ 7♥=2  PLAYER(W)  | +2,000원 → 106,300원  [end_win]
H429 | bet   1,000원 BANKER | P:3♥ 10♣ 6♣=9  B:6♠ Q♦ 2♦=8  PLAYER(L)  | -1,000원 → 105,300원  [start]
H430 | bet   2,000원 PLAYER | P:3♦ 10♦ A♠=4  B:6♥ K♠=6  BANKER(L)  | -2,000원 → 103,300원
H431 | bet   4,000원 PLAYER | P:Q♠ 7♥=7  B:3♥ Q♥ 4♥=7  TIE(T)  |     0원 → 103,300원
H432 | bet   4,000원 PLAYER | P:9♣ J♦=9  B:Q♠ J♥=0  PLAYER(W)  | +4,000원 → 107,300원  [end_win]
H433 | bet   1,000원 BANKER | P:3♥ K♣ 3♥=6  B:10♠ 10♥ 6♠=6  TIE(T)  |     0원 → 107,300원
H434 | bet   1,000원 BANKER | P:2♥ 6♣=8  B:A♠ 9♦=0  PLAYER(L)  | -1,000원 → 106,300원  [start]
H435 | bet   2,000원 PLAYER | P:6♦ A♠=7  B:10♥ 10♣ 2♥=2  PLAYER(W)  | +2,000원 → 108,300원  [end_win]
H436 | bet   1,000원 BANKER | P:J♣ 3♠=3  B:A♦ 7♦=8  BANKER(W)  | +950원 → 109,250원
H437 | bet   1,000원 BANKER | P:7♣ Q♦=7  B:K♦ 8♣=8  BANKER(W)  | +950원 → 110,200원
H438 | bet   1,000원 BANKER | P:3♣ 9♣ 9♥=1  B:8♥ 7♠=5  BANKER(W)  | +950원 → 111,150원
H439 | bet   1,000원 BANKER | P:7♦ 6♠ Q♠=3  B:K♦ K♣ 3♦=3  TIE(T)  |     0원 → 111,150원
H440 | bet   1,000원 BANKER | P:4♣ 10♦ 5♠=9  B:7♦ J♦=7  PLAYER(L)  | -1,000원 → 110,150원  [start]
H441 | bet   2,000원 PLAYER | P:Q♦ 3♣=3  B:8♣ 10♠=8  BANKER(L)  | -2,000원 → 108,150원
H442 | bet   4,000원 PLAYER | P:J♦ 4♥ 2♣=6  B:5♦ 6♠ J♣=1  PLAYER(W)  | +4,000원 → 112,150원  [end_win]
H443 | bet   1,000원 BANKER | P:7♠ 9♥=6  B:3♣ 6♣=9  BANKER(W)  | +950원 → 113,100원
H444 | bet   1,000원 BANKER | P:5♠ 5♦ K♦=0  B:3♦ 4♥=7  BANKER(W)  | +950원 → 114,050원
H445 | bet   1,000원 BANKER | P:8♠ 9♣=7  B:6♣ 3♠=9  BANKER(W)  | +950원 → 115,000원
H446 | bet   1,000원 BANKER | P:J♥ 5♦=5  B:A♥ 7♣=8  BANKER(W)  | +950원 → 115,950원
H447 | bet   1,000원 BANKER | P:5♠ A♠=6  B:4♠ 10♣ A♣=5  PLAYER(L)  | -1,000원 → 114,950원  [start]
H448 | bet   2,000원 PLAYER | P:K♥ 9♥=9  B:A♣ 2♠=3  PLAYER(W)  | +2,000원 → 116,950원  [end_win]
H449 | bet   1,000원 BANKER | P:Q♣ 5♣ 4♠=9  B:A♣ 4♦ 4♦=9  TIE(T)  |     0원 → 116,950원
H450 | bet   1,000원 BANKER | P:6♣ 2♦=8  B:6♦ 2♥=8  TIE(T)  |     0원 → 116,950원
H451 | bet   1,000원 BANKER | P:5♥ 3♠=8  B:7♥ 6♦=3  PLAYER(L)  | -1,000원 → 115,950원  [start]
H452 | bet   2,000원 PLAYER | P:8♦ 4♦ 7♠=9  B:7♦ 5♣ 7♠=9  TIE(T)  |     0원 → 115,950원
H453 | bet   2,000원 PLAYER | P:A♠ Q♥ 9♠=0  B:J♠ Q♥ Q♥=0  TIE(T)  |     0원 → 115,950원
H454 | bet   2,000원 PLAYER | P:8♠ Q♥=8  B:5♥ K♥=5  PLAYER(W)  | +2,000원 → 117,950원  [end_win]
H455 | bet   1,000원 BANKER | P:5♦ K♣ 10♦=5  B:A♥ 5♥=6  BANKER(W)  | +950원 → 118,900원
H456 | bet   1,000원 BANKER | P:4♣ 3♣=7  B:4♦ 8♠ 5♦=7  TIE(T)  |     0원 → 118,900원
H457 | bet   1,000원 BANKER | P:Q♥ 6♣=6  B:Q♦ J♠ 4♣=4  PLAYER(L)  | -1,000원 → 117,900원  [start]
H458 | bet   2,000원 PLAYER | P:K♠ 2♣ 8♠=0  B:3♥ 10♥=3  BANKER(L)  | -2,000원 → 115,900원
H459 | bet   4,000원 PLAYER | P:6♥ 10♦=6  B:K♥ 3♠ 6♥=9  BANKER(L)  | -4,000원 → 111,900원
H460 | bet   8,000원 PLAYER | P:3♦ J♥=3  B:9♦ Q♥=9  BANKER(L)  | -8,000원 → 103,900원
H461 | bet  16,000원 PLAYER | P:A♠ 7♠=8  B:A♦ A♦=2  PLAYER(W)  | +16,000원 → 119,900원  [end_win]
H462 | bet   1,000원 BANKER | P:9♥ 5♣=4  B:8♦ 10♣=8  BANKER(W)  | +950원 → 120,850원
H463 | bet   1,000원 BANKER | P:A♣ 9♠ 5♣=5  B:3♣ 3♦=6  BANKER(W)  | +950원 → 121,800원
H464 | bet   1,000원 BANKER | P:5♠ J♣ 7♣=2  B:Q♣ 4♠ 2♦=6  BANKER(W)  | +950원 → 122,750원
H465 | bet   1,000원 BANKER | P:4♥ Q♦ 10♠=4  B:9♠ 7♦=6  BANKER(W)  | +950원 → 123,700원
H466 | bet   1,000원 BANKER | P:6♠ 3♥=9  B:K♦ 7♦=7  PLAYER(L)  | -1,000원 → 122,700원  [start]
H467 | bet   2,000원 PLAYER | P:Q♦ 8♥=8  B:9♠ Q♣=9  BANKER(L)  | -2,000원 → 120,700원
H468 | bet   4,000원 PLAYER | P:Q♠ 2♠=2  B:K♥ 9♠=9  BANKER(L)  | -4,000원 → 116,700원
H469 | bet   8,000원 PLAYER | P:4♣ A♣=5  B:6♥ 3♠=9  BANKER(L)  | -8,000원 → 108,700원
H470 | bet  16,000원 PLAYER | P:K♦ J♥ Q♠=0  B:K♠ 4♣=4  BANKER(L)  | -16,000원 → 92,700원  [end_giveup]
H471 | bet   1,000원 BANKER | P:5♣ Q♣ 2♣=7  B:J♥ 10♥ 2♦=2  PLAYER(L)  | -1,000원 → 91,700원  [start]
H472 | bet   2,000원 PLAYER | P:A♥ 7♣=8  B:7♠ 3♣=0  PLAYER(W)  | +2,000원 → 93,700원  [end_win]
H473 | bet   1,000원 BANKER | P:9♦ 8♥=7  B:K♥ J♦ Q♠=0  PLAYER(L)  | -1,000원 → 92,700원  [start]
H474 | bet   2,000원 PLAYER | P:A♥ 10♣ 10♥=1  B:4♠ 6♠ 6♣=6  BANKER(L)  | -2,000원 → 90,700원
H475 | bet   4,000원 PLAYER | P:8♥ 9♠=7  B:2♣ 8♣ 4♣=4  PLAYER(W)  | +4,000원 → 94,700원  [end_win]
H476 | bet   1,000원 BANKER | P:8♣ 2♠ 3♥=3  B:9♥ 4♦ 8♥=1  PLAYER(L)  | -1,000원 → 93,700원  [start]
H477 | bet   2,000원 PLAYER | P:5♠ 4♠=9  B:K♠ A♦=1  PLAYER(W)  | +2,000원 → 95,700원  [end_win]
H478 | bet   1,000원 BANKER | P:5♥ 2♣=7  B:8♣ 5♦ A♥=4  PLAYER(L)  | -1,000원 → 94,700원  [start]
H479 | bet   2,000원 PLAYER | P:10♦ 8♦=8  B:J♣ K♠=0  PLAYER(W)  | +2,000원 → 96,700원  [end_win]
H480 | bet   1,000원 BANKER | P:5♦ A♦=6  B:J♦ 7♣=7  BANKER(W)  | +950원 → 97,650원
H481 | bet   1,000원 BANKER | P:A♠ J♠ 3♦=4  B:J♥ K♣ 8♠=8  BANKER(W)  | +950원 → 98,600원
H482 | bet   1,000원 BANKER | P:6♥ 7♦ 7♦=0  B:J♣ J♦ 4♠=4  BANKER(W)  | +950원 → 99,550원
H483 | bet   1,000원 BANKER | P:7♣ 6♠ 9♦=2  B:2♦ 4♠=6  BANKER(W)  | +950원 → 100,500원
H484 | bet   1,000원 BANKER | P:5♦ 3♦=8  B:4♥ 2♦=6  PLAYER(L)  | -1,000원 → 99,500원  [start]
H485 | bet   2,000원 PLAYER | P:8♥ 5♥=3  B:10♣ 8♣=8  BANKER(L)  | -2,000원 → 97,500원
H486 | bet   4,000원 PLAYER | P:Q♣ Q♠ K♣=0  B:6♦ 4♣ 7♠=7  BANKER(L)  | -4,000원 → 93,500원
H487 | bet   8,000원 PLAYER | P:J♣ 6♣=6  B:6♦ 5♣ J♠=1  PLAYER(W)  | +8,000원 → 101,500원  [end_win]
H488 | bet   1,000원 BANKER | P:Q♦ A♥ K♣=1  B:K♥ 2♥ 8♦=0  PLAYER(L)  | -1,000원 → 100,500원  [start]
H489 | bet   2,000원 PLAYER | P:A♣ 7♥=8  B:Q♣ 9♥=9  BANKER(L)  | -2,000원 → 98,500원
H490 | bet   4,000원 PLAYER | P:7♥ 10♦=7  B:8♦ 7♣ K♥=5  PLAYER(W)  | +4,000원 → 102,500원  [end_win]
H491 | bet   1,000원 BANKER | P:4♥ 3♦=7  B:K♠ 5♠ J♦=5  PLAYER(L)  | -1,000원 → 101,500원  [start]
H492 | bet   2,000원 PLAYER | P:3♥ K♠ Q♣=3  B:5♥ A♥=6  BANKER(L)  | -2,000원 → 99,500원
H493 | bet   4,000원 PLAYER | P:9♠ 4♥ 4♣=7  B:4♠ 8♥ 6♣=8  BANKER(L)  | -4,000원 → 95,500원
H494 | bet   8,000원 PLAYER | P:2♥ 3♠=5  B:9♣ K♠=9  BANKER(L)  | -8,000원 → 87,500원
H495 | bet  16,000원 PLAYER | P:6♦ 8♦ 5♦=9  B:A♣ 4♦ 4♦=9  TIE(T)  |     0원 → 87,500원
H496 | bet  16,000원 PLAYER | P:7♣ J♥=7  B:7♥ K♠=7  TIE(T)  |     0원 → 87,500원
H497 | bet  16,000원 PLAYER | P:Q♥ A♦ K♠=1  B:2♦ K♥ 6♥=8  BANKER(L)  | -16,000원 → 71,500원  [end_giveup]
H498 | bet   1,000원 BANKER | P:3♣ Q♦ 7♣=0  B:J♠ 7♣=7  BANKER(W)  | +950원 → 72,450원
H499 | bet   1,000원 BANKER | P:6♥ K♥=6  B:4♥ 7♦ Q♠=1  PLAYER(L)  | -1,000원 → 71,450원  [start]
H500 | bet   2,000원 PLAYER | P:7♣ 5♣ 8♥=0  B:5♠ J♣=5  BANKER(L)  | -2,000원 → 69,450원
H501 | bet   4,000원 PLAYER | P:J♠ 6♦=6  B:9♠ A♠ 9♣=9  BANKER(L)  | -4,000원 → 65,450원
H502 | bet   8,000원 PLAYER | P:4♣ A♥ 7♥=2  B:7♦ 5♥ 10♠=2  TIE(T)  |     0원 → 65,450원
H503 | bet   8,000원 PLAYER | P:8♦ 9♣=7  B:K♦ 3♥ 9♥=2  PLAYER(W)  | +8,000원 → 73,450원  [end_win]
H504 | bet   1,000원 BANKER | P:7♠ 2♦=9  B:2♥ J♠=2  PLAYER(L)  | -1,000원 → 72,450원  [start]
H505 | bet   2,000원 PLAYER | P:5♠ 4♣=9  B:3♠ K♣=3  PLAYER(W)  | +2,000원 → 74,450원  [end_win]
H506 | bet   1,000원 BANKER | P:Q♦ Q♣ 9♠=9  B:6♠ 8♠=4  PLAYER(L)  | -1,000원 → 73,450원  [start]
H507 | bet   2,000원 PLAYER | P:6♦ A♠=7  B:8♥ J♣=8  BANKER(L)  | -2,000원 → 71,450원
H508 | bet   4,000원 PLAYER | P:7♥ 8♦ 10♦=5  B:10♣ 5♣=5  TIE(T)  |     0원 → 71,450원
H509 | bet   4,000원 PLAYER | P:J♠ 7♦=7  B:3♣ 2♦ 6♠=1  PLAYER(W)  | +4,000원 → 75,450원  [end_win]
H510 | bet   1,000원 BANKER | P:J♥ 2♣ J♣=2  B:J♦ 7♦=7  BANKER(W)  | +950원 → 76,400원
H511 | bet   1,000원 BANKER | P:6♠ A♦=7  B:Q♣ 4♦ K♣=4  PLAYER(L)  | -1,000원 → 75,400원  [start]
H512 | bet   2,000원 PLAYER | P:5♠ A♥=6  B:4♣ 3♠=7  BANKER(L)  | -2,000원 → 73,400원
H513 | bet   4,000원 PLAYER | P:5♦ K♦ 10♣=5  B:8♣ 3♣ A♣=2  PLAYER(W)  | +4,000원 → 77,400원  [end_win]
H514 | bet   1,000원 BANKER | P:3♥ 2♥ Q♠=5  B:4♥ Q♠=4  PLAYER(L)  | -1,000원 → 76,400원  [start]
H515 | bet   2,000원 PLAYER | P:10♠ Q♥=0  B:9♦ Q♥=9  BANKER(L)  | -2,000원 → 74,400원
H516 | bet   4,000원 PLAYER | P:5♦ 6♣=1  B:4♥ 4♥=8  BANKER(L)  | -4,000원 → 70,400원
H517 | bet   8,000원 PLAYER | P:5♣ 6♣=1  B:J♦ 9♦=9  BANKER(L)  | -8,000원 → 62,400원
H518 | bet  16,000원 PLAYER | P:A♠ Q♦=1  B:J♦ 9♣=9  BANKER(L)  | -16,000원 → 46,400원  [end_giveup]

Result: RUIN (capital_depleted)
Final: 46,400원  Hands: 518  Bets: 460  Wagered: 1,263,000원  Max losing streak: 6
