=== Session 38 ===
Seed: 1031873030137572921
Initial: 100,000원  Target: 500,000원  Ruin: 50,000원  Table-max: 100,000원
Strategy: martingale (pivot, steps=4)
Base bet: 1,000원  Primary side: BANKER

H001 | bet   1,000원 BANKER | P:7♦ 8♥=5  B:6♦ 3♣=9  BANKER(W)  | +950원 → 100,950원
H002 | bet   1,000원 BANKER | P:7♠ K♦=7  B:5♠ A♥=6  PLAYER(L)  | -1,000원 → 99,950원  [start]
H003 | bet   2,000원 PLAYER | P:10♦ 8♦=8  B:5♣ 2♠=7  PLAYER(W)  | +2,000원 → 101,950원  [end_win]
H004 | bet   1,000원 BANKER | P:9♣ 4♠ 2♣=5  B:A♠ Q♥ Q♣=1  PLAYER(L)  | -1,000원 → 100,950원  [start]
H005 | bet   2,000원 PLAYER | P:10♠ 6♠=6  B:3♣ K♣ 5♥=8  BANKER(L)  | -2,000원 → 98,950원
H006 | bet   4,000원 PLAYER | P:9♥ 2♦ J♦=1  B:7♦ 5♦ 3♥=5  BANKER(L)  | -4,000원 → 94,950원
H007 | bet   8,000원 PLAYER | P:7♠ 6♦ 9♥=2  B:A♥ 3♣=4  BANKER(L)  | -8,000원 → 86,950원
H008 | bet  16,000원 PLAYER | P:Q♠ 4♠ 5♥=9  B:5♦ K♥ 7♥=2  PLAYER(W)  | +16,000원 → 102,950원  [end_win]
H009 | bet   1,000원 BANKER | P:4♣ 5♦=9  B:4♠ 3♣=7  PLAYER(L)  | -1,000원 → 101,950원  [start]
H010 | bet   2,000원 PLAYER | P:8♠ 9♠=7  B:4♥ 4♠=8  BANKER(L)  | -2,000원 → 99,950원
H011 | bet   4,000원 PLAYER | P:J♥ 2♥ 8♥=0  B:7♠ 6♦=3  BANKER(L)  | -4,000원 → 95,950원
H012 | bet   8,000원 PLAYER | P:J♦ 2♦ 4♥=6  B:6♥ 5♦ 8♠=9  BANKER(L)  | -8,000원 → 87,950원
H013 | bet  16,000원 PLAYER | P:10♣ K♦ 4♣=4  B:4♥ 10♠ 3♣=7  BANKER(L)  | -16,000원 → 71,950원  [end_giveup]
H014 | bet   1,000원 BANKER | P:10♥ 2♠ 9♠=1  B:A♠ 3♥=4  BANKER(W)  | +950원 → 72,900원
H015 | bet   1,000원 BANKER | P:Q♣ 9♣=9  B:6♣ 4♥=0  PLAYER(L)  | -1,000원 → 71,900원  [start]
H016 | bet   2,000원 PLAYER | P:J♣ 10♣ 3♠=3  B:7♣ 3♦ 9♣=9  BANKER(L)  | -2,000원 → 69,900원
H017 | bet   4,000원 PLAYER | P:K♠ 6♦=6  B:Q♣ 6♣=6  TIE(T)  |     0원 → 69,900원
H018 | bet   4,000원 PLAYER | P:10♦ A♠ 9♣=0  B:A♠ K♠ 7♣=8  BANKER(L)  | -4,000원 → 65,900원
H019 | bet   8,000원 PLAYER | P:9♦ 3♦ 4♠=6  B:10♣ 2♠ Q♥=2  PLAYER(W)  | +8,000원 → 73,900원  [end_win]
H020 | bet   1,000원 BANKER | P:10♥ J♥ J♦=0  B:5♣ 8♣ 9♠=2  BANKER(W)  | +950원 → 74,850원
H021 | bet   1,000원 BANKER | P:A♣ K♣ 3♠=4  B:10♥ J♣ 5♥=5  BANKER(W)  | +950원 → 75,800원
H022 | bet   1,000원 BANKER | P:7♠ 5♣=2  B:8♣ J♦=8  BANKER(W)  | +950원 → 76,750원
H023 | bet   1,000원 BANKER | P:6♦ J♣=6  B:J♠ 4♣ 2♥=6  TIE(T)  |     0원 → 76,750원
H024 | bet   1,000원 BANKER | P:10♠ 8♦=8  B:A♦ 8♥=9  BANKER(W)  | +950원 → 77,700원
H025 | bet   1,000원 BANKER | P:8♦ Q♠=8  B:3♠ 9♣=2  PLAYER(L)  | -1,000원 → 76,700원  [start]
H026 | bet   2,000원 PLAYER | P:3♥ K♥ 4♦=7  B:K♥ 3♠ J♥=3  PLAYER(W)  | +2,000원 → 78,700원  [end_win]
H027 | bet   1,000원 BANKER | P:5♠ 2♦=7  B:10♥ 9♦=9  BANKER(W)  | +950원 → 79,650원
H028 | bet   1,000원 BANKER | P:10♦ 10♠ 3♣=3  B:A♠ 3♦ 3♦=7  BANKER(W)  | +950원 → 80,600원
H029 | bet   1,000원 BANKER | P:4♦ Q♦=4  B:5♦ 4♥=9  BANKER(W)  | +950원 → 81,550원
H030 | bet   1,000원 BANKER | P:Q♠ 7♠=7  B:5♥ J♥ J♥=5  PLAYER(L)  | -1,000원 → 80,550원  [start]
H031 | bet   2,000원 PLAYER | P:5♦ 10♣ A♣=6  B:J♠ 5♣=5  PLAYER(W)  | +2,000원 → 82,550원  [end_win]
H032 | bet   1,000원 BANKER | P:2♣ K♥ 9♦=1  B:6♣ 6♥ 7♦=9  BANKER(W)  | +950원 → 83,500원
H033 | bet   1,000원 BANKER | P:A♣ 9♥ 2♣=2  B:A♠ 9♣ 7♦=7  BANKER(W)  | +950원 → 84,450원
H034 | bet   1,000원 BANKER | P:4♣ 5♠=9  B:J♥ 4♦=4  PLAYER(L)  | -1,000원 → 83,450원  [start]
H035 | bet   2,000원 PLAYER | P:J♥ 2♣ 6♠=8  B:7♣ 6♦ J♦=3  PLAYER(W)  | +2,000원 → 85,450원  [end_win]
H036 | bet   1,000원 BANKER | P:2♠ 8♣ 6♦=6  B:Q♦ A♦ 6♣=7  BANKER(W)  | +950원 → 86,400원
H037 | bet   1,000원 BANKER | P:K♥ 3♦ 7♥=0  B:K♦ 10♦ 9♦=9  BANKER(W)  | +950원 → 87,350원
H038 | bet   1,000원 BANKER | P:3♦ 2♦ 2♥=7  B:J♣ A♣ 6♠=7  TIE(T)  |     0원 → 87,350원
H039 | bet   1,000원 BANKER | P:7♣ 5♦ K♦=2  B:8♥ 9♥=7  BANKER(W)  | +950원 → 88,300원
H040 | bet   1,000원 BANKER | P:J♠ 9♦=9  B:9♠ K♣=9  TIE(T)  |     0원 → 88,300원
H041 | bet   1,000원 BANKER | P:6♥ 5♠ 9♦=0  B:8♣ 8♠=6  BANKER(W)  | +950원 → 89,250원
H042 | bet   1,000원 BANKER | P:10♦ 3♥ 8♠=1  B:A♠ 4♣=5  BANKER(W)  | +950원 → 90,200원
H043 | bet   1,000원 BANKER | P:7♥ Q♠=7  B:K♠ Q♣ 2♥=2  PLAYER(L)  | -1,000원 → 89,200원  [start]
H044 | bet   2,000원 PLAYER | P:5♥ 3♥=8  B:A♦ 5♣=6  PLAYER(W)  | +2,000원 → 91,200원  [end_win]
H045 | bet   1,000원 BANKER | P:4♠ K♠ 6♥=0  B:10♥ Q♣ K♣=0  TIE(T)  |     0원 → 91,200원
H046 | bet   1,000원 BANKER | P:7♣ 6♥ A♥=4  B:3♥ 2♥=5  BANKER(W)  | +950원 → 92,150원
H047 | bet   1,000원 BANKER | P:K♦ 8♦=8  B:9♥ 3♥=2  PLAYER(L)  | -1,000원 → 91,150원  [start]
H048 | bet   2,000원 PLAYER | P:8♥ 5♥=3  B:2♦ 7♥=9  BANKER(L)  | -2,000원 → 89,150원
H049 | bet   4,000원 PLAYER | P:Q♥ J♦ 4♦=4  B:8♦ 7♦ J♦=5  BANKER(L)  | -4,000원 → 85,150원
H050 | bet   8,000원 PLAYER | P:2♦ A♥=3  B:10♣ 8♣=8  BANKER(L)  | -8,000원 → 77,150원
H051 | bet  16,000원 PLAYER | P:A♣ Q♣ 5♠=6  B:5♥ 6♣ 4♦=5  PLAYER(W)  | +16,000원 → 93,150원  [end_win]
H052 | bet   1,000원 BANKER | P:A♣ 4♠ 10♦=5  B:3♠ J♣ J♦=3  PLAYER(L)  | -1,000원 → 92,150원  [start]
H053 | bet   2,000원 PLAYER | P:3♣ 7♣=0  B:10♥ 8♠=8  BANKER(L)  | -2,000원 → 90,150원
H054 | bet   4,000원 PLAYER | P:A♦ 8♠=9  B:3♠ 9♦=2  PLAYER(W)  | +4,000원 → 94,150원  [end_win]
H055 | bet   1,000원 BANKER | P:Q♦ 5♠ 7♥=2  B:8♥ 6♣ A♦=5  BANKER(W)  | +950원 → 95,100원
H056 | bet   1,000원 BANKER | P:6♠ 9♠ J♠=5  B:A♥ Q♠ Q♥=1  PLAYER(L)  | -1,000원 → 94,100원  [start]
H057 | bet   2,000원 PLAYER | P:K♦ 4♥ 10♠=4  B:7♣ 6♣ K♣=3  PLAYER(W)  | +2,000원 → 96,100원  [end_win]
H058 | bet   1,000원 BANKER | P:2♣ 8♥ 5♦=5  B:K♥ 7♥=7  BANKER(W)  | +950원 → 97,050원
H059 | bet   1,000원 BANKER | P:5♥ 2♣=7  B:10♦ 5♣ K♥=5  PLAYER(L)  | -1,000원 → 96,050원  [start]
H060 | bet   2,000원 PLAYER | P:2♠ 2♠ J♣=4  B:A♣ K♠ J♠=1  PLAYER(W)  | +2,000원 → 98,050원  [end_win]
H061 | bet   1,000원 BANKER | P:4♦ K♠ 8♦=2  B:6♥ K♥=6  BANKER(W)  | +950원 → 99,000원
H062 | bet   1,000원 BANKER | P:7♥ 9♠=6  B:3♣ Q♥ 4♦=7  BANKER(W)  | +950원 → 99,950원
H063 | bet   1,000원 BANKER | P:Q♣ 3♠ 3♦=6  B:A♦ 9♣ Q♥=0  PLAYER(L)  | -1,000원 → 98,950원  [start]
H064 | bet   2,000원 PLAYER | P:J♣ 7♦=7  B:4♥ 8♣ 2♥=4  PLAYER(W)  | +2,000원 → 100,950원  [end_win]
H065 | bet   1,000원 BANKER | P:10♣ 2♥ A♥=3  B:K♣ A♦ Q♠=1  PLAYER(L)  | -1,000원 → 99,950원  [start]
H066 | bet   2,000원 PLAYER | P:3♦ 6♠=9  B:J♠ 8♠=8  PLAYER(W)  | +2,000원 → 101,950원  [end_win]
H067 | bet   1,000원 BANKER | P:Q♦ 7♣=7  B:2♦ Q♦ 8♠=0  PLAYER(L)  | -1,000원 → 100,950원  [start]
H068 | bet   2,000원 PLAYER | P:8♦ 7♠ K♣=5  B:9♦ 4♥ Q♠=3  PLAYER(W)  | +2,000원 → 102,950원  [end_win]
H069 | bet   1,000원 BANKER | P:7♥ 9♥=6  B:K♠ 9♣=9  BANKER(W)  | +950원 → 103,900원
H070 | bet   1,000원 BANKER | P:5♣ K♣=5  B:6♠ 2♥=8  BANKER(W)  | +950원 → 104,850원
H071 | bet   1,000원 BANKER | P:9♠ 7♠=6  B:5♠ 6♥ 4♠=5  PLAYER(L)  | -1,000원 → 103,850원  [start]
H072 | bet   2,000원 PLAYER | P:10♣ 10♠ K♦=0  B:10♠ Q♣ 4♣=4  BANKER(L)  | -2,000원 → 101,850원
H073 | bet   4,000원 PLAYER | P:7♠ 2♠=9  B:6♠ 9♥=5  PLAYER(W)  | +4,000원 → 105,850원  [end_win]
H074 | bet   1,000원 BANKER | P:2♣ A♦=3  B:8♥ K♠=8  BANKER(W)  | +950원 → 106,800원
H075 | bet   1,000원 BANKER | P:8♣ 6♣=4  B:K♦ 8♣=8  BANKER(W)  | +950원 → 107,750원
H076 | bet   1,000원 BANKER | P:Q♥ 3♥ 5♣=8  B:2♦ J♥ 4♦=6  PLAYER(L)  | -1,000원 → 106,750원  [start]
H077 | bet   2,000원 PLAYER | P:J♠ 7♦=7  B:10♥ J♠ 10♦=0  PLAYER(W)  | +2,000원 → 108,750원  [end_win]
H078 | bet   1,000원 BANKER | P:Q♥ A♠=1  B:8♦ Q♦=8  BANKER(W)  | +950원 → 109,700원
H079 | bet   1,000원 BANKER | P:2♠ Q♠ 9♠=1  B:A♥ 10♣ 5♠=6  BANKER(W)  | +950원 → 110,650원
H080 | bet   1,000원 BANKER | P:Q♦ Q♦ 6♦=6  B:6♠ 4♣ A♣=1  PLAYER(L)  | -1,000원 → 109,650원  [start]
H081 | bet   2,000원 PLAYER | P:5♦ 3♣=8  B:4♣ J♠=4  PLAYER(W)  | +2,000원 → 111,650원  [end_win]
H082 | bet   1,000원 BANKER | P:10♠ 5♥ Q♠=5  B:5♦ 8♣ 10♥=3  PLAYER(L)  | -1,000원 → 110,650원  [start]
H083 | bet   2,000원 PLAYER | P:Q♦ 9♥=9  B:Q♥ K♠=0  PLAYER(W)  | +2,000원 → 112,650원  [end_win]
H084 | bet   1,000원 BANKER | P:3♣ 9♠ 5♣=7  B:8♠ 8♥=6  PLAYER(L)  | -1,000원 → 111,650원  [start]
H085 | bet   2,000원 PLAYER | P:9♣ 10♣=9  B:8♦ 8♣=6  PLAYER(W)  | +2,000원 → 113,650원  [end_win]
H086 | bet   1,000원 BANKER | P:10♥ 6♣=6  B:4♦ 2♠=6  TIE(T)  |     0원 → 113,650원
H087 | bet   1,000원 BANKER | P:8♣ K♣=8  B:6♠ 3♠=9  BANKER(W)  | +950원 → 114,600원
H088 | bet   1,000원 BANKER | P:7♥ J♥=7  B:6♥ 9♣ 6♠=1  PLAYER(L)  | -1,000원 → 113,600원  [start]
H089 | bet   2,000원 PLAYER | P:K♥ J♠ 7♠=7  B:5♥ 5♥ 5♣=5  PLAYER(W)  | +2,000원 → 115,600원  [end_win]
H090 | bet   1,000원 BANKER | P:6♥ 9♥ 6♦=1  B:9♣ 7♦ 7♠=3  BANKER(W)  | +950원 → 116,550원
H091 | bet   1,000원 BANKER | P:6♦ K♣=6  B:6♠ 6♣ 6♦=8  BANKER(W)  | +950원 → 117,500원
H092 | bet   1,000원 BANKER | P:6♥ A♥=7  B:4♠ 10♣ 9♣=3  PLAYER(L)  | -1,000원 → 116,500원  [start]
H093 | bet   2,000원 PLAYER | P:Q♣ 8♥=8  B:5♠ J♥=5  PLAYER(W)  | +2,000원 → 118,500원  [end_win]
H094 | bet   1,000원 BANKER | P:K♠ 4♠ 4♦=8  B:7♠ 7♦ 5♦=9  BANKER(W)  | +950원 → 119,450원
H095 | bet   1,000원 BANKER | P:A♥ K♣ 5♦=6  B:J♣ 5♦ J♥=5  PLAYER(L)  | -1,000원 → 118,450원  [start]
H096 | bet   2,000원 PLAYER | P:3♥ 7♥ 4♠=4  B:2♣ A♣ 10♣=3  PLAYER(W)  | +2,000원 → 120,450원  [end_win]
H097 | bet   1,000원 BANKER | P:2♦ 9♦ A♠=2  B:Q♥ 2♣ K♠=2  TIE(T)  |     0원 → 120,450원
H098 | bet   1,000원 BANKER | P:2♠ A♠ 6♣=9  B:4♦ 8♣ 7♦=9  TIE(T)  |     0원 → 120,450원
H099 | bet   1,000원 BANKER | P:3♣ 8♣ 9♦=0  B:8♦ 7♠=5  BANKER(W)  | +950원 → 121,400원
H100 | bet   1,000원 BANKER | P:Q♥ 4♣ 10♦=4  B:9♠ 8♠=7  BANKER(W)  | +950원 → 122,350원
H101 | bet   1,000원 BANKER | P:A♦ J♣ K♥=1  B:J♠ K♦ 8♠=8  BANKER(W)  | +950원 → 123,300원
H102 | bet   1,000원 BANKER | P:2♣ K♣=2  B:6♦ 2♣=8  BANKER(W)  | +950원 → 124,250원
H103 | bet   1,000원 BANKER | P:3♣ 5♣=8  B:10♠ 9♣=9  BANKER(W)  | +950원 → 125,200원
H104 | bet   1,000원 BANKER | P:Q♠ A♣ J♣=1  B:5♦ J♦=5  BANKER(W)  | +950원 → 126,150원
H105 | bet   1,000원 BANKER | P:4♣ A♠=5  B:9♠ 10♥=9  BANKER(W)  | +950원 → 127,100원
H106 | bet   1,000원 BANKER | P:7♣ Q♣=7  B:6♥ 7♣ A♠=4  PLAYER(L)  | -1,000원 → 126,100원  [start]
H107 | bet   2,000원 PLAYER | P:7♥ J♦=7  B:9♠ J♦=9  BANKER(L)  | -2,000원 → 124,100원
H108 | bet   4,000원 PLAYER | P:2♠ 9♠ 2♦=3  B:4♦ Q♦ 9♦=3  TIE(T)  |     0원 → 124,100원
H109 | bet   4,000원 PLAYER | P:A♦ 9♠ 3♠=3  B:6♣ 5♠ J♣=1  PLAYER(W)  | +4,000원 → 128,100원  [end_win]
H110 | bet   1,000원 BANKER | P:6♥ 8♥ 7♣=1  B:5♥ Q♣ A♥=6  BANKER(W)  | +950원 → 129,050원
H111 | bet   1,000원 BANKER | P:6♣ 8♥ 9♥=3  B:K♠ K♥ 4♦=4  BANKER(W)  | +950원 → 130,000원
H112 | bet   1,000원 BANKER | P:4♣ 5♣=9  B:3♦ 4♣=7  PLAYER(L)  | -1,000원 → 129,000원  [start]
H113 | bet   2,000원 PLAYER | P:10♣ 8♥=8  B:7♥ 8♥=5  PLAYER(W)  | +2,000원 → 131,000원  [end_win]
H114 | bet   1,000원 BANKER | P:8♥ 10♣=8  B:2♦ 10♥=2  PLAYER(L)  | -1,000원 → 130,000원  [start]
H115 | bet   2,000원 PLAYER | P:2♥ A♠ 9♥=2  B:4♥ Q♦=4  BANKER(L)  | -2,000원 → 128,000원
H116 | bet   4,000원 PLAYER | P:Q♠ Q♠=0  B:7♣ 2♥=9  BANKER(L)  | -4,000원 → 124,000원
H117 | bet   8,000원 PLAYER | P:7♠ 3♥ 4♥=4  B:9♥ 4♥ 2♣=5  BANKER(L)  | -8,000원 → 116,000원
H118 | bet  16,000원 PLAYER | P:10♥ K♦ 4♦=4  B:Q♦ 6♥=6  BANKER(L)  | -16,000원 → 100,000원  [end_giveup]
H119 | bet   1,000원 BANKER | P:4♥ 6♠ K♣=0  B:A♣ 3♦=4  BANKER(W)  | +950원 → 100,950원
H120 | bet   1,000원 BANKER | P:9♣ 7♣=6  B:9♠ K♦=9  BANKER(W)  | +950원 → 101,900원
H121 | bet   1,000원 BANKER | P:4♠ Q♥ A♠=5  B:2♦ K♠ Q♣=2  PLAYER(L)  | -1,000원 → 100,900원  [start]
H122 | bet   2,000원 PLAYER | P:Q♦ A♣ 6♠=7  B:7♣ 4♣ 3♦=4  PLAYER(W)  | +2,000원 → 102,900원  [end_win]
H123 | bet   1,000원 BANKER | P:3♥ 7♥=0  B:7♠ 2♦=9  BANKER(W)  | +950원 → 103,850원
H124 | bet   1,000원 BANKER | P:6♣ 6♦ 7♥=9  B:8♣ 2♥ 8♠=8  PLAYER(L)  | -1,000원 → 102,850원  [start]
H125 | bet   2,000원 PLAYER | P:6♠ J♥=6  B:K♦ 6♣=6  TIE(T)  |     0원 → 102,850원
H126 | bet   2,000원 PLAYER | P:3♠ 10♠ 3♥=6  B:K♠ A♣ 3♥=4  PLAYER(W)  | +2,000원 → 104,850원  [end_win]
H127 | bet   1,000원 BANKER | P:9♥ Q♦=9  B:9♦ 2♠=1  PLAYER(L)  | -1,000원 → 103,850원  [start]
H128 | bet   2,000원 PLAYER | P:8♠ 2♣=0  B:9♦ Q♦=9  BANKER(L)  | -2,000원 → 101,850원
H129 | bet   4,000원 PLAYER | P:J♠ Q♥ J♦=0  B:4♥ 2♠=6  BANKER(L)  | -4,000원 → 97,850원
H130 | bet   8,000원 PLAYER | P:3♣ 3♣=6  B:9♥ 6♠ 4♠=9  BANKER(L)  | -8,000원 → 89,850원
H131 | bet  16,000원 PLAYER | P:J♠ 4♠ 2♥=6  B:7♥ 5♥ 4♥=6  TIE(T)  |     0원 → 89,850원
H132 | bet  16,000원 PLAYER | P:6♥ 9♦ J♠=5  B:A♣ J♦ 10♥=1  PLAYER(W)  | +16,000원 → 105,850원  [end_win]
H133 | bet   1,000원 BANKER | P:A♥ 5♠=6  B:Q♣ 8♣=8  BANKER(W)  | +950원 → 106,800원
H134 | bet   1,000원 BANKER | P:6♦ 10♦=6  B:K♣ Q♠ K♣=0  PLAYER(L)  | -1,000원 → 105,800원  [start]
H135 | bet   2,000원 PLAYER | P:10♠ 4♣=4  B:8♦ 10♣=8  BANKER(L)  | -2,000원 → 103,800원
H136 | bet   4,000원 PLAYER | P:3♠ Q♣ 9♦=2  B:8♦ 3♠ Q♠=1  PLAYER(W)  | +4,000원 → 107,800원  [end_win]
H137 | bet   1,000원 BANKER | P:2♥ 10♠ J♦=2  B:A♦ 10♦ K♣=1  PLAYER(L)  | -1,000원 → 106,800원  [start]
H138 | bet   2,000원 PLAYER | P:Q♠ 7♣=7  B:3♦ 6♣=9  BANKER(L)  | -2,000원 → 104,800원
H139 | bet   4,000원 PLAYER | P:3♥ K♦ J♥=3  B:2♣ A♥ 5♥=8  BANKER(L)  | -4,000원 → 100,800원
H140 | bet   8,000원 PLAYER | P:4♥ 10♦ 6♦=0  B:A♦ A♣ 4♦=6  BANKER(L)  | -8,000원 → 92,800원
H141 | bet  16,000원 PLAYER | P:2♦ A♥ 8♠=1  B:A♠ 10♣ J♣=1  TIE(T)  |     0원 → 92,800원
H142 | bet  16,000원 PLAYER | P:7♠ 5♣ 8♦=0  B:7♠ J♥=7  BANKER(L)  | -16,000원 → 76,800원  [end_giveup]
H143 | bet   1,000원 BANKER | P:A♦ J♦ 8♦=9  B:6♥ 4♥ Q♣=0  PLAYER(L)  | -1,000원 → 75,800원  [start]
H144 | bet   2,000원 PLAYER | P:2♦ Q♣ 2♠=4  B:K♥ K♥ 8♠=8  BANKER(L)  | -2,000원 → 73,800원
H145 | bet   4,000원 PLAYER | P:10♦ 5♣ A♥=6  B:5♠ 10♥=5  PLAYER(W)  | +4,000원 → 77,800원  [end_win]
H146 | bet   1,000원 BANKER | P:J♠ K♦ K♦=0  B:K♥ K♠ 5♣=5  BANKER(W)  | +950원 → 78,750원
H147 | bet   1,000원 BANKER | P:J♥ 9♣=9  B:10♠ 7♣=7  PLAYER(L)  | -1,000원 → 77,750원  [start]
H148 | bet   2,000원 PLAYER | P:10♠ A♣ 7♦=8  B:5♦ J♣ 5♠=0  PLAYER(W)  | +2,000원 → 79,750원  [end_win]
H149 | bet   1,000원 BANKER | P:5♠ 2♣=7  B:7♦ 3♦ 8♣=8  BANKER(W)  | +950원 → 80,700원
H150 | bet   1,000원 BANKER | P:4♠ K♥=4  B:10♣ 8♥=8  BANKER(W)  | +950원 → 81,650원
H151 | bet   1,000원 BANKER | P:10♦ 8♦=8  B:4♠ 9♦=3  PLAYER(L)  | -1,000원 → 80,650원  [start]
H152 | bet   2,000원 PLAYER | P:K♥ 7♥=7  B:7♦ A♠=8  BANKER(L)  | -2,000원 → 78,650원
H153 | bet   4,000원 PLAYER | P:2♠ 5♠=7  B:Q♥ 6♦=6  PLAYER(W)  | +4,000원 → 82,650원  [end_win]
H154 | bet   1,000원 BANKER | P:Q♥ 3♦ 8♦=1  B:3♣ Q♠=3  BANKER(W)  | +950원 → 83,600원
H155 | bet   1,000원 BANKER | P:J♥ K♠=0  B:3♥ 5♦=8  BANKER(W)  | +950원 → 84,550원
H156 | bet   1,000원 BANKER | P:A♦ 2♥ A♦=4  B:K♦ 5♠=5  BANKER(W)  | +950원 → 85,500원
H157 | bet   1,000원 BANKER | P:3♦ 9♥ 4♦=6  B:2♥ 2♦ 10♦=4  PLAYER(L)  | -1,000원 → 84,500원  [start]
H158 | bet   2,000원 PLAYER | P:5♣ 3♠=8  B:Q♥ 4♣=4  PLAYER(W)  | +2,000원 → 86,500원  [end_win]
H159 | bet   1,000원 BANKER | P:9♠ J♠=9  B:Q♦ J♣=0  PLAYER(L)  | -1,000원 → 85,500원  [start]
H160 | bet   2,000원 PLAYER | P:3♥ 9♣ 5♥=7  B:3♠ 7♦ 5♥=5  PLAYER(W)  | +2,000원 → 87,500원  [end_win]
H161 | bet   1,000원 BANKER | P:3♦ 3♣=6  B:10♥ J♦ 10♠=0  PLAYER(L)  | -1,000원 → 86,500원  [start]
H162 | bet   2,000원 PLAYER | P:9♠ 5♦ A♦=5  B:9♠ 8♣=7  BANKER(L)  | -2,000원 → 84,500원
H163 | bet   4,000원 PLAYER | P:A♥ 7♠=8  B:4♣ K♥=4  PLAYER(W)  | +4,000원 → 88,500원  [end_win]
H164 | bet   1,000원 BANKER | P:6♣ 5♥ 8♥=9  B:6♥ 9♥=5  PLAYER(L)  | -1,000원 → 87,500원  [start]
H165 | bet   2,000원 PLAYER | P:J♦ A♥ 9♣=0  B:A♦ 10♣ A♣=2  BANKER(L)  | -2,000원 → 85,500원
H166 | bet   4,000원 PLAYER | P:7♦ 7♥ K♠=4  B:3♦ J♦ 9♣=2  PLAYER(W)  | +4,000원 → 89,500원  [end_win]
H167 | bet   1,000원 BANKER | P:J♣ Q♥ 7♥=7  B:K♣ Q♠ 8♥=8  BANKER(W)  | +950원 → 90,450원
H168 | bet   1,000원 BANKER | P:4♠ 2♦=6  B:Q♦ 8♣=8  BANKER(W)  | +950원 → 91,400원
H169 | bet   1,000원 BANKER | P:2♣ 10♠ 4♦=6  B:5♣ 6♥ 10♣=1  PLAYER(L)  | -1,000원 → 90,400원  [start]
H170 | bet   2,000원 PLAYER | P:10♦ 9♣=9  B:10♣ 6♣=6  PLAYER(W)  | +2,000원 → 92,400원  [end_win]
H171 | bet   1,000원 BANKER | P:7♥ 10♠=7  B:6♦ 3♦=9  BANKER(W)  | +950원 → 93,350원
H172 | bet   1,000원 BANKER | P:7♣ 4♣ 3♠=4  B:3♠ 8♣ 3♥=4  TIE(T)  |     0원 → 93,350원
H173 | bet   1,000원 BANKER | P:10♠ 3♦ 6♥=9  B:J♣ 4♠ 5♠=9  TIE(T)  |     0원 → 93,350원
H174 | bet   1,000원 BANKER | P:A♥ 5♦=6  B:4♠ 6♣ 7♣=7  BANKER(W)  | +950원 → 94,300원
H175 | bet   1,000원 BANKER | P:A♣ 2♠ K♠=3  B:3♣ 10♥ 4♥=7  BANKER(W)  | +950원 → 95,250원
H176 | bet   1,000원 BANKER | P:8♦ 5♥ 4♠=7  B:9♥ A♣ 8♥=8  BANKER(W)  | +950원 → 96,200원
H177 | bet   1,000원 BANKER | P:2♥ J♦ 7♦=9  B:3♦ J♥ 6♦=9  TIE(T)  |     0원 → 96,200원
H178 | bet   1,000원 BANKER | P:6♦ 3♥=9  B:2♦ 10♠=2  PLAYER(L)  | -1,000원 → 95,200원  [start]
H179 | bet   2,000원 PLAYER | P:Q♥ 5♣=5  B:8♣ Q♣=8  BANKER(L)  | -2,000원 → 93,200원
H180 | bet   4,000원 PLAYER | P:Q♦ 8♠=8  B:5♥ K♦=5  PLAYER(W)  | +4,000원 → 97,200원  [end_win]
H181 | bet   1,000원 BANKER | P:5♥ 4♦=9  B:2♠ 9♣=1  PLAYER(L)  | -1,000원 → 96,200원  [start]
H182 | bet   2,000원 PLAYER | P:2♥ 8♦ 9♠=9  B:A♣ 5♦=6  PLAYER(W)  | +2,000원 → 98,200원  [end_win]
H183 | bet   1,000원 BANKER | P:Q♥ 10♥ A♣=1  B:9♠ 5♠=4  BANKER(W)  | +950원 → 99,150원
H184 | bet   1,000원 BANKER | P:A♥ 3♠ Q♦=4  B:A♣ 3♦=4  TIE(T)  |     0원 → 99,150원
H185 | bet   1,000원 BANKER | P:4♣ 4♥=8  B:Q♦ 10♣=0  PLAYER(L)  | -1,000원 → 98,150원  [start]
H186 | bet   2,000원 PLAYER | P:7♥ 6♥ 2♣=5  B:8♠ 2♦ 7♣=7  BANKER(L)  | -2,000원 → 96,150원
H187 | bet   4,000원 PLAYER | P:K♣ 2♥ 5♦=7  B:5♥ 2♦=7  TIE(T)  |     0원 → 96,150원
H188 | bet   4,000원 PLAYER | P:4♦ J♥ K♦=4  B:7♦ 6♣ K♥=3  PLAYER(W)  | +4,000원 → 100,150원  [end_win]
H189 | bet   1,000원 BANKER | P:2♦ 2♣ 10♦=4  B:Q♥ A♦ 2♣=3  PLAYER(L)  | -1,000원 → 99,150원  [start]
H190 | bet   2,000원 PLAYER | P:Q♥ 7♣=7  B:J♦ 8♦=8  BANKER(L)  | -2,000원 → 97,150원
H191 | bet   4,000원 PLAYER | P:9♦ 10♣=9  B:9♦ 4♦=3  PLAYER(W)  | +4,000원 → 101,150원  [end_win]
H192 | bet   1,000원 BANKER | P:Q♣ 6♥=6  B:7♠ 4♦ Q♦=1  PLAYER(L)  | -1,000원 → 100,150원  [start]
H193 | bet   2,000원 PLAYER | P:7♠ 3♥ A♦=1  B:5♥ 10♥=5  BANKER(L)  | -2,000원 → 98,150원
H194 | bet   4,000원 PLAYER | P:9♠ 7♠=6  B:K♠ 2♠ J♥=2  PLAYER(W)  | +4,000원 → 102,150원  [end_win]
H195 | bet   1,000원 BANKER | P:8♥ 10♣=8  B:J♣ 6♥=6  PLAYER(L)  | -1,000원 → 101,150원  [start]
H196 | bet   2,000원 PLAYER | P:8♠ 4♥ Q♦=2  B:5♥ Q♠=5  BANKER(L)  | -2,000원 → 99,150원
H197 | bet   4,000원 PLAYER | P:K♣ 2♣ K♣=2  B:8♦ 6♠=4  BANKER(L)  | -4,000원 → 95,150원
H198 | bet   8,000원 PLAYER | P:6♦ 5♠ A♦=2  B:9♦ 4♣ 4♥=7  BANKER(L)  | -8,000원 → 87,150원
H199 | bet  16,000원 PLAYER | P:9♦ Q♠=9  B:3♦ K♣=3  PLAYER(W)  | +16,000원 → 103,150원  [end_win]
H200 | bet   1,000원 BANKER | P:7♠ 3♠=0  B:8♣ K♦=8  BANKER(W)  | +950원 → 104,100원
H201 | bet   1,000원 BANKER | P:9♠ 3♠=2  B:9♥ K♣=9  BANKER(W)  | +950원 → 105,050원
H202 | bet   1,000원 BANKER | P:2♠ 5♣=7  B:K♠ 7♥=7  TIE(T)  |     0원 → 105,050원
H203 | bet   1,000원 BANKER | P:8♠ 10♥=8  B:J♦ 8♠=8  TIE(T)  |     0원 → 105,050원
H204 | bet   1,000원 BANKER | P:10♠ 5♣ K♠=5  B:J♥ A♥ 6♦=7  BANKER(W)  | +950원 → 106,000원
H205 | bet   1,000원 BANKER | P:2♦ 9♠ 2♠=3  B:10♣ J♠ 3♠=3  TIE(T)  |     0원 → 106,000원
H206 | bet   1,000원 BANKER | P:5♦ J♥ K♦=5  B:J♠ 10♥ 5♠=5  TIE(T)  |     0원 → 106,000원
H207 | bet   1,000원 BANKER | P:6♦ A♠=7  B:2♣ 6♦=8  BANKER(W)  | +950원 → 106,950원
H208 | bet   1,000원 BANKER | P:Q♣ 8♠=8  B:10♣ 4♥=4  PLAYER(L)  | -1,000원 → 105,950원  [start]
H209 | bet   2,000원 PLAYER | P:8♠ A♦=9  B:2♠ 10♦=2  PLAYER(W)  | +2,000원 → 107,950원  [end_win]
H210 | bet   1,000원 BANKER | P:3♥ 4♦=7  B:5♦ 10♥ Q♣=5  PLAYER(L)  | -1,000원 → 106,950원  [start]
H211 | bet   2,000원 PLAYER | P:J♠ 2♥ 7♠=9  B:A♠ A♥ 7♥=9  TIE(T)  |     0원 → 106,950원
H212 | bet   2,000원 PLAYER | P:7♦ A♠=8  B:6♠ Q♣=6  PLAYER(W)  | +2,000원 → 108,950원  [end_win]
H213 | bet   1,000원 BANKER | P:J♥ 5♠ 10♦=5  B:Q♠ 7♠=7  BANKER(W)  | +950원 → 109,900원
H214 | bet   1,000원 BANKER | P:A♥ 8♠=9  B:5♦ Q♣=5  PLAYER(L)  | -1,000원 → 108,900원  [start]
H215 | bet   2,000원 PLAYER | P:2♥ K♥ A♠=3  B:2♠ Q♠ 2♠=4  BANKER(L)  | -2,000원 → 106,900원
H216 | bet   4,000원 PLAYER | P:3♣ 8♥ K♦=1  B:J♥ Q♦ J♥=0  PLAYER(W)  | +4,000원 → 110,900원  [end_win]
H217 | bet   1,000원 BANKER | P:K♦ 9♦=9  B:6♣ 10♦=6  PLAYER(L)  | -1,000원 → 109,900원  [start]
H218 | bet   2,000원 PLAYER | P:4♠ 7♣ K♣=1  B:Q♣ 6♥=6  BANKER(L)  | -2,000원 → 107,900원
H219 | bet   4,000원 PLAYER | P:J♠ 3♦ A♥=4  B:K♥ J♦ A♠=1  PLAYER(W)  | +4,000원 → 111,900원  [end_win]
H220 | bet   1,000원 BANKER | P:J♠ 8♦=8  B:4♠ 6♣=0  PLAYER(L)  | -1,000원 → 110,900원  [start]
H221 | bet   2,000원 PLAYER | P:4♣ 3♣=7  B:2♣ 6♠=8  BANKER(L)  | -2,000원 → 108,900원
H222 | bet   4,000원 PLAYER | P:J♣ J♠=0  B:5♦ 3♥=8  BANKER(L)  | -4,000원 → 104,900원
H223 | bet   8,000원 PLAYER | P:4♥ J♣ Q♣=4  B:6♣ 6♦ 3♣=5  BANKER(L)  | -8,000원 → 96,900원
H224 | bet  16,000원 PLAYER | P:7♣ 6♣=3  B:10♦ 9♦=9  BANKER(L)  | -16,000원 → 80,900원  [end_giveup]
H225 | bet   1,000원 BANKER | P:3♣ K♥ J♦=3  B:5♠ 9♥=4  BANKER(W)  | +950원 → 81,850원
H226 | bet   1,000원 BANKER | P:K♥ 9♥=9  B:Q♠ A♠=1  PLAYER(L)  | -1,000원 → 80,850원  [start]
H227 | bet   2,000원 PLAYER | P:4♠ A♣ 6♥=1  B:K♥ 7♣=7  BANKER(L)  | -2,000원 → 78,850원
H228 | bet   4,000원 PLAYER | P:5♠ 3♣=8  B:K♠ 10♦=0  PLAYER(W)  | +4,000원 → 82,850원  [end_win]
H229 | bet   1,000원 BANKER | P:4♥ 9♣ J♦=3  B:A♠ 4♣=5  BANKER(W)  | +950원 → 83,800원
H230 | bet   1,000원 BANKER | P:5♣ 7♦ Q♥=2  B:5♣ J♣=5  BANKER(W)  | +950원 → 84,750원
H231 | bet   1,000원 BANKER | P:A♦ 9♥ 9♥=9  B:4♥ 9♣ 9♣=2  PLAYER(L)  | -1,000원 → 83,750원  [start]
H232 | bet   2,000원 PLAYER | P:8♥ Q♠=8  B:5♣ 3♥=8  TIE(T)  |     0원 → 83,750원
H233 | bet   2,000원 PLAYER | P:J♣ 7♦=7  B:K♠ 4♦ J♠=4  PLAYER(W)  | +2,000원 → 85,750원  [end_win]
H234 | bet   1,000원 BANKER | P:2♥ 2♥=4  B:8♥ Q♠=8  BANKER(W)  | +950원 → 86,700원
H235 | bet   1,000원 BANKER | P:10♦ 8♦=8  B:7♦ 3♥=0  PLAYER(L)  | -1,000원 → 85,700원  [start]
H236 | bet   2,000원 PLAYER | P:2♥ 7♦=9  B:8♣ 10♠=8  PLAYER(W)  | +2,000원 → 87,700원  [end_win]
H237 | bet   1,000원 BANKER | P:K♦ 9♣=9  B:9♥ 10♥=9  TIE(T)  |     0원 → 87,700원
H238 | bet   1,000원 BANKER | P:Q♥ K♣=0  B:8♣ J♠=8  BANKER(W)  | +950원 → 88,650원
H239 | bet   1,000원 BANKER | P:6♠ K♠=6  B:5♠ 2♦=7  BANKER(W)  | +950원 → 89,600원
H240 | bet   1,000원 BANKER | P:Q♦ K♥=0  B:10♥ 8♦=8  BANKER(W)  | +950원 → 90,550원
H241 | bet   1,000원 BANKER | P:8♥ 9♦=7  B:10♠ 3♠ 6♠=9  BANKER(W)  | +950원 → 91,500원
H242 | bet   1,000원 BANKER | P:2♦ 4♠=6  B:3♣ 9♠ 7♣=9  BANKER(W)  | +950원 → 92,450원
H243 | bet   1,000원 BANKER | P:Q♥ 4♣ 5♥=9  B:6♠ 4♦ 7♥=7  PLAYER(L)  | -1,000원 → 91,450원  [start]
H244 | bet   2,000원 PLAYER | P:3♣ A♣ 2♣=6  B:3♦ 9♦ 8♦=0  PLAYER(W)  | +2,000원 → 93,450원  [end_win]
H245 | bet   1,000원 BANKER | P:5♥ Q♥=5  B:10♠ 9♠=9  BANKER(W)  | +950원 → 94,400원
H246 | bet   1,000원 BANKER | P:3♠ J♦ K♣=3  B:K♠ 5♥=5  BANKER(W)  | +950원 → 95,350원
H247 | bet   1,000원 BANKER | P:5♦ 8♣ 3♠=6  B:5♠ 2♣=7  BANKER(W)  | +950원 → 96,300원
H248 | bet   1,000원 BANKER | P:4♥ 4♥=8  B:4♠ K♦=4  PLAYER(L)  | -1,000원 → 95,300원  [start]
H249 | bet   2,000원 PLAYER | P:6♠ A♠=7  B:A♠ 6♠=7  TIE(T)  |     0원 → 95,300원
H250 | bet   2,000원 PLAYER | P:K♦ 3♣ 10♥=3  B:8♠ 4♠ J♥=2  PLAYER(W)  | +2,000원 → 97,300원  [end_win]
H251 | bet   1,000원 BANKER | P:J♠ 6♣=6  B:9♣ 7♣=6  TIE(T)  |     0원 → 97,300원
H252 | bet   1,000원 BANKER | P:K♥ 4♦ 3♥=7  B:10♦ 6♦=6  PLAYER(L)  | -1,000원 → 96,300원  [start]
H253 | bet   2,000원 PLAYER | P:J♦ 9♠=9  B:Q♣ 9♦=9  TIE(T)  |     0원 → 96,300원
H254 | bet   2,000원 PLAYER | P:6♠ A♥=7  B:3♠ 6♣=9  BANKER(L)  | -2,000원 → 94,300원
H255 | bet   4,000원 PLAYER | P:10♦ 9♦=9  B:8♥ 10♠=8  PLAYER(W)  | +4,000원 → 98,300원  [end_win]
H256 | bet   1,000원 BANKER | P:9♥ 8♦=7  B:3♣ 10♣ 8♥=1  PLAYER(L)  | -1,000원 → 97,300원  [start]
H257 | bet   2,000원 PLAYER | P:6♥ 3♥=9  B:9♥ 2♣=1  PLAYER(W)  | +2,000원 → 99,300원  [end_win]
H258 | bet   1,000원 BANKER | P:4♦ J♠ J♠=4  B:Q♥ K♠ Q♠=0  PLAYER(L)  | -1,000원 → 98,300원  [start]
H259 | bet   2,000원 PLAYER | P:8♦ Q♥=8  B:J♦ 6♦=6  PLAYER(W)  | +2,000원 → 100,300원  [end_win]
H260 | bet   1,000원 BANKER | P:J♠ J♥ 10♣=0  B:5♦ 7♥ K♦=2  BANKER(W)  | +950원 → 101,250원
H261 | bet   1,000원 BANKER | P:7♥ A♣=8  B:3♦ 5♣=8  TIE(T)  |     0원 → 101,250원
H262 | bet   1,000원 BANKER | P:10♥ K♠ 9♦=9  B:J♦ 7♦=7  PLAYER(L)  | -1,000원 → 100,250원  [start]
H263 | bet   2,000원 PLAYER | P:5♣ K♠ 8♦=3  B:8♠ 2♥ A♥=1  PLAYER(W)  | +2,000원 → 102,250원  [end_win]
H264 | bet   1,000원 BANKER | P:A♦ 10♣ A♦=2  B:Q♠ 2♦ 9♦=1  PLAYER(L)  | -1,000원 → 101,250원  [start]
H265 | bet   2,000원 PLAYER | P:3♦ Q♣ 6♣=9  B:J♥ A♦ Q♦=1  PLAYER(W)  | +2,000원 → 103,250원  [end_win]
H266 | bet   1,000원 BANKER | P:10♣ Q♦ 3♦=3  B:5♣ 8♥ 7♠=0  PLAYER(L)  | -1,000원 → 102,250원  [start]
H267 | bet   2,000원 PLAYER | P:6♣ 3♣=9  B:Q♠ 7♦=7  PLAYER(W)  | +2,000원 → 104,250원  [end_win]
H268 | bet   1,000원 BANKER | P:7♦ 4♠ 7♥=8  B:6♠ Q♦ 10♦=6  PLAYER(L)  | -1,000원 → 103,250원  [start]
H269 | bet   2,000원 PLAYER | P:8♠ 4♦ 8♦=0  B:A♥ A♥ K♥=2  BANKER(L)  | -2,000원 → 101,250원
H270 | bet   4,000원 PLAYER | P:9♥ 8♣=7  B:Q♣ 3♥ 4♦=7  TIE(T)  |     0원 → 101,250원
H271 | bet   4,000원 PLAYER | P:Q♣ 6♥=6  B:6♠ A♦=7  BANKER(L)  | -4,000원 → 97,250원
H272 | bet   8,000원 PLAYER | P:7♦ 8♠ 2♥=7  B:J♥ Q♥ 9♥=9  BANKER(L)  | -8,000원 → 89,250원
H273 | bet  16,000원 PLAYER | P:4♥ A♠=5  B:9♦ 10♣=9  BANKER(L)  | -16,000원 → 73,250원  [end_giveup]
H274 | bet   1,000원 BANKER | P:7♦ 6♠ Q♣=3  B:9♠ 4♣ 7♣=0  PLAYER(L)  | -1,000원 → 72,250원  [start]
H275 | bet   2,000원 PLAYER | P:7♠ 3♠ 5♥=5  B:8♣ 5♦ 5♦=8  BANKER(L)  | -2,000원 → 70,250원
H276 | bet   4,000원 PLAYER | P:9♣ 9♦=8  B:2♦ K♥=2  PLAYER(W)  | +4,000원 → 74,250원  [end_win]
H277 | bet   1,000원 BANKER | P:6♦ K♦=6  B:9♦ A♥ A♣=1  PLAYER(L)  | -1,000원 → 73,250원  [start]
H278 | bet   2,000원 PLAYER | P:10♥ 2♠ Q♦=2  B:7♦ 6♥ 10♣=3  BANKER(L)  | -2,000원 → 71,250원
H279 | bet   4,000원 PLAYER | P:6♥ 7♣=3  B:4♦ 5♣=9  BANKER(L)  | -4,000원 → 67,250원
H280 | bet   8,000원 PLAYER | P:K♠ 2♣ 3♠=5  B:J♦ 5♦=5  TIE(T)  |     0원 → 67,250원
H281 | bet   8,000원 PLAYER | P:2♦ J♣ 9♠=1  B:K♥ 4♦=4  BANKER(L)  | -8,000원 → 59,250원
H282 | bet  16,000원 PLAYER | P:J♦ K♠ A♣=1  B:5♠ 2♠=7  BANKER(L)  | -16,000원 → 43,250원  [end_giveup]

Result: RUIN (capital_depleted)
Final: 43,250원  Hands: 282  Bets: 252  Wagered: 627,000원  Max losing streak: 7
