=== Session 26 ===
Seed: 3547098369942706623
Initial: 100,000원  Target: 500,000원  Ruin: 50,000원  Table-max: 100,000원
Strategy: martingale (pivot, steps=4)
Base bet: 1,000원  Primary side: BANKER

H001 | bet   1,000원 BANKER | P:2♠ K♦=2  B:4♦ 5♦=9  BANKER(W)  | +950원 → 100,950원
H002 | bet   1,000원 BANKER | P:8♠ K♥=8  B:A♠ 3♥=4  PLAYER(L)  | -1,000원 → 99,950원  [start]
H003 | bet   2,000원 PLAYER | P:Q♣ 2♦ 4♦=6  B:6♥ 9♠ J♠=5  PLAYER(W)  | +2,000원 → 101,950원  [end_win]
H004 | bet   1,000원 BANKER | P:4♣ 7♣ 2♥=3  B:3♦ Q♦ 10♦=3  TIE(T)  |     0원 → 101,950원
H005 | bet   1,000원 BANKER | P:J♣ K♣ A♣=1  B:2♠ 10♣ K♦=2  BANKER(W)  | +950원 → 102,900원
H006 | bet   1,000원 BANKER | P:K♣ 6♣=6  B:10♠ J♦ 4♦=4  PLAYER(L)  | -1,000원 → 101,900원  [start]
H007 | bet   2,000원 PLAYER | P:J♥ 2♥ 6♣=8  B:J♠ J♠ 8♦=8  TIE(T)  |     0원 → 101,900원
H008 | bet   2,000원 PLAYER | P:A♣ 3♦ 4♥=8  B:3♠ A♦ 9♥=3  PLAYER(W)  | +2,000원 → 103,900원  [end_win]
H009 | bet   1,000원 BANKER | P:4♣ K♦ 6♣=0  B:3♣ A♥ 9♣=3  BANKER(W)  | +950원 → 104,850원
H010 | bet   1,000원 BANKER | P:9♣ 7♦=6  B:9♣ Q♦=9  BANKER(W)  | +950원 → 105,800원
H011 | bet   1,000원 BANKER | P:A♦ Q♠ 6♣=7  B:J♥ Q♥ 4♦=4  PLAYER(L)  | -1,000원 → 104,800원  [start]
H012 | bet   2,000원 PLAYER | P:10♥ 5♥=5  B:7♣ 2♦=9  BANKER(L)  | -2,000원 → 102,800원
H013 | bet   4,000원 PLAYER | P:4♣ 5♣=9  B:A♠ 8♥=9  TIE(T)  |     0원 → 102,800원
H014 | bet   4,000원 PLAYER | P:8♠ 5♣=3  B:8♦ K♣=8  BANKER(L)  | -4,000원 → 98,800원
H015 | bet   8,000원 PLAYER | P:Q♥ K♣ 7♦=7  B:7♥ 7♥ A♠=5  PLAYER(W)  | +8,000원 → 106,800원  [end_win]
H016 | bet   1,000원 BANKER | P:A♥ 9♥ 8♣=8  B:6♣ 9♠=5  PLAYER(L)  | -1,000원 → 105,800원  [start]
H017 | bet   2,000원 PLAYER | P:4♥ J♣ A♠=5  B:J♦ 2♣ K♠=2  PLAYER(W)  | +2,000원 → 107,800원  [end_win]
H018 | bet   1,000원 BANKER | P:K♥ 3♦ J♥=3  B:10♠ 2♥ 2♣=4  BANKER(W)  | +950원 → 108,750원
H019 | bet   1,000원 BANKER | P:9♣ 8♥=7  B:4♥ 10♥ 3♥=7  TIE(T)  |     0원 → 108,750원
H020 | bet   1,000원 BANKER | P:3♣ J♦=3  B:J♦ 8♦=8  BANKER(W)  | +950원 → 109,700원
H021 | bet   1,000원 BANKER | P:7♠ 9♦=6  B:Q♠ 2♣ Q♣=2  PLAYER(L)  | -1,000원 → 108,700원  [start]
H022 | bet   2,000원 PLAYER | P:K♠ 3♥=3  B:6♠ 3♥=9  BANKER(L)  | -2,000원 → 106,700원
H023 | bet   4,000원 PLAYER | P:7♥ 3♠=0  B:7♠ A♠=8  BANKER(L)  | -4,000원 → 102,700원
H024 | bet   8,000원 PLAYER | P:J♠ 4♠ Q♥=4  B:7♦ 10♦=7  BANKER(L)  | -8,000원 → 94,700원
H025 | bet  16,000원 PLAYER | P:10♥ 7♥=7  B:Q♦ 10♣ 4♥=4  PLAYER(W)  | +16,000원 → 110,700원  [end_win]
H026 | bet   1,000원 BANKER | P:4♠ 6♥ 7♠=7  B:5♠ J♣ J♣=5  PLAYER(L)  | -1,000원 → 109,700원  [start]
H027 | bet   2,000원 PLAYER | P:K♠ A♦ 4♠=5  B:J♦ 6♣=6  BANKER(L)  | -2,000원 → 107,700원
H028 | bet   4,000원 PLAYER | P:10♣ A♠ 10♣=1  B:5♣ 7♠ 9♥=1  TIE(T)  |     0원 → 107,700원
H029 | bet   4,000원 PLAYER | P:5♣ 7♠ Q♠=2  B:10♥ 2♦ 3♣=5  BANKER(L)  | -4,000원 → 103,700원
H030 | bet   8,000원 PLAYER | P:Q♣ 9♠=9  B:10♣ 5♠=5  PLAYER(W)  | +8,000원 → 111,700원  [end_win]
H031 | bet   1,000원 BANKER | P:10♦ 4♠ 5♦=9  B:10♠ 6♣=6  PLAYER(L)  | -1,000원 → 110,700원  [start]
H032 | bet   2,000원 PLAYER | P:10♠ 4♣=4  B:3♣ 5♣=8  BANKER(L)  | -2,000원 → 108,700원
H033 | bet   4,000원 PLAYER | P:3♦ 3♥=6  B:9♥ 4♦ 3♦=6  TIE(T)  |     0원 → 108,700원
H034 | bet   4,000원 PLAYER | P:J♣ 7♣=7  B:K♦ 3♠ J♥=3  PLAYER(W)  | +4,000원 → 112,700원  [end_win]
H035 | bet   1,000원 BANKER | P:Q♥ 3♠ 10♦=3  B:6♥ J♠=6  BANKER(W)  | +950원 → 113,650원
H036 | bet   1,000원 BANKER | P:8♠ 7♥ J♦=5  B:4♦ 10♦=4  PLAYER(L)  | -1,000원 → 112,650원  [start]
H037 | bet   2,000원 PLAYER | P:7♠ 2♥=9  B:8♠ A♦=9  TIE(T)  |     0원 → 112,650원
H038 | bet   2,000원 PLAYER | P:4♣ K♣=4  B:K♥ 8♣=8  BANKER(L)  | -2,000원 → 110,650원
H039 | bet   4,000원 PLAYER | P:Q♦ Q♦=0  B:A♦ 7♥=8  BANKER(L)  | -4,000원 → 106,650원
H040 | bet   8,000원 PLAYER | P:3♦ A♦=4  B:2♦ 6♥=8  BANKER(L)  | -8,000원 → 98,650원
H041 | bet  16,000원 PLAYER | P:7♦ J♥=7  B:3♣ 2♥ 9♠=4  PLAYER(W)  | +16,000원 → 114,650원  [end_win]
H042 | bet   1,000원 BANKER | P:K♣ 3♦=3  B:K♣ 8♠=8  BANKER(W)  | +950원 → 115,600원
H043 | bet   1,000원 BANKER | P:2♣ 6♥=8  B:A♣ 5♦=6  PLAYER(L)  | -1,000원 → 114,600원  [start]
H044 | bet   2,000원 PLAYER | P:8♦ 2♠=0  B:8♥ 10♦=8  BANKER(L)  | -2,000원 → 112,600원
H045 | bet   4,000원 PLAYER | P:Q♠ 2♥=2  B:K♥ 8♦=8  BANKER(L)  | -4,000원 → 108,600원
H046 | bet   8,000원 PLAYER | P:5♠ J♠=5  B:8♠ Q♠=8  BANKER(L)  | -8,000원 → 100,600원
H047 | bet  16,000원 PLAYER | P:6♦ A♥=7  B:9♦ 4♥ 5♣=8  BANKER(L)  | -16,000원 → 84,600원  [end_giveup]
H048 | bet   1,000원 BANKER | P:Q♠ Q♦=0  B:Q♣ 9♦=9  BANKER(W)  | +950원 → 85,550원
H049 | bet   1,000원 BANKER | P:6♥ A♠=7  B:3♥ J♦ K♦=3  PLAYER(L)  | -1,000원 → 84,550원  [start]
H050 | bet   2,000원 PLAYER | P:9♣ Q♥=9  B:4♠ 10♦=4  PLAYER(W)  | +2,000원 → 86,550원  [end_win]
H051 | bet   1,000원 BANKER | P:6♠ 5♠ 9♦=0  B:2♠ 8♦ 5♠=5  BANKER(W)  | +950원 → 87,500원
H052 | bet   1,000원 BANKER | P:6♦ A♣=7  B:4♥ A♥ 6♣=1  PLAYER(L)  | -1,000원 → 86,500원  [start]
H053 | bet   2,000원 PLAYER | P:7♦ 8♠ 10♠=5  B:6♠ 10♥=6  BANKER(L)  | -2,000원 → 84,500원
H054 | bet   4,000원 PLAYER | P:K♦ 2♦ 7♣=9  B:10♣ 4♣ 6♠=0  PLAYER(W)  | +4,000원 → 88,500원  [end_win]
H055 | bet   1,000원 BANKER | P:3♥ 5♣=8  B:5♣ 8♥=3  PLAYER(L)  | -1,000원 → 87,500원  [start]
H056 | bet   2,000원 PLAYER | P:3♠ 10♦=3  B:8♠ A♣=9  BANKER(L)  | -2,000원 → 85,500원
H057 | bet   4,000원 PLAYER | P:Q♣ 5♠=5  B:9♠ Q♦=9  BANKER(L)  | -4,000원 → 81,500원
H058 | bet   8,000원 PLAYER | P:6♠ 10♣=6  B:2♠ 2♠ 8♣=2  PLAYER(W)  | +8,000원 → 89,500원  [end_win]
H059 | bet   1,000원 BANKER | P:7♦ 10♥=7  B:8♥ 7♣ Q♥=5  PLAYER(L)  | -1,000원 → 88,500원  [start]
H060 | bet   2,000원 PLAYER | P:9♠ 10♥=9  B:2♣ 3♥=5  PLAYER(W)  | +2,000원 → 90,500원  [end_win]
H061 | bet   1,000원 BANKER | P:A♣ 5♥=6  B:10♠ 7♥=7  BANKER(W)  | +950원 → 91,450원
H062 | bet   1,000원 BANKER | P:9♦ 2♥=1  B:8♣ J♣=8  BANKER(W)  | +950원 → 92,400원
H063 | bet   1,000원 BANKER | P:3♦ K♠ A♣=4  B:6♦ K♠=6  BANKER(W)  | +950원 → 93,350원
H064 | bet   1,000원 BANKER | P:7♠ K♥=7  B:2♠ Q♣ 3♣=5  PLAYER(L)  | -1,000원 → 92,350원  [start]
H065 | bet   2,000원 PLAYER | P:Q♠ 4♦ 4♣=8  B:4♦ A♣ 5♦=0  PLAYER(W)  | +2,000원 → 94,350원  [end_win]
H066 | bet   1,000원 BANKER | P:6♠ 6♥ 8♣=0  B:2♦ 2♠=4  BANKER(W)  | +950원 → 95,300원
H067 | bet   1,000원 BANKER | P:5♥ A♦=6  B:7♦ 9♦=6  TIE(T)  |     0원 → 95,300원
H068 | bet   1,000원 BANKER | P:3♠ 7♣ J♦=0  B:5♥ 5♠ K♦=0  TIE(T)  |     0원 → 95,300원
H069 | bet   1,000원 BANKER | P:4♠ Q♥ 10♠=4  B:4♣ J♠=4  TIE(T)  |     0원 → 95,300원
H070 | bet   1,000원 BANKER | P:8♣ 5♦ 6♦=9  B:A♥ 9♣ A♥=1  PLAYER(L)  | -1,000원 → 94,300원  [start]
H071 | bet   2,000원 PLAYER | P:7♥ K♠=7  B:Q♠ 4♥ 5♥=9  BANKER(L)  | -2,000원 → 92,300원
H072 | bet   4,000원 PLAYER | P:3♣ J♣ 6♦=9  B:8♣ 5♥ 7♦=0  PLAYER(W)  | +4,000원 → 96,300원  [end_win]
H073 | bet   1,000원 BANKER | P:A♥ 6♠=7  B:J♣ 2♥ K♠=2  PLAYER(L)  | -1,000원 → 95,300원  [start]
H074 | bet   2,000원 PLAYER | P:8♥ 7♣ 9♣=4  B:2♦ 9♦ 5♠=6  BANKER(L)  | -2,000원 → 93,300원
H075 | bet   4,000원 PLAYER | P:7♠ 5♦ 4♠=6  B:J♠ K♥ 5♦=5  PLAYER(W)  | +4,000원 → 97,300원  [end_win]
H076 | bet   1,000원 BANKER | P:3♣ 8♦ 3♠=4  B:A♦ K♠ K♥=1  PLAYER(L)  | -1,000원 → 96,300원  [start]
H077 | bet   2,000원 PLAYER | P:Q♣ J♥=0  B:8♣ J♥=8  BANKER(L)  | -2,000원 → 94,300원
H078 | bet   4,000원 PLAYER | P:5♥ Q♥ 10♣=5  B:8♥ 4♥ 10♥=2  PLAYER(W)  | +4,000원 → 98,300원  [end_win]
H079 | bet   1,000원 BANKER | P:8♥ 9♠=7  B:6♠ 2♦=8  BANKER(W)  | +950원 → 99,250원
H080 | bet   1,000원 BANKER | P:7♣ 6♦=3  B:9♦ 9♥=8  BANKER(W)  | +950원 → 100,200원
H081 | bet   1,000원 BANKER | P:A♥ K♣ Q♣=1  B:A♠ 4♠=5  BANKER(W)  | +950원 → 101,150원
H082 | bet   1,000원 BANKER | P:2♣ Q♦ 5♦=7  B:2♣ 9♠ 8♦=9  BANKER(W)  | +950원 → 102,100원
H083 | bet   1,000원 BANKER | P:K♣ 9♣=9  B:9♦ 6♠=5  PLAYER(L)  | -1,000원 → 101,100원  [start]
H084 | bet   2,000원 PLAYER | P:10♦ 5♥ K♣=5  B:9♦ 4♠ 5♥=8  BANKER(L)  | -2,000원 → 99,100원
H085 | bet   4,000원 PLAYER | P:6♣ J♣=6  B:7♥ 8♥ J♣=5  PLAYER(W)  | +4,000원 → 103,100원  [end_win]
H086 | bet   1,000원 BANKER | P:4♣ 7♣ 3♣=4  B:4♦ A♠=5  BANKER(W)  | +950원 → 104,050원
H087 | bet   1,000원 BANKER | P:6♥ 3♠=9  B:6♥ 9♦=5  PLAYER(L)  | -1,000원 → 103,050원  [start]
H088 | bet   2,000원 PLAYER | P:6♠ 9♠ 9♣=4  B:5♦ 6♦ 7♠=8  BANKER(L)  | -2,000원 → 101,050원
H089 | bet   4,000원 PLAYER | P:5♦ 2♦=7  B:9♥ K♦=9  BANKER(L)  | -4,000원 → 97,050원
H090 | bet   8,000원 PLAYER | P:J♦ 4♦ 9♥=3  B:8♦ 3♣ 3♠=4  BANKER(L)  | -8,000원 → 89,050원
H091 | bet  16,000원 PLAYER | P:9♦ A♣ 2♥=2  B:A♥ K♥ 2♣=3  BANKER(L)  | -16,000원 → 73,050원  [end_giveup]
H092 | bet   1,000원 BANKER | P:3♣ 8♣=1  B:5♣ 3♦=8  BANKER(W)  | +950원 → 74,000원
H093 | bet   1,000원 BANKER | P:5♠ A♣=6  B:10♥ 9♠=9  BANKER(W)  | +950원 → 74,950원
H094 | bet   1,000원 BANKER | P:10♣ 8♠=8  B:6♠ 7♥=3  PLAYER(L)  | -1,000원 → 73,950원  [start]
H095 | bet   2,000원 PLAYER | P:A♥ 8♠=9  B:7♥ 6♦=3  PLAYER(W)  | +2,000원 → 75,950원  [end_win]
H096 | bet   1,000원 BANKER | P:2♠ A♣ 10♥=3  B:7♦ 10♣=7  BANKER(W)  | +950원 → 76,900원
H097 | bet   1,000원 BANKER | P:4♥ 10♦ Q♣=4  B:3♣ 9♣ 5♠=7  BANKER(W)  | +950원 → 77,850원
H098 | bet   1,000원 BANKER | P:K♣ 10♥ 3♣=3  B:2♣ K♠ 3♠=5  BANKER(W)  | +950원 → 78,800원
H099 | bet   1,000원 BANKER | P:7♠ K♠=7  B:A♦ 4♣ 6♥=1  PLAYER(L)  | -1,000원 → 77,800원  [start]
H100 | bet   2,000원 PLAYER | P:10♠ 10♠ 2♥=2  B:K♦ 4♣ J♣=4  BANKER(L)  | -2,000원 → 75,800원
H101 | bet   4,000원 PLAYER | P:4♠ 8♠ A♠=3  B:K♦ 2♣ A♠=3  TIE(T)  |     0원 → 75,800원
H102 | bet   4,000원 PLAYER | P:K♥ 3♣=3  B:2♦ 7♦=9  BANKER(L)  | -4,000원 → 71,800원
H103 | bet   8,000원 PLAYER | P:8♣ A♦=9  B:8♥ 8♥=6  PLAYER(W)  | +8,000원 → 79,800원  [end_win]
H104 | bet   1,000원 BANKER | P:K♠ A♠ 6♥=7  B:K♦ 3♦ 6♥=9  BANKER(W)  | +950원 → 80,750원
H105 | bet   1,000원 BANKER | P:K♥ 10♦ 10♣=0  B:3♥ 8♦ Q♠=1  BANKER(W)  | +950원 → 81,700원
H106 | bet   1,000원 BANKER | P:3♠ 2♦ 4♣=9  B:4♦ K♠ J♦=4  PLAYER(L)  | -1,000원 → 80,700원  [start]
H107 | bet   2,000원 PLAYER | P:A♦ 3♠ J♠=4  B:K♥ Q♦ J♣=0  PLAYER(W)  | +2,000원 → 82,700원  [end_win]
H108 | bet   1,000원 BANKER | P:8♦ A♦=9  B:2♦ Q♦=2  PLAYER(L)  | -1,000원 → 81,700원  [start]
H109 | bet   2,000원 PLAYER | P:4♠ 8♣ K♣=2  B:A♥ A♥ 10♥=2  TIE(T)  |     0원 → 81,700원
H110 | bet   2,000원 PLAYER | P:6♥ Q♣=6  B:9♥ 5♥ 5♣=9  BANKER(L)  | -2,000원 → 79,700원
H111 | bet   4,000원 PLAYER | P:2♥ 8♥ 6♣=6  B:10♦ 3♥ 10♥=3  PLAYER(W)  | +4,000원 → 83,700원  [end_win]
H112 | bet   1,000원 BANKER | P:9♠ 10♠=9  B:3♦ 6♦=9  TIE(T)  |     0원 → 83,700원
H113 | bet   1,000원 BANKER | P:Q♣ K♠ K♠=0  B:Q♣ 5♥=5  BANKER(W)  | +950원 → 84,650원
H114 | bet   1,000원 BANKER | P:7♠ 6♦ Q♦=3  B:3♥ 4♦=7  BANKER(W)  | +950원 → 85,600원
H115 | bet   1,000원 BANKER | P:J♣ 8♦=8  B:Q♠ 3♦=3  PLAYER(L)  | -1,000원 → 84,600원  [start]
H116 | bet   2,000원 PLAYER | P:Q♣ 2♥=2  B:10♠ 9♦=9  BANKER(L)  | -2,000원 → 82,600원
H117 | bet   4,000원 PLAYER | P:3♥ 8♦ A♠=2  B:8♦ 3♦ Q♦=1  PLAYER(W)  | +4,000원 → 86,600원  [end_win]
H118 | bet   1,000원 BANKER | P:Q♥ 9♣=9  B:6♣ 3♦=9  TIE(T)  |     0원 → 86,600원
H119 | bet   1,000원 BANKER | P:4♥ 4♥=8  B:6♦ 10♣=6  PLAYER(L)  | -1,000원 → 85,600원  [start]
H120 | bet   2,000원 PLAYER | P:10♣ A♦ 7♣=8  B:8♥ 8♥ 4♣=0  PLAYER(W)  | +2,000원 → 87,600원  [end_win]
H121 | bet   1,000원 BANKER | P:A♣ Q♥ 2♠=3  B:K♦ 6♣=6  BANKER(W)  | +950원 → 88,550원
H122 | bet   1,000원 BANKER | P:6♥ 5♦ 5♣=6  B:9♣ A♠ 5♦=5  PLAYER(L)  | -1,000원 → 87,550원  [start]
H123 | bet   2,000원 PLAYER | P:9♠ J♠=9  B:4♥ J♦=4  PLAYER(W)  | +2,000원 → 89,550원  [end_win]
H124 | bet   1,000원 BANKER | P:Q♥ 6♠=6  B:4♦ 7♦ 10♦=1  PLAYER(L)  | -1,000원 → 88,550원  [start]
H125 | bet   2,000원 PLAYER | P:9♥ 2♣ Q♦=1  B:J♦ 7♣=7  BANKER(L)  | -2,000원 → 86,550원
H126 | bet   4,000원 PLAYER | P:10♣ 7♥=7  B:J♥ 8♠=8  BANKER(L)  | -4,000원 → 82,550원
H127 | bet   8,000원 PLAYER | P:Q♠ J♠ 8♥=8  B:9♥ 2♠ 10♦=1  PLAYER(W)  | +8,000원 → 90,550원  [end_win]
H128 | bet   1,000원 BANKER | P:8♦ 4♥=2  B:8♣ J♠=8  BANKER(W)  | +950원 → 91,500원
H129 | bet   1,000원 BANKER | P:3♣ 7♥=0  B:2♣ 7♦=9  BANKER(W)  | +950원 → 92,450원
H130 | bet   1,000원 BANKER | P:6♦ J♥=6  B:8♣ Q♣=8  BANKER(W)  | +950원 → 93,400원
H131 | bet   1,000원 BANKER | P:Q♠ Q♥ 8♣=8  B:4♠ 2♥=6  PLAYER(L)  | -1,000원 → 92,400원  [start]
H132 | bet   2,000원 PLAYER | P:9♦ 10♠=9  B:A♠ 9♥=0  PLAYER(W)  | +2,000원 → 94,400원  [end_win]
H133 | bet   1,000원 BANKER | P:2♦ 6♠=8  B:J♥ 3♠=3  PLAYER(L)  | -1,000원 → 93,400원  [start]
H134 | bet   2,000원 PLAYER | P:5♠ 9♣ 3♦=7  B:5♠ 6♣ Q♦=1  PLAYER(W)  | +2,000원 → 95,400원  [end_win]
H135 | bet   1,000원 BANKER | P:5♠ 7♣ 2♥=4  B:4♦ K♠ 7♥=1  PLAYER(L)  | -1,000원 → 94,400원  [start]
H136 | bet   2,000원 PLAYER | P:A♥ A♥ 10♠=2  B:Q♠ 7♠=7  BANKER(L)  | -2,000원 → 92,400원
H137 | bet   4,000원 PLAYER | P:3♠ 10♦ 6♠=9  B:J♥ 5♥ 6♥=1  PLAYER(W)  | +4,000원 → 96,400원  [end_win]
H138 | bet   1,000원 BANKER | P:2♦ 4♣=6  B:9♠ K♥=9  BANKER(W)  | +950원 → 97,350원
H139 | bet   1,000원 BANKER | P:6♦ Q♦=6  B:9♣ 10♥=9  BANKER(W)  | +950원 → 98,300원
H140 | bet   1,000원 BANKER | P:J♦ A♣ J♠=1  B:Q♦ J♣ K♥=0  PLAYER(L)  | -1,000원 → 97,300원  [start]
H141 | bet   2,000원 PLAYER | P:9♠ J♥=9  B:7♠ J♦=7  PLAYER(W)  | +2,000원 → 99,300원  [end_win]
H142 | bet   1,000원 BANKER | P:K♦ 7♣=7  B:7♠ 7♣ 10♣=4  PLAYER(L)  | -1,000원 → 98,300원  [start]
H143 | bet   2,000원 PLAYER | P:4♣ 5♦=9  B:10♠ 5♦=5  PLAYER(W)  | +2,000원 → 100,300원  [end_win]
H144 | bet   1,000원 BANKER | P:3♥ 7♦ 6♣=6  B:5♥ 10♥ 7♠=2  PLAYER(L)  | -1,000원 → 99,300원  [start]
H145 | bet   2,000원 PLAYER | P:10♠ 5♦ 4♠=9  B:5♣ 9♥ 8♠=2  PLAYER(W)  | +2,000원 → 101,300원  [end_win]
H146 | bet   1,000원 BANKER | P:4♥ 5♠=9  B:J♠ 4♥=4  PLAYER(L)  | -1,000원 → 100,300원  [start]
H147 | bet   2,000원 PLAYER | P:Q♥ Q♥ 8♠=8  B:Q♣ 5♠=5  PLAYER(W)  | +2,000원 → 102,300원  [end_win]
H148 | bet   1,000원 BANKER | P:7♣ 8♣ K♥=5  B:A♣ Q♠ 7♣=8  BANKER(W)  | +950원 → 103,250원
H149 | bet   1,000원 BANKER | P:9♦ 5♦ 2♣=6  B:J♥ 4♠ A♣=5  PLAYER(L)  | -1,000원 → 102,250원  [start]
H150 | bet   2,000원 PLAYER | P:A♣ 4♦=5  B:10♣ 8♦=8  BANKER(L)  | -2,000원 → 100,250원
H151 | bet   4,000원 PLAYER | P:6♣ 9♠ 2♠=7  B:Q♣ 2♠ 5♥=7  TIE(T)  |     0원 → 100,250원
H152 | bet   4,000원 PLAYER | P:J♦ Q♥=0  B:2♠ 7♦=9  BANKER(L)  | -4,000원 → 96,250원
H153 | bet   8,000원 PLAYER | P:A♦ 5♣=6  B:7♦ 3♣ J♠=0  PLAYER(W)  | +8,000원 → 104,250원  [end_win]
H154 | bet   1,000원 BANKER | P:7♥ K♦=7  B:6♣ 7♦ 5♣=8  BANKER(W)  | +950원 → 105,200원
H155 | bet   1,000원 BANKER | P:4♠ 8♥ J♣=2  B:A♠ 5♠=6  BANKER(W)  | +950원 → 106,150원
H156 | bet   1,000원 BANKER | P:K♣ 4♣ 3♥=7  B:J♥ 2♣ 8♣=0  PLAYER(L)  | -1,000원 → 105,150원  [start]
H157 | bet   2,000원 PLAYER | P:J♠ 6♠=6  B:K♣ 6♠=6  TIE(T)  |     0원 → 105,150원
H158 | bet   2,000원 PLAYER | P:Q♠ 2♣ 3♥=5  B:9♥ 6♦=5  TIE(T)  |     0원 → 105,150원
H159 | bet   2,000원 PLAYER | P:3♥ 2♦ 4♦=9  B:7♥ K♥=7  PLAYER(W)  | +2,000원 → 107,150원  [end_win]
H160 | bet   1,000원 BANKER | P:2♥ 9♦ A♦=2  B:A♥ 2♠ 8♠=1  PLAYER(L)  | -1,000원 → 106,150원  [start]
H161 | bet   2,000원 PLAYER | P:K♠ 2♦ 8♠=0  B:A♥ 10♥ A♦=2  BANKER(L)  | -2,000원 → 104,150원
H162 | bet   4,000원 PLAYER | P:J♥ K♣=0  B:3♦ 5♣=8  BANKER(L)  | -4,000원 → 100,150원
H163 | bet   8,000원 PLAYER | P:10♦ 2♠ 7♠=9  B:K♦ 5♥ 9♣=4  PLAYER(W)  | +8,000원 → 108,150원  [end_win]
H164 | bet   1,000원 BANKER | P:A♣ 5♣=6  B:A♦ 7♣=8  BANKER(W)  | +950원 → 109,100원
H165 | bet   1,000원 BANKER | P:Q♥ 4♠ 2♥=6  B:J♠ 6♦=6  TIE(T)  |     0원 → 109,100원
H166 | bet   1,000원 BANKER | P:8♦ 8♥=6  B:3♣ 8♥ J♣=1  PLAYER(L)  | -1,000원 → 108,100원  [start]
H167 | bet   2,000원 PLAYER | P:4♠ 7♠=1  B:7♠ A♦=8  BANKER(L)  | -2,000원 → 106,100원
H168 | bet   4,000원 PLAYER | P:3♠ K♠ 10♠=3  B:8♥ 8♥=6  BANKER(L)  | -4,000원 → 102,100원
H169 | bet   8,000원 PLAYER | P:A♦ Q♦=1  B:Q♠ 8♣=8  BANKER(L)  | -8,000원 → 94,100원
H170 | bet  16,000원 PLAYER | P:10♥ 4♠ 9♠=3  B:10♣ 4♦=4  BANKER(L)  | -16,000원 → 78,100원  [end_giveup]
H171 | bet   1,000원 BANKER | P:9♠ 6♣ 2♥=7  B:3♦ 4♥=7  TIE(T)  |     0원 → 78,100원
H172 | bet   1,000원 BANKER | P:10♦ Q♥ 6♣=6  B:K♦ Q♣ 9♥=9  BANKER(W)  | +950원 → 79,050원
H173 | bet   1,000원 BANKER | P:A♥ 2♣ 8♠=1  B:10♦ 3♥=3  BANKER(W)  | +950원 → 80,000원
H174 | bet   1,000원 BANKER | P:K♠ 10♥ 4♣=4  B:7♦ 7♥ K♣=4  TIE(T)  |     0원 → 80,000원
H175 | bet   1,000원 BANKER | P:5♠ 4♠=9  B:A♣ K♠=1  PLAYER(L)  | -1,000원 → 79,000원  [start]
H176 | bet   2,000원 PLAYER | P:A♠ K♣ 7♣=8  B:7♣ 10♦=7  PLAYER(W)  | +2,000원 → 81,000원  [end_win]
H177 | bet   1,000원 BANKER | P:Q♣ A♦ 2♠=3  B:2♦ 9♦ K♦=1  PLAYER(L)  | -1,000원 → 80,000원  [start]
H178 | bet   2,000원 PLAYER | P:J♥ 4♦ 9♥=3  B:J♦ 5♠=5  BANKER(L)  | -2,000원 → 78,000원
H179 | bet   4,000원 PLAYER | P:J♣ 6♥=6  B:2♠ Q♦ K♥=2  PLAYER(W)  | +4,000원 → 82,000원  [end_win]
H180 | bet   1,000원 BANKER | P:8♣ 8♦=6  B:8♣ 3♦ J♦=1  PLAYER(L)  | -1,000원 → 81,000원  [start]
H181 | bet   2,000원 PLAYER | P:4♣ J♦ 3♦=7  B:3♦ 9♦ 7♦=9  BANKER(L)  | -2,000원 → 79,000원
H182 | bet   4,000원 PLAYER | P:Q♣ 6♥=6  B:4♣ 6♣ 6♥=6  TIE(T)  |     0원 → 79,000원
H183 | bet   4,000원 PLAYER | P:Q♥ 7♦=7  B:A♣ Q♥ 4♦=5  PLAYER(W)  | +4,000원 → 83,000원  [end_win]
H184 | bet   1,000원 BANKER | P:2♦ 5♠=7  B:2♦ J♠ 9♦=1  PLAYER(L)  | -1,000원 → 82,000원  [start]
H185 | bet   2,000원 PLAYER | P:2♣ 5♦=7  B:2♠ A♦ 5♣=8  BANKER(L)  | -2,000원 → 80,000원
H186 | bet   4,000원 PLAYER | P:5♦ A♦=6  B:A♣ Q♠ 2♣=3  PLAYER(W)  | +4,000원 → 84,000원  [end_win]
H187 | bet   1,000원 BANKER | P:J♣ K♠=0  B:9♠ Q♣=9  BANKER(W)  | +950원 → 84,950원
H188 | bet   1,000원 BANKER | P:K♣ J♣ 7♠=7  B:J♠ 5♣ 9♦=4  PLAYER(L)  | -1,000원 → 83,950원  [start]
H189 | bet   2,000원 PLAYER | P:K♦ 5♦ 10♣=5  B:4♥ J♦=4  PLAYER(W)  | +2,000원 → 85,950원  [end_win]
H190 | bet   1,000원 BANKER | P:8♥ J♥=8  B:A♥ K♥=1  PLAYER(L)  | -1,000원 → 84,950원  [start]
H191 | bet   2,000원 PLAYER | P:K♠ 6♦=6  B:10♠ 7♣=7  BANKER(L)  | -2,000원 → 82,950원
H192 | bet   4,000원 PLAYER | P:K♥ 5♣ 6♠=1  B:8♣ 8♥ 6♠=2  BANKER(L)  | -4,000원 → 78,950원
H193 | bet   8,000원 PLAYER | P:A♠ 3♦ Q♠=4  B:A♥ 5♦=6  BANKER(L)  | -8,000원 → 70,950원
H194 | bet  16,000원 PLAYER | P:9♣ 6♣ Q♣=5  B:2♠ 3♣=5  TIE(T)  |     0원 → 70,950원
H195 | bet  16,000원 PLAYER | P:Q♠ 7♠=7  B:Q♣ 5♦ 6♣=1  PLAYER(W)  | +16,000원 → 86,950원  [end_win]
H196 | bet   1,000원 BANKER | P:4♦ A♥=5  B:Q♦ 8♠=8  BANKER(W)  | +950원 → 87,900원
H197 | bet   1,000원 BANKER | P:8♦ Q♣=8  B:8♣ A♠=9  BANKER(W)  | +950원 → 88,850원
H198 | bet   1,000원 BANKER | P:6♥ 5♠=1  B:5♦ 3♣=8  BANKER(W)  | +950원 → 89,800원
H199 | bet   1,000원 BANKER | P:4♥ 7♥ 10♠=1  B:K♥ Q♦ 3♣=3  BANKER(W)  | +950원 → 90,750원
H200 | bet   1,000원 BANKER | P:6♥ 3♣=9  B:4♦ 4♠=8  PLAYER(L)  | -1,000원 → 89,750원  [start]
H201 | bet   2,000원 PLAYER | P:5♥ J♥ Q♦=5  B:10♣ 6♦=6  BANKER(L)  | -2,000원 → 87,750원
H202 | bet   4,000원 PLAYER | P:J♦ 10♥ 8♥=8  B:4♠ 6♥ K♥=0  PLAYER(W)  | +4,000원 → 91,750원  [end_win]
H203 | bet   1,000원 BANKER | P:2♠ 10♠ 4♣=6  B:5♦ A♠=6  TIE(T)  |     0원 → 91,750원
H204 | bet   1,000원 BANKER | P:2♠ 8♦ K♦=0  B:A♣ J♣ 2♦=3  BANKER(W)  | +950원 → 92,700원
H205 | bet   1,000원 BANKER | P:3♦ 7♥ 5♠=5  B:7♦ 5♣ 10♠=2  PLAYER(L)  | -1,000원 → 91,700원  [start]
H206 | bet   2,000원 PLAYER | P:7♣ A♥=8  B:4♣ 5♠=9  BANKER(L)  | -2,000원 → 89,700원
H207 | bet   4,000원 PLAYER | P:8♣ 9♦=7  B:4♦ 10♥ 6♦=0  PLAYER(W)  | +4,000원 → 93,700원  [end_win]
H208 | bet   1,000원 BANKER | P:7♦ 2♦=9  B:9♣ Q♥=9  TIE(T)  |     0원 → 93,700원
H209 | bet   1,000원 BANKER | P:5♥ 4♠=9  B:5♥ 10♥=5  PLAYER(L)  | -1,000원 → 92,700원  [start]
H210 | bet   2,000원 PLAYER | P:K♣ 7♠=7  B:5♠ 4♥=9  BANKER(L)  | -2,000원 → 90,700원
H211 | bet   4,000원 PLAYER | P:3♥ 8♦ 3♠=4  B:3♥ 7♥ 9♥=9  BANKER(L)  | -4,000원 → 86,700원
H212 | bet   8,000원 PLAYER | P:J♠ 8♦=8  B:2♥ 4♠=6  PLAYER(W)  | +8,000원 → 94,700원  [end_win]
H213 | bet   1,000원 BANKER | P:6♣ 2♠=8  B:6♥ 10♥=6  PLAYER(L)  | -1,000원 → 93,700원  [start]
H214 | bet   2,000원 PLAYER | P:A♥ J♣=1  B:9♦ K♣=9  BANKER(L)  | -2,000원 → 91,700원
H215 | bet   4,000원 PLAYER | P:A♠ A♣=2  B:K♣ 9♣=9  BANKER(L)  | -4,000원 → 87,700원
H216 | bet   8,000원 PLAYER | P:3♦ 6♦=9  B:10♥ Q♦=0  PLAYER(W)  | +8,000원 → 95,700원  [end_win]
H217 | bet   1,000원 BANKER | P:8♠ J♦=8  B:3♥ 9♠=2  PLAYER(L)  | -1,000원 → 94,700원  [start]
H218 | bet   2,000원 PLAYER | P:3♥ 3♣=6  B:J♠ A♦ J♦=1  PLAYER(W)  | +2,000원 → 96,700원  [end_win]
H219 | bet   1,000원 BANKER | P:9♠ 10♠=9  B:8♠ 4♦=2  PLAYER(L)  | -1,000원 → 95,700원  [start]
H220 | bet   2,000원 PLAYER | P:J♠ A♠ 3♠=4  B:Q♥ 5♠=5  BANKER(L)  | -2,000원 → 93,700원
H221 | bet   4,000원 PLAYER | P:8♠ K♦=8  B:10♠ 10♦=0  PLAYER(W)  | +4,000원 → 97,700원  [end_win]
H222 | bet   1,000원 BANKER | P:Q♦ 2♣ 8♦=0  B:Q♥ K♦ 10♣=0  TIE(T)  |     0원 → 97,700원
H223 | bet   1,000원 BANKER | P:8♣ Q♠=8  B:A♣ 4♦=5  PLAYER(L)  | -1,000원 → 96,700원  [start]
H224 | bet   2,000원 PLAYER | P:5♣ 4♥=9  B:9♥ 9♦=8  PLAYER(W)  | +2,000원 → 98,700원  [end_win]
H225 | bet   1,000원 BANKER | P:K♠ Q♦ 7♥=7  B:A♦ K♠ 7♥=8  BANKER(W)  | +950원 → 99,650원
H226 | bet   1,000원 BANKER | P:7♠ 8♠=5  B:7♣ 2♣=9  BANKER(W)  | +950원 → 100,600원
H227 | bet   1,000원 BANKER | P:Q♠ 6♠=6  B:2♣ 9♣ 9♣=0  PLAYER(L)  | -1,000원 → 99,600원  [start]
H228 | bet   2,000원 PLAYER | P:K♦ A♠ 4♣=5  B:8♥ 9♠=7  BANKER(L)  | -2,000원 → 97,600원
H229 | bet   4,000원 PLAYER | P:7♦ 10♣=7  B:6♠ 5♥ J♦=1  PLAYER(W)  | +4,000원 → 101,600원  [end_win]
H230 | bet   1,000원 BANKER | P:6♣ 2♣=8  B:6♥ 9♠=5  PLAYER(L)  | -1,000원 → 100,600원  [start]
H231 | bet   2,000원 PLAYER | P:A♥ 9♥ 5♣=5  B:6♦ 5♥ 9♠=0  PLAYER(W)  | +2,000원 → 102,600원  [end_win]
H232 | bet   1,000원 BANKER | P:A♣ 2♦ 6♠=9  B:J♣ 2♦ 3♠=5  PLAYER(L)  | -1,000원 → 101,600원  [start]
H233 | bet   2,000원 PLAYER | P:10♣ 2♥=2  B:9♣ K♥=9  BANKER(L)  | -2,000원 → 99,600원
H234 | bet   4,000원 PLAYER | P:J♣ 2♥ 10♦=2  B:Q♥ 6♠=6  BANKER(L)  | -4,000원 → 95,600원
H235 | bet   8,000원 PLAYER | P:7♠ 7♦ 7♥=1  B:3♠ J♥ 10♦=3  BANKER(L)  | -8,000원 → 87,600원
H236 | bet  16,000원 PLAYER | P:3♥ 6♣=9  B:3♠ 5♥=8  PLAYER(W)  | +16,000원 → 103,600원  [end_win]
H237 | bet   1,000원 BANKER | P:J♥ A♠ 10♦=1  B:7♠ K♦=7  BANKER(W)  | +950원 → 104,550원
H238 | bet   1,000원 BANKER | P:10♣ 4♣=4  B:7♣ 2♦=9  BANKER(W)  | +950원 → 105,500원
H239 | bet   1,000원 BANKER | P:K♣ 2♥ 5♣=7  B:3♠ J♠ 5♦=8  BANKER(W)  | +950원 → 106,450원
H240 | bet   1,000원 BANKER | P:6♠ Q♣=6  B:6♦ 9♥ 5♥=0  PLAYER(L)  | -1,000원 → 105,450원  [start]
H241 | bet   2,000원 PLAYER | P:10♠ Q♠ 3♥=3  B:4♥ 10♥ 8♣=2  PLAYER(W)  | +2,000원 → 107,450원  [end_win]
H242 | bet   1,000원 BANKER | P:5♥ K♠ 8♦=3  B:6♦ J♥=6  BANKER(W)  | +950원 → 108,400원
H243 | bet   1,000원 BANKER | P:9♣ 9♥=8  B:4♥ 7♦=1  PLAYER(L)  | -1,000원 → 107,400원  [start]
H244 | bet   2,000원 PLAYER | P:J♥ 6♠=6  B:K♣ 3♥ 4♣=7  BANKER(L)  | -2,000원 → 105,400원
H245 | bet   4,000원 PLAYER | P:A♥ 8♠=9  B:J♠ 10♦=0  PLAYER(W)  | +4,000원 → 109,400원  [end_win]
H246 | bet   1,000원 BANKER | P:K♥ Q♠ 9♦=9  B:3♦ 2♥=5  PLAYER(L)  | -1,000원 → 108,400원  [start]
H247 | bet   2,000원 PLAYER | P:9♥ 3♣ 2♠=4  B:2♥ 9♣ 4♥=5  BANKER(L)  | -2,000원 → 106,400원
H248 | bet   4,000원 PLAYER | P:9♠ 10♣=9  B:7♥ 4♠=1  PLAYER(W)  | +4,000원 → 110,400원  [end_win]
H249 | bet   1,000원 BANKER | P:2♣ 2♥ 6♣=0  B:7♣ 6♠ 10♠=3  BANKER(W)  | +950원 → 111,350원
H250 | bet   1,000원 BANKER | P:3♥ 8♥ 10♥=1  B:7♥ 9♥=6  BANKER(W)  | +950원 → 112,300원
H251 | bet   1,000원 BANKER | P:Q♦ 3♠=3  B:8♣ K♠=8  BANKER(W)  | +950원 → 113,250원
H252 | bet   1,000원 BANKER | P:8♦ 8♣=6  B:6♣ 9♣ 9♥=4  PLAYER(L)  | -1,000원 → 112,250원  [start]
H253 | bet   2,000원 PLAYER | P:8♥ A♥=9  B:Q♦ A♣=1  PLAYER(W)  | +2,000원 → 114,250원  [end_win]
H254 | bet   1,000원 BANKER | P:10♦ K♠ 7♥=7  B:4♦ 2♥ 4♠=0  PLAYER(L)  | -1,000원 → 113,250원  [start]
H255 | bet   2,000원 PLAYER | P:6♠ 6♦ 5♣=7  B:5♥ 7♥ 4♠=6  PLAYER(W)  | +2,000원 → 115,250원  [end_win]
H256 | bet   1,000원 BANKER | P:A♦ 5♠=6  B:9♦ 8♠=7  BANKER(W)  | +950원 → 116,200원
H257 | bet   1,000원 BANKER | P:7♣ 5♥ Q♠=2  B:5♣ 8♥ 8♣=1  PLAYER(L)  | -1,000원 → 115,200원  [start]
H258 | bet   2,000원 PLAYER | P:A♦ Q♣ 2♠=3  B:5♦ 10♥=5  BANKER(L)  | -2,000원 → 113,200원
H259 | bet   4,000원 PLAYER | P:2♠ K♥ 6♥=8  B:J♠ 2♦ 4♣=6  PLAYER(W)  | +4,000원 → 117,200원  [end_win]
H260 | bet   1,000원 BANKER | P:2♠ J♥ Q♠=2  B:6♥ 7♣ 2♥=5  BANKER(W)  | +950원 → 118,150원
H261 | bet   1,000원 BANKER | P:9♦ 7♦=6  B:A♠ Q♥ A♠=2  PLAYER(L)  | -1,000원 → 117,150원  [start]
H262 | bet   2,000원 PLAYER | P:9♥ Q♦=9  B:J♣ 2♦=2  PLAYER(W)  | +2,000원 → 119,150원  [end_win]
H263 | bet   1,000원 BANKER | P:J♥ 2♣=2  B:7♠ 2♦=9  BANKER(W)  | +950원 → 120,100원
H264 | bet   1,000원 BANKER | P:5♦ 7♣ Q♥=2  B:5♦ K♣=5  BANKER(W)  | +950원 → 121,050원
H265 | bet   1,000원 BANKER | P:6♣ K♦=6  B:K♣ 8♠=8  BANKER(W)  | +950원 → 122,000원
H266 | bet   1,000원 BANKER | P:J♣ Q♥ J♠=0  B:4♠ 8♥ 10♣=2  BANKER(W)  | +950원 → 122,950원
H267 | bet   1,000원 BANKER | P:5♥ A♥=6  B:J♥ A♣ Q♣=1  PLAYER(L)  | -1,000원 → 121,950원  [start]
H268 | bet   2,000원 PLAYER | P:K♣ 2♥ 2♥=4  B:3♥ A♠ 10♥=4  TIE(T)  |     0원 → 121,950원
H269 | bet   2,000원 PLAYER | P:9♦ 9♦=8  B:3♣ 6♠=9  BANKER(L)  | -2,000원 → 119,950원
H270 | bet   4,000원 PLAYER | P:A♣ 8♠=9  B:J♦ 4♣=4  PLAYER(W)  | +4,000원 → 123,950원  [end_win]
H271 | bet   1,000원 BANKER | P:9♦ 5♦ 6♥=0  B:3♥ 8♠ 5♠=6  BANKER(W)  | +950원 → 124,900원
H272 | bet   1,000원 BANKER | P:Q♥ 10♠ 7♠=7  B:J♦ 6♦ 9♠=5  PLAYER(L)  | -1,000원 → 123,900원  [start]
H273 | bet   2,000원 PLAYER | P:5♣ 5♦ 6♦=6  B:8♥ 7♣ Q♥=5  PLAYER(W)  | +2,000원 → 125,900원  [end_win]
H274 | bet   1,000원 BANKER | P:5♦ 2♥=7  B:3♥ 10♠ 8♦=1  PLAYER(L)  | -1,000원 → 124,900원  [start]
H275 | bet   2,000원 PLAYER | P:A♦ 2♠ Q♥=3  B:10♣ 5♥=5  BANKER(L)  | -2,000원 → 122,900원
H276 | bet   4,000원 PLAYER | P:10♦ 6♦=6  B:7♦ 9♠=6  TIE(T)  |     0원 → 122,900원
H277 | bet   4,000원 PLAYER | P:2♠ 6♥=8  B:J♦ J♣=0  PLAYER(W)  | +4,000원 → 126,900원  [end_win]
H278 | bet   1,000원 BANKER | P:Q♣ 5♠ K♥=5  B:5♣ A♠=6  BANKER(W)  | +950원 → 127,850원
H279 | bet   1,000원 BANKER | P:A♦ 7♠=8  B:9♥ 6♣=5  PLAYER(L)  | -1,000원 → 126,850원  [start]
H280 | bet   2,000원 PLAYER | P:8♦ 5♣=3  B:J♣ 9♥=9  BANKER(L)  | -2,000원 → 124,850원
H281 | bet   4,000원 PLAYER | P:10♠ 4♣ 6♣=0  B:A♦ Q♣ 4♦=5  BANKER(L)  | -4,000원 → 120,850원
H282 | bet   8,000원 PLAYER | P:K♠ 6♥=6  B:2♣ 2♣ 6♦=0  PLAYER(W)  | +8,000원 → 128,850원  [end_win]
H283 | bet   1,000원 BANKER | P:A♠ 8♦=9  B:Q♣ 3♣=3  PLAYER(L)  | -1,000원 → 127,850원  [start]
H284 | bet   2,000원 PLAYER | P:8♣ 10♥=8  B:2♣ 7♠=9  BANKER(L)  | -2,000원 → 125,850원
H285 | bet   4,000원 PLAYER | P:4♣ J♥=4  B:K♥ 9♥=9  BANKER(L)  | -4,000원 → 121,850원
H286 | bet   8,000원 PLAYER | P:8♠ 4♣ K♥=2  B:Q♦ J♠ 6♠=6  BANKER(L)  | -8,000원 → 113,850원
H287 | bet  16,000원 PLAYER | P:Q♠ 10♥=0  B:6♠ 2♦=8  BANKER(L)  | -16,000원 → 97,850원  [end_giveup]
H288 | bet   1,000원 BANKER | P:J♣ A♠ Q♦=1  B:9♠ A♥ 3♦=3  BANKER(W)  | +950원 → 98,800원
H289 | bet   1,000원 BANKER | P:A♣ J♥ 9♠=0  B:5♥ 8♣ Q♠=3  BANKER(W)  | +950원 → 99,750원
H290 | bet   1,000원 BANKER | P:2♦ J♥ K♣=2  B:10♠ J♣ 5♥=5  BANKER(W)  | +950원 → 100,700원
H291 | bet   1,000원 BANKER | P:5♣ K♠ 7♥=2  B:4♣ 3♦=7  BANKER(W)  | +950원 → 101,650원
H292 | bet   1,000원 BANKER | P:6♦ 3♠=9  B:J♦ 9♣=9  TIE(T)  |     0원 → 101,650원
H293 | bet   1,000원 BANKER | P:8♥ 4♥ Q♥=2  B:8♦ 3♠ 10♦=1  PLAYER(L)  | -1,000원 → 100,650원  [start]
H294 | bet   2,000원 PLAYER | P:J♠ 7♦=7  B:Q♥ 7♠=7  TIE(T)  |     0원 → 100,650원
H295 | bet   2,000원 PLAYER | P:A♥ Q♠ 4♦=5  B:5♦ A♣=6  BANKER(L)  | -2,000원 → 98,650원
H296 | bet   4,000원 PLAYER | P:10♣ 4♥ 10♣=4  B:4♠ 2♦=6  BANKER(L)  | -4,000원 → 94,650원
H297 | bet   8,000원 PLAYER | P:J♠ Q♣ 10♠=0  B:5♠ 6♣ 5♦=6  BANKER(L)  | -8,000원 → 86,650원
H298 | bet  16,000원 PLAYER | P:6♦ 4♦=0  B:A♥ 8♦=9  BANKER(L)  | -16,000원 → 70,650원  [end_giveup]
H299 | bet   1,000원 BANKER | P:8♠ J♦=8  B:J♦ 3♦=3  PLAYER(L)  | -1,000원 → 69,650원  [start]
H300 | bet   2,000원 PLAYER | P:9♣ J♠=9  B:10♦ J♦=0  PLAYER(W)  | +2,000원 → 71,650원  [end_win]
H301 | bet   1,000원 BANKER | P:Q♠ 6♦=6  B:6♠ 5♠ 2♠=3  PLAYER(L)  | -1,000원 → 70,650원  [start]
H302 | bet   2,000원 PLAYER | P:4♠ K♦ 10♦=4  B:10♥ K♥ 9♣=9  BANKER(L)  | -2,000원 → 68,650원
H303 | bet   4,000원 PLAYER | P:7♥ 8♠ 7♦=2  B:10♣ 3♠ 6♣=9  BANKER(L)  | -4,000원 → 64,650원
H304 | bet   8,000원 PLAYER | P:4♠ 5♠=9  B:6♥ 6♣=2  PLAYER(W)  | +8,000원 → 72,650원  [end_win]
H305 | bet   1,000원 BANKER | P:A♣ K♠ A♠=2  B:3♦ Q♠ 9♥=2  TIE(T)  |     0원 → 72,650원
H306 | bet   1,000원 BANKER | P:J♦ 9♠=9  B:A♥ 10♠=1  PLAYER(L)  | -1,000원 → 71,650원  [start]
H307 | bet   2,000원 PLAYER | P:7♥ K♦=7  B:6♠ 2♥=8  BANKER(L)  | -2,000원 → 69,650원
H308 | bet   4,000원 PLAYER | P:K♦ 4♥ 10♥=4  B:A♣ 10♦ Q♠=1  PLAYER(W)  | +4,000원 → 73,650원  [end_win]
H309 | bet   1,000원 BANKER | P:4♣ 2♦=6  B:3♦ A♥ 3♦=7  BANKER(W)  | +950원 → 74,600원
H310 | bet   1,000원 BANKER | P:K♦ J♣ K♣=0  B:9♥ 3♦ A♦=3  BANKER(W)  | +950원 → 75,550원
H311 | bet   1,000원 BANKER | P:8♣ 8♥=6  B:3♣ 2♣ Q♣=5  PLAYER(L)  | -1,000원 → 74,550원  [start]
H312 | bet   2,000원 PLAYER | P:9♦ A♥ 3♥=3  B:8♣ 9♣=7  BANKER(L)  | -2,000원 → 72,550원
H313 | bet   4,000원 PLAYER | P:K♥ A♠ J♥=1  B:8♦ 2♣ 2♠=2  BANKER(L)  | -4,000원 → 68,550원
H314 | bet   8,000원 PLAYER | P:4♥ Q♦=4  B:8♠ Q♦=8  BANKER(L)  | -8,000원 → 60,550원
H315 | bet  16,000원 PLAYER | P:10♣ 9♣=9  B:K♣ 10♠=0  PLAYER(W)  | +16,000원 → 76,550원  [end_win]
H316 | bet   1,000원 BANKER | P:9♦ 3♣ J♣=2  B:4♠ A♣=5  BANKER(W)  | +950원 → 77,500원
H317 | bet   1,000원 BANKER | P:4♥ 4♦=8  B:4♥ 4♦=8  TIE(T)  |     0원 → 77,500원
H318 | bet   1,000원 BANKER | P:4♣ 10♣ J♠=4  B:A♦ K♥ 7♦=8  BANKER(W)  | +950원 → 78,450원
H319 | bet   1,000원 BANKER | P:3♠ 9♠ 3♣=5  B:3♠ 3♥=6  BANKER(W)  | +950원 → 79,400원
H320 | bet   1,000원 BANKER | P:10♦ Q♦ 3♣=3  B:7♠ 7♠ 9♣=3  TIE(T)  |     0원 → 79,400원
H321 | bet   1,000원 BANKER | P:J♠ 10♦ 4♦=4  B:K♣ 7♠=7  BANKER(W)  | +950원 → 80,350원
H322 | bet   1,000원 BANKER | P:5♣ Q♣ K♥=5  B:3♥ 7♥ 3♣=3  PLAYER(L)  | -1,000원 → 79,350원  [start]
H323 | bet   2,000원 PLAYER | P:7♣ 4♥=1  B:7♦ 2♠=9  BANKER(L)  | -2,000원 → 77,350원
H324 | bet   4,000원 PLAYER | P:6♥ 2♦=8  B:K♦ 7♣=7  PLAYER(W)  | +4,000원 → 81,350원  [end_win]
H325 | bet   1,000원 BANKER | P:4♦ 8♦=2  B:5♣ 3♦=8  BANKER(W)  | +950원 → 82,300원
H326 | bet   1,000원 BANKER | P:9♦ 4♥=3  B:6♥ 3♥=9  BANKER(W)  | +950원 → 83,250원
H327 | bet   1,000원 BANKER | P:J♥ K♦ K♠=0  B:10♥ 2♥ 5♥=7  BANKER(W)  | +950원 → 84,200원
H328 | bet   1,000원 BANKER | P:5♠ 7♦ 5♠=7  B:K♦ 3♠ 9♠=2  PLAYER(L)  | -1,000원 → 83,200원  [start]
H329 | bet   2,000원 PLAYER | P:3♦ 10♦ 5♥=8  B:6♦ A♣=7  PLAYER(W)  | +2,000원 → 85,200원  [end_win]
H330 | bet   1,000원 BANKER | P:4♥ J♦=4  B:5♦ 4♠=9  BANKER(W)  | +950원 → 86,150원
H331 | bet   1,000원 BANKER | P:K♣ 6♠=6  B:4♥ 2♣=6  TIE(T)  |     0원 → 86,150원
H332 | bet   1,000원 BANKER | P:7♠ 6♦ 4♦=7  B:10♠ K♠ 6♥=6  PLAYER(L)  | -1,000원 → 85,150원  [start]
H333 | bet   2,000원 PLAYER | P:J♥ 7♣=7  B:2♠ 7♣=9  BANKER(L)  | -2,000원 → 83,150원
H334 | bet   4,000원 PLAYER | P:9♦ 3♦=2  B:6♣ 3♦=9  BANKER(L)  | -4,000원 → 79,150원
H335 | bet   8,000원 PLAYER | P:7♦ Q♦=7  B:3♥ 3♣=6  PLAYER(W)  | +8,000원 → 87,150원  [end_win]
H336 | bet   1,000원 BANKER | P:10♥ 7♠=7  B:J♥ 4♥ 3♠=7  TIE(T)  |     0원 → 87,150원
H337 | bet   1,000원 BANKER | P:Q♦ 2♠=2  B:3♠ 6♣=9  BANKER(W)  | +950원 → 88,100원
H338 | bet   1,000원 BANKER | P:5♠ 4♣=9  B:5♠ 5♠=0  PLAYER(L)  | -1,000원 → 87,100원  [start]
H339 | bet   2,000원 PLAYER | P:10♦ 8♠=8  B:4♦ 6♠=0  PLAYER(W)  | +2,000원 → 89,100원  [end_win]
H340 | bet   1,000원 BANKER | P:A♥ 3♦ J♥=4  B:Q♠ A♠ 3♣=4  TIE(T)  |     0원 → 89,100원
H341 | bet   1,000원 BANKER | P:3♣ 10♣=3  B:5♥ 3♥=8  BANKER(W)  | +950원 → 90,050원
H342 | bet   1,000원 BANKER | P:J♣ J♥ 9♦=9  B:Q♠ 10♠ 2♦=2  PLAYER(L)  | -1,000원 → 89,050원  [start]
H343 | bet   2,000원 PLAYER | P:6♥ 6♦=2  B:3♥ 5♦=8  BANKER(L)  | -2,000원 → 87,050원
H344 | bet   4,000원 PLAYER | P:A♥ 7♦=8  B:8♠ 8♥=6  PLAYER(W)  | +4,000원 → 91,050원  [end_win]
H345 | bet   1,000원 BANKER | P:J♦ A♥ 7♥=8  B:9♥ 5♠ 10♣=4  PLAYER(L)  | -1,000원 → 90,050원  [start]
H346 | bet   2,000원 PLAYER | P:2♦ 2♠ 5♦=9  B:10♠ 2♦ A♥=3  PLAYER(W)  | +2,000원 → 92,050원  [end_win]
H347 | bet   1,000원 BANKER | P:9♠ A♦ 9♠=9  B:K♥ J♣ 8♥=8  PLAYER(L)  | -1,000원 → 91,050원  [start]
H348 | bet   2,000원 PLAYER | P:A♠ Q♥ A♠=2  B:7♠ 9♣=6  BANKER(L)  | -2,000원 → 89,050원
H349 | bet   4,000원 PLAYER | P:5♥ K♠ J♠=5  B:5♦ 8♠ 5♣=8  BANKER(L)  | -4,000원 → 85,050원
H350 | bet   8,000원 PLAYER | P:6♠ 8♥ 7♥=1  B:J♦ K♠ 7♦=7  BANKER(L)  | -8,000원 → 77,050원
H351 | bet  16,000원 PLAYER | P:6♥ K♣=6  B:9♠ 4♦ A♦=4  PLAYER(W)  | +16,000원 → 93,050원  [end_win]
H352 | bet   1,000원 BANKER | P:2♥ 9♥ J♦=1  B:9♥ 6♥=5  BANKER(W)  | +950원 → 94,000원
H353 | bet   1,000원 BANKER | P:2♥ 2♠ 3♥=7  B:K♦ 2♠ 9♦=1  PLAYER(L)  | -1,000원 → 93,000원  [start]
H354 | bet   2,000원 PLAYER | P:7♥ 2♣=9  B:9♣ 4♣=3  PLAYER(W)  | +2,000원 → 95,000원  [end_win]
H355 | bet   1,000원 BANKER | P:A♣ 7♣=8  B:8♠ Q♠=8  TIE(T)  |     0원 → 95,000원
H356 | bet   1,000원 BANKER | P:9♣ 2♥ Q♠=1  B:7♣ 8♣=5  BANKER(W)  | +950원 → 95,950원
H357 | bet   1,000원 BANKER | P:3♥ 5♠=8  B:8♣ 5♥=3  PLAYER(L)  | -1,000원 → 94,950원  [start]
H358 | bet   2,000원 PLAYER | P:J♥ K♥ K♠=0  B:8♣ 6♣=4  BANKER(L)  | -2,000원 → 92,950원
H359 | bet   4,000원 PLAYER | P:6♦ 5♥ 5♥=6  B:10♥ Q♥ 10♠=0  PLAYER(W)  | +4,000원 → 96,950원  [end_win]
H360 | bet   1,000원 BANKER | P:7♥ J♣=7  B:J♥ Q♣ Q♠=0  PLAYER(L)  | -1,000원 → 95,950원  [start]
H361 | bet   2,000원 PLAYER | P:K♣ 10♦ J♠=0  B:5♣ 6♣ 8♦=9  BANKER(L)  | -2,000원 → 93,950원
H362 | bet   4,000원 PLAYER | P:4♠ Q♣=4  B:5♦ 4♥=9  BANKER(L)  | -4,000원 → 89,950원
H363 | bet   8,000원 PLAYER | P:2♥ 6♣=8  B:K♥ 4♣=4  PLAYER(W)  | +8,000원 → 97,950원  [end_win]
H364 | bet   1,000원 BANKER | P:3♥ K♠ 3♠=6  B:9♦ 2♠ 2♣=3  PLAYER(L)  | -1,000원 → 96,950원  [start]
H365 | bet   2,000원 PLAYER | P:8♥ 3♥ 3♦=4  B:9♥ 3♣ 2♣=4  TIE(T)  |     0원 → 96,950원
H366 | bet   2,000원 PLAYER | P:Q♣ 6♦=6  B:7♥ 10♦=7  BANKER(L)  | -2,000원 → 94,950원
H367 | bet   4,000원 PLAYER | P:J♠ 9♠=9  B:8♠ Q♥=8  PLAYER(W)  | +4,000원 → 98,950원  [end_win]
H368 | bet   1,000원 BANKER | P:4♠ Q♣ A♠=5  B:5♣ 5♠ J♣=0  PLAYER(L)  | -1,000원 → 97,950원  [start]
H369 | bet   2,000원 PLAYER | P:2♠ 8♦=0  B:A♥ 8♣=9  BANKER(L)  | -2,000원 → 95,950원
H370 | bet   4,000원 PLAYER | P:8♥ A♣=9  B:10♣ 9♣=9  TIE(T)  |     0원 → 95,950원
H371 | bet   4,000원 PLAYER | P:K♦ J♠ K♣=0  B:6♠ 8♦=4  BANKER(L)  | -4,000원 → 91,950원
H372 | bet   8,000원 PLAYER | P:Q♠ 7♠=7  B:8♥ K♦=8  BANKER(L)  | -8,000원 → 83,950원
H373 | bet  16,000원 PLAYER | P:2♥ 9♣ A♦=2  B:2♥ 8♦ 9♣=9  BANKER(L)  | -16,000원 → 67,950원  [end_giveup]
H374 | bet   1,000원 BANKER | P:9♥ 8♠=7  B:J♦ K♦ A♦=1  PLAYER(L)  | -1,000원 → 66,950원  [start]
H375 | bet   2,000원 PLAYER | P:10♥ 7♣=7  B:5♣ 4♣=9  BANKER(L)  | -2,000원 → 64,950원
H376 | bet   4,000원 PLAYER | P:K♦ 4♥=4  B:4♦ 5♠=9  BANKER(L)  | -4,000원 → 60,950원
H377 | bet   8,000원 PLAYER | P:2♥ 7♦=9  B:4♥ 2♦=6  PLAYER(W)  | +8,000원 → 68,950원  [end_win]
H378 | bet   1,000원 BANKER | P:K♣ 6♦=6  B:3♦ 3♣=6  TIE(T)  |     0원 → 68,950원
H379 | bet   1,000원 BANKER | P:6♣ 7♣ 9♠=2  B:7♠ K♠=7  BANKER(W)  | +950원 → 69,900원
H380 | bet   1,000원 BANKER | P:Q♥ 6♥=6  B:9♦ Q♦=9  BANKER(W)  | +950원 → 70,850원
H381 | bet   1,000원 BANKER | P:3♥ A♦=4  B:6♠ 2♣=8  BANKER(W)  | +950원 → 71,800원
H382 | bet   1,000원 BANKER | P:K♥ 7♦=7  B:10♥ 2♦ 10♠=2  PLAYER(L)  | -1,000원 → 70,800원  [start]
H383 | bet   2,000원 PLAYER | P:6♣ 5♣ 5♦=6  B:5♦ A♣=6  TIE(T)  |     0원 → 70,800원
H384 | bet   2,000원 PLAYER | P:4♦ 10♣ Q♦=4  B:A♣ 2♥ Q♠=3  PLAYER(W)  | +2,000원 → 72,800원  [end_win]
H385 | bet   1,000원 BANKER | P:K♣ 10♣ K♦=0  B:J♣ 4♠=4  BANKER(W)  | +950원 → 73,750원
H386 | bet   1,000원 BANKER | P:K♣ 10♣ A♣=1  B:A♥ 2♦ 9♠=2  BANKER(W)  | +950원 → 74,700원
H387 | bet   1,000원 BANKER | P:10♦ 5♥=5  B:Q♣ 8♦=8  BANKER(W)  | +950원 → 75,650원
H388 | bet   1,000원 BANKER | P:10♥ 2♣ 6♠=8  B:8♣ 7♠ 3♠=8  TIE(T)  |     0원 → 75,650원
H389 | bet   1,000원 BANKER | P:4♦ 9♣ J♣=3  B:10♦ J♦ 10♥=0  PLAYER(L)  | -1,000원 → 74,650원  [start]
H390 | bet   2,000원 PLAYER | P:3♣ A♦ 9♠=3  B:Q♦ A♠ 4♣=5  BANKER(L)  | -2,000원 → 72,650원
H391 | bet   4,000원 PLAYER | P:3♦ Q♦ 7♣=0  B:6♦ 5♣ J♣=1  BANKER(L)  | -4,000원 → 68,650원
H392 | bet   8,000원 PLAYER | P:8♠ J♦=8  B:9♦ Q♥=9  BANKER(L)  | -8,000원 → 60,650원
H393 | bet  16,000원 PLAYER | P:3♦ 7♠ K♠=0  B:7♦ 4♠ 7♦=8  BANKER(L)  | -16,000원 → 44,650원  [end_giveup]

Result: RUIN (capital_depleted)
Final: 44,650원  Hands: 393  Bets: 352  Wagered: 981,000원  Max losing streak: 8
