=== Session 60 ===
Seed: 3669262207937771719
Initial: 100,000원  Target: 500,000원  Ruin: 50,000원  Table-max: 100,000원
Strategy: martingale (pivot, steps=5)
Base bet: 1,000원  Primary side: BANKER

H001 | bet   1,000원 BANKER | P:6♠ 4♥ 2♥=2  B:A♦ 6♠=7  BANKER(W)  | +950원 → 100,950원
H002 | bet   1,000원 BANKER | P:9♥ 6♥ K♠=5  B:6♣ 5♣ Q♦=1  PLAYER(L)  | -1,000원 → 99,950원  [start]
H003 | bet   2,000원 PLAYER | P:9♦ 5♠=4  B:9♠ 10♠=9  BANKER(L)  | -2,000원 → 97,950원
H004 | bet   4,000원 PLAYER | P:6♥ J♣=6  B:10♠ 8♦=8  BANKER(L)  | -4,000원 → 93,950원
H005 | bet   8,000원 PLAYER | P:5♦ A♠=6  B:3♥ 2♦ K♣=5  PLAYER(W)  | +8,000원 → 101,950원  [end_win]
H006 | bet   1,000원 BANKER | P:A♣ 4♥=5  B:5♦ 3♥=8  BANKER(W)  | +950원 → 102,900원
H007 | bet   1,000원 BANKER | P:3♥ Q♠ A♥=4  B:8♠ 4♦ 9♠=1  PLAYER(L)  | -1,000원 → 101,900원  [start]
H008 | bet   2,000원 PLAYER | P:Q♥ J♣ 5♠=5  B:Q♣ 4♦ A♠=5  TIE(T)  |     0원 → 101,900원
H009 | bet   2,000원 PLAYER | P:5♣ Q♥ 3♣=8  B:2♦ 10♥ J♠=2  PLAYER(W)  | +2,000원 → 103,900원  [end_win]
H010 | bet   1,000원 BANKER | P:10♦ K♦=0  B:9♣ 9♦=8  BANKER(W)  | +950원 → 104,850원
H011 | bet   1,000원 BANKER | P:5♣ 8♦ K♠=3  B:K♥ 7♥=7  BANKER(W)  | +950원 → 105,800원
H012 | bet   1,000원 BANKER | P:Q♠ 9♣=9  B:8♦ J♠=8  PLAYER(L)  | -1,000원 → 104,800원  [start]
H013 | bet   2,000원 PLAYER | P:2♣ 9♥ 4♠=5  B:6♦ 7♦ 10♣=3  PLAYER(W)  | +2,000원 → 106,800원  [end_win]
H014 | bet   1,000원 BANKER | P:K♠ 9♦=9  B:3♣ J♠=3  PLAYER(L)  | -1,000원 → 105,800원  [start]
H015 | bet   2,000원 PLAYER | P:7♥ K♣=7  B:9♠ K♣=9  BANKER(L)  | -2,000원 → 103,800원
H016 | bet   4,000원 PLAYER | P:Q♥ 2♠ A♣=3  B:5♦ 9♥=4  BANKER(L)  | -4,000원 → 99,800원
H017 | bet   8,000원 PLAYER | P:3♣ 3♠=6  B:5♠ K♠ 4♠=9  BANKER(L)  | -8,000원 → 91,800원
H018 | bet  16,000원 PLAYER | P:4♣ K♣ 6♣=0  B:4♦ 10♦ 2♥=6  BANKER(L)  | -16,000원 → 75,800원
H019 | bet  32,000원 PLAYER | P:6♠ 6♦ K♣=2  B:K♠ K♠ 8♦=8  BANKER(L)  | -32,000원 → 43,800원  [end_giveup]

Result: RUIN (capital_depleted)
Final: 43,800원  Hands: 19  Bets: 18  Wagered: 88,000원  Max losing streak: 6
