=== Session 28 ===
Seed: 7012091250016467664
Initial: 100,000원  Target: 500,000원  Ruin: 50,000원  Table-max: 100,000원
Strategy: martingale (pivot, steps=4)
Base bet: 1,000원  Primary side: BANKER

H001 | bet   1,000원 BANKER | P:4♠ 2♥=6  B:7♣ 7♣ 9♥=3  PLAYER(L)  | -1,000원 → 99,000원  [start]
H002 | bet   2,000원 PLAYER | P:4♦ 3♦=7  B:10♣ 7♦=7  TIE(T)  |     0원 → 99,000원
H003 | bet   2,000원 PLAYER | P:10♥ 6♦=6  B:7♥ 9♣=6  TIE(T)  |     0원 → 99,000원
H004 | bet   2,000원 PLAYER | P:K♥ 4♥ 9♦=3  B:7♥ 9♣=6  BANKER(L)  | -2,000원 → 97,000원
H005 | bet   4,000원 PLAYER | P:4♠ K♠=4  B:2♦ 6♥=8  BANKER(L)  | -4,000원 → 93,000원
H006 | bet   8,000원 PLAYER | P:4♥ 7♣=1  B:K♥ 9♥=9  BANKER(L)  | -8,000원 → 85,000원
H007 | bet  16,000원 PLAYER | P:9♥ 9♦=8  B:A♠ 7♠=8  TIE(T)  |     0원 → 85,000원
H008 | bet  16,000원 PLAYER | P:K♠ A♣ Q♦=1  B:9♦ 4♦ A♣=4  BANKER(L)  | -16,000원 → 69,000원  [end_giveup]
H009 | bet   1,000원 BANKER | P:4♠ 7♦ K♦=1  B:3♥ 10♣ 9♣=2  BANKER(W)  | +950원 → 69,950원
H010 | bet   1,000원 BANKER | P:Q♣ K♥ Q♥=0  B:8♠ 7♥=5  BANKER(W)  | +950원 → 70,900원
H011 | bet   1,000원 BANKER | P:Q♣ K♣=0  B:Q♠ 9♠=9  BANKER(W)  | +950원 → 71,850원
H012 | bet   1,000원 BANKER | P:K♥ 6♣=6  B:2♦ 6♠=8  BANKER(W)  | +950원 → 72,800원
H013 | bet   1,000원 BANKER | P:A♣ 7♦=8  B:A♣ J♥=1  PLAYER(L)  | -1,000원 → 71,800원  [start]
H014 | bet   2,000원 PLAYER | P:6♥ 7♠ 4♦=7  B:Q♦ K♣ 7♠=7  TIE(T)  |     0원 → 71,800원
H015 | bet   2,000원 PLAYER | P:3♦ J♣ Q♣=3  B:Q♥ 7♦=7  BANKER(L)  | -2,000원 → 69,800원
H016 | bet   4,000원 PLAYER | P:Q♠ A♠ Q♥=1  B:9♠ 6♣=5  BANKER(L)  | -4,000원 → 65,800원
H017 | bet   8,000원 PLAYER | P:8♥ J♦=8  B:4♠ K♦=4  PLAYER(W)  | +8,000원 → 73,800원  [end_win]
H018 | bet   1,000원 BANKER | P:5♠ 5♠ 6♦=6  B:3♠ A♥ 9♦=3  PLAYER(L)  | -1,000원 → 72,800원  [start]
H019 | bet   2,000원 PLAYER | P:K♣ Q♣ 2♥=2  B:3♥ 2♦=5  BANKER(L)  | -2,000원 → 70,800원
H020 | bet   4,000원 PLAYER | P:3♣ 2♠ Q♥=5  B:K♥ 6♠=6  BANKER(L)  | -4,000원 → 66,800원
H021 | bet   8,000원 PLAYER | P:5♣ 6♦ K♦=1  B:10♣ 2♣ A♦=3  BANKER(L)  | -8,000원 → 58,800원
H022 | bet  16,000원 PLAYER | P:J♦ 5♣ 6♣=1  B:4♥ 7♠ 5♣=6  BANKER(L)  | -16,000원 → 42,800원  [end_giveup]

Result: RUIN (capital_depleted)
Final: 42,800원  Hands: 22  Bets: 18  Wagered: 81,000원  Max losing streak: 5
