=== Session 54 ===
Seed: 2113106642663979449
Initial: 100,000원  Target: 500,000원  Ruin: 50,000원  Table-max: 100,000원
Strategy: martingale (pivot, steps=5)
Base bet: 1,000원  Primary side: BANKER

H001 | bet   1,000원 BANKER | P:5♣ 4♠=9  B:7♣ 4♦=1  PLAYER(L)  | -1,000원 → 99,000원  [start]
H002 | bet   2,000원 PLAYER | P:4♥ 4♣=8  B:9♥ 8♥=7  PLAYER(W)  | +2,000원 → 101,000원  [end_win]
H003 | bet   1,000원 BANKER | P:4♦ 5♠=9  B:K♣ 6♦=6  PLAYER(L)  | -1,000원 → 100,000원  [start]
H004 | bet   2,000원 PLAYER | P:5♣ 5♥ 8♥=8  B:10♥ A♣ 9♠=0  PLAYER(W)  | +2,000원 → 102,000원  [end_win]
H005 | bet   1,000원 BANKER | P:8♦ 2♦ 3♣=3  B:3♦ 7♥ 3♠=3  TIE(T)  |     0원 → 102,000원
H006 | bet   1,000원 BANKER | P:9♦ 9♣=8  B:A♠ 9♠=0  PLAYER(L)  | -1,000원 → 101,000원  [start]
H007 | bet   2,000원 PLAYER | P:10♦ 8♥=8  B:6♥ 9♥=5  PLAYER(W)  | +2,000원 → 103,000원  [end_win]
H008 | bet   1,000원 BANKER | P:2♦ 3♥=5  B:2♣ 7♠=9  BANKER(W)  | +950원 → 103,950원
H009 | bet   1,000원 BANKER | P:Q♣ 7♣=7  B:A♦ 10♥ K♠=1  PLAYER(L)  | -1,000원 → 102,950원  [start]
H010 | bet   2,000원 PLAYER | P:J♦ Q♥ 9♣=9  B:A♠ 6♣=7  PLAYER(W)  | +2,000원 → 104,950원  [end_win]
H011 | bet   1,000원 BANKER | P:6♦ 2♠=8  B:2♥ 4♦=6  PLAYER(L)  | -1,000원 → 103,950원  [start]
H012 | bet   2,000원 PLAYER | P:10♦ 8♦=8  B:7♦ J♠=7  PLAYER(W)  | +2,000원 → 105,950원  [end_win]
H013 | bet   1,000원 BANKER | P:A♠ 7♠=8  B:5♦ J♥=5  PLAYER(L)  | -1,000원 → 104,950원  [start]
H014 | bet   2,000원 PLAYER | P:5♣ J♠ 4♣=9  B:5♥ 9♦ 10♠=4  PLAYER(W)  | +2,000원 → 106,950원  [end_win]
H015 | bet   1,000원 BANKER | P:6♣ A♥=7  B:A♦ K♥ 3♦=4  PLAYER(L)  | -1,000원 → 105,950원  [start]
H016 | bet   2,000원 PLAYER | P:9♥ 5♦=4  B:9♠ K♥=9  BANKER(L)  | -2,000원 → 103,950원
H017 | bet   4,000원 PLAYER | P:2♦ J♠ J♥=2  B:3♠ J♣ J♣=3  BANKER(L)  | -4,000원 → 99,950원
H018 | bet   8,000원 PLAYER | P:10♠ 2♣ Q♦=2  B:4♣ 9♣ 8♣=1  PLAYER(W)  | +8,000원 → 107,950원  [end_win]
H019 | bet   1,000원 BANKER | P:6♠ 3♥=9  B:6♦ 3♠=9  TIE(T)  |     0원 → 107,950원
H020 | bet   1,000원 BANKER | P:10♦ J♠ 7♥=7  B:K♦ 3♣ 9♠=2  PLAYER(L)  | -1,000원 → 106,950원  [start]
H021 | bet   2,000원 PLAYER | P:4♠ 5♦=9  B:10♥ 8♣=8  PLAYER(W)  | +2,000원 → 108,950원  [end_win]
H022 | bet   1,000원 BANKER | P:4♦ 3♥=7  B:10♣ 7♥=7  TIE(T)  |     0원 → 108,950원
H023 | bet   1,000원 BANKER | P:K♣ 5♠ 2♣=7  B:Q♠ 7♣=7  TIE(T)  |     0원 → 108,950원
H024 | bet   1,000원 BANKER | P:6♠ 9♠ 6♦=1  B:K♦ 3♦ 5♦=8  BANKER(W)  | +950원 → 109,900원
H025 | bet   1,000원 BANKER | P:10♣ K♣ 10♣=0  B:K♥ 10♥ 7♦=7  BANKER(W)  | +950원 → 110,850원
H026 | bet   1,000원 BANKER | P:2♥ 10♦ 3♣=5  B:A♠ 2♣ A♥=4  PLAYER(L)  | -1,000원 → 109,850원  [start]
H027 | bet   2,000원 PLAYER | P:4♥ J♥ 2♠=6  B:K♥ J♥ 4♠=4  PLAYER(W)  | +2,000원 → 111,850원  [end_win]
H028 | bet   1,000원 BANKER | P:3♥ K♦ 2♠=5  B:2♦ Q♥ 5♦=7  BANKER(W)  | +950원 → 112,800원
H029 | bet   1,000원 BANKER | P:9♠ Q♥=9  B:Q♣ K♥=0  PLAYER(L)  | -1,000원 → 111,800원  [start]
H030 | bet   2,000원 PLAYER | P:J♦ 8♦=8  B:2♠ 4♦=6  PLAYER(W)  | +2,000원 → 113,800원  [end_win]
H031 | bet   1,000원 BANKER | P:6♣ J♦=6  B:4♥ 4♣=8  BANKER(W)  | +950원 → 114,750원
H032 | bet   1,000원 BANKER | P:A♣ 9♠=0  B:Q♠ 9♦=9  BANKER(W)  | +950원 → 115,700원
H033 | bet   1,000원 BANKER | P:10♣ 9♥=9  B:9♥ 7♠=6  PLAYER(L)  | -1,000원 → 114,700원  [start]
H034 | bet   2,000원 PLAYER | P:A♣ 5♦=6  B:2♣ A♦ A♠=4  PLAYER(W)  | +2,000원 → 116,700원  [end_win]
H035 | bet   1,000원 BANKER | P:3♥ 7♣=0  B:6♦ 2♦=8  BANKER(W)  | +950원 → 117,650원
H036 | bet   1,000원 BANKER | P:3♠ 7♥ 5♠=5  B:5♦ 5♣ 2♦=2  PLAYER(L)  | -1,000원 → 116,650원  [start]
H037 | bet   2,000원 PLAYER | P:J♥ 8♦=8  B:K♠ Q♦=0  PLAYER(W)  | +2,000원 → 118,650원  [end_win]
H038 | bet   1,000원 BANKER | P:Q♠ Q♦ 7♦=7  B:8♥ 5♠ K♣=3  PLAYER(L)  | -1,000원 → 117,650원  [start]
H039 | bet   2,000원 PLAYER | P:7♦ 9♠=6  B:Q♦ 6♦=6  TIE(T)  |     0원 → 117,650원
H040 | bet   2,000원 PLAYER | P:J♦ 6♥=6  B:4♥ J♦ 5♥=9  BANKER(L)  | -2,000원 → 115,650원
H041 | bet   4,000원 PLAYER | P:9♦ 9♣=8  B:6♦ Q♥=6  PLAYER(W)  | +4,000원 → 119,650원  [end_win]
H042 | bet   1,000원 BANKER | P:4♣ 6♣ 5♣=5  B:3♥ 9♦ Q♥=2  PLAYER(L)  | -1,000원 → 118,650원  [start]
H043 | bet   2,000원 PLAYER | P:7♣ 9♣=6  B:A♥ K♦ A♥=2  PLAYER(W)  | +2,000원 → 120,650원  [end_win]
H044 | bet   1,000원 BANKER | P:A♣ 6♠=7  B:3♦ K♠ 10♣=3  PLAYER(L)  | -1,000원 → 119,650원  [start]
H045 | bet   2,000원 PLAYER | P:J♠ 9♣=9  B:3♦ Q♣=3  PLAYER(W)  | +2,000원 → 121,650원  [end_win]
H046 | bet   1,000원 BANKER | P:7♥ 4♦ A♦=2  B:K♥ 2♥ 6♠=8  BANKER(W)  | +950원 → 122,600원
H047 | bet   1,000원 BANKER | P:K♣ 7♣=7  B:2♠ 3♣ 4♠=9  BANKER(W)  | +950원 → 123,550원
H048 | bet   1,000원 BANKER | P:7♣ J♥=7  B:10♥ 8♥=8  BANKER(W)  | +950원 → 124,500원
H049 | bet   1,000원 BANKER | P:J♣ J♣ 10♦=0  B:A♥ J♠ 10♣=1  BANKER(W)  | +950원 → 125,450원
H050 | bet   1,000원 BANKER | P:8♣ A♦=9  B:7♠ 5♠=2  PLAYER(L)  | -1,000원 → 124,450원  [start]
H051 | bet   2,000원 PLAYER | P:Q♣ 8♥=8  B:Q♣ 6♠=6  PLAYER(W)  | +2,000원 → 126,450원  [end_win]
H052 | bet   1,000원 BANKER | P:2♦ 9♥=1  B:9♦ 10♥=9  BANKER(W)  | +950원 → 127,400원
H053 | bet   1,000원 BANKER | P:J♠ Q♣ K♠=0  B:10♦ A♣ Q♠=1  BANKER(W)  | +950원 → 128,350원
H054 | bet   1,000원 BANKER | P:Q♣ A♥ 4♠=5  B:K♣ 5♥ 3♠=8  BANKER(W)  | +950원 → 129,300원
H055 | bet   1,000원 BANKER | P:8♣ 8♣=6  B:8♠ A♣=9  BANKER(W)  | +950원 → 130,250원
H056 | bet   1,000원 BANKER | P:8♠ Q♦=8  B:10♠ 4♠=4  PLAYER(L)  | -1,000원 → 129,250원  [start]
H057 | bet   2,000원 PLAYER | P:A♦ J♣ 9♦=0  B:2♠ 4♣=6  BANKER(L)  | -2,000원 → 127,250원
H058 | bet   4,000원 PLAYER | P:2♥ 3♥=5  B:K♣ 8♠=8  BANKER(L)  | -4,000원 → 123,250원
H059 | bet   8,000원 PLAYER | P:Q♥ 2♠=2  B:3♦ 6♥=9  BANKER(L)  | -8,000원 → 115,250원
H060 | bet  16,000원 PLAYER | P:9♦ 5♠ K♠=4  B:2♣ 8♣ 6♦=6  BANKER(L)  | -16,000원 → 99,250원
H061 | bet  32,000원 PLAYER | P:K♠ 5♣=5  B:K♥ 8♣=8  BANKER(L)  | -32,000원 → 67,250원  [end_giveup]
H062 | bet   1,000원 BANKER | P:3♥ 3♣=6  B:6♥ Q♠=6  TIE(T)  |     0원 → 67,250원
H063 | bet   1,000원 BANKER | P:A♥ 2♥ 5♣=8  B:4♥ 7♥ A♦=2  PLAYER(L)  | -1,000원 → 66,250원  [start]
H064 | bet   2,000원 PLAYER | P:A♣ 4♣ 6♠=1  B:8♠ 7♠ 9♣=4  BANKER(L)  | -2,000원 → 64,250원
H065 | bet   4,000원 PLAYER | P:J♠ 2♣ 3♠=5  B:4♥ A♠=5  TIE(T)  |     0원 → 64,250원
H066 | bet   4,000원 PLAYER | P:6♣ 7♠ 4♦=7  B:Q♠ 3♠ 8♦=1  PLAYER(W)  | +4,000원 → 68,250원  [end_win]
H067 | bet   1,000원 BANKER | P:K♥ 8♠=8  B:3♣ Q♦=3  PLAYER(L)  | -1,000원 → 67,250원  [start]
H068 | bet   2,000원 PLAYER | P:6♣ Q♥=6  B:K♦ 10♦ 6♥=6  TIE(T)  |     0원 → 67,250원
H069 | bet   2,000원 PLAYER | P:8♣ J♦=8  B:J♦ A♥=1  PLAYER(W)  | +2,000원 → 69,250원  [end_win]
H070 | bet   1,000원 BANKER | P:7♦ 7♣ 10♣=4  B:K♦ 3♦ Q♦=3  PLAYER(L)  | -1,000원 → 68,250원  [start]
H071 | bet   2,000원 PLAYER | P:4♥ J♣ 4♠=8  B:Q♣ 7♦=7  PLAYER(W)  | +2,000원 → 70,250원  [end_win]
H072 | bet   1,000원 BANKER | P:5♦ 10♦ 5♣=0  B:7♦ J♣=7  BANKER(W)  | +950원 → 71,200원
H073 | bet   1,000원 BANKER | P:Q♥ 5♠ J♥=5  B:5♥ 2♠=7  BANKER(W)  | +950원 → 72,150원
H074 | bet   1,000원 BANKER | P:6♥ 9♣ 10♠=5  B:5♥ 7♥ 5♥=7  BANKER(W)  | +950원 → 73,100원
H075 | bet   1,000원 BANKER | P:10♠ K♠ 3♣=3  B:4♥ Q♠ 10♣=4  BANKER(W)  | +950원 → 74,050원
H076 | bet   1,000원 BANKER | P:4♣ 3♠=7  B:8♥ 8♦=6  PLAYER(L)  | -1,000원 → 73,050원  [start]
H077 | bet   2,000원 PLAYER | P:5♠ J♣ J♥=5  B:10♥ 3♣ 10♠=3  PLAYER(W)  | +2,000원 → 75,050원  [end_win]
H078 | bet   1,000원 BANKER | P:6♣ K♣=6  B:6♠ K♦=6  TIE(T)  |     0원 → 75,050원
H079 | bet   1,000원 BANKER | P:10♠ Q♦ 7♠=7  B:8♦ 8♦ A♠=7  TIE(T)  |     0원 → 75,050원
H080 | bet   1,000원 BANKER | P:4♠ 5♥=9  B:J♦ 6♥=6  PLAYER(L)  | -1,000원 → 74,050원  [start]
H081 | bet   2,000원 PLAYER | P:8♠ 8♠=6  B:2♥ 2♥ K♠=4  PLAYER(W)  | +2,000원 → 76,050원  [end_win]
H082 | bet   1,000원 BANKER | P:4♦ 3♦=7  B:Q♠ 2♥ 7♦=9  BANKER(W)  | +950원 → 77,000원
H083 | bet   1,000원 BANKER | P:8♠ K♦=8  B:A♣ 9♥=0  PLAYER(L)  | -1,000원 → 76,000원  [start]
H084 | bet   2,000원 PLAYER | P:9♥ 5♥ 5♣=9  B:6♠ 7♦ J♥=3  PLAYER(W)  | +2,000원 → 78,000원  [end_win]
H085 | bet   1,000원 BANKER | P:7♦ 6♣ Q♣=3  B:3♣ 8♥ 9♥=0  PLAYER(L)  | -1,000원 → 77,000원  [start]
H086 | bet   2,000원 PLAYER | P:Q♠ K♠ K♥=0  B:K♦ 2♠ 5♦=7  BANKER(L)  | -2,000원 → 75,000원
H087 | bet   4,000원 PLAYER | P:3♦ J♦ 6♦=9  B:9♦ A♠ K♥=0  PLAYER(W)  | +4,000원 → 79,000원  [end_win]
H088 | bet   1,000원 BANKER | P:K♣ J♣=0  B:2♠ 7♥=9  BANKER(W)  | +950원 → 79,950원
H089 | bet   1,000원 BANKER | P:Q♦ K♦ A♠=1  B:3♥ 4♠=7  BANKER(W)  | +950원 → 80,900원
H090 | bet   1,000원 BANKER | P:J♠ 2♦ K♦=2  B:Q♣ J♦ 3♠=3  BANKER(W)  | +950원 → 81,850원
H091 | bet   1,000원 BANKER | P:10♦ 9♣=9  B:A♥ J♠=1  PLAYER(L)  | -1,000원 → 80,850원  [start]
H092 | bet   2,000원 PLAYER | P:9♥ J♦=9  B:5♠ 5♥=0  PLAYER(W)  | +2,000원 → 82,850원  [end_win]
H093 | bet   1,000원 BANKER | P:J♥ K♥ Q♣=0  B:6♣ 5♣ A♣=2  BANKER(W)  | +950원 → 83,800원
H094 | bet   1,000원 BANKER | P:4♦ 3♦=7  B:3♥ 2♠ K♠=5  PLAYER(L)  | -1,000원 → 82,800원  [start]
H095 | bet   2,000원 PLAYER | P:J♠ 5♣ K♣=5  B:6♠ 10♥=6  BANKER(L)  | -2,000원 → 80,800원
H096 | bet   4,000원 PLAYER | P:J♥ 2♦ J♠=2  B:7♣ 7♥=4  BANKER(L)  | -4,000원 → 76,800원
H097 | bet   8,000원 PLAYER | P:2♦ 6♣=8  B:K♥ Q♣=0  PLAYER(W)  | +8,000원 → 84,800원  [end_win]
H098 | bet   1,000원 BANKER | P:8♦ 8♦=6  B:6♦ 4♦ Q♥=0  PLAYER(L)  | -1,000원 → 83,800원  [start]
H099 | bet   2,000원 PLAYER | P:5♥ 8♥ 5♥=8  B:8♥ 8♠=6  PLAYER(W)  | +2,000원 → 85,800원  [end_win]
H100 | bet   1,000원 BANKER | P:J♦ A♣ 6♥=7  B:Q♦ 6♠ 7♣=3  PLAYER(L)  | -1,000원 → 84,800원  [start]
H101 | bet   2,000원 PLAYER | P:8♣ K♠=8  B:9♣ 9♦=8  TIE(T)  |     0원 → 84,800원
H102 | bet   2,000원 PLAYER | P:7♠ 4♥ 4♠=5  B:2♦ 9♦ 9♦=0  PLAYER(W)  | +2,000원 → 86,800원  [end_win]
H103 | bet   1,000원 BANKER | P:K♠ A♠ 9♠=0  B:3♠ 2♥=5  BANKER(W)  | +950원 → 87,750원
H104 | bet   1,000원 BANKER | P:Q♦ 7♥=7  B:K♦ 3♥ Q♥=3  PLAYER(L)  | -1,000원 → 86,750원  [start]
H105 | bet   2,000원 PLAYER | P:5♦ J♥ 10♣=5  B:5♥ 5♦ 5♦=5  TIE(T)  |     0원 → 86,750원
H106 | bet   2,000원 PLAYER | P:6♣ 9♦ 4♦=9  B:3♦ J♠ 4♣=7  PLAYER(W)  | +2,000원 → 88,750원  [end_win]
H107 | bet   1,000원 BANKER | P:K♣ 2♠ 3♦=5  B:Q♣ K♣ Q♥=0  PLAYER(L)  | -1,000원 → 87,750원  [start]
H108 | bet   2,000원 PLAYER | P:Q♦ 2♣ K♥=2  B:7♥ 4♣ 3♥=4  BANKER(L)  | -2,000원 → 85,750원
H109 | bet   4,000원 PLAYER | P:2♣ 2♥ 6♥=0  B:7♠ 8♠ 5♠=0  TIE(T)  |     0원 → 85,750원
H110 | bet   4,000원 PLAYER | P:8♠ 3♣ 10♦=1  B:A♣ Q♠ 3♣=4  BANKER(L)  | -4,000원 → 81,750원
H111 | bet   8,000원 PLAYER | P:J♣ J♣ 9♣=9  B:3♦ 4♥=7  PLAYER(W)  | +8,000원 → 89,750원  [end_win]
H112 | bet   1,000원 BANKER | P:9♠ 5♦ 7♣=1  B:6♦ 4♠ Q♠=0  PLAYER(L)  | -1,000원 → 88,750원  [start]
H113 | bet   2,000원 PLAYER | P:9♣ Q♥=9  B:A♦ 3♥=4  PLAYER(W)  | +2,000원 → 90,750원  [end_win]
H114 | bet   1,000원 BANKER | P:5♠ Q♦ 10♠=5  B:9♥ 2♣ A♦=2  PLAYER(L)  | -1,000원 → 89,750원  [start]
H115 | bet   2,000원 PLAYER | P:10♣ 6♣=6  B:3♠ 5♣=8  BANKER(L)  | -2,000원 → 87,750원
H116 | bet   4,000원 PLAYER | P:4♥ 4♥=8  B:4♦ 7♦=1  PLAYER(W)  | +4,000원 → 91,750원  [end_win]
H117 | bet   1,000원 BANKER | P:A♦ Q♠ 10♠=1  B:2♥ A♣ 10♠=3  BANKER(W)  | +950원 → 92,700원
H118 | bet   1,000원 BANKER | P:10♥ Q♠ 2♣=2  B:A♦ 6♠=7  BANKER(W)  | +950원 → 93,650원
H119 | bet   1,000원 BANKER | P:Q♣ 3♣=3  B:10♣ 8♥=8  BANKER(W)  | +950원 → 94,600원
H120 | bet   1,000원 BANKER | P:A♠ K♠=1  B:10♥ 9♥=9  BANKER(W)  | +950원 → 95,550원
H121 | bet   1,000원 BANKER | P:6♠ 10♠=6  B:2♥ Q♠ 10♦=2  PLAYER(L)  | -1,000원 → 94,550원  [start]
H122 | bet   2,000원 PLAYER | P:J♠ 5♣ Q♠=5  B:9♦ 3♦ 6♥=8  BANKER(L)  | -2,000원 → 92,550원
H123 | bet   4,000원 PLAYER | P:8♦ 6♥ 3♠=7  B:6♦ 6♠ 3♣=5  PLAYER(W)  | +4,000원 → 96,550원  [end_win]
H124 | bet   1,000원 BANKER | P:3♠ J♣ J♦=3  B:7♦ 6♦ 3♦=6  BANKER(W)  | +950원 → 97,500원
H125 | bet   1,000원 BANKER | P:A♣ 2♥ J♠=3  B:5♦ 2♠=7  BANKER(W)  | +950원 → 98,450원
H126 | bet   1,000원 BANKER | P:K♦ 9♠=9  B:9♦ 2♦=1  PLAYER(L)  | -1,000원 → 97,450원  [start]
H127 | bet   2,000원 PLAYER | P:9♠ 5♥=4  B:10♦ 9♣=9  BANKER(L)  | -2,000원 → 95,450원
H128 | bet   4,000원 PLAYER | P:9♠ 9♣=8  B:9♥ 4♥=3  PLAYER(W)  | +4,000원 → 99,450원  [end_win]
H129 | bet   1,000원 BANKER | P:5♣ 3♣=8  B:7♥ 8♠=5  PLAYER(L)  | -1,000원 → 98,450원  [start]
H130 | bet   2,000원 PLAYER | P:J♦ 10♠ 4♥=4  B:7♣ 6♠ 9♣=2  PLAYER(W)  | +2,000원 → 100,450원  [end_win]
H131 | bet   1,000원 BANKER | P:A♠ 10♥ 6♥=7  B:2♥ 10♥ 6♥=8  BANKER(W)  | +950원 → 101,400원
H132 | bet   1,000원 BANKER | P:6♣ A♥=7  B:4♣ 4♦=8  BANKER(W)  | +950원 → 102,350원
H133 | bet   1,000원 BANKER | P:K♥ 6♥=6  B:2♣ 3♥ 10♣=5  PLAYER(L)  | -1,000원 → 101,350원  [start]
H134 | bet   2,000원 PLAYER | P:J♣ 7♠=7  B:K♣ 5♥ 10♦=5  PLAYER(W)  | +2,000원 → 103,350원  [end_win]
H135 | bet   1,000원 BANKER | P:Q♦ 5♠ A♠=6  B:4♠ 10♥=4  PLAYER(L)  | -1,000원 → 102,350원  [start]
H136 | bet   2,000원 PLAYER | P:7♥ A♥=8  B:6♥ 4♥=0  PLAYER(W)  | +2,000원 → 104,350원  [end_win]
H137 | bet   1,000원 BANKER | P:2♠ 10♣ 8♦=0  B:7♠ 9♠=6  BANKER(W)  | +950원 → 105,300원
H138 | bet   1,000원 BANKER | P:4♠ A♥ K♠=5  B:K♦ 7♦=7  BANKER(W)  | +950원 → 106,250원
H139 | bet   1,000원 BANKER | P:4♣ A♣=5  B:10♥ 9♠=9  BANKER(W)  | +950원 → 107,200원
H140 | bet   1,000원 BANKER | P:J♦ 10♦=0  B:5♠ 4♠=9  BANKER(W)  | +950원 → 108,150원
H141 | bet   1,000원 BANKER | P:K♣ 8♣=8  B:2♠ 8♥=0  PLAYER(L)  | -1,000원 → 107,150원  [start]
H142 | bet   2,000원 PLAYER | P:K♦ A♦ A♦=2  B:7♣ 5♠ A♥=3  BANKER(L)  | -2,000원 → 105,150원
H143 | bet   4,000원 PLAYER | P:4♦ A♣ Q♣=5  B:4♦ K♠=4  PLAYER(W)  | +4,000원 → 109,150원  [end_win]
H144 | bet   1,000원 BANKER | P:A♦ 3♠ J♠=4  B:Q♣ 10♥ 2♥=2  PLAYER(L)  | -1,000원 → 108,150원  [start]
H145 | bet   2,000원 PLAYER | P:10♠ 7♠=7  B:3♥ 6♦=9  BANKER(L)  | -2,000원 → 106,150원
H146 | bet   4,000원 PLAYER | P:A♥ K♥ 8♠=9  B:7♠ 3♠ 7♠=7  PLAYER(W)  | +4,000원 → 110,150원  [end_win]
H147 | bet   1,000원 BANKER | P:3♦ 7♣ J♣=0  B:A♦ 2♠ 5♠=8  BANKER(W)  | +950원 → 111,100원
H148 | bet   1,000원 BANKER | P:4♥ Q♥ A♠=5  B:5♥ 6♣ Q♥=1  PLAYER(L)  | -1,000원 → 110,100원  [start]
H149 | bet   2,000원 PLAYER | P:7♥ 8♣ 2♦=7  B:6♦ Q♦=6  PLAYER(W)  | +2,000원 → 112,100원  [end_win]
H150 | bet   1,000원 BANKER | P:8♦ 4♣=2  B:J♥ 8♠=8  BANKER(W)  | +950원 → 113,050원
H151 | bet   1,000원 BANKER | P:8♦ 4♣ 8♣=0  B:J♥ 4♣=4  BANKER(W)  | +950원 → 114,000원
H152 | bet   1,000원 BANKER | P:J♥ 8♣=8  B:6♦ 9♦=5  PLAYER(L)  | -1,000원 → 113,000원  [start]
H153 | bet   2,000원 PLAYER | P:8♣ K♥=8  B:8♠ 3♣=1  PLAYER(W)  | +2,000원 → 115,000원  [end_win]
H154 | bet   1,000원 BANKER | P:2♣ K♠ 4♠=6  B:7♠ 7♣ 10♣=4  PLAYER(L)  | -1,000원 → 114,000원  [start]
H155 | bet   2,000원 PLAYER | P:2♣ 2♣ J♥=4  B:J♣ 7♥=7  BANKER(L)  | -2,000원 → 112,000원
H156 | bet   4,000원 PLAYER | P:K♣ J♦=0  B:8♣ A♥=9  BANKER(L)  | -4,000원 → 108,000원
H157 | bet   8,000원 PLAYER | P:8♥ 10♦=8  B:7♣ K♦=7  PLAYER(W)  | +8,000원 → 116,000원  [end_win]
H158 | bet   1,000원 BANKER | P:2♦ 4♦=6  B:Q♥ A♣ 7♦=8  BANKER(W)  | +950원 → 116,950원
H159 | bet   1,000원 BANKER | P:7♦ J♣=7  B:A♥ 6♣=7  TIE(T)  |     0원 → 116,950원
H160 | bet   1,000원 BANKER | P:4♣ Q♠ 8♦=2  B:10♦ 4♠=4  BANKER(W)  | +950원 → 117,900원
H161 | bet   1,000원 BANKER | P:8♠ 5♦ 3♠=6  B:10♠ 10♠ 5♠=5  PLAYER(L)  | -1,000원 → 116,900원  [start]
H162 | bet   2,000원 PLAYER | P:6♠ 10♣=6  B:Q♥ 8♥=8  BANKER(L)  | -2,000원 → 114,900원
H163 | bet   4,000원 PLAYER | P:2♥ 3♣=5  B:8♣ A♠=9  BANKER(L)  | -4,000원 → 110,900원
H164 | bet   8,000원 PLAYER | P:5♣ 9♠ 9♥=3  B:2♦ K♣ Q♦=2  PLAYER(W)  | +8,000원 → 118,900원  [end_win]
H165 | bet   1,000원 BANKER | P:4♦ 3♠=7  B:J♣ 9♥=9  BANKER(W)  | +950원 → 119,850원
H166 | bet   1,000원 BANKER | P:4♠ 3♦=7  B:8♥ 9♦=7  TIE(T)  |     0원 → 119,850원
H167 | bet   1,000원 BANKER | P:Q♦ 7♠=7  B:10♥ 9♥=9  BANKER(W)  | +950원 → 120,800원
H168 | bet   1,000원 BANKER | P:9♦ 5♠ 7♠=1  B:Q♥ Q♦ Q♥=0  PLAYER(L)  | -1,000원 → 119,800원  [start]
H169 | bet   2,000원 PLAYER | P:8♠ Q♠=8  B:7♠ 4♣=1  PLAYER(W)  | +2,000원 → 121,800원  [end_win]
H170 | bet   1,000원 BANKER | P:8♣ 10♠=8  B:A♣ 7♥=8  TIE(T)  |     0원 → 121,800원
H171 | bet   1,000원 BANKER | P:4♣ 2♠=6  B:2♠ 6♣=8  BANKER(W)  | +950원 → 122,750원
H172 | bet   1,000원 BANKER | P:10♥ 3♦ 7♣=0  B:10♣ 3♣ 4♥=7  BANKER(W)  | +950원 → 123,700원
H173 | bet   1,000원 BANKER | P:8♦ 8♥=6  B:5♠ 9♣ 9♠=3  PLAYER(L)  | -1,000원 → 122,700원  [start]
H174 | bet   2,000원 PLAYER | P:2♦ 7♣=9  B:4♥ 5♥=9  TIE(T)  |     0원 → 122,700원
H175 | bet   2,000원 PLAYER | P:K♣ 6♦=6  B:Q♠ 7♠=7  BANKER(L)  | -2,000원 → 120,700원
H176 | bet   4,000원 PLAYER | P:6♥ 6♠ 8♣=0  B:7♦ J♣=7  BANKER(L)  | -4,000원 → 116,700원
H177 | bet   8,000원 PLAYER | P:7♣ 2♥=9  B:K♦ 4♣=4  PLAYER(W)  | +8,000원 → 124,700원  [end_win]
H178 | bet   1,000원 BANKER | P:2♣ 3♠ 10♣=5  B:9♠ 2♣ 2♠=3  PLAYER(L)  | -1,000원 → 123,700원  [start]
H179 | bet   2,000원 PLAYER | P:Q♦ 2♠=2  B:10♦ 8♠=8  BANKER(L)  | -2,000원 → 121,700원
H180 | bet   4,000원 PLAYER | P:3♣ 3♥=6  B:8♦ 10♠=8  BANKER(L)  | -4,000원 → 117,700원
H181 | bet   8,000원 PLAYER | P:9♦ 7♠=6  B:A♦ 4♠ 7♥=2  PLAYER(W)  | +8,000원 → 125,700원  [end_win]
H182 | bet   1,000원 BANKER | P:6♣ J♦=6  B:9♦ 8♣=7  BANKER(W)  | +950원 → 126,650원
H183 | bet   1,000원 BANKER | P:A♦ 2♥ 10♠=3  B:9♠ 2♦ J♠=1  PLAYER(L)  | -1,000원 → 125,650원  [start]
H184 | bet   2,000원 PLAYER | P:A♠ 5♦=6  B:K♣ 3♦ K♠=3  PLAYER(W)  | +2,000원 → 127,650원  [end_win]
H185 | bet   1,000원 BANKER | P:3♥ A♣ 2♦=6  B:Q♦ A♣ 7♥=8  BANKER(W)  | +950원 → 128,600원
H186 | bet   1,000원 BANKER | P:9♦ A♥=0  B:J♠ 8♠=8  BANKER(W)  | +950원 → 129,550원
H187 | bet   1,000원 BANKER | P:2♦ 3♣ J♥=5  B:K♥ 5♥=5  TIE(T)  |     0원 → 129,550원
H188 | bet   1,000원 BANKER | P:5♦ K♥ 4♥=9  B:4♣ 6♦ 5♥=5  PLAYER(L)  | -1,000원 → 128,550원  [start]
H189 | bet   2,000원 PLAYER | P:6♣ 3♦=9  B:4♠ J♠=4  PLAYER(W)  | +2,000원 → 130,550원  [end_win]
H190 | bet   1,000원 BANKER | P:5♣ 3♥=8  B:8♣ 9♣=7  PLAYER(L)  | -1,000원 → 129,550원  [start]
H191 | bet   2,000원 PLAYER | P:9♦ K♦=9  B:A♦ Q♥=1  PLAYER(W)  | +2,000원 → 131,550원  [end_win]
H192 | bet   1,000원 BANKER | P:K♠ 8♦=8  B:2♣ 3♠=5  PLAYER(L)  | -1,000원 → 130,550원  [start]
H193 | bet   2,000원 PLAYER | P:6♦ 10♥=6  B:8♠ 10♣=8  BANKER(L)  | -2,000원 → 128,550원
H194 | bet   4,000원 PLAYER | P:Q♦ 8♠=8  B:3♥ J♦=3  PLAYER(W)  | +4,000원 → 132,550원  [end_win]
H195 | bet   1,000원 BANKER | P:7♥ Q♥=7  B:J♣ 5♦ J♠=5  PLAYER(L)  | -1,000원 → 131,550원  [start]
H196 | bet   2,000원 PLAYER | P:J♠ 5♥ 9♥=4  B:K♦ 3♦ 9♠=2  PLAYER(W)  | +2,000원 → 133,550원  [end_win]
H197 | bet   1,000원 BANKER | P:7♦ 9♠=6  B:6♥ 2♥=8  BANKER(W)  | +950원 → 134,500원
H198 | bet   1,000원 BANKER | P:3♣ 10♥ K♥=3  B:4♣ 7♠ 6♥=7  BANKER(W)  | +950원 → 135,450원
H199 | bet   1,000원 BANKER | P:2♦ 5♠=7  B:2♣ 4♥=6  PLAYER(L)  | -1,000원 → 134,450원  [start]
H200 | bet   2,000원 PLAYER | P:J♦ 4♠ 5♥=9  B:A♥ 9♣ 10♥=0  PLAYER(W)  | +2,000원 → 136,450원  [end_win]
H201 | bet   1,000원 BANKER | P:7♥ J♣=7  B:6♥ 9♣ 6♠=1  PLAYER(L)  | -1,000원 → 135,450원  [start]
H202 | bet   2,000원 PLAYER | P:J♣ 6♦=6  B:K♥ J♦ 6♠=6  TIE(T)  |     0원 → 135,450원
H203 | bet   2,000원 PLAYER | P:A♦ 8♦=9  B:K♦ 2♥=2  PLAYER(W)  | +2,000원 → 137,450원  [end_win]
H204 | bet   1,000원 BANKER | P:A♥ 4♥=5  B:8♣ J♥=8  BANKER(W)  | +950원 → 138,400원
H205 | bet   1,000원 BANKER | P:2♣ 6♣=8  B:3♠ 2♠=5  PLAYER(L)  | -1,000원 → 137,400원  [start]
H206 | bet   2,000원 PLAYER | P:K♣ J♦=0  B:7♦ 2♦=9  BANKER(L)  | -2,000원 → 135,400원
H207 | bet   4,000원 PLAYER | P:5♦ 7♠=2  B:9♥ Q♥=9  BANKER(L)  | -4,000원 → 131,400원
H208 | bet   8,000원 PLAYER | P:6♦ J♥=6  B:2♥ Q♠ 5♥=7  BANKER(L)  | -8,000원 → 123,400원
H209 | bet  16,000원 PLAYER | P:5♦ 9♣=4  B:3♦ 6♠=9  BANKER(L)  | -16,000원 → 107,400원
H210 | bet  32,000원 PLAYER | P:7♦ 10♥=7  B:A♣ Q♦ J♦=1  PLAYER(W)  | +32,000원 → 139,400원  [end_win]
H211 | bet   1,000원 BANKER | P:5♥ 3♥=8  B:9♠ 3♦=2  PLAYER(L)  | -1,000원 → 138,400원  [start]
H212 | bet   2,000원 PLAYER | P:3♠ 7♦=0  B:4♠ 5♣=9  BANKER(L)  | -2,000원 → 136,400원
H213 | bet   4,000원 PLAYER | P:A♦ 5♠=6  B:6♣ 10♦=6  TIE(T)  |     0원 → 136,400원
H214 | bet   4,000원 PLAYER | P:A♠ 8♥=9  B:K♦ 7♥=7  PLAYER(W)  | +4,000원 → 140,400원  [end_win]
H215 | bet   1,000원 BANKER | P:Q♣ 9♦=9  B:7♠ A♦=8  PLAYER(L)  | -1,000원 → 139,400원  [start]
H216 | bet   2,000원 PLAYER | P:4♦ 10♠ 2♠=6  B:8♠ 7♦=5  PLAYER(W)  | +2,000원 → 141,400원  [end_win]
H217 | bet   1,000원 BANKER | P:Q♣ 7♥=7  B:10♦ K♥ 9♠=9  BANKER(W)  | +950원 → 142,350원
H218 | bet   1,000원 BANKER | P:3♣ 6♥=9  B:J♥ 7♣=7  PLAYER(L)  | -1,000원 → 141,350원  [start]
H219 | bet   2,000원 PLAYER | P:5♠ 8♠ J♥=3  B:8♥ 9♣=7  BANKER(L)  | -2,000원 → 139,350원
H220 | bet   4,000원 PLAYER | P:6♦ 5♦ A♠=2  B:4♥ 8♥ 3♥=5  BANKER(L)  | -4,000원 → 135,350원
H221 | bet   8,000원 PLAYER | P:8♦ 3♠ J♠=1  B:10♣ 10♠ K♠=0  PLAYER(W)  | +8,000원 → 143,350원  [end_win]
H222 | bet   1,000원 BANKER | P:A♣ 3♥=4  B:8♣ A♣=9  BANKER(W)  | +950원 → 144,300원
H223 | bet   1,000원 BANKER | P:10♣ 10♠=0  B:J♣ 9♦=9  BANKER(W)  | +950원 → 145,250원
H224 | bet   1,000원 BANKER | P:J♦ 5♠=5  B:5♠ 3♣=8  BANKER(W)  | +950원 → 146,200원
H225 | bet   1,000원 BANKER | P:Q♠ 6♥=6  B:3♣ Q♥ 7♦=0  PLAYER(L)  | -1,000원 → 145,200원  [start]
H226 | bet   2,000원 PLAYER | P:9♥ 4♥=3  B:6♥ 2♠=8  BANKER(L)  | -2,000원 → 143,200원
H227 | bet   4,000원 PLAYER | P:Q♣ 10♦ 3♥=3  B:A♠ Q♣ J♣=1  PLAYER(W)  | +4,000원 → 147,200원  [end_win]
H228 | bet   1,000원 BANKER | P:4♦ J♠ K♠=4  B:K♣ 7♣=7  BANKER(W)  | +950원 → 148,150원
H229 | bet   1,000원 BANKER | P:6♦ 2♣=8  B:5♣ 4♦=9  BANKER(W)  | +950원 → 149,100원
H230 | bet   1,000원 BANKER | P:10♦ 10♦ K♠=0  B:K♣ Q♣ 4♣=4  BANKER(W)  | +950원 → 150,050원
H231 | bet   1,000원 BANKER | P:4♣ 4♦=8  B:J♥ 2♠=2  PLAYER(L)  | -1,000원 → 149,050원  [start]
H232 | bet   2,000원 PLAYER | P:K♠ 5♦ 3♠=8  B:10♦ K♥ K♦=0  PLAYER(W)  | +2,000원 → 151,050원  [end_win]
H233 | bet   1,000원 BANKER | P:8♥ Q♠=8  B:K♣ A♦=1  PLAYER(L)  | -1,000원 → 150,050원  [start]
H234 | bet   2,000원 PLAYER | P:8♦ 4♦ 6♠=8  B:3♦ K♥ 6♣=9  BANKER(L)  | -2,000원 → 148,050원
H235 | bet   4,000원 PLAYER | P:10♥ 9♣=9  B:9♥ 9♥=8  PLAYER(W)  | +4,000원 → 152,050원  [end_win]
H236 | bet   1,000원 BANKER | P:6♣ 8♣ 8♥=2  B:A♠ Q♣ 9♣=0  PLAYER(L)  | -1,000원 → 151,050원  [start]
H237 | bet   2,000원 PLAYER | P:5♥ 10♣ 6♠=1  B:6♥ 7♣ Q♣=3  BANKER(L)  | -2,000원 → 149,050원
H238 | bet   4,000원 PLAYER | P:Q♠ 10♣ 2♥=2  B:4♦ 8♦ 5♦=7  BANKER(L)  | -4,000원 → 145,050원
H239 | bet   8,000원 PLAYER | P:A♥ 8♦=9  B:4♦ J♥=4  PLAYER(W)  | +8,000원 → 153,050원  [end_win]
H240 | bet   1,000원 BANKER | P:4♠ 8♥ A♠=3  B:A♣ Q♦ 3♠=4  BANKER(W)  | +950원 → 154,000원
H241 | bet   1,000원 BANKER | P:5♣ 10♦=5  B:7♣ 2♥=9  BANKER(W)  | +950원 → 154,950원
H242 | bet   1,000원 BANKER | P:J♦ 2♣ 3♣=5  B:6♠ A♥=7  BANKER(W)  | +950원 → 155,900원
H243 | bet   1,000원 BANKER | P:A♦ 7♦=8  B:4♣ A♣=5  PLAYER(L)  | -1,000원 → 154,900원  [start]
H244 | bet   2,000원 PLAYER | P:7♥ K♠=7  B:K♥ K♠ 2♦=2  PLAYER(W)  | +2,000원 → 156,900원  [end_win]
H245 | bet   1,000원 BANKER | P:5♣ 6♣ K♣=1  B:A♥ Q♣ 4♠=5  BANKER(W)  | +950원 → 157,850원
H246 | bet   1,000원 BANKER | P:2♦ 2♥ 9♥=3  B:K♣ 5♠=5  BANKER(W)  | +950원 → 158,800원
H247 | bet   1,000원 BANKER | P:6♠ A♠=7  B:9♠ A♥ Q♥=0  PLAYER(L)  | -1,000원 → 157,800원  [start]
H248 | bet   2,000원 PLAYER | P:8♠ Q♦=8  B:Q♥ Q♠=0  PLAYER(W)  | +2,000원 → 159,800원  [end_win]
H249 | bet   1,000원 BANKER | P:4♥ 5♣=9  B:10♠ K♦=0  PLAYER(L)  | -1,000원 → 158,800원  [start]
H250 | bet   2,000원 PLAYER | P:8♣ 2♣ 4♠=4  B:10♥ 10♣ A♠=1  PLAYER(W)  | +2,000원 → 160,800원  [end_win]
H251 | bet   1,000원 BANKER | P:8♣ Q♠=8  B:5♣ 4♥=9  BANKER(W)  | +950원 → 161,750원
H252 | bet   1,000원 BANKER | P:A♥ 6♥=7  B:Q♣ 8♠=8  BANKER(W)  | +950원 → 162,700원
H253 | bet   1,000원 BANKER | P:9♣ 9♠=8  B:4♥ 2♥=6  PLAYER(L)  | -1,000원 → 161,700원  [start]
H254 | bet   2,000원 PLAYER | P:A♦ J♥ 10♥=1  B:4♥ K♦=4  BANKER(L)  | -2,000원 → 159,700원
H255 | bet   4,000원 PLAYER | P:7♠ 4♦ 3♥=4  B:7♥ Q♠=7  BANKER(L)  | -4,000원 → 155,700원
H256 | bet   8,000원 PLAYER | P:A♥ 10♠ 9♦=0  B:3♦ 10♣ 5♣=8  BANKER(L)  | -8,000원 → 147,700원
H257 | bet  16,000원 PLAYER | P:6♥ K♣=6  B:3♥ 9♣ 9♠=1  PLAYER(W)  | +16,000원 → 163,700원  [end_win]
H258 | bet   1,000원 BANKER | P:A♦ 5♦=6  B:J♠ J♠ A♣=1  PLAYER(L)  | -1,000원 → 162,700원  [start]
H259 | bet   2,000원 PLAYER | P:K♣ 10♥ 10♠=0  B:6♥ 10♠=6  BANKER(L)  | -2,000원 → 160,700원
H260 | bet   4,000원 PLAYER | P:Q♣ 7♣=7  B:7♥ A♠=8  BANKER(L)  | -4,000원 → 156,700원
H261 | bet   8,000원 PLAYER | P:3♣ 8♠ 5♦=6  B:K♣ J♥ 3♦=3  PLAYER(W)  | +8,000원 → 164,700원  [end_win]
H262 | bet   1,000원 BANKER | P:2♦ J♥ A♥=3  B:7♦ 5♣ 4♠=6  BANKER(W)  | +950원 → 165,650원
H263 | bet   1,000원 BANKER | P:3♠ 9♠=2  B:A♠ 8♣=9  BANKER(W)  | +950원 → 166,600원
H264 | bet   1,000원 BANKER | P:2♠ 10♠ 2♦=4  B:9♣ 4♦ 6♦=9  BANKER(W)  | +950원 → 167,550원
H265 | bet   1,000원 BANKER | P:5♦ Q♣=5  B:2♥ 6♠=8  BANKER(W)  | +950원 → 168,500원
H266 | bet   1,000원 BANKER | P:Q♥ 7♣=7  B:4♦ A♥ 6♣=1  PLAYER(L)  | -1,000원 → 167,500원  [start]
H267 | bet   2,000원 PLAYER | P:4♦ 9♣ 10♥=3  B:A♦ A♠ 5♥=7  BANKER(L)  | -2,000원 → 165,500원
H268 | bet   4,000원 PLAYER | P:Q♠ A♦ 6♦=7  B:6♣ Q♦ Q♥=6  PLAYER(W)  | +4,000원 → 169,500원  [end_win]
H269 | bet   1,000원 BANKER | P:A♦ Q♦ 3♥=4  B:3♠ J♦ J♥=3  PLAYER(L)  | -1,000원 → 168,500원  [start]
H270 | bet   2,000원 PLAYER | P:8♥ 8♥=6  B:3♣ 4♥=7  BANKER(L)  | -2,000원 → 166,500원
H271 | bet   4,000원 PLAYER | P:8♥ Q♣=8  B:5♠ J♦=5  PLAYER(W)  | +4,000원 → 170,500원  [end_win]
H272 | bet   1,000원 BANKER | P:4♥ Q♣=4  B:5♠ 3♣=8  BANKER(W)  | +950원 → 171,450원
H273 | bet   1,000원 BANKER | P:2♦ K♣=2  B:6♣ 2♣=8  BANKER(W)  | +950원 → 172,400원
H274 | bet   1,000원 BANKER | P:9♥ 8♦=7  B:J♥ 3♣ 3♣=6  PLAYER(L)  | -1,000원 → 171,400원  [start]
H275 | bet   2,000원 PLAYER | P:7♠ 6♣ 5♠=8  B:10♣ 5♥ J♦=5  PLAYER(W)  | +2,000원 → 173,400원  [end_win]
H276 | bet   1,000원 BANKER | P:7♦ A♣=8  B:4♦ J♦=4  PLAYER(L)  | -1,000원 → 172,400원  [start]
H277 | bet   2,000원 PLAYER | P:7♣ 7♠ 4♠=8  B:3♥ 7♦ 4♠=4  PLAYER(W)  | +2,000원 → 174,400원  [end_win]
H278 | bet   1,000원 BANKER | P:K♠ 10♦ K♠=0  B:6♠ 5♦ 9♥=0  TIE(T)  |     0원 → 174,400원
H279 | bet   1,000원 BANKER | P:3♠ 6♠=9  B:8♦ 3♣=1  PLAYER(L)  | -1,000원 → 173,400원  [start]
H280 | bet   2,000원 PLAYER | P:Q♥ J♦ 2♣=2  B:J♣ A♦ 3♦=4  BANKER(L)  | -2,000원 → 171,400원
H281 | bet   4,000원 PLAYER | P:7♥ 5♣ 10♠=2  B:7♦ K♥=7  BANKER(L)  | -4,000원 → 167,400원
H282 | bet   8,000원 PLAYER | P:5♠ 10♠ 9♦=4  B:7♥ J♣=7  BANKER(L)  | -8,000원 → 159,400원
H283 | bet  16,000원 PLAYER | P:6♦ Q♥=6  B:Q♠ 7♦=7  BANKER(L)  | -16,000원 → 143,400원
H284 | bet  32,000원 PLAYER | P:2♥ 4♦=6  B:A♥ 10♣ 7♦=8  BANKER(L)  | -32,000원 → 111,400원  [end_giveup]
H285 | bet   1,000원 BANKER | P:2♠ 10♦ J♦=2  B:K♠ 3♥ A♠=4  BANKER(W)  | +950원 → 112,350원
H286 | bet   1,000원 BANKER | P:J♣ Q♦ 6♣=6  B:6♣ 9♦ 4♠=9  BANKER(W)  | +950원 → 113,300원
H287 | bet   1,000원 BANKER | P:8♠ 3♠ 10♦=1  B:3♦ J♥ 8♣=1  TIE(T)  |     0원 → 113,300원
H288 | bet   1,000원 BANKER | P:6♦ 2♥=8  B:8♣ 7♥=5  PLAYER(L)  | -1,000원 → 112,300원  [start]
H289 | bet   2,000원 PLAYER | P:9♣ 6♣=5  B:Q♠ 8♥=8  BANKER(L)  | -2,000원 → 110,300원
H290 | bet   4,000원 PLAYER | P:K♦ K♠ 6♦=6  B:J♣ 4♣ 2♣=6  TIE(T)  |     0원 → 110,300원
H291 | bet   4,000원 PLAYER | P:8♦ 4♣=2  B:A♠ 8♥=9  BANKER(L)  | -4,000원 → 106,300원
H292 | bet   8,000원 PLAYER | P:K♥ 8♣=8  B:6♥ 8♠=4  PLAYER(W)  | +8,000원 → 114,300원  [end_win]
H293 | bet   1,000원 BANKER | P:A♣ 6♣=7  B:J♣ 8♦=8  BANKER(W)  | +950원 → 115,250원
H294 | bet   1,000원 BANKER | P:8♣ 7♦ 5♠=0  B:2♠ K♦ K♥=2  BANKER(W)  | +950원 → 116,200원
H295 | bet   1,000원 BANKER | P:5♦ 2♠=7  B:2♥ 3♣ 9♥=4  PLAYER(L)  | -1,000원 → 115,200원  [start]
H296 | bet   2,000원 PLAYER | P:K♣ A♣ 10♦=1  B:2♦ K♥ 9♥=1  TIE(T)  |     0원 → 115,200원
H297 | bet   2,000원 PLAYER | P:10♠ 8♦=8  B:10♥ K♣=0  PLAYER(W)  | +2,000원 → 117,200원  [end_win]
H298 | bet   1,000원 BANKER | P:A♦ 2♣ 2♠=5  B:4♣ 7♣ 8♣=9  BANKER(W)  | +950원 → 118,150원
H299 | bet   1,000원 BANKER | P:7♥ 9♠=6  B:4♦ 6♥ 6♥=6  TIE(T)  |     0원 → 118,150원
H300 | bet   1,000원 BANKER | P:2♣ 7♥=9  B:Q♠ 5♣=5  PLAYER(L)  | -1,000원 → 117,150원  [start]
H301 | bet   2,000원 PLAYER | P:9♣ 2♦ K♦=1  B:7♣ 7♣=4  BANKER(L)  | -2,000원 → 115,150원
H302 | bet   4,000원 PLAYER | P:Q♦ 5♥ 7♠=2  B:5♣ 8♥ A♠=4  BANKER(L)  | -4,000원 → 111,150원
H303 | bet   8,000원 PLAYER | P:4♥ 2♠=6  B:10♥ 6♠=6  TIE(T)  |     0원 → 111,150원
H304 | bet   8,000원 PLAYER | P:6♥ 2♦=8  B:10♦ 2♠=2  PLAYER(W)  | +8,000원 → 119,150원  [end_win]
H305 | bet   1,000원 BANKER | P:A♣ 7♦=8  B:J♠ 10♥=0  PLAYER(L)  | -1,000원 → 118,150원  [start]
H306 | bet   2,000원 PLAYER | P:9♦ K♦=9  B:2♥ Q♥=2  PLAYER(W)  | +2,000원 → 120,150원  [end_win]
H307 | bet   1,000원 BANKER | P:8♠ 3♦ 6♠=7  B:10♣ 4♠ 10♠=4  PLAYER(L)  | -1,000원 → 119,150원  [start]
H308 | bet   2,000원 PLAYER | P:10♥ 2♦ 4♣=6  B:J♠ 10♣ A♣=1  PLAYER(W)  | +2,000원 → 121,150원  [end_win]
H309 | bet   1,000원 BANKER | P:5♦ 7♥ 3♥=5  B:5♥ 8♦ 5♠=8  BANKER(W)  | +950원 → 122,100원
H310 | bet   1,000원 BANKER | P:6♦ 4♠=0  B:8♠ K♦=8  BANKER(W)  | +950원 → 123,050원
H311 | bet   1,000원 BANKER | P:3♥ 3♠=6  B:K♠ 8♠=8  BANKER(W)  | +950원 → 124,000원
H312 | bet   1,000원 BANKER | P:8♣ 4♠ K♥=2  B:10♦ Q♦ 9♠=9  BANKER(W)  | +950원 → 124,950원
H313 | bet   1,000원 BANKER | P:K♦ 3♥=3  B:Q♠ 9♥=9  BANKER(W)  | +950원 → 125,900원
H314 | bet   1,000원 BANKER | P:4♥ 8♦ 7♠=9  B:Q♣ 3♠ K♥=3  PLAYER(L)  | -1,000원 → 124,900원  [start]
H315 | bet   2,000원 PLAYER | P:5♥ Q♣ 9♦=4  B:6♦ Q♦=6  BANKER(L)  | -2,000원 → 122,900원
H316 | bet   4,000원 PLAYER | P:A♠ 9♦ 3♠=3  B:5♦ 9♦ 9♣=3  TIE(T)  |     0원 → 122,900원
H317 | bet   4,000원 PLAYER | P:4♦ 3♠=7  B:7♠ J♥=7  TIE(T)  |     0원 → 122,900원
H318 | bet   4,000원 PLAYER | P:Q♠ 5♥ 2♠=7  B:4♣ 9♦ K♠=3  PLAYER(W)  | +4,000원 → 126,900원  [end_win]
H319 | bet   1,000원 BANKER | P:A♥ 3♦ 9♠=3  B:9♠ 4♥ J♦=3  TIE(T)  |     0원 → 126,900원
H320 | bet   1,000원 BANKER | P:Q♥ 6♠=6  B:5♥ 10♥ 3♣=8  BANKER(W)  | +950원 → 127,850원
H321 | bet   1,000원 BANKER | P:A♥ 7♠=8  B:J♣ 7♣=7  PLAYER(L)  | -1,000원 → 126,850원  [start]
H322 | bet   2,000원 PLAYER | P:10♦ 2♦ K♦=2  B:2♥ 5♠=7  BANKER(L)  | -2,000원 → 124,850원
H323 | bet   4,000원 PLAYER | P:A♦ K♣ 2♥=3  B:6♠ 6♥ J♠=2  PLAYER(W)  | +4,000원 → 128,850원  [end_win]
H324 | bet   1,000원 BANKER | P:6♦ 2♣=8  B:J♦ J♣=0  PLAYER(L)  | -1,000원 → 127,850원  [start]
H325 | bet   2,000원 PLAYER | P:Q♥ A♥ 8♠=9  B:9♠ 5♥=4  PLAYER(W)  | +2,000원 → 129,850원  [end_win]
H326 | bet   1,000원 BANKER | P:8♥ 5♣ J♠=3  B:9♥ 6♠=5  BANKER(W)  | +950원 → 130,800원
H327 | bet   1,000원 BANKER | P:Q♥ A♣ 10♦=1  B:4♣ 9♥ 4♠=7  BANKER(W)  | +950원 → 131,750원
H328 | bet   1,000원 BANKER | P:K♥ A♣ J♠=1  B:K♣ 5♠=5  BANKER(W)  | +950원 → 132,700원
H329 | bet   1,000원 BANKER | P:J♥ 10♣ 2♣=2  B:J♠ 10♣ 8♦=8  BANKER(W)  | +950원 → 133,650원
H330 | bet   1,000원 BANKER | P:8♥ 3♦ 9♣=0  B:7♣ 4♣ Q♦=1  BANKER(W)  | +950원 → 134,600원
H331 | bet   1,000원 BANKER | P:K♠ 9♥=9  B:J♣ K♥=0  PLAYER(L)  | -1,000원 → 133,600원  [start]
H332 | bet   2,000원 PLAYER | P:Q♣ 4♣ J♠=4  B:J♣ A♣ 2♥=3  PLAYER(W)  | +2,000원 → 135,600원  [end_win]
H333 | bet   1,000원 BANKER | P:J♥ 6♠=6  B:3♠ 4♣=7  BANKER(W)  | +950원 → 136,550원
H334 | bet   1,000원 BANKER | P:K♥ Q♥=0  B:9♣ J♠=9  BANKER(W)  | +950원 → 137,500원
H335 | bet   1,000원 BANKER | P:4♣ 3♠=7  B:5♦ A♦=6  PLAYER(L)  | -1,000원 → 136,500원  [start]
H336 | bet   2,000원 PLAYER | P:2♠ 10♣ K♥=2  B:K♥ J♣ 7♠=7  BANKER(L)  | -2,000원 → 134,500원
H337 | bet   4,000원 PLAYER | P:4♦ 10♥=4  B:9♣ Q♠=9  BANKER(L)  | -4,000원 → 130,500원
H338 | bet   8,000원 PLAYER | P:6♣ J♥=6  B:5♦ J♦ J♥=5  PLAYER(W)  | +8,000원 → 138,500원  [end_win]
H339 | bet   1,000원 BANKER | P:Q♣ 9♣=9  B:3♥ 8♦=1  PLAYER(L)  | -1,000원 → 137,500원  [start]
H340 | bet   2,000원 PLAYER | P:10♥ 3♠ Q♠=3  B:6♥ J♣=6  BANKER(L)  | -2,000원 → 135,500원
H341 | bet   4,000원 PLAYER | P:J♦ 9♠=9  B:2♥ J♦=2  PLAYER(W)  | +4,000원 → 139,500원  [end_win]
H342 | bet   1,000원 BANKER | P:K♥ 3♦ 6♥=9  B:7♦ 7♣ K♦=4  PLAYER(L)  | -1,000원 → 138,500원  [start]
H343 | bet   2,000원 PLAYER | P:10♣ 3♥ 9♠=2  B:K♣ 6♠=6  BANKER(L)  | -2,000원 → 136,500원
H344 | bet   4,000원 PLAYER | P:4♣ A♠ 7♣=2  B:4♦ 7♥ 6♦=7  BANKER(L)  | -4,000원 → 132,500원
H345 | bet   8,000원 PLAYER | P:7♥ J♦=7  B:K♦ 8♥=8  BANKER(L)  | -8,000원 → 124,500원
H346 | bet  16,000원 PLAYER | P:4♦ Q♦ 5♣=9  B:J♥ 10♥ 3♠=3  PLAYER(W)  | +16,000원 → 140,500원  [end_win]
H347 | bet   1,000원 BANKER | P:8♠ 5♥ 5♦=8  B:A♣ 10♦ 8♥=9  BANKER(W)  | +950원 → 141,450원
H348 | bet   1,000원 BANKER | P:10♦ 8♠=8  B:5♥ A♣=6  PLAYER(L)  | -1,000원 → 140,450원  [start]
H349 | bet   2,000원 PLAYER | P:A♦ 4♥ 2♠=7  B:A♠ 6♦=7  TIE(T)  |     0원 → 140,450원
H350 | bet   2,000원 PLAYER | P:3♠ 4♠=7  B:4♥ 3♥=7  TIE(T)  |     0원 → 140,450원
H351 | bet   2,000원 PLAYER | P:2♥ J♥ Q♠=2  B:J♠ K♣ 9♦=9  BANKER(L)  | -2,000원 → 138,450원
H352 | bet   4,000원 PLAYER | P:Q♠ 5♥=5  B:5♣ 3♣=8  BANKER(L)  | -4,000원 → 134,450원
H353 | bet   8,000원 PLAYER | P:J♦ 3♦ 9♥=2  B:A♦ 2♥ 8♠=1  PLAYER(W)  | +8,000원 → 142,450원  [end_win]
H354 | bet   1,000원 BANKER | P:6♠ 3♦=9  B:K♦ 8♣=8  PLAYER(L)  | -1,000원 → 141,450원  [start]
H355 | bet   2,000원 PLAYER | P:10♦ 3♠ 9♦=2  B:A♥ 6♦=7  BANKER(L)  | -2,000원 → 139,450원
H356 | bet   4,000원 PLAYER | P:3♦ A♣=4  B:10♦ 8♦=8  BANKER(L)  | -4,000원 → 135,450원
H357 | bet   8,000원 PLAYER | P:10♥ Q♣ 7♦=7  B:K♦ 4♦ 6♣=0  PLAYER(W)  | +8,000원 → 143,450원  [end_win]
H358 | bet   1,000원 BANKER | P:5♣ 2♣=7  B:3♦ 8♠ A♣=2  PLAYER(L)  | -1,000원 → 142,450원  [start]
H359 | bet   2,000원 PLAYER | P:K♥ 9♣=9  B:K♠ Q♣=0  PLAYER(W)  | +2,000원 → 144,450원  [end_win]
H360 | bet   1,000원 BANKER | P:Q♠ 4♠ 3♣=7  B:J♠ 10♥ 7♥=7  TIE(T)  |     0원 → 144,450원
H361 | bet   1,000원 BANKER | P:J♦ 8♠=8  B:J♣ A♥=1  PLAYER(L)  | -1,000원 → 143,450원  [start]
H362 | bet   2,000원 PLAYER | P:7♦ 4♣=1  B:10♣ 9♠=9  BANKER(L)  | -2,000원 → 141,450원
H363 | bet   4,000원 PLAYER | P:2♣ 3♥ K♣=5  B:4♥ 7♠ K♠=1  PLAYER(W)  | +4,000원 → 145,450원  [end_win]
H364 | bet   1,000원 BANKER | P:K♠ 6♠=6  B:10♣ K♦ J♦=0  PLAYER(L)  | -1,000원 → 144,450원  [start]
H365 | bet   2,000원 PLAYER | P:A♥ Q♠ 2♣=3  B:K♣ K♦ 3♣=3  TIE(T)  |     0원 → 144,450원
H366 | bet   2,000원 PLAYER | P:2♥ 7♣=9  B:7♦ 9♠=6  PLAYER(W)  | +2,000원 → 146,450원  [end_win]
H367 | bet   1,000원 BANKER | P:7♠ 5♦ 5♠=7  B:Q♠ Q♣ 5♣=5  PLAYER(L)  | -1,000원 → 145,450원  [start]
H368 | bet   2,000원 PLAYER | P:Q♥ 8♦=8  B:5♦ K♥=5  PLAYER(W)  | +2,000원 → 147,450원  [end_win]
H369 | bet   1,000원 BANKER | P:Q♥ K♥ 3♣=3  B:2♦ 2♠ 10♠=4  BANKER(W)  | +950원 → 148,400원
H370 | bet   1,000원 BANKER | P:7♦ 6♥ 3♣=6  B:6♦ 8♥ A♥=5  PLAYER(L)  | -1,000원 → 147,400원  [start]
H371 | bet   2,000원 PLAYER | P:J♠ K♣ Q♦=0  B:6♦ K♦=6  BANKER(L)  | -2,000원 → 145,400원
H372 | bet   4,000원 PLAYER | P:6♥ 3♠=9  B:J♠ 2♦=2  PLAYER(W)  | +4,000원 → 149,400원  [end_win]
H373 | bet   1,000원 BANKER | P:2♦ 5♣=7  B:3♣ A♣ 8♥=2  PLAYER(L)  | -1,000원 → 148,400원  [start]
H374 | bet   2,000원 PLAYER | P:9♦ 3♣=2  B:A♠ 7♠=8  BANKER(L)  | -2,000원 → 146,400원
H375 | bet   4,000원 PLAYER | P:4♠ 10♣ 4♣=8  B:4♠ A♠ 2♥=7  PLAYER(W)  | +4,000원 → 150,400원  [end_win]
H376 | bet   1,000원 BANKER | P:7♥ 2♣=9  B:5♥ 5♠=0  PLAYER(L)  | -1,000원 → 149,400원  [start]
H377 | bet   2,000원 PLAYER | P:Q♥ Q♥ A♠=1  B:2♦ A♦ 9♠=2  BANKER(L)  | -2,000원 → 147,400원
H378 | bet   4,000원 PLAYER | P:6♣ 10♣=6  B:Q♦ Q♥ 8♣=8  BANKER(L)  | -4,000원 → 143,400원
H379 | bet   8,000원 PLAYER | P:2♦ 3♦ 8♦=3  B:5♣ 6♥ Q♠=1  PLAYER(W)  | +8,000원 → 151,400원  [end_win]
H380 | bet   1,000원 BANKER | P:10♦ J♣ 3♦=3  B:A♣ 6♦=7  BANKER(W)  | +950원 → 152,350원
H381 | bet   1,000원 BANKER | P:A♥ 9♦=0  B:10♦ 8♣=8  BANKER(W)  | +950원 → 153,300원
H382 | bet   1,000원 BANKER | P:9♥ 6♥ 5♠=0  B:Q♥ 6♠=6  BANKER(W)  | +950원 → 154,250원
H383 | bet   1,000원 BANKER | P:10♠ 9♥=9  B:A♠ 8♥=9  TIE(T)  |     0원 → 154,250원
H384 | bet   1,000원 BANKER | P:6♠ 7♣=3  B:8♣ 10♠=8  BANKER(W)  | +950원 → 155,200원
H385 | bet   1,000원 BANKER | P:3♥ Q♣ 4♦=7  B:4♠ 6♥ 9♣=9  BANKER(W)  | +950원 → 156,150원
H386 | bet   1,000원 BANKER | P:9♥ 3♥ 7♠=9  B:3♥ 7♣ 9♣=9  TIE(T)  |     0원 → 156,150원
H387 | bet   1,000원 BANKER | P:8♦ 2♥ 7♦=7  B:8♥ 5♦ A♦=4  PLAYER(L)  | -1,000원 → 155,150원  [start]
H388 | bet   2,000원 PLAYER | P:J♥ 5♣ A♦=6  B:2♦ 3♦=5  PLAYER(W)  | +2,000원 → 157,150원  [end_win]
H389 | bet   1,000원 BANKER | P:A♣ Q♣ 6♦=7  B:4♦ A♥ 2♣=7  TIE(T)  |     0원 → 157,150원
H390 | bet   1,000원 BANKER | P:5♠ 2♣=7  B:J♣ 2♠ A♠=3  PLAYER(L)  | -1,000원 → 156,150원  [start]
H391 | bet   2,000원 PLAYER | P:Q♦ 7♠=7  B:Q♦ 4♦ 6♦=0  PLAYER(W)  | +2,000원 → 158,150원  [end_win]
H392 | bet   1,000원 BANKER | P:6♣ 5♥=1  B:9♠ K♠=9  BANKER(W)  | +950원 → 159,100원
H393 | bet   1,000원 BANKER | P:10♥ J♣ 10♥=0  B:2♣ K♠ A♦=3  BANKER(W)  | +950원 → 160,050원
H394 | bet   1,000원 BANKER | P:6♣ A♦=7  B:8♠ J♦=8  BANKER(W)  | +950원 → 161,000원
H395 | bet   1,000원 BANKER | P:K♠ K♣=0  B:8♠ J♠=8  BANKER(W)  | +950원 → 161,950원
H396 | bet   1,000원 BANKER | P:3♠ 4♠=7  B:10♠ 7♣=7  TIE(T)  |     0원 → 161,950원
H397 | bet   1,000원 BANKER | P:8♣ 9♠=7  B:9♥ 10♣=9  BANKER(W)  | +950원 → 162,900원
H398 | bet   1,000원 BANKER | P:10♠ 2♠ 2♠=4  B:9♣ 6♥=5  BANKER(W)  | +950원 → 163,850원
H399 | bet   1,000원 BANKER | P:5♦ 5♠ 5♥=5  B:8♣ 7♥ K♠=5  TIE(T)  |     0원 → 163,850원
H400 | bet   1,000원 BANKER | P:4♣ 4♥=8  B:3♥ 10♥=3  PLAYER(L)  | -1,000원 → 162,850원  [start]
H401 | bet   2,000원 PLAYER | P:K♣ Q♦=0  B:A♥ 8♠=9  BANKER(L)  | -2,000원 → 160,850원
H402 | bet   4,000원 PLAYER | P:9♣ K♠=9  B:7♦ 2♦=9  TIE(T)  |     0원 → 160,850원
H403 | bet   4,000원 PLAYER | P:9♦ K♦=9  B:8♣ 10♣=8  PLAYER(W)  | +4,000원 → 164,850원  [end_win]
H404 | bet   1,000원 BANKER | P:10♠ 9♥=9  B:6♠ 10♠=6  PLAYER(L)  | -1,000원 → 163,850원  [start]
H405 | bet   2,000원 PLAYER | P:2♣ 6♠=8  B:8♣ J♣=8  TIE(T)  |     0원 → 163,850원
H406 | bet   2,000원 PLAYER | P:9♥ 10♠=9  B:Q♣ Q♦=0  PLAYER(W)  | +2,000원 → 165,850원  [end_win]
H407 | bet   1,000원 BANKER | P:5♦ A♥=6  B:7♥ Q♥=7  BANKER(W)  | +950원 → 166,800원
H408 | bet   1,000원 BANKER | P:K♣ J♥ 8♦=8  B:7♥ 9♦=6  PLAYER(L)  | -1,000원 → 165,800원  [start]
H409 | bet   2,000원 PLAYER | P:8♥ 7♦ 5♠=0  B:7♠ 4♥ 10♦=1  BANKER(L)  | -2,000원 → 163,800원
H410 | bet   4,000원 PLAYER | P:3♣ 4♠=7  B:5♠ 5♥ J♥=0  PLAYER(W)  | +4,000원 → 167,800원  [end_win]
H411 | bet   1,000원 BANKER | P:10♦ 4♥ 4♠=8  B:8♦ 2♠ 5♥=5  PLAYER(L)  | -1,000원 → 166,800원  [start]
H412 | bet   2,000원 PLAYER | P:8♥ 6♣ 2♥=6  B:9♦ 6♣=5  PLAYER(W)  | +2,000원 → 168,800원  [end_win]
H413 | bet   1,000원 BANKER | P:K♥ 4♥=4  B:2♦ 6♣=8  BANKER(W)  | +950원 → 169,750원
H414 | bet   1,000원 BANKER | P:9♥ 7♠=6  B:7♣ 5♠ A♠=3  PLAYER(L)  | -1,000원 → 168,750원  [start]
H415 | bet   2,000원 PLAYER | P:4♥ 10♥ Q♠=4  B:2♣ 8♥ 5♦=5  BANKER(L)  | -2,000원 → 166,750원
H416 | bet   4,000원 PLAYER | P:9♠ K♥=9  B:9♣ 10♣=9  TIE(T)  |     0원 → 166,750원
H417 | bet   4,000원 PLAYER | P:4♦ 6♥ 5♦=5  B:6♥ 10♥=6  BANKER(L)  | -4,000원 → 162,750원
H418 | bet   8,000원 PLAYER | P:6♣ 8♥ 7♦=1  B:6♣ Q♣ 3♠=9  BANKER(L)  | -8,000원 → 154,750원
H419 | bet  16,000원 PLAYER | P:8♠ 10♠=8  B:7♦ 8♣=5  PLAYER(W)  | +16,000원 → 170,750원  [end_win]
H420 | bet   1,000원 BANKER | P:2♣ K♣ 2♠=4  B:2♣ 9♦ 2♣=3  PLAYER(L)  | -1,000원 → 169,750원  [start]
H421 | bet   2,000원 PLAYER | P:8♥ 9♣=7  B:Q♠ Q♠ 6♣=6  PLAYER(W)  | +2,000원 → 171,750원  [end_win]
H422 | bet   1,000원 BANKER | P:A♦ 2♦=3  B:8♣ J♦=8  BANKER(W)  | +950원 → 172,700원
H423 | bet   1,000원 BANKER | P:Q♥ A♦ 5♦=6  B:10♣ 5♦ 3♦=8  BANKER(W)  | +950원 → 173,650원
H424 | bet   1,000원 BANKER | P:4♦ K♣=4  B:5♥ 4♣=9  BANKER(W)  | +950원 → 174,600원
H425 | bet   1,000원 BANKER | P:J♦ 5♥ A♦=6  B:K♣ 7♥=7  BANKER(W)  | +950원 → 175,550원
H426 | bet   1,000원 BANKER | P:Q♠ 7♣=7  B:A♥ J♣ 8♣=9  BANKER(W)  | +950원 → 176,500원
H427 | bet   1,000원 BANKER | P:2♣ 8♦=0  B:K♠ 8♣=8  BANKER(W)  | +950원 → 177,450원
H428 | bet   1,000원 BANKER | P:10♦ 6♠=6  B:6♦ A♣=7  BANKER(W)  | +950원 → 178,400원
H429 | bet   1,000원 BANKER | P:6♥ 9♦ 7♠=2  B:2♦ 10♦ 8♦=0  PLAYER(L)  | -1,000원 → 177,400원  [start]
H430 | bet   2,000원 PLAYER | P:7♥ 7♦ A♥=5  B:A♠ 5♥=6  BANKER(L)  | -2,000원 → 175,400원
H431 | bet   4,000원 PLAYER | P:4♥ A♠ 8♠=3  B:9♣ A♥ 4♠=4  BANKER(L)  | -4,000원 → 171,400원
H432 | bet   8,000원 PLAYER | P:3♣ 5♣=8  B:Q♠ 8♦=8  TIE(T)  |     0원 → 171,400원
H433 | bet   8,000원 PLAYER | P:10♣ J♣ 3♠=3  B:A♥ Q♦ 3♥=4  BANKER(L)  | -8,000원 → 163,400원
H434 | bet  16,000원 PLAYER | P:Q♦ 9♦=9  B:8♦ A♣=9  TIE(T)  |     0원 → 163,400원
H435 | bet  16,000원 PLAYER | P:5♠ 3♣=8  B:8♥ 2♦=0  PLAYER(W)  | +16,000원 → 179,400원  [end_win]
H436 | bet   1,000원 BANKER | P:K♥ 8♠=8  B:J♠ 6♣=6  PLAYER(L)  | -1,000원 → 178,400원  [start]
H437 | bet   2,000원 PLAYER | P:J♣ 2♦=2  B:9♥ K♣=9  BANKER(L)  | -2,000원 → 176,400원
H438 | bet   4,000원 PLAYER | P:8♦ K♦=8  B:J♥ A♣=1  PLAYER(W)  | +4,000원 → 180,400원  [end_win]
H439 | bet   1,000원 BANKER | P:3♥ 6♣=9  B:4♣ 2♥=6  PLAYER(L)  | -1,000원 → 179,400원  [start]
H440 | bet   2,000원 PLAYER | P:2♦ 4♥=6  B:8♠ 8♥=6  TIE(T)  |     0원 → 179,400원
H441 | bet   2,000원 PLAYER | P:8♥ 6♠ 4♠=8  B:10♦ 3♦ 9♣=2  PLAYER(W)  | +2,000원 → 181,400원  [end_win]
H442 | bet   1,000원 BANKER | P:10♠ K♠ 2♥=2  B:K♣ 2♣ K♣=2  TIE(T)  |     0원 → 181,400원
H443 | bet   1,000원 BANKER | P:4♦ 7♠ 9♠=0  B:K♥ A♥ K♥=1  BANKER(W)  | +950원 → 182,350원
H444 | bet   1,000원 BANKER | P:7♠ 7♣ 6♦=0  B:J♦ 10♦ Q♠=0  TIE(T)  |     0원 → 182,350원
H445 | bet   1,000원 BANKER | P:A♠ 10♠ K♦=1  B:5♠ 6♠ 9♥=0  PLAYER(L)  | -1,000원 → 181,350원  [start]
H446 | bet   2,000원 PLAYER | P:K♠ 5♣ K♦=5  B:7♠ 7♣=4  PLAYER(W)  | +2,000원 → 183,350원  [end_win]
H447 | bet   1,000원 BANKER | P:Q♠ 10♣ J♠=0  B:9♥ 4♠ 6♠=9  BANKER(W)  | +950원 → 184,300원
H448 | bet   1,000원 BANKER | P:6♥ 2♠=8  B:J♣ 3♣=3  PLAYER(L)  | -1,000원 → 183,300원  [start]
H449 | bet   2,000원 PLAYER | P:Q♥ 10♥ 9♦=9  B:2♥ 3♥=5  PLAYER(W)  | +2,000원 → 185,300원  [end_win]
H450 | bet   1,000원 BANKER | P:J♦ 7♦=7  B:6♠ Q♦=6  PLAYER(L)  | -1,000원 → 184,300원  [start]
H451 | bet   2,000원 PLAYER | P:6♥ Q♦=6  B:3♥ 3♣=6  TIE(T)  |     0원 → 184,300원
H452 | bet   2,000원 PLAYER | P:Q♣ 7♣=7  B:4♥ 4♠=8  BANKER(L)  | -2,000원 → 182,300원
H453 | bet   4,000원 PLAYER | P:2♠ 6♣=8  B:K♣ 10♦=0  PLAYER(W)  | +4,000원 → 186,300원  [end_win]
H454 | bet   1,000원 BANKER | P:3♥ 4♦=7  B:9♣ 10♠=9  BANKER(W)  | +950원 → 187,250원
H455 | bet   1,000원 BANKER | P:4♦ 2♠=6  B:10♥ 3♥ 3♠=6  TIE(T)  |     0원 → 187,250원
H456 | bet   1,000원 BANKER | P:6♣ 2♥=8  B:J♥ J♥=0  PLAYER(L)  | -1,000원 → 186,250원  [start]
H457 | bet   2,000원 PLAYER | P:4♣ 5♠=9  B:5♦ Q♥=5  PLAYER(W)  | +2,000원 → 188,250원  [end_win]
H458 | bet   1,000원 BANKER | P:K♥ 3♠ 9♠=2  B:8♣ 7♦=5  BANKER(W)  | +950원 → 189,200원
H459 | bet   1,000원 BANKER | P:K♠ 7♠=7  B:5♣ 6♥ 7♥=8  BANKER(W)  | +950원 → 190,150원
H460 | bet   1,000원 BANKER | P:4♥ 7♦ 9♥=0  B:4♣ J♣=4  BANKER(W)  | +950원 → 191,100원
H461 | bet   1,000원 BANKER | P:7♦ 6♥ 6♦=9  B:Q♣ J♣ 4♠=4  PLAYER(L)  | -1,000원 → 190,100원  [start]
H462 | bet   2,000원 PLAYER | P:5♥ A♠=6  B:9♦ 3♦ Q♥=2  PLAYER(W)  | +2,000원 → 192,100원  [end_win]
H463 | bet   1,000원 BANKER | P:A♠ 2♣ A♠=4  B:9♦ 4♦ 5♠=8  BANKER(W)  | +950원 → 193,050원
H464 | bet   1,000원 BANKER | P:10♠ 4♦ 10♦=4  B:Q♦ J♥ K♦=0  PLAYER(L)  | -1,000원 → 192,050원  [start]
H465 | bet   2,000원 PLAYER | P:K♠ 6♣=6  B:9♠ 4♠ K♣=3  PLAYER(W)  | +2,000원 → 194,050원  [end_win]
H466 | bet   1,000원 BANKER | P:10♠ 4♥ 5♦=9  B:5♥ Q♥ 2♣=7  PLAYER(L)  | -1,000원 → 193,050원  [start]
H467 | bet   2,000원 PLAYER | P:10♣ 2♦ A♠=3  B:3♦ J♦ 9♣=2  PLAYER(W)  | +2,000원 → 195,050원  [end_win]
H468 | bet   1,000원 BANKER | P:J♣ A♠ 7♠=8  B:J♥ J♠ 9♥=9  BANKER(W)  | +950원 → 196,000원
H469 | bet   1,000원 BANKER | P:9♣ Q♣=9  B:4♣ 10♦=4  PLAYER(L)  | -1,000원 → 195,000원  [start]
H470 | bet   2,000원 PLAYER | P:10♦ 8♣=8  B:10♥ 7♦=7  PLAYER(W)  | +2,000원 → 197,000원  [end_win]
H471 | bet   1,000원 BANKER | P:8♠ K♥=8  B:2♦ 3♣=5  PLAYER(L)  | -1,000원 → 196,000원  [start]
H472 | bet   2,000원 PLAYER | P:5♦ 4♠=9  B:10♠ 5♣=5  PLAYER(W)  | +2,000원 → 198,000원  [end_win]
H473 | bet   1,000원 BANKER | P:J♥ 2♠ 7♥=9  B:A♦ 3♠ 10♥=4  PLAYER(L)  | -1,000원 → 197,000원  [start]
H474 | bet   2,000원 PLAYER | P:3♦ 5♣=8  B:5♥ K♥=5  PLAYER(W)  | +2,000원 → 199,000원  [end_win]
H475 | bet   1,000원 BANKER | P:8♠ 2♥ 3♣=3  B:K♠ J♠ 3♣=3  TIE(T)  |     0원 → 199,000원
H476 | bet   1,000원 BANKER | P:J♦ Q♦ A♦=1  B:8♠ 9♥=7  BANKER(W)  | +950원 → 199,950원
H477 | bet   1,000원 BANKER | P:9♣ 4♣ J♦=3  B:J♠ 5♣=5  BANKER(W)  | +950원 → 200,900원
H478 | bet   1,000원 BANKER | P:2♥ 9♦ 7♣=8  B:A♦ 4♣ 6♦=1  PLAYER(L)  | -1,000원 → 199,900원  [start]
H479 | bet   2,000원 PLAYER | P:A♣ A♣ 10♠=2  B:7♥ 7♣=4  BANKER(L)  | -2,000원 → 197,900원
H480 | bet   4,000원 PLAYER | P:7♥ K♠=7  B:8♦ K♦=8  BANKER(L)  | -4,000원 → 193,900원
H481 | bet   8,000원 PLAYER | P:K♠ Q♠ Q♣=0  B:Q♦ 5♥=5  BANKER(L)  | -8,000원 → 185,900원
H482 | bet  16,000원 PLAYER | P:8♣ 2♠ J♣=0  B:6♥ J♥=6  BANKER(L)  | -16,000원 → 169,900원
H483 | bet  32,000원 PLAYER | P:3♦ 8♥ 5♣=6  B:10♥ 2♥ 2♦=4  PLAYER(W)  | +32,000원 → 201,900원  [end_win]
H484 | bet   1,000원 BANKER | P:A♦ 10♥ 5♦=6  B:7♠ 3♠ 5♠=5  PLAYER(L)  | -1,000원 → 200,900원  [start]
H485 | bet   2,000원 PLAYER | P:5♥ A♦=6  B:A♣ 5♠=6  TIE(T)  |     0원 → 200,900원
H486 | bet   2,000원 PLAYER | P:J♠ 2♠ K♦=2  B:4♥ 9♠ K♥=3  BANKER(L)  | -2,000원 → 198,900원
H487 | bet   4,000원 PLAYER | P:3♦ 7♠ 6♠=6  B:Q♣ A♣ 6♦=7  BANKER(L)  | -4,000원 → 194,900원
H488 | bet   8,000원 PLAYER | P:3♣ 9♦ 10♣=2  B:2♠ A♥ K♦=3  BANKER(L)  | -8,000원 → 186,900원
H489 | bet  16,000원 PLAYER | P:Q♥ 6♠=6  B:9♥ 9♥=8  BANKER(L)  | -16,000원 → 170,900원
H490 | bet  32,000원 PLAYER | P:7♥ 7♣ 5♣=9  B:9♠ 7♥=6  PLAYER(W)  | +32,000원 → 202,900원  [end_win]
H491 | bet   1,000원 BANKER | P:3♠ Q♣=3  B:J♦ 8♣=8  BANKER(W)  | +950원 → 203,850원
H492 | bet   1,000원 BANKER | P:3♥ 4♦=7  B:J♠ 8♠=8  BANKER(W)  | +950원 → 204,800원
H493 | bet   1,000원 BANKER | P:7♣ 6♠=3  B:9♠ 10♣=9  BANKER(W)  | +950원 → 205,750원
H494 | bet   1,000원 BANKER | P:Q♣ 4♠ Q♦=4  B:6♦ A♥=7  BANKER(W)  | +950원 → 206,700원
H495 | bet   1,000원 BANKER | P:5♠ 8♦ 8♥=1  B:K♦ A♣ Q♥=1  TIE(T)  |     0원 → 206,700원
H496 | bet   1,000원 BANKER | P:J♥ 6♦=6  B:9♠ A♥ 4♥=4  PLAYER(L)  | -1,000원 → 205,700원  [start]
H497 | bet   2,000원 PLAYER | P:Q♥ 5♣ 9♦=4  B:10♠ Q♣ 4♠=4  TIE(T)  |     0원 → 205,700원
H498 | bet   2,000원 PLAYER | P:A♥ K♥ 7♦=8  B:6♦ 7♥ A♦=4  PLAYER(W)  | +2,000원 → 207,700원  [end_win]
H499 | bet   1,000원 BANKER | P:2♠ 2♠ K♦=4  B:K♠ 5♥=5  BANKER(W)  | +950원 → 208,650원
H500 | bet   1,000원 BANKER | P:A♥ 8♠=9  B:7♠ 7♥=4  PLAYER(L)  | -1,000원 → 207,650원  [start]
H501 | bet   2,000원 PLAYER | P:9♣ K♦=9  B:Q♦ 7♦=7  PLAYER(W)  | +2,000원 → 209,650원  [end_win]
H502 | bet   1,000원 BANKER | P:10♣ 6♦=6  B:K♦ A♠ 7♣=8  BANKER(W)  | +950원 → 210,600원
H503 | bet   1,000원 BANKER | P:7♦ 9♦=6  B:10♦ 9♦=9  BANKER(W)  | +950원 → 211,550원
H504 | bet   1,000원 BANKER | P:J♣ 6♣=6  B:8♣ 5♦ Q♣=3  PLAYER(L)  | -1,000원 → 210,550원  [start]
H505 | bet   2,000원 PLAYER | P:8♥ A♣=9  B:Q♠ A♥=1  PLAYER(W)  | +2,000원 → 212,550원  [end_win]
H506 | bet   1,000원 BANKER | P:A♣ 3♥=4  B:8♣ J♠=8  BANKER(W)  | +950원 → 213,500원
H507 | bet   1,000원 BANKER | P:J♣ J♥ 4♥=4  B:8♦ 9♥=7  BANKER(W)  | +950원 → 214,450원
H508 | bet   1,000원 BANKER | P:10♠ 3♠ 5♣=8  B:5♦ 6♠ 5♥=6  PLAYER(L)  | -1,000원 → 213,450원  [start]
H509 | bet   2,000원 PLAYER | P:8♥ 6♦ 3♠=7  B:7♥ Q♦=7  TIE(T)  |     0원 → 213,450원
H510 | bet   2,000원 PLAYER | P:2♦ 2♣ 9♥=3  B:Q♣ A♥ 9♦=0  PLAYER(W)  | +2,000원 → 215,450원  [end_win]
H511 | bet   1,000원 BANKER | P:6♦ 8♥ 9♠=3  B:Q♦ 6♠=6  BANKER(W)  | +950원 → 216,400원
H512 | bet   1,000원 BANKER | P:4♦ J♥ K♠=4  B:A♦ A♦ 10♥=2  PLAYER(L)  | -1,000원 → 215,400원  [start]
H513 | bet   2,000원 PLAYER | P:9♥ 2♣ Q♣=1  B:7♠ K♣=7  BANKER(L)  | -2,000원 → 213,400원
H514 | bet   4,000원 PLAYER | P:A♥ 7♥=8  B:4♦ 2♣=6  PLAYER(W)  | +4,000원 → 217,400원  [end_win]
H515 | bet   1,000원 BANKER | P:7♠ 4♥ 6♣=7  B:3♣ Q♣ J♥=3  PLAYER(L)  | -1,000원 → 216,400원  [start]
H516 | bet   2,000원 PLAYER | P:6♠ 7♣ 3♥=6  B:4♦ 2♠=6  TIE(T)  |     0원 → 216,400원
H517 | bet   2,000원 PLAYER | P:10♠ A♠ A♦=2  B:7♦ 3♦ 2♠=2  TIE(T)  |     0원 → 216,400원
H518 | bet   2,000원 PLAYER | P:2♥ Q♠ 2♥=4  B:J♠ K♥ 8♥=8  BANKER(L)  | -2,000원 → 214,400원
H519 | bet   4,000원 PLAYER | P:9♣ 6♠ 5♥=0  B:A♠ 5♥=6  BANKER(L)  | -4,000원 → 210,400원
H520 | bet   8,000원 PLAYER | P:3♦ 5♠=8  B:7♦ A♠=8  TIE(T)  |     0원 → 210,400원
H521 | bet   8,000원 PLAYER | P:7♣ J♣=7  B:8♣ 2♥ 5♣=5  PLAYER(W)  | +8,000원 → 218,400원  [end_win]
H522 | bet   1,000원 BANKER | P:9♠ 3♣ J♣=2  B:6♥ Q♥=6  BANKER(W)  | +950원 → 219,350원
H523 | bet   1,000원 BANKER | P:4♥ 3♦=7  B:5♠ 3♠=8  BANKER(W)  | +950원 → 220,300원
H524 | bet   1,000원 BANKER | P:4♣ K♦ 4♥=8  B:7♥ K♠=7  PLAYER(L)  | -1,000원 → 219,300원  [start]
H525 | bet   2,000원 PLAYER | P:4♣ 7♠ A♣=2  B:6♠ 7♠ Q♥=3  BANKER(L)  | -2,000원 → 217,300원
H526 | bet   4,000원 PLAYER | P:3♦ 3♠=6  B:8♥ 6♦ 4♦=8  BANKER(L)  | -4,000원 → 213,300원
H527 | bet   8,000원 PLAYER | P:9♦ K♣=9  B:K♠ 3♥=3  PLAYER(W)  | +8,000원 → 221,300원  [end_win]
H528 | bet   1,000원 BANKER | P:Q♦ 5♣ 10♦=5  B:Q♥ 3♣ 5♦=8  BANKER(W)  | +950원 → 222,250원
H529 | bet   1,000원 BANKER | P:6♥ 5♣ 7♣=8  B:2♠ Q♦ J♦=2  PLAYER(L)  | -1,000원 → 221,250원  [start]
H530 | bet   2,000원 PLAYER | P:K♣ 2♦ 10♥=2  B:7♣ 9♥=6  BANKER(L)  | -2,000원 → 219,250원
H531 | bet   4,000원 PLAYER | P:4♥ K♥ 4♠=8  B:10♥ 6♦=6  PLAYER(W)  | +4,000원 → 223,250원  [end_win]
H532 | bet   1,000원 BANKER | P:Q♠ 4♥ 4♦=8  B:6♠ Q♥=6  PLAYER(L)  | -1,000원 → 222,250원  [start]
H533 | bet   2,000원 PLAYER | P:Q♠ 3♣ 9♠=2  B:2♦ 5♣=7  BANKER(L)  | -2,000원 → 220,250원
H534 | bet   4,000원 PLAYER | P:2♥ A♥ 9♠=2  B:6♦ 10♥=6  BANKER(L)  | -4,000원 → 216,250원
H535 | bet   8,000원 PLAYER | P:K♥ 6♥=6  B:7♥ Q♥=7  BANKER(L)  | -8,000원 → 208,250원
H536 | bet  16,000원 PLAYER | P:9♦ 10♦=9  B:2♥ 10♠=2  PLAYER(W)  | +16,000원 → 224,250원  [end_win]
H537 | bet   1,000원 BANKER | P:6♣ 5♥=1  B:J♠ 8♠=8  BANKER(W)  | +950원 → 225,200원
H538 | bet   1,000원 BANKER | P:6♥ 7♠ 4♣=7  B:A♠ 2♠ 10♠=3  PLAYER(L)  | -1,000원 → 224,200원  [start]
H539 | bet   2,000원 PLAYER | P:J♦ 2♣=2  B:9♥ 10♣=9  BANKER(L)  | -2,000원 → 222,200원
H540 | bet   4,000원 PLAYER | P:2♦ 8♠ 4♠=4  B:5♦ 6♥ 4♠=5  BANKER(L)  | -4,000원 → 218,200원
H541 | bet   8,000원 PLAYER | P:6♥ 9♦ 9♣=4  B:Q♥ 7♦=7  BANKER(L)  | -8,000원 → 210,200원
H542 | bet  16,000원 PLAYER | P:6♣ 6♠ 4♦=6  B:J♦ 10♦ 7♥=7  BANKER(L)  | -16,000원 → 194,200원
H543 | bet  32,000원 PLAYER | P:5♠ 5♥ 5♦=5  B:K♦ J♠ 5♣=5  TIE(T)  |     0원 → 194,200원
H544 | bet  32,000원 PLAYER | P:6♥ J♥=6  B:10♣ 9♥=9  BANKER(L)  | -32,000원 → 162,200원  [end_giveup]
H545 | bet   1,000원 BANKER | P:K♥ 2♦ 7♣=9  B:7♠ K♥=7  PLAYER(L)  | -1,000원 → 161,200원  [start]
H546 | bet   2,000원 PLAYER | P:3♣ 9♦ 3♦=5  B:J♦ A♣ 3♥=4  PLAYER(W)  | +2,000원 → 163,200원  [end_win]
H547 | bet   1,000원 BANKER | P:3♠ 9♥ 8♦=0  B:9♠ 8♠=7  BANKER(W)  | +950원 → 164,150원
H548 | bet   1,000원 BANKER | P:2♣ 4♠=6  B:J♥ 4♥ 2♥=6  TIE(T)  |     0원 → 164,150원
H549 | bet   1,000원 BANKER | P:A♦ 10♣ 4♠=5  B:9♣ 2♠ 4♠=5  TIE(T)  |     0원 → 164,150원
H550 | bet   1,000원 BANKER | P:10♣ 5♠ 9♠=4  B:7♦ 6♣ 9♠=2  PLAYER(L)  | -1,000원 → 163,150원  [start]
H551 | bet   2,000원 PLAYER | P:8♠ K♥=8  B:J♣ 8♣=8  TIE(T)  |     0원 → 163,150원
H552 | bet   2,000원 PLAYER | P:J♦ 5♠ K♦=5  B:A♠ A♠ 3♣=5  TIE(T)  |     0원 → 163,150원
H553 | bet   2,000원 PLAYER | P:8♣ 2♣ 5♠=5  B:Q♠ 4♠ 4♣=8  BANKER(L)  | -2,000원 → 161,150원
H554 | bet   4,000원 PLAYER | P:K♦ 8♦=8  B:5♣ 9♣=4  PLAYER(W)  | +4,000원 → 165,150원  [end_win]
H555 | bet   1,000원 BANKER | P:9♠ Q♠=9  B:8♥ 2♥=0  PLAYER(L)  | -1,000원 → 164,150원  [start]
H556 | bet   2,000원 PLAYER | P:5♥ 7♣ K♣=2  B:A♠ 3♥=4  BANKER(L)  | -2,000원 → 162,150원
H557 | bet   4,000원 PLAYER | P:8♠ J♥=8  B:10♦ 4♣=4  PLAYER(W)  | +4,000원 → 166,150원  [end_win]
H558 | bet   1,000원 BANKER | P:3♠ 10♥ Q♣=3  B:3♣ 8♦ 10♣=1  PLAYER(L)  | -1,000원 → 165,150원  [start]
H559 | bet   2,000원 PLAYER | P:6♣ 7♥ 3♠=6  B:6♣ 5♠ J♥=1  PLAYER(W)  | +2,000원 → 167,150원  [end_win]
H560 | bet   1,000원 BANKER | P:3♦ 6♣=9  B:4♥ 10♠=4  PLAYER(L)  | -1,000원 → 166,150원  [start]
H561 | bet   2,000원 PLAYER | P:3♥ K♠=3  B:3♣ 5♥=8  BANKER(L)  | -2,000원 → 164,150원
H562 | bet   4,000원 PLAYER | P:K♠ J♦ 10♦=0  B:8♣ 9♣=7  BANKER(L)  | -4,000원 → 160,150원
H563 | bet   8,000원 PLAYER | P:2♦ K♣ 10♣=2  B:5♠ 10♣=5  BANKER(L)  | -8,000원 → 152,150원
H564 | bet  16,000원 PLAYER | P:J♠ 8♠=8  B:Q♣ 8♠=8  TIE(T)  |     0원 → 152,150원
H565 | bet  16,000원 PLAYER | P:J♦ 3♥=3  B:9♣ 9♣=8  BANKER(L)  | -16,000원 → 136,150원
H566 | bet  32,000원 PLAYER | P:10♠ A♣ 7♠=8  B:4♣ 8♦ 2♣=4  PLAYER(W)  | +32,000원 → 168,150원  [end_win]
H567 | bet   1,000원 BANKER | P:A♥ Q♠=1  B:10♦ 8♦=8  BANKER(W)  | +950원 → 169,100원
H568 | bet   1,000원 BANKER | P:3♠ 8♣ Q♦=1  B:3♥ 10♥ J♥=3  BANKER(W)  | +950원 → 170,050원
H569 | bet   1,000원 BANKER | P:10♥ J♠=0  B:8♥ A♣=9  BANKER(W)  | +950원 → 171,000원
H570 | bet   1,000원 BANKER | P:Q♦ 2♣ 5♦=7  B:5♦ 7♦ Q♠=2  PLAYER(L)  | -1,000원 → 170,000원  [start]
H571 | bet   2,000원 PLAYER | P:A♦ J♣ K♣=1  B:J♠ 4♦=4  BANKER(L)  | -2,000원 → 168,000원
H572 | bet   4,000원 PLAYER | P:A♦ A♦ 2♦=4  B:8♣ 2♠ 3♦=3  PLAYER(W)  | +4,000원 → 172,000원  [end_win]
H573 | bet   1,000원 BANKER | P:6♠ K♥=6  B:6♦ A♣=7  BANKER(W)  | +950원 → 172,950원
H574 | bet   1,000원 BANKER | P:5♦ 2♥=7  B:A♣ Q♦ K♦=1  PLAYER(L)  | -1,000원 → 171,950원  [start]
H575 | bet   2,000원 PLAYER | P:K♠ 9♥=9  B:2♦ 10♦=2  PLAYER(W)  | +2,000원 → 173,950원  [end_win]
H576 | bet   1,000원 BANKER | P:8♥ K♠=8  B:7♣ A♥=8  TIE(T)  |     0원 → 173,950원
H577 | bet   1,000원 BANKER | P:10♠ 4♦ K♣=4  B:4♣ 6♥ J♠=0  PLAYER(L)  | -1,000원 → 172,950원  [start]
H578 | bet   2,000원 PLAYER | P:J♠ 5♠ 3♥=8  B:10♦ 5♠=5  PLAYER(W)  | +2,000원 → 174,950원  [end_win]
H579 | bet   1,000원 BANKER | P:8♠ 7♦ A♥=6  B:7♠ 4♠ A♣=2  PLAYER(L)  | -1,000원 → 173,950원  [start]
H580 | bet   2,000원 PLAYER | P:8♥ 5♦ 10♠=3  B:J♥ Q♥ A♦=1  PLAYER(W)  | +2,000원 → 175,950원  [end_win]
H581 | bet   1,000원 BANKER | P:8♦ 4♣ 9♠=1  B:A♣ 6♥=7  BANKER(W)  | +950원 → 176,900원
H582 | bet   1,000원 BANKER | P:A♠ Q♦ 4♦=5  B:2♥ 5♠=7  BANKER(W)  | +950원 → 177,850원
H583 | bet   1,000원 BANKER | P:8♦ J♥=8  B:3♠ 6♦=9  BANKER(W)  | +950원 → 178,800원
H584 | bet   1,000원 BANKER | P:6♦ Q♠=6  B:10♠ 4♥ 6♥=0  PLAYER(L)  | -1,000원 → 177,800원  [start]
H585 | bet   2,000원 PLAYER | P:9♣ 10♠=9  B:6♣ 10♠=6  PLAYER(W)  | +2,000원 → 179,800원  [end_win]
H586 | bet   1,000원 BANKER | P:7♥ 10♠=7  B:2♠ 4♠=6  PLAYER(L)  | -1,000원 → 178,800원  [start]
H587 | bet   2,000원 PLAYER | P:Q♣ 5♦ 6♠=1  B:K♥ 5♠ J♥=5  BANKER(L)  | -2,000원 → 176,800원
H588 | bet   4,000원 PLAYER | P:K♣ J♥ K♠=0  B:3♠ 7♣ 8♥=8  BANKER(L)  | -4,000원 → 172,800원
H589 | bet   8,000원 PLAYER | P:J♠ J♦ J♥=0  B:8♥ 8♥=6  BANKER(L)  | -8,000원 → 164,800원
H590 | bet  16,000원 PLAYER | P:K♥ 4♥ 8♥=2  B:A♦ 6♦=7  BANKER(L)  | -16,000원 → 148,800원
H591 | bet  32,000원 PLAYER | P:9♥ K♠=9  B:7♣ K♣=7  PLAYER(W)  | +32,000원 → 180,800원  [end_win]
H592 | bet   1,000원 BANKER | P:7♣ 5♦=2  B:2♣ 7♣=9  BANKER(W)  | +950원 → 181,750원
H593 | bet   1,000원 BANKER | P:4♠ 8♦ 6♥=8  B:J♥ J♣ 5♦=5  PLAYER(L)  | -1,000원 → 180,750원  [start]
H594 | bet   2,000원 PLAYER | P:4♦ 7♣ 9♠=0  B:K♥ 7♣=7  BANKER(L)  | -2,000원 → 178,750원
H595 | bet   4,000원 PLAYER | P:10♣ 9♠=9  B:10♥ K♠=0  PLAYER(W)  | +4,000원 → 182,750원  [end_win]
H596 | bet   1,000원 BANKER | P:10♥ J♦=0  B:8♣ 10♠=8  BANKER(W)  | +950원 → 183,700원
H597 | bet   1,000원 BANKER | P:A♥ 7♥=8  B:8♠ A♦=9  BANKER(W)  | +950원 → 184,650원
H598 | bet   1,000원 BANKER | P:3♥ K♣ 9♠=2  B:2♠ Q♠ 9♥=1  PLAYER(L)  | -1,000원 → 183,650원  [start]
H599 | bet   2,000원 PLAYER | P:J♦ 9♦=9  B:4♣ 5♠=9  TIE(T)  |     0원 → 183,650원
H600 | bet   2,000원 PLAYER | P:K♠ 3♠ J♦=3  B:6♦ K♥=6  BANKER(L)  | -2,000원 → 181,650원
H601 | bet   4,000원 PLAYER | P:K♦ A♥ 2♣=3  B:4♥ K♦ A♠=5  BANKER(L)  | -4,000원 → 177,650원
H602 | bet   8,000원 PLAYER | P:10♥ 2♥ 8♣=0  B:J♦ 2♠ 5♥=7  BANKER(L)  | -8,000원 → 169,650원
H603 | bet  16,000원 PLAYER | P:3♥ A♥ 9♣=3  B:6♠ J♦=6  BANKER(L)  | -16,000원 → 153,650원
H604 | bet  32,000원 PLAYER | P:2♥ J♦ 9♥=1  B:7♦ 7♥=4  BANKER(L)  | -32,000원 → 121,650원  [end_giveup]
H605 | bet   1,000원 BANKER | P:5♠ 6♠ J♠=1  B:7♠ 5♥ 7♦=9  BANKER(W)  | +950원 → 122,600원
H606 | bet   1,000원 BANKER | P:4♦ 10♥ 7♦=1  B:8♦ 7♥ 3♣=8  BANKER(W)  | +950원 → 123,550원
H607 | bet   1,000원 BANKER | P:Q♥ A♦ 3♣=4  B:5♣ 8♣ 4♣=7  BANKER(W)  | +950원 → 124,500원
H608 | bet   1,000원 BANKER | P:K♠ 10♦ 3♠=3  B:6♣ J♠=6  BANKER(W)  | +950원 → 125,450원
H609 | bet   1,000원 BANKER | P:Q♠ 3♥ 3♣=6  B:6♥ 6♣ Q♣=2  PLAYER(L)  | -1,000원 → 124,450원  [start]
H610 | bet   2,000원 PLAYER | P:9♠ Q♥=9  B:2♥ 3♣=5  PLAYER(W)  | +2,000원 → 126,450원  [end_win]
H611 | bet   1,000원 BANKER | P:8♦ Q♥=8  B:8♣ Q♦=8  TIE(T)  |     0원 → 126,450원
H612 | bet   1,000원 BANKER | P:6♦ 4♥ 3♥=3  B:A♠ A♦ 6♠=8  BANKER(W)  | +950원 → 127,400원
H613 | bet   1,000원 BANKER | P:A♠ 7♣=8  B:10♦ J♣=0  PLAYER(L)  | -1,000원 → 126,400원  [start]
H614 | bet   2,000원 PLAYER | P:J♣ 5♣ 8♠=3  B:2♦ Q♥ 5♥=7  BANKER(L)  | -2,000원 → 124,400원
H615 | bet   4,000원 PLAYER | P:5♦ A♣=6  B:7♦ 4♥ A♠=2  PLAYER(W)  | +4,000원 → 128,400원  [end_win]
H616 | bet   1,000원 BANKER | P:5♠ 6♣ K♠=1  B:7♥ 3♦ 4♣=4  BANKER(W)  | +950원 → 129,350원
H617 | bet   1,000원 BANKER | P:J♠ 6♥=6  B:3♦ J♣ A♣=4  PLAYER(L)  | -1,000원 → 128,350원  [start]
H618 | bet   2,000원 PLAYER | P:Q♦ K♥ 4♠=4  B:A♠ K♦ Q♠=1  PLAYER(W)  | +2,000원 → 130,350원  [end_win]
H619 | bet   1,000원 BANKER | P:10♠ Q♦ 4♣=4  B:A♣ A♥ A♥=3  PLAYER(L)  | -1,000원 → 129,350원  [start]
H620 | bet   2,000원 PLAYER | P:Q♠ 3♦=3  B:9♥ K♦=9  BANKER(L)  | -2,000원 → 127,350원
H621 | bet   4,000원 PLAYER | P:J♠ K♥ 5♦=5  B:8♥ 2♥ 10♣=0  PLAYER(W)  | +4,000원 → 131,350원  [end_win]
H622 | bet   1,000원 BANKER | P:J♠ 3♥=3  B:J♥ 9♠=9  BANKER(W)  | +950원 → 132,300원
H623 | bet   1,000원 BANKER | P:6♣ A♣=7  B:10♣ 8♣=8  BANKER(W)  | +950원 → 133,250원
H624 | bet   1,000원 BANKER | P:9♥ 9♥=8  B:K♥ 6♥=6  PLAYER(L)  | -1,000원 → 132,250원  [start]
H625 | bet   2,000원 PLAYER | P:6♦ 4♠ A♣=1  B:8♥ 8♠=6  BANKER(L)  | -2,000원 → 130,250원
H626 | bet   4,000원 PLAYER | P:9♦ 3♠=2  B:9♦ 9♣=8  BANKER(L)  | -4,000원 → 126,250원
H627 | bet   8,000원 PLAYER | P:7♠ 9♦=6  B:6♠ 5♣ 7♦=8  BANKER(L)  | -8,000원 → 118,250원
H628 | bet  16,000원 PLAYER | P:3♣ 10♦ 9♦=2  B:3♣ Q♦ Q♥=3  BANKER(L)  | -16,000원 → 102,250원
H629 | bet  32,000원 PLAYER | P:Q♣ 3♠ 10♦=3  B:J♥ 4♣=4  BANKER(L)  | -32,000원 → 70,250원  [end_giveup]
H630 | bet   1,000원 BANKER | P:7♥ 7♠=4  B:10♦ 8♠=8  BANKER(W)  | +950원 → 71,200원
H631 | bet   1,000원 BANKER | P:7♠ 3♦ 2♥=2  B:2♦ 10♣ 8♣=0  PLAYER(L)  | -1,000원 → 70,200원  [start]
H632 | bet   2,000원 PLAYER | P:K♣ 5♣ 5♥=0  B:Q♦ 5♥ 3♣=8  BANKER(L)  | -2,000원 → 68,200원
H633 | bet   4,000원 PLAYER | P:J♣ A♣=1  B:3♥ 5♥=8  BANKER(L)  | -4,000원 → 64,200원
H634 | bet   8,000원 PLAYER | P:8♠ 2♦ 3♠=3  B:10♥ A♦ Q♦=1  PLAYER(W)  | +8,000원 → 72,200원  [end_win]
H635 | bet   1,000원 BANKER | P:K♦ 8♣=8  B:J♦ 4♦=4  PLAYER(L)  | -1,000원 → 71,200원  [start]
H636 | bet   2,000원 PLAYER | P:10♥ 5♠ 10♦=5  B:7♦ 5♥ 2♥=4  PLAYER(W)  | +2,000원 → 73,200원  [end_win]
H637 | bet   1,000원 BANKER | P:K♦ 7♥=7  B:9♥ 9♦=8  BANKER(W)  | +950원 → 74,150원
H638 | bet   1,000원 BANKER | P:5♣ Q♠ K♠=5  B:10♦ K♦ 2♥=2  PLAYER(L)  | -1,000원 → 73,150원  [start]
H639 | bet   2,000원 PLAYER | P:2♠ Q♣ 3♠=5  B:3♦ 3♥=6  BANKER(L)  | -2,000원 → 71,150원
H640 | bet   4,000원 PLAYER | P:2♦ 9♥=1  B:K♣ 8♠=8  BANKER(L)  | -4,000원 → 67,150원
H641 | bet   8,000원 PLAYER | P:Q♠ 4♦ 6♥=0  B:4♠ 2♦ J♠=6  BANKER(L)  | -8,000원 → 59,150원
H642 | bet  16,000원 PLAYER | P:2♣ 2♣ 5♦=9  B:9♦ A♦ 4♣=4  PLAYER(W)  | +16,000원 → 75,150원  [end_win]
H643 | bet   1,000원 BANKER | P:4♦ 9♣ K♦=3  B:7♦ 6♣ 6♦=9  BANKER(W)  | +950원 → 76,100원
H644 | bet   1,000원 BANKER | P:8♣ 3♣ 2♣=3  B:A♥ 4♦=5  BANKER(W)  | +950원 → 77,050원
H645 | bet   1,000원 BANKER | P:5♣ 8♦ K♥=3  B:8♠ 2♦ 10♣=0  PLAYER(L)  | -1,000원 → 76,050원  [start]
H646 | bet   2,000원 PLAYER | P:4♥ 9♣ 2♦=5  B:2♣ Q♠ 10♥=2  PLAYER(W)  | +2,000원 → 78,050원  [end_win]
H647 | bet   1,000원 BANKER | P:2♠ 9♠ 6♥=7  B:7♥ 7♠ 9♣=3  PLAYER(L)  | -1,000원 → 77,050원  [start]
H648 | bet   2,000원 PLAYER | P:9♣ 5♦ K♠=4  B:2♠ K♣ 4♣=6  BANKER(L)  | -2,000원 → 75,050원
H649 | bet   4,000원 PLAYER | P:A♥ Q♣ 6♠=7  B:6♣ K♣ 2♠=8  BANKER(L)  | -4,000원 → 71,050원
H650 | bet   8,000원 PLAYER | P:Q♣ 6♠=6  B:2♣ 6♣=8  BANKER(L)  | -8,000원 → 63,050원
H651 | bet  16,000원 PLAYER | P:Q♥ 10♣ 2♠=2  B:5♣ Q♣=5  BANKER(L)  | -16,000원 → 47,050원

Result: RUIN (capital_depleted)
Final: 47,050원  Hands: 651  Bets: 586  Wagered: 1,755,000원  Max losing streak: 8
