=== Session 16 ===
Seed: 7008421793132065041
Initial: 100,000원  Target: 500,000원  Ruin: 50,000원  Table-max: 100,000원
Strategy: martingale (pivot, steps=4)
Base bet: 1,000원  Primary side: BANKER

H001 | bet   1,000원 BANKER | P:K♦ Q♥ J♦=0  B:K♦ 6♦=6  BANKER(W)  | +950원 → 100,950원
H002 | bet   1,000원 BANKER | P:A♦ 7♥=8  B:Q♣ 6♥=6  PLAYER(L)  | -1,000원 → 99,950원  [start]
H003 | bet   2,000원 PLAYER | P:5♠ 3♥=8  B:K♠ 8♣=8  TIE(T)  |     0원 → 99,950원
H004 | bet   2,000원 PLAYER | P:A♣ 10♣ 5♠=6  B:5♦ 6♦ 8♠=9  BANKER(L)  | -2,000원 → 97,950원
H005 | bet   4,000원 PLAYER | P:5♣ 3♦=8  B:6♥ 3♣=9  BANKER(L)  | -4,000원 → 93,950원
H006 | bet   8,000원 PLAYER | P:4♣ 9♥ J♥=3  B:8♣ 4♠ 10♠=2  PLAYER(W)  | +8,000원 → 101,950원  [end_win]
H007 | bet   1,000원 BANKER | P:6♠ J♣=6  B:3♦ 8♥ 10♦=1  PLAYER(L)  | -1,000원 → 100,950원  [start]
H008 | bet   2,000원 PLAYER | P:10♥ 6♣=6  B:7♦ 10♥=7  BANKER(L)  | -2,000원 → 98,950원
H009 | bet   4,000원 PLAYER | P:8♥ Q♦=8  B:2♣ 7♦=9  BANKER(L)  | -4,000원 → 94,950원
H010 | bet   8,000원 PLAYER | P:Q♠ 8♣=8  B:5♥ 5♦=0  PLAYER(W)  | +8,000원 → 102,950원  [end_win]
H011 | bet   1,000원 BANKER | P:9♠ 10♠=9  B:7♠ Q♣=7  PLAYER(L)  | -1,000원 → 101,950원  [start]
H012 | bet   2,000원 PLAYER | P:J♠ 6♣=6  B:8♠ A♠=9  BANKER(L)  | -2,000원 → 99,950원
H013 | bet   4,000원 PLAYER | P:K♠ K♣ 9♦=9  B:9♠ 5♣=4  PLAYER(W)  | +4,000원 → 103,950원  [end_win]
H014 | bet   1,000원 BANKER | P:7♣ Q♦=7  B:2♠ 3♣ 7♠=2  PLAYER(L)  | -1,000원 → 102,950원  [start]
H015 | bet   2,000원 PLAYER | P:10♣ 5♥ A♥=6  B:9♠ 3♥ K♦=2  PLAYER(W)  | +2,000원 → 104,950원  [end_win]
H016 | bet   1,000원 BANKER | P:6♥ 2♥=8  B:Q♠ 5♠=5  PLAYER(L)  | -1,000원 → 103,950원  [start]
H017 | bet   2,000원 PLAYER | P:9♦ 6♣ 4♥=9  B:A♦ 4♥ 2♥=7  PLAYER(W)  | +2,000원 → 105,950원  [end_win]
H018 | bet   1,000원 BANKER | P:6♦ 9♥ K♣=5  B:Q♠ 4♠=4  PLAYER(L)  | -1,000원 → 104,950원  [start]
H019 | bet   2,000원 PLAYER | P:10♣ 9♥=9  B:Q♠ A♥=1  PLAYER(W)  | +2,000원 → 106,950원  [end_win]
H020 | bet   1,000원 BANKER | P:A♥ 3♥ Q♦=4  B:J♠ K♣ A♣=1  PLAYER(L)  | -1,000원 → 105,950원  [start]
H021 | bet   2,000원 PLAYER | P:A♣ 3♣ 2♣=6  B:5♣ 5♦ 8♦=8  BANKER(L)  | -2,000원 → 103,950원
H022 | bet   4,000원 PLAYER | P:A♣ 3♠ K♥=4  B:8♦ 3♣ 7♣=8  BANKER(L)  | -4,000원 → 99,950원
H023 | bet   8,000원 PLAYER | P:2♠ 8♦=0  B:8♠ 10♥=8  BANKER(L)  | -8,000원 → 91,950원
H024 | bet  16,000원 PLAYER | P:8♥ 3♥=1  B:J♣ 8♥=8  BANKER(L)  | -16,000원 → 75,950원  [end_giveup]
H025 | bet   1,000원 BANKER | P:6♥ K♥=6  B:8♦ 4♥ 6♦=8  BANKER(W)  | +950원 → 76,900원
H026 | bet   1,000원 BANKER | P:10♣ K♣ J♣=0  B:2♠ A♥ 3♦=6  BANKER(W)  | +950원 → 77,850원
H027 | bet   1,000원 BANKER | P:9♥ J♠=9  B:10♣ A♦=1  PLAYER(L)  | -1,000원 → 76,850원  [start]
H028 | bet   2,000원 PLAYER | P:J♣ 9♣=9  B:9♥ 10♠=9  TIE(T)  |     0원 → 76,850원
H029 | bet   2,000원 PLAYER | P:7♣ 7♣ 3♣=7  B:7♣ 4♦ 2♥=3  PLAYER(W)  | +2,000원 → 78,850원  [end_win]
H030 | bet   1,000원 BANKER | P:A♥ 3♠ 5♠=9  B:6♠ J♥=6  PLAYER(L)  | -1,000원 → 77,850원  [start]
H031 | bet   2,000원 PLAYER | P:9♣ Q♦=9  B:8♠ Q♣=8  PLAYER(W)  | +2,000원 → 79,850원  [end_win]
H032 | bet   1,000원 BANKER | P:J♠ J♣ 10♦=0  B:10♣ 7♦=7  BANKER(W)  | +950원 → 80,800원
H033 | bet   1,000원 BANKER | P:3♦ K♦ 4♣=7  B:K♥ A♥ 6♥=7  TIE(T)  |     0원 → 80,800원
H034 | bet   1,000원 BANKER | P:J♠ 5♦ 10♥=5  B:9♠ 2♦ 3♠=4  PLAYER(L)  | -1,000원 → 79,800원  [start]
H035 | bet   2,000원 PLAYER | P:8♣ A♣=9  B:Q♠ J♣=0  PLAYER(W)  | +2,000원 → 81,800원  [end_win]
H036 | bet   1,000원 BANKER | P:J♣ 4♥ 8♣=2  B:3♠ Q♥=3  BANKER(W)  | +950원 → 82,750원
H037 | bet   1,000원 BANKER | P:Q♦ 4♠ 9♣=3  B:10♦ 7♠=7  BANKER(W)  | +950원 → 83,700원
H038 | bet   1,000원 BANKER | P:7♦ K♣=7  B:3♠ 4♣=7  TIE(T)  |     0원 → 83,700원
H039 | bet   1,000원 BANKER | P:A♦ 7♥=8  B:6♣ 10♠=6  PLAYER(L)  | -1,000원 → 82,700원  [start]
H040 | bet   2,000원 PLAYER | P:9♠ 3♥ 10♠=2  B:Q♦ 10♥ 3♠=3  BANKER(L)  | -2,000원 → 80,700원
H041 | bet   4,000원 PLAYER | P:8♥ 5♦ 9♠=2  B:8♠ 5♦ 9♣=2  TIE(T)  |     0원 → 80,700원
H042 | bet   4,000원 PLAYER | P:7♦ A♣=8  B:7♣ 2♦=9  BANKER(L)  | -4,000원 → 76,700원
H043 | bet   8,000원 PLAYER | P:3♥ K♥ 9♣=2  B:4♦ 9♦ A♦=4  BANKER(L)  | -8,000원 → 68,700원
H044 | bet  16,000원 PLAYER | P:9♦ 7♠=6  B:8♦ 8♦=6  TIE(T)  |     0원 → 68,700원
H045 | bet  16,000원 PLAYER | P:6♥ 5♠ 6♥=7  B:A♠ 3♠ K♥=4  PLAYER(W)  | +16,000원 → 84,700원  [end_win]
H046 | bet   1,000원 BANKER | P:2♣ 2♣=4  B:5♠ 4♦=9  BANKER(W)  | +950원 → 85,650원
H047 | bet   1,000원 BANKER | P:4♣ 7♦=1  B:A♠ 7♥=8  BANKER(W)  | +950원 → 86,600원
H048 | bet   1,000원 BANKER | P:4♠ 4♣=8  B:K♠ 2♥=2  PLAYER(L)  | -1,000원 → 85,600원  [start]
H049 | bet   2,000원 PLAYER | P:2♥ 8♣ 7♥=7  B:4♦ 10♦ 8♦=2  PLAYER(W)  | +2,000원 → 87,600원  [end_win]
H050 | bet   1,000원 BANKER | P:J♠ 2♥ 2♦=4  B:J♦ A♦ 7♠=8  BANKER(W)  | +950원 → 88,550원
H051 | bet   1,000원 BANKER | P:4♥ 4♦=8  B:A♠ 6♦=7  PLAYER(L)  | -1,000원 → 87,550원  [start]
H052 | bet   2,000원 PLAYER | P:K♥ 3♦=3  B:K♥ 8♦=8  BANKER(L)  | -2,000원 → 85,550원
H053 | bet   4,000원 PLAYER | P:6♠ 9♦ 9♥=4  B:Q♥ K♣ Q♠=0  PLAYER(W)  | +4,000원 → 89,550원  [end_win]
H054 | bet   1,000원 BANKER | P:J♥ 7♥=7  B:5♣ 3♠=8  BANKER(W)  | +950원 → 90,500원
H055 | bet   1,000원 BANKER | P:8♥ 7♥ 10♥=5  B:6♠ 7♠ J♠=3  PLAYER(L)  | -1,000원 → 89,500원  [start]
H056 | bet   2,000원 PLAYER | P:4♥ 8♣ 10♥=2  B:J♦ K♠ 3♣=3  BANKER(L)  | -2,000원 → 87,500원
H057 | bet   4,000원 PLAYER | P:J♦ K♠ Q♣=0  B:K♦ 6♣=6  BANKER(L)  | -4,000원 → 83,500원
H058 | bet   8,000원 PLAYER | P:10♦ A♠ K♠=1  B:5♣ 5♦ 6♦=6  BANKER(L)  | -8,000원 → 75,500원
H059 | bet  16,000원 PLAYER | P:10♥ J♣ A♠=1  B:6♣ 5♣ 4♥=5  BANKER(L)  | -16,000원 → 59,500원  [end_giveup]
H060 | bet   1,000원 BANKER | P:7♦ 9♦=6  B:10♦ K♦ 6♦=6  TIE(T)  |     0원 → 59,500원
H061 | bet   1,000원 BANKER | P:2♣ 7♥=9  B:4♦ A♠=5  PLAYER(L)  | -1,000원 → 58,500원  [start]
H062 | bet   2,000원 PLAYER | P:10♣ Q♣ J♦=0  B:9♠ 7♠=6  BANKER(L)  | -2,000원 → 56,500원
H063 | bet   4,000원 PLAYER | P:5♣ 5♠=0  B:6♠ 2♥=8  BANKER(L)  | -4,000원 → 52,500원
H064 | bet   8,000원 PLAYER | P:5♥ A♠=6  B:6♠ 9♣ 8♠=3  PLAYER(W)  | +8,000원 → 60,500원  [end_win]
H065 | bet   1,000원 BANKER | P:2♦ 5♠=7  B:4♠ 9♥ 6♣=9  BANKER(W)  | +950원 → 61,450원
H066 | bet   1,000원 BANKER | P:2♠ 2♦ 3♣=7  B:A♥ Q♦ A♦=2  PLAYER(L)  | -1,000원 → 60,450원  [start]
H067 | bet   2,000원 PLAYER | P:5♣ 5♥ 9♥=9  B:J♦ 4♣=4  PLAYER(W)  | +2,000원 → 62,450원  [end_win]
H068 | bet   1,000원 BANKER | P:6♥ 3♦=9  B:Q♣ 3♥=3  PLAYER(L)  | -1,000원 → 61,450원  [start]
H069 | bet   2,000원 PLAYER | P:3♣ 9♦ Q♠=2  B:Q♥ J♥ 4♠=4  BANKER(L)  | -2,000원 → 59,450원
H070 | bet   4,000원 PLAYER | P:2♦ 3♦ 4♦=9  B:2♠ 5♥=7  PLAYER(W)  | +4,000원 → 63,450원  [end_win]
H071 | bet   1,000원 BANKER | P:5♦ 8♥ 4♣=7  B:K♦ J♥ 4♥=4  PLAYER(L)  | -1,000원 → 62,450원  [start]
H072 | bet   2,000원 PLAYER | P:Q♠ A♥ 3♦=4  B:9♦ A♦ 5♥=5  BANKER(L)  | -2,000원 → 60,450원
H073 | bet   4,000원 PLAYER | P:K♣ 3♥ K♣=3  B:K♥ 4♣=4  BANKER(L)  | -4,000원 → 56,450원
H074 | bet   8,000원 PLAYER | P:5♥ K♠ 10♠=5  B:2♥ J♦ 9♣=1  PLAYER(W)  | +8,000원 → 64,450원  [end_win]
H075 | bet   1,000원 BANKER | P:10♠ 2♣ 9♣=1  B:10♦ J♥ 6♠=6  BANKER(W)  | +950원 → 65,400원
H076 | bet   1,000원 BANKER | P:J♦ 2♦=2  B:8♣ A♣=9  BANKER(W)  | +950원 → 66,350원
H077 | bet   1,000원 BANKER | P:9♠ 8♥=7  B:10♦ J♥ Q♥=0  PLAYER(L)  | -1,000원 → 65,350원  [start]
H078 | bet   2,000원 PLAYER | P:2♦ J♠ 4♠=6  B:6♣ 7♣ A♣=4  PLAYER(W)  | +2,000원 → 67,350원  [end_win]
H079 | bet   1,000원 BANKER | P:8♠ 6♦=4  B:4♠ 5♥=9  BANKER(W)  | +950원 → 68,300원
H080 | bet   1,000원 BANKER | P:10♠ 8♠=8  B:Q♣ Q♦=0  PLAYER(L)  | -1,000원 → 67,300원  [start]
H081 | bet   2,000원 PLAYER | P:4♦ 2♠=6  B:2♣ 7♣=9  BANKER(L)  | -2,000원 → 65,300원
H082 | bet   4,000원 PLAYER | P:2♣ 7♠=9  B:Q♥ 2♠=2  PLAYER(W)  | +4,000원 → 69,300원  [end_win]
H083 | bet   1,000원 BANKER | P:2♥ 9♦ 3♥=4  B:8♦ 4♠ K♦=2  PLAYER(L)  | -1,000원 → 68,300원  [start]
H084 | bet   2,000원 PLAYER | P:10♦ 2♣ 7♣=9  B:3♥ 2♠ K♥=5  PLAYER(W)  | +2,000원 → 70,300원  [end_win]
H085 | bet   1,000원 BANKER | P:6♣ J♥=6  B:A♦ 6♣=7  BANKER(W)  | +950원 → 71,250원
H086 | bet   1,000원 BANKER | P:3♣ A♣ 3♦=7  B:K♥ K♥ 9♥=9  BANKER(W)  | +950원 → 72,200원
H087 | bet   1,000원 BANKER | P:6♥ 4♥ 6♦=6  B:2♣ 9♦ 7♥=8  BANKER(W)  | +950원 → 73,150원
H088 | bet   1,000원 BANKER | P:3♣ 3♣=6  B:9♠ Q♦=9  BANKER(W)  | +950원 → 74,100원
H089 | bet   1,000원 BANKER | P:2♥ Q♦ 10♣=2  B:J♥ 5♦=5  BANKER(W)  | +950원 → 75,050원
H090 | bet   1,000원 BANKER | P:A♦ A♥ 10♦=2  B:9♥ 7♥=6  BANKER(W)  | +950원 → 76,000원
H091 | bet   1,000원 BANKER | P:Q♠ 4♥ K♣=4  B:K♥ 3♥ J♦=3  PLAYER(L)  | -1,000원 → 75,000원  [start]
H092 | bet   2,000원 PLAYER | P:K♠ 2♠=2  B:8♦ A♠=9  BANKER(L)  | -2,000원 → 73,000원
H093 | bet   4,000원 PLAYER | P:3♠ J♣ 9♣=2  B:K♣ 2♥ 9♠=1  PLAYER(W)  | +4,000원 → 77,000원  [end_win]
H094 | bet   1,000원 BANKER | P:4♦ J♦ 10♣=4  B:10♥ 7♣=7  BANKER(W)  | +950원 → 77,950원
H095 | bet   1,000원 BANKER | P:9♣ 4♠ 5♠=8  B:A♦ 4♥ A♥=6  PLAYER(L)  | -1,000원 → 76,950원  [start]
H096 | bet   2,000원 PLAYER | P:6♣ 8♦=4  B:8♣ J♠=8  BANKER(L)  | -2,000원 → 74,950원
H097 | bet   4,000원 PLAYER | P:K♣ K♥ 5♥=5  B:6♥ 10♣=6  BANKER(L)  | -4,000원 → 70,950원
H098 | bet   8,000원 PLAYER | P:8♠ 7♠ 10♥=5  B:8♣ 5♦ A♠=4  PLAYER(W)  | +8,000원 → 78,950원  [end_win]
H099 | bet   1,000원 BANKER | P:5♣ K♦ 5♣=0  B:6♣ A♦=7  BANKER(W)  | +950원 → 79,900원
H100 | bet   1,000원 BANKER | P:J♠ 9♠=9  B:2♦ 7♣=9  TIE(T)  |     0원 → 79,900원
H101 | bet   1,000원 BANKER | P:A♠ 6♠=7  B:5♦ 8♥ 5♦=8  BANKER(W)  | +950원 → 80,850원
H102 | bet   1,000원 BANKER | P:Q♥ K♥ 10♣=0  B:6♦ 6♦ 3♦=5  BANKER(W)  | +950원 → 81,800원
H103 | bet   1,000원 BANKER | P:3♠ K♦ 3♥=6  B:A♣ 6♦=7  BANKER(W)  | +950원 → 82,750원
H104 | bet   1,000원 BANKER | P:J♥ 5♥ Q♣=5  B:Q♦ Q♣ 10♦=0  PLAYER(L)  | -1,000원 → 81,750원  [start]
H105 | bet   2,000원 PLAYER | P:4♣ 5♦=9  B:6♠ A♦=7  PLAYER(W)  | +2,000원 → 83,750원  [end_win]
H106 | bet   1,000원 BANKER | P:Q♠ 4♣ Q♥=4  B:Q♥ 4♣=4  TIE(T)  |     0원 → 83,750원
H107 | bet   1,000원 BANKER | P:2♣ 10♦ A♣=3  B:Q♥ 3♦ 4♦=7  BANKER(W)  | +950원 → 84,700원
H108 | bet   1,000원 BANKER | P:J♠ K♣ 2♦=2  B:5♦ A♣=6  BANKER(W)  | +950원 → 85,650원
H109 | bet   1,000원 BANKER | P:8♠ A♥=9  B:8♠ 9♠=7  PLAYER(L)  | -1,000원 → 84,650원  [start]
H110 | bet   2,000원 PLAYER | P:7♣ J♥=7  B:J♠ J♦ 6♠=6  PLAYER(W)  | +2,000원 → 86,650원  [end_win]
H111 | bet   1,000원 BANKER | P:10♣ K♠=0  B:7♣ A♠=8  BANKER(W)  | +950원 → 87,600원
H112 | bet   1,000원 BANKER | P:Q♠ 5♥ J♣=5  B:K♦ 6♥=6  BANKER(W)  | +950원 → 88,550원
H113 | bet   1,000원 BANKER | P:10♠ 5♦ 9♦=4  B:4♣ 9♥ Q♦=3  PLAYER(L)  | -1,000원 → 87,550원  [start]
H114 | bet   2,000원 PLAYER | P:9♣ 4♥=3  B:5♥ 4♠=9  BANKER(L)  | -2,000원 → 85,550원
H115 | bet   4,000원 PLAYER | P:2♦ 9♦ J♣=1  B:9♥ 5♠=4  BANKER(L)  | -4,000원 → 81,550원
H116 | bet   8,000원 PLAYER | P:9♣ 5♥=4  B:2♥ 6♠=8  BANKER(L)  | -8,000원 → 73,550원
H117 | bet  16,000원 PLAYER | P:Q♥ 10♦ 10♠=0  B:2♣ K♣ 10♠=2  BANKER(L)  | -16,000원 → 57,550원  [end_giveup]
H118 | bet   1,000원 BANKER | P:2♣ 6♦=8  B:7♥ Q♦=7  PLAYER(L)  | -1,000원 → 56,550원  [start]
H119 | bet   2,000원 PLAYER | P:2♥ 7♠=9  B:3♣ 2♠=5  PLAYER(W)  | +2,000원 → 58,550원  [end_win]
H120 | bet   1,000원 BANKER | P:8♦ 5♣ J♣=3  B:8♣ 9♣=7  BANKER(W)  | +950원 → 59,500원
H121 | bet   1,000원 BANKER | P:7♥ 7♥=4  B:9♣ J♠=9  BANKER(W)  | +950원 → 60,450원
H122 | bet   1,000원 BANKER | P:J♣ 7♦=7  B:3♥ 7♣ Q♦=0  PLAYER(L)  | -1,000원 → 59,450원  [start]
H123 | bet   2,000원 PLAYER | P:9♦ 8♣=7  B:A♥ 4♥ K♣=5  PLAYER(W)  | +2,000원 → 61,450원  [end_win]
H124 | bet   1,000원 BANKER | P:5♠ 6♠=1  B:A♥ 8♠=9  BANKER(W)  | +950원 → 62,400원
H125 | bet   1,000원 BANKER | P:A♦ 10♣ 4♠=5  B:7♦ 9♠=6  BANKER(W)  | +950원 → 63,350원
H126 | bet   1,000원 BANKER | P:10♦ 5♣ 8♥=3  B:10♦ 3♦=3  TIE(T)  |     0원 → 63,350원
H127 | bet   1,000원 BANKER | P:5♠ 5♣ 3♠=3  B:7♦ 10♠=7  BANKER(W)  | +950원 → 64,300원
H128 | bet   1,000원 BANKER | P:8♠ 9♠=7  B:3♦ 5♠=8  BANKER(W)  | +950원 → 65,250원
H129 | bet   1,000원 BANKER | P:2♠ 10♣ K♠=2  B:A♣ J♥ 4♠=5  BANKER(W)  | +950원 → 66,200원
H130 | bet   1,000원 BANKER | P:9♥ J♠=9  B:4♦ 3♠=7  PLAYER(L)  | -1,000원 → 65,200원  [start]
H131 | bet   2,000원 PLAYER | P:10♠ 7♠=7  B:9♥ 2♣ 6♥=7  TIE(T)  |     0원 → 65,200원
H132 | bet   2,000원 PLAYER | P:5♥ J♠ 5♥=0  B:8♥ 3♠ 8♦=9  BANKER(L)  | -2,000원 → 63,200원
H133 | bet   4,000원 PLAYER | P:6♣ 9♥ Q♠=5  B:K♠ 7♦=7  BANKER(L)  | -4,000원 → 59,200원
H134 | bet   8,000원 PLAYER | P:7♠ 7♥ 3♦=7  B:7♠ J♥=7  TIE(T)  |     0원 → 59,200원
H135 | bet   8,000원 PLAYER | P:4♠ 8♥ 5♥=7  B:7♦ 9♠=6  PLAYER(W)  | +8,000원 → 67,200원  [end_win]
H136 | bet   1,000원 BANKER | P:6♣ 3♣=9  B:J♠ 8♠=8  PLAYER(L)  | -1,000원 → 66,200원  [start]
H137 | bet   2,000원 PLAYER | P:9♠ K♠=9  B:A♥ Q♠=1  PLAYER(W)  | +2,000원 → 68,200원  [end_win]
H138 | bet   1,000원 BANKER | P:J♦ Q♣ 8♣=8  B:Q♥ 6♥=6  PLAYER(L)  | -1,000원 → 67,200원  [start]
H139 | bet   2,000원 PLAYER | P:8♣ 3♦ 2♣=3  B:10♣ 4♠ 7♥=1  PLAYER(W)  | +2,000원 → 69,200원  [end_win]
H140 | bet   1,000원 BANKER | P:5♣ 2♥=7  B:7♣ 4♥ J♣=1  PLAYER(L)  | -1,000원 → 68,200원  [start]
H141 | bet   2,000원 PLAYER | P:4♥ K♦ K♥=4  B:10♥ A♣ A♥=2  PLAYER(W)  | +2,000원 → 70,200원  [end_win]
H142 | bet   1,000원 BANKER | P:8♥ Q♦=8  B:7♦ 3♠=0  PLAYER(L)  | -1,000원 → 69,200원  [start]
H143 | bet   2,000원 PLAYER | P:6♣ 7♠ 5♦=8  B:4♦ 2♥=6  PLAYER(W)  | +2,000원 → 71,200원  [end_win]
H144 | bet   1,000원 BANKER | P:4♣ 8♣=2  B:4♣ 4♦=8  BANKER(W)  | +950원 → 72,150원
H145 | bet   1,000원 BANKER | P:5♠ 4♥=9  B:8♥ K♠=8  PLAYER(L)  | -1,000원 → 71,150원  [start]
H146 | bet   2,000원 PLAYER | P:A♠ 5♠=6  B:3♥ 7♠ 10♥=0  PLAYER(W)  | +2,000원 → 73,150원  [end_win]
H147 | bet   1,000원 BANKER | P:10♥ 5♠ 2♦=7  B:2♥ Q♣ 9♣=1  PLAYER(L)  | -1,000원 → 72,150원  [start]
H148 | bet   2,000원 PLAYER | P:J♣ K♣ A♥=1  B:8♥ 2♠ K♦=0  PLAYER(W)  | +2,000원 → 74,150원  [end_win]
H149 | bet   1,000원 BANKER | P:7♣ 7♦ 2♦=6  B:2♦ 3♥=5  PLAYER(L)  | -1,000원 → 73,150원  [start]
H150 | bet   2,000원 PLAYER | P:K♦ J♥ 4♦=4  B:J♦ 6♦=6  BANKER(L)  | -2,000원 → 71,150원
H151 | bet   4,000원 PLAYER | P:Q♠ 8♦=8  B:A♣ 6♣=7  PLAYER(W)  | +4,000원 → 75,150원  [end_win]
H152 | bet   1,000원 BANKER | P:4♠ 4♦=8  B:8♦ Q♣=8  TIE(T)  |     0원 → 75,150원
H153 | bet   1,000원 BANKER | P:10♥ Q♣ 5♣=5  B:9♦ 7♥=6  BANKER(W)  | +950원 → 76,100원
H154 | bet   1,000원 BANKER | P:K♠ 8♦=8  B:6♥ 2♣=8  TIE(T)  |     0원 → 76,100원
H155 | bet   1,000원 BANKER | P:A♦ 8♠=9  B:Q♥ 8♥=8  PLAYER(L)  | -1,000원 → 75,100원  [start]
H156 | bet   2,000원 PLAYER | P:J♥ 3♥ 6♥=9  B:3♠ A♠ 10♦=4  PLAYER(W)  | +2,000원 → 77,100원  [end_win]
H157 | bet   1,000원 BANKER | P:3♣ 7♦ 4♣=4  B:4♦ 6♠ Q♥=0  PLAYER(L)  | -1,000원 → 76,100원  [start]
H158 | bet   2,000원 PLAYER | P:3♣ A♣ J♦=4  B:2♠ 2♠=4  TIE(T)  |     0원 → 76,100원
H159 | bet   2,000원 PLAYER | P:Q♠ 10♥ J♦=0  B:K♥ K♣ 5♣=5  BANKER(L)  | -2,000원 → 74,100원
H160 | bet   4,000원 PLAYER | P:3♣ Q♦ 9♦=2  B:9♣ 2♦ J♦=1  PLAYER(W)  | +4,000원 → 78,100원  [end_win]
H161 | bet   1,000원 BANKER | P:10♠ 3♦ 7♠=0  B:3♠ A♦ J♣=4  BANKER(W)  | +950원 → 79,050원
H162 | bet   1,000원 BANKER | P:6♦ 9♦ K♠=5  B:A♠ 6♠=7  BANKER(W)  | +950원 → 80,000원
H163 | bet   1,000원 BANKER | P:10♥ 9♥=9  B:10♠ 6♠=6  PLAYER(L)  | -1,000원 → 79,000원  [start]
H164 | bet   2,000원 PLAYER | P:10♦ 8♠=8  B:8♠ Q♥=8  TIE(T)  |     0원 → 79,000원
H165 | bet   2,000원 PLAYER | P:10♠ J♣ 7♣=7  B:10♣ 7♥=7  TIE(T)  |     0원 → 79,000원
H166 | bet   2,000원 PLAYER | P:5♥ 8♣ 4♣=7  B:J♠ 5♠ 8♦=3  PLAYER(W)  | +2,000원 → 81,000원  [end_win]
H167 | bet   1,000원 BANKER | P:5♥ K♠ 6♠=1  B:5♥ 10♦ A♦=6  BANKER(W)  | +950원 → 81,950원
H168 | bet   1,000원 BANKER | P:J♥ 9♣=9  B:Q♠ 9♠=9  TIE(T)  |     0원 → 81,950원
H169 | bet   1,000원 BANKER | P:4♣ 8♣ 8♠=0  B:7♦ 7♠=4  BANKER(W)  | +950원 → 82,900원
H170 | bet   1,000원 BANKER | P:2♠ J♦ 4♥=6  B:Q♦ 7♥=7  BANKER(W)  | +950원 → 83,850원
H171 | bet   1,000원 BANKER | P:6♠ 7♣=3  B:7♦ 2♦=9  BANKER(W)  | +950원 → 84,800원
H172 | bet   1,000원 BANKER | P:7♣ 5♠ 6♦=8  B:7♥ Q♠=7  PLAYER(L)  | -1,000원 → 83,800원  [start]
H173 | bet   2,000원 PLAYER | P:J♦ 3♦ 2♠=5  B:J♣ A♥ 9♠=0  PLAYER(W)  | +2,000원 → 85,800원  [end_win]
H174 | bet   1,000원 BANKER | P:J♣ 2♥ 10♣=2  B:10♠ K♥ Q♥=0  PLAYER(L)  | -1,000원 → 84,800원  [start]
H175 | bet   2,000원 PLAYER | P:5♦ J♣ 6♠=1  B:10♠ J♦ 4♠=4  BANKER(L)  | -2,000원 → 82,800원
H176 | bet   4,000원 PLAYER | P:A♣ 8♣=9  B:A♠ A♥=2  PLAYER(W)  | +4,000원 → 86,800원  [end_win]
H177 | bet   1,000원 BANKER | P:A♠ Q♣ A♦=2  B:A♣ J♦ 9♣=0  PLAYER(L)  | -1,000원 → 85,800원  [start]
H178 | bet   2,000원 PLAYER | P:9♥ 9♠=8  B:6♣ 4♣=0  PLAYER(W)  | +2,000원 → 87,800원  [end_win]
H179 | bet   1,000원 BANKER | P:2♥ K♠ 4♥=6  B:3♣ 10♣ K♣=3  PLAYER(L)  | -1,000원 → 86,800원  [start]
H180 | bet   2,000원 PLAYER | P:3♠ 4♦=7  B:10♥ 9♥=9  BANKER(L)  | -2,000원 → 84,800원
H181 | bet   4,000원 PLAYER | P:J♠ Q♣ A♦=1  B:8♥ 3♥ Q♣=1  TIE(T)  |     0원 → 84,800원
H182 | bet   4,000원 PLAYER | P:A♣ 7♦=8  B:6♥ 4♦=0  PLAYER(W)  | +4,000원 → 88,800원  [end_win]
H183 | bet   1,000원 BANKER | P:4♥ 5♦=9  B:A♥ 10♦=1  PLAYER(L)  | -1,000원 → 87,800원  [start]
H184 | bet   2,000원 PLAYER | P:8♣ 10♣=8  B:5♦ 9♦=4  PLAYER(W)  | +2,000원 → 89,800원  [end_win]
H185 | bet   1,000원 BANKER | P:6♦ 2♣=8  B:9♥ 4♦=3  PLAYER(L)  | -1,000원 → 88,800원  [start]
H186 | bet   2,000원 PLAYER | P:A♥ 2♦ 4♦=7  B:4♠ K♠ K♥=4  PLAYER(W)  | +2,000원 → 90,800원  [end_win]
H187 | bet   1,000원 BANKER | P:6♦ K♠=6  B:2♣ 7♣=9  BANKER(W)  | +950원 → 91,750원
H188 | bet   1,000원 BANKER | P:8♦ 5♦ 3♦=6  B:10♣ 7♠=7  BANKER(W)  | +950원 → 92,700원
H189 | bet   1,000원 BANKER | P:J♥ K♠ A♣=1  B:3♣ K♦ K♥=3  BANKER(W)  | +950원 → 93,650원
H190 | bet   1,000원 BANKER | P:2♠ J♥ 2♣=4  B:2♦ Q♦ 6♦=8  BANKER(W)  | +950원 → 94,600원
H191 | bet   1,000원 BANKER | P:K♣ 9♥=9  B:10♠ K♦=0  PLAYER(L)  | -1,000원 → 93,600원  [start]
H192 | bet   2,000원 PLAYER | P:5♠ Q♠ 5♠=0  B:4♥ 6♥ 5♦=5  BANKER(L)  | -2,000원 → 91,600원
H193 | bet   4,000원 PLAYER | P:8♥ 9♦=7  B:10♥ 5♣ K♣=5  PLAYER(W)  | +4,000원 → 95,600원  [end_win]
H194 | bet   1,000원 BANKER | P:A♠ 7♣=8  B:8♣ 7♦=5  PLAYER(L)  | -1,000원 → 94,600원  [start]
H195 | bet   2,000원 PLAYER | P:K♥ 5♥ 8♦=3  B:Q♥ K♣ 10♥=0  PLAYER(W)  | +2,000원 → 96,600원  [end_win]
H196 | bet   1,000원 BANKER | P:4♠ A♣ 6♠=1  B:7♥ K♣=7  BANKER(W)  | +950원 → 97,550원
H197 | bet   1,000원 BANKER | P:6♥ 4♣ 4♠=4  B:10♣ 10♠ K♥=0  PLAYER(L)  | -1,000원 → 96,550원  [start]
H198 | bet   2,000원 PLAYER | P:A♠ 2♠ K♦=3  B:6♣ J♦=6  BANKER(L)  | -2,000원 → 94,550원
H199 | bet   4,000원 PLAYER | P:J♦ 8♣=8  B:5♠ 4♦=9  BANKER(L)  | -4,000원 → 90,550원
H200 | bet   8,000원 PLAYER | P:4♣ 6♦=0  B:5♣ 3♥=8  BANKER(L)  | -8,000원 → 82,550원
H201 | bet  16,000원 PLAYER | P:6♠ Q♦=6  B:K♣ 3♥ 9♦=2  PLAYER(W)  | +16,000원 → 98,550원  [end_win]
H202 | bet   1,000원 BANKER | P:4♠ 8♠ 3♠=5  B:Q♠ 3♥ 9♦=2  PLAYER(L)  | -1,000원 → 97,550원  [start]
H203 | bet   2,000원 PLAYER | P:10♠ K♠ 7♣=7  B:Q♥ 6♥ Q♥=6  PLAYER(W)  | +2,000원 → 99,550원  [end_win]
H204 | bet   1,000원 BANKER | P:8♣ A♠=9  B:7♠ A♥=8  PLAYER(L)  | -1,000원 → 98,550원  [start]
H205 | bet   2,000원 PLAYER | P:5♠ 10♣ 8♥=3  B:2♦ Q♠ 2♦=4  BANKER(L)  | -2,000원 → 96,550원
H206 | bet   4,000원 PLAYER | P:8♥ 10♥=8  B:6♣ 6♣=2  PLAYER(W)  | +4,000원 → 100,550원  [end_win]
H207 | bet   1,000원 BANKER | P:5♣ 8♣ 9♥=2  B:3♣ 3♠=6  BANKER(W)  | +950원 → 101,500원
H208 | bet   1,000원 BANKER | P:8♦ Q♦=8  B:J♠ 6♥=6  PLAYER(L)  | -1,000원 → 100,500원  [start]
H209 | bet   2,000원 PLAYER | P:K♦ 7♦=7  B:8♦ Q♥=8  BANKER(L)  | -2,000원 → 98,500원
H210 | bet   4,000원 PLAYER | P:Q♦ 9♣=9  B:8♥ 9♣=7  PLAYER(W)  | +4,000원 → 102,500원  [end_win]
H211 | bet   1,000원 BANKER | P:8♥ 9♦=7  B:Q♥ 2♥ K♦=2  PLAYER(L)  | -1,000원 → 101,500원  [start]
H212 | bet   2,000원 PLAYER | P:2♥ Q♥ 9♥=1  B:J♣ 2♣ A♠=3  BANKER(L)  | -2,000원 → 99,500원
H213 | bet   4,000원 PLAYER | P:5♣ 5♥ 2♦=2  B:3♣ 9♣ 6♥=8  BANKER(L)  | -4,000원 → 95,500원
H214 | bet   8,000원 PLAYER | P:J♥ Q♣=0  B:5♣ 3♠=8  BANKER(L)  | -8,000원 → 87,500원
H215 | bet  16,000원 PLAYER | P:9♦ 7♠=6  B:8♠ 4♠ 9♦=1  PLAYER(W)  | +16,000원 → 103,500원  [end_win]
H216 | bet   1,000원 BANKER | P:J♥ A♦ Q♠=1  B:3♥ 9♠ 2♥=4  BANKER(W)  | +950원 → 104,450원
H217 | bet   1,000원 BANKER | P:6♥ 10♦=6  B:6♥ K♦=6  TIE(T)  |     0원 → 104,450원
H218 | bet   1,000원 BANKER | P:5♥ 7♠=2  B:8♥ K♥=8  BANKER(W)  | +950원 → 105,400원
H219 | bet   1,000원 BANKER | P:2♥ 5♠=7  B:3♥ 7♣ Q♣=0  PLAYER(L)  | -1,000원 → 104,400원  [start]
H220 | bet   2,000원 PLAYER | P:6♦ 6♣=2  B:9♥ J♦=9  BANKER(L)  | -2,000원 → 102,400원
H221 | bet   4,000원 PLAYER | P:10♦ 4♣ 4♥=8  B:4♦ 3♦=7  PLAYER(W)  | +4,000원 → 106,400원  [end_win]
H222 | bet   1,000원 BANKER | P:3♥ 10♥ 3♠=6  B:2♠ 8♦ 2♠=2  PLAYER(L)  | -1,000원 → 105,400원  [start]
H223 | bet   2,000원 PLAYER | P:5♥ 6♠ Q♦=1  B:4♥ 2♦=6  BANKER(L)  | -2,000원 → 103,400원
H224 | bet   4,000원 PLAYER | P:7♠ 8♦ J♠=5  B:2♣ 8♦ 8♥=8  BANKER(L)  | -4,000원 → 99,400원
H225 | bet   8,000원 PLAYER | P:9♦ 9♣=8  B:6♣ 4♠=0  PLAYER(W)  | +8,000원 → 107,400원  [end_win]
H226 | bet   1,000원 BANKER | P:5♣ 4♣=9  B:7♣ J♠=7  PLAYER(L)  | -1,000원 → 106,400원  [start]
H227 | bet   2,000원 PLAYER | P:2♠ 2♦=4  B:9♥ J♠=9  BANKER(L)  | -2,000원 → 104,400원
H228 | bet   4,000원 PLAYER | P:10♥ 6♣=6  B:Q♠ 3♥ 3♠=6  TIE(T)  |     0원 → 104,400원
H229 | bet   4,000원 PLAYER | P:5♣ J♣ K♣=5  B:A♠ A♥ 3♣=5  TIE(T)  |     0원 → 104,400원
H230 | bet   4,000원 PLAYER | P:10♦ 6♦=6  B:A♦ 7♥=8  BANKER(L)  | -4,000원 → 100,400원
H231 | bet   8,000원 PLAYER | P:2♣ Q♣ 9♠=1  B:4♦ A♣=5  BANKER(L)  | -8,000원 → 92,400원
H232 | bet  16,000원 PLAYER | P:6♣ 9♠=5  B:4♠ 4♥=8  BANKER(L)  | -16,000원 → 76,400원  [end_giveup]
H233 | bet   1,000원 BANKER | P:7♥ 7♦ J♣=4  B:10♠ K♠ J♦=0  PLAYER(L)  | -1,000원 → 75,400원  [start]
H234 | bet   2,000원 PLAYER | P:3♣ 7♥ 3♣=3  B:3♠ 7♠ 2♣=2  PLAYER(W)  | +2,000원 → 77,400원  [end_win]
H235 | bet   1,000원 BANKER | P:5♦ J♥ 10♥=5  B:Q♣ 7♠=7  BANKER(W)  | +950원 → 78,350원
H236 | bet   1,000원 BANKER | P:7♦ A♥=8  B:10♦ A♣=1  PLAYER(L)  | -1,000원 → 77,350원  [start]
H237 | bet   2,000원 PLAYER | P:J♠ 6♠=6  B:6♠ A♦=7  BANKER(L)  | -2,000원 → 75,350원
H238 | bet   4,000원 PLAYER | P:5♦ 4♣=9  B:2♥ A♦=3  PLAYER(W)  | +4,000원 → 79,350원  [end_win]
H239 | bet   1,000원 BANKER | P:3♦ 3♦=6  B:A♣ Q♣ 2♣=3  PLAYER(L)  | -1,000원 → 78,350원  [start]
H240 | bet   2,000원 PLAYER | P:3♦ J♥ K♥=3  B:K♠ 3♠ Q♦=3  TIE(T)  |     0원 → 78,350원
H241 | bet   2,000원 PLAYER | P:K♣ Q♦ 3♦=3  B:7♦ 5♦ 6♦=8  BANKER(L)  | -2,000원 → 76,350원
H242 | bet   4,000원 PLAYER | P:Q♠ K♦ 10♣=0  B:K♥ J♠ 10♦=0  TIE(T)  |     0원 → 76,350원
H243 | bet   4,000원 PLAYER | P:3♦ 4♦=7  B:9♠ J♥=9  BANKER(L)  | -4,000원 → 72,350원
H244 | bet   8,000원 PLAYER | P:8♠ 4♥ 8♠=0  B:A♦ 9♣ A♠=1  BANKER(L)  | -8,000원 → 64,350원
H245 | bet  16,000원 PLAYER | P:5♣ 7♥ 2♠=4  B:5♠ 2♥=7  BANKER(L)  | -16,000원 → 48,350원  [end_giveup]

Result: RUIN (capital_depleted)
Final: 48,350원  Hands: 245  Bets: 221  Wagered: 591,000원  Max losing streak: 8
