=== Session 7 ===
Seed: 4291835990902352011
Initial: 100,000원  Target: 500,000원  Ruin: 50,000원  Table-max: 100,000원
Strategy: martingale (pivot, steps=4)
Base bet: 1,000원  Primary side: BANKER

H001 | bet   1,000원 BANKER | P:7♠ 4♣ 5♣=6  B:6♠ A♣=7  BANKER(W)  | +950원 → 100,950원
H002 | bet   1,000원 BANKER | P:3♠ 8♣ 8♣=9  B:2♠ J♥ K♣=2  PLAYER(L)  | -1,000원 → 99,950원  [start]
H003 | bet   2,000원 PLAYER | P:K♠ 6♠=6  B:10♣ 7♦=7  BANKER(L)  | -2,000원 → 97,950원
H004 | bet   4,000원 PLAYER | P:2♠ 7♠=9  B:6♠ Q♠=6  PLAYER(W)  | +4,000원 → 101,950원  [end_win]
H005 | bet   1,000원 BANKER | P:8♠ 3♦ 3♣=4  B:4♠ Q♥ 3♠=7  BANKER(W)  | +950원 → 102,900원
H006 | bet   1,000원 BANKER | P:8♣ 7♦ 5♦=0  B:9♣ 5♦ A♥=5  BANKER(W)  | +950원 → 103,850원
H007 | bet   1,000원 BANKER | P:8♣ 5♠ 5♦=8  B:10♥ 3♣ A♥=4  PLAYER(L)  | -1,000원 → 102,850원  [start]
H008 | bet   2,000원 PLAYER | P:4♣ 2♠=6  B:A♠ Q♣ 5♣=6  TIE(T)  |     0원 → 102,850원
H009 | bet   2,000원 PLAYER | P:3♦ Q♦ 8♠=1  B:K♠ J♦ 3♠=3  BANKER(L)  | -2,000원 → 100,850원
H010 | bet   4,000원 PLAYER | P:8♦ 4♣ A♦=3  B:6♦ 9♣=5  BANKER(L)  | -4,000원 → 96,850원
H011 | bet   8,000원 PLAYER | P:J♠ 4♥=4  B:6♣ 3♥=9  BANKER(L)  | -8,000원 → 88,850원
H012 | bet  16,000원 PLAYER | P:J♣ 5♣ 2♦=7  B:10♠ 3♠ A♥=4  PLAYER(W)  | +16,000원 → 104,850원  [end_win]
H013 | bet   1,000원 BANKER | P:9♣ J♣=9  B:8♦ 10♠=8  PLAYER(L)  | -1,000원 → 103,850원  [start]
H014 | bet   2,000원 PLAYER | P:3♥ 4♠=7  B:Q♥ 5♣ 9♠=4  PLAYER(W)  | +2,000원 → 105,850원  [end_win]
H015 | bet   1,000원 BANKER | P:5♥ 3♥=8  B:3♦ 9♣=2  PLAYER(L)  | -1,000원 → 104,850원  [start]
H016 | bet   2,000원 PLAYER | P:K♣ 9♠=9  B:10♠ 10♦=0  PLAYER(W)  | +2,000원 → 106,850원  [end_win]
H017 | bet   1,000원 BANKER | P:J♥ 4♣ 2♠=6  B:10♠ Q♣ K♥=0  PLAYER(L)  | -1,000원 → 105,850원  [start]
H018 | bet   2,000원 PLAYER | P:3♥ 6♥=9  B:8♣ 6♥=4  PLAYER(W)  | +2,000원 → 107,850원  [end_win]
H019 | bet   1,000원 BANKER | P:A♣ K♠ K♦=1  B:4♦ 9♠ Q♠=3  BANKER(W)  | +950원 → 108,800원
H020 | bet   1,000원 BANKER | P:A♠ A♦=2  B:5♥ 3♥=8  BANKER(W)  | +950원 → 109,750원
H021 | bet   1,000원 BANKER | P:K♥ 4♣ 7♣=1  B:J♦ K♥ A♦=1  TIE(T)  |     0원 → 109,750원
H022 | bet   1,000원 BANKER | P:J♥ 3♥ 10♣=3  B:5♥ 2♥=7  BANKER(W)  | +950원 → 110,700원
H023 | bet   1,000원 BANKER | P:4♦ A♥ 3♠=8  B:9♠ 2♣ 9♦=0  PLAYER(L)  | -1,000원 → 109,700원  [start]
H024 | bet   2,000원 PLAYER | P:A♣ 3♣ 2♦=6  B:8♦ 6♥ J♦=4  PLAYER(W)  | +2,000원 → 111,700원  [end_win]
H025 | bet   1,000원 BANKER | P:A♠ 6♦=7  B:4♦ 4♥=8  BANKER(W)  | +950원 → 112,650원
H026 | bet   1,000원 BANKER | P:5♣ 7♦ K♥=2  B:10♣ A♠ A♦=2  TIE(T)  |     0원 → 112,650원
H027 | bet   1,000원 BANKER | P:4♥ 5♥=9  B:7♣ 4♦=1  PLAYER(L)  | -1,000원 → 111,650원  [start]
H028 | bet   2,000원 PLAYER | P:6♣ A♠=7  B:8♥ 2♣ A♦=1  PLAYER(W)  | +2,000원 → 113,650원  [end_win]
H029 | bet   1,000원 BANKER | P:3♦ 4♠=7  B:10♠ 9♥=9  BANKER(W)  | +950원 → 114,600원
H030 | bet   1,000원 BANKER | P:5♣ 2♣=7  B:8♠ 7♣ 5♣=0  PLAYER(L)  | -1,000원 → 113,600원  [start]
H031 | bet   2,000원 PLAYER | P:J♣ 2♦ 2♦=4  B:A♥ 10♦ 4♣=5  BANKER(L)  | -2,000원 → 111,600원
H032 | bet   4,000원 PLAYER | P:6♦ 6♦=2  B:8♠ Q♣=8  BANKER(L)  | -4,000원 → 107,600원
H033 | bet   8,000원 PLAYER | P:J♦ 7♥=7  B:5♦ 7♥ 5♥=7  TIE(T)  |     0원 → 107,600원
H034 | bet   8,000원 PLAYER | P:5♦ 2♦=7  B:K♣ 8♥=8  BANKER(L)  | -8,000원 → 99,600원
H035 | bet  16,000원 PLAYER | P:Q♦ 6♠=6  B:5♠ Q♣ K♣=5  PLAYER(W)  | +16,000원 → 115,600원  [end_win]
H036 | bet   1,000원 BANKER | P:4♠ 9♦ J♠=3  B:Q♣ A♣ A♥=2  PLAYER(L)  | -1,000원 → 114,600원  [start]
H037 | bet   2,000원 PLAYER | P:7♦ 10♠=7  B:8♠ Q♠=8  BANKER(L)  | -2,000원 → 112,600원
H038 | bet   4,000원 PLAYER | P:K♣ 10♥ 7♦=7  B:2♥ K♥ K♠=2  PLAYER(W)  | +4,000원 → 116,600원  [end_win]
H039 | bet   1,000원 BANKER | P:5♦ 7♠ 2♥=4  B:J♣ Q♠ 9♥=9  BANKER(W)  | +950원 → 117,550원
H040 | bet   1,000원 BANKER | P:4♣ 2♦=6  B:6♦ 10♥=6  TIE(T)  |     0원 → 117,550원
H041 | bet   1,000원 BANKER | P:9♦ 3♠ 7♥=9  B:3♦ 9♥ 5♠=7  PLAYER(L)  | -1,000원 → 116,550원  [start]
H042 | bet   2,000원 PLAYER | P:4♦ 10♦ J♥=4  B:K♥ 3♥ 10♣=3  PLAYER(W)  | +2,000원 → 118,550원  [end_win]
H043 | bet   1,000원 BANKER | P:9♥ A♠ 8♥=8  B:Q♠ 10♠ J♣=0  PLAYER(L)  | -1,000원 → 117,550원  [start]
H044 | bet   2,000원 PLAYER | P:9♥ 6♥ 2♥=7  B:10♦ K♦ 5♥=5  PLAYER(W)  | +2,000원 → 119,550원  [end_win]
H045 | bet   1,000원 BANKER | P:2♥ A♣ 3♦=6  B:7♠ 9♥=6  TIE(T)  |     0원 → 119,550원
H046 | bet   1,000원 BANKER | P:7♥ 2♥=9  B:7♠ K♦=7  PLAYER(L)  | -1,000원 → 118,550원  [start]
H047 | bet   2,000원 PLAYER | P:4♦ 9♦ A♠=4  B:K♦ 10♥ K♣=0  PLAYER(W)  | +2,000원 → 120,550원  [end_win]
H048 | bet   1,000원 BANKER | P:4♦ 6♣ K♣=0  B:6♣ K♠=6  BANKER(W)  | +950원 → 121,500원
H049 | bet   1,000원 BANKER | P:3♣ 2♣ 9♣=4  B:7♦ 9♠=6  BANKER(W)  | +950원 → 122,450원
H050 | bet   1,000원 BANKER | P:J♣ 10♥ 2♠=2  B:10♣ A♥ Q♠=1  PLAYER(L)  | -1,000원 → 121,450원  [start]
H051 | bet   2,000원 PLAYER | P:8♦ 6♥ 6♦=0  B:Q♣ 7♣=7  BANKER(L)  | -2,000원 → 119,450원
H052 | bet   4,000원 PLAYER | P:7♣ 2♣=9  B:3♦ 6♠=9  TIE(T)  |     0원 → 119,450원
H053 | bet   4,000원 PLAYER | P:4♠ 6♠ 5♣=5  B:8♣ 2♥ 8♦=8  BANKER(L)  | -4,000원 → 115,450원
H054 | bet   8,000원 PLAYER | P:A♣ 7♠=8  B:3♣ 9♣=2  PLAYER(W)  | +8,000원 → 123,450원  [end_win]
H055 | bet   1,000원 BANKER | P:Q♥ 10♥ 4♥=4  B:7♥ 8♥ 8♦=3  PLAYER(L)  | -1,000원 → 122,450원  [start]
H056 | bet   2,000원 PLAYER | P:8♦ 5♦=3  B:9♥ 10♦=9  BANKER(L)  | -2,000원 → 120,450원
H057 | bet   4,000원 PLAYER | P:2♦ Q♦ 7♥=9  B:J♦ K♦ 10♥=0  PLAYER(W)  | +4,000원 → 124,450원  [end_win]
H058 | bet   1,000원 BANKER | P:J♣ 6♣=6  B:J♠ 7♦=7  BANKER(W)  | +950원 → 125,400원
H059 | bet   1,000원 BANKER | P:J♣ 4♠ A♣=5  B:4♦ 2♦=6  BANKER(W)  | +950원 → 126,350원
H060 | bet   1,000원 BANKER | P:4♥ 6♦ A♦=1  B:K♠ 5♠=5  BANKER(W)  | +950원 → 127,300원
H061 | bet   1,000원 BANKER | P:10♦ A♥ 10♠=1  B:3♦ 9♥ Q♦=2  BANKER(W)  | +950원 → 128,250원
H062 | bet   1,000원 BANKER | P:J♥ 7♣=7  B:Q♦ 6♦=6  PLAYER(L)  | -1,000원 → 127,250원  [start]
H063 | bet   2,000원 PLAYER | P:K♠ 6♠=6  B:10♦ A♠ 9♦=0  PLAYER(W)  | +2,000원 → 129,250원  [end_win]
H064 | bet   1,000원 BANKER | P:Q♣ J♠ 7♥=7  B:5♠ 2♠=7  TIE(T)  |     0원 → 129,250원
H065 | bet   1,000원 BANKER | P:8♥ J♥=8  B:8♠ K♦=8  TIE(T)  |     0원 → 129,250원
H066 | bet   1,000원 BANKER | P:4♠ K♥ 8♠=2  B:Q♦ 5♥=5  BANKER(W)  | +950원 → 130,200원
H067 | bet   1,000원 BANKER | P:9♦ 3♣ 2♠=4  B:9♦ 6♥=5  BANKER(W)  | +950원 → 131,150원
H068 | bet   1,000원 BANKER | P:7♣ 10♣=7  B:8♠ 9♦=7  TIE(T)  |     0원 → 131,150원
H069 | bet   1,000원 BANKER | P:3♠ J♦=3  B:Q♣ 9♣=9  BANKER(W)  | +950원 → 132,100원
H070 | bet   1,000원 BANKER | P:Q♥ Q♦ 7♣=7  B:9♣ 4♥ J♠=3  PLAYER(L)  | -1,000원 → 131,100원  [start]
H071 | bet   2,000원 PLAYER | P:8♥ 7♠ 9♠=4  B:6♥ J♦=6  BANKER(L)  | -2,000원 → 129,100원
H072 | bet   4,000원 PLAYER | P:3♣ A♣ 6♠=0  B:7♦ Q♥=7  BANKER(L)  | -4,000원 → 125,100원
H073 | bet   8,000원 PLAYER | P:4♥ K♥ 6♣=0  B:4♠ 3♣=7  BANKER(L)  | -8,000원 → 117,100원
H074 | bet  16,000원 PLAYER | P:5♥ K♠ K♣=5  B:4♥ 7♠ 5♠=6  BANKER(L)  | -16,000원 → 101,100원  [end_giveup]
H075 | bet   1,000원 BANKER | P:6♥ Q♥=6  B:J♠ Q♥ 2♣=2  PLAYER(L)  | -1,000원 → 100,100원  [start]
H076 | bet   2,000원 PLAYER | P:Q♠ J♥ 8♥=8  B:2♥ 9♠ 8♣=9  BANKER(L)  | -2,000원 → 98,100원
H077 | bet   4,000원 PLAYER | P:7♥ 9♠=6  B:K♦ A♦ 2♠=3  PLAYER(W)  | +4,000원 → 102,100원  [end_win]
H078 | bet   1,000원 BANKER | P:Q♦ 5♠ K♦=5  B:8♣ 6♣=4  PLAYER(L)  | -1,000원 → 101,100원  [start]
H079 | bet   2,000원 PLAYER | P:2♣ J♥=2  B:8♥ 10♣=8  BANKER(L)  | -2,000원 → 99,100원
H080 | bet   4,000원 PLAYER | P:5♠ 10♥ 3♠=8  B:J♦ 10♣ 6♣=6  PLAYER(W)  | +4,000원 → 103,100원  [end_win]
H081 | bet   1,000원 BANKER | P:7♠ 8♠=5  B:2♥ 7♠=9  BANKER(W)  | +950원 → 104,050원
H082 | bet   1,000원 BANKER | P:K♥ 9♣=9  B:J♣ Q♣=0  PLAYER(L)  | -1,000원 → 103,050원  [start]
H083 | bet   2,000원 PLAYER | P:J♠ A♦ 3♠=4  B:4♥ K♥ K♣=4  TIE(T)  |     0원 → 103,050원
H084 | bet   2,000원 PLAYER | P:2♣ 3♣=5  B:2♦ 6♠=8  BANKER(L)  | -2,000원 → 101,050원
H085 | bet   4,000원 PLAYER | P:Q♦ A♥ J♠=1  B:9♦ 8♥=7  BANKER(L)  | -4,000원 → 97,050원
H086 | bet   8,000원 PLAYER | P:5♠ 9♦=4  B:7♣ A♦=8  BANKER(L)  | -8,000원 → 89,050원
H087 | bet  16,000원 PLAYER | P:6♦ 2♥=8  B:7♣ 8♥=5  PLAYER(W)  | +16,000원 → 105,050원  [end_win]
H088 | bet   1,000원 BANKER | P:4♣ A♥ Q♠=5  B:10♦ J♥ 7♠=7  BANKER(W)  | +950원 → 106,000원
H089 | bet   1,000원 BANKER | P:10♣ 3♦ 2♥=5  B:J♠ 5♠=5  TIE(T)  |     0원 → 106,000원
H090 | bet   1,000원 BANKER | P:9♠ A♦ Q♦=0  B:10♣ Q♠ 9♠=9  BANKER(W)  | +950원 → 106,950원
H091 | bet   1,000원 BANKER | P:5♥ 6♦ Q♠=1  B:A♥ 5♣=6  BANKER(W)  | +950원 → 107,900원
H092 | bet   1,000원 BANKER | P:8♦ 5♦ 2♣=5  B:4♠ 10♣ 5♥=9  BANKER(W)  | +950원 → 108,850원
H093 | bet   1,000원 BANKER | P:10♥ 10♠ 10♣=0  B:6♠ K♥=6  BANKER(W)  | +950원 → 109,800원
H094 | bet   1,000원 BANKER | P:5♠ K♦ A♣=6  B:A♣ 2♠ 3♣=6  TIE(T)  |     0원 → 109,800원
H095 | bet   1,000원 BANKER | P:6♠ 9♣=5  B:8♥ J♣=8  BANKER(W)  | +950원 → 110,750원
H096 | bet   1,000원 BANKER | P:10♦ 5♥ A♠=6  B:2♦ 10♠ J♠=2  PLAYER(L)  | -1,000원 → 109,750원  [start]
H097 | bet   2,000원 PLAYER | P:J♥ 6♥=6  B:7♣ K♣=7  BANKER(L)  | -2,000원 → 107,750원
H098 | bet   4,000원 PLAYER | P:6♠ 6♥ 7♣=9  B:4♠ 6♣ 6♣=6  PLAYER(W)  | +4,000원 → 111,750원  [end_win]
H099 | bet   1,000원 BANKER | P:3♥ K♣ A♠=4  B:Q♦ 6♣=6  BANKER(W)  | +950원 → 112,700원
H100 | bet   1,000원 BANKER | P:3♦ 8♥ A♠=2  B:5♦ 10♦=5  BANKER(W)  | +950원 → 113,650원
H101 | bet   1,000원 BANKER | P:K♦ 8♣=8  B:A♥ 9♠=0  PLAYER(L)  | -1,000원 → 112,650원  [start]
H102 | bet   2,000원 PLAYER | P:6♦ 6♥ 7♦=9  B:4♥ 7♠ 6♥=7  PLAYER(W)  | +2,000원 → 114,650원  [end_win]
H103 | bet   1,000원 BANKER | P:2♥ 7♦=9  B:8♣ Q♥=8  PLAYER(L)  | -1,000원 → 113,650원  [start]
H104 | bet   2,000원 PLAYER | P:K♦ 8♥=8  B:7♥ 7♣=4  PLAYER(W)  | +2,000원 → 115,650원  [end_win]
H105 | bet   1,000원 BANKER | P:9♥ A♠ 3♥=3  B:5♠ 8♣ 4♦=7  BANKER(W)  | +950원 → 116,600원
H106 | bet   1,000원 BANKER | P:2♦ J♥ 9♦=1  B:J♠ 6♠=6  BANKER(W)  | +950원 → 117,550원
H107 | bet   1,000원 BANKER | P:3♠ 7♦ J♠=0  B:J♣ Q♦ 3♦=3  BANKER(W)  | +950원 → 118,500원
H108 | bet   1,000원 BANKER | P:9♣ Q♥=9  B:9♠ 3♠=2  PLAYER(L)  | -1,000원 → 117,500원  [start]
H109 | bet   2,000원 PLAYER | P:K♠ J♦ 5♣=5  B:8♦ 3♠ A♦=2  PLAYER(W)  | +2,000원 → 119,500원  [end_win]
H110 | bet   1,000원 BANKER | P:7♣ 10♥=7  B:5♥ Q♦ 10♠=5  PLAYER(L)  | -1,000원 → 118,500원  [start]
H111 | bet   2,000원 PLAYER | P:5♠ Q♣ J♣=5  B:Q♣ A♣ Q♣=1  PLAYER(W)  | +2,000원 → 120,500원  [end_win]
H112 | bet   1,000원 BANKER | P:5♦ K♦ 2♠=7  B:J♥ 7♠=7  TIE(T)  |     0원 → 120,500원
H113 | bet   1,000원 BANKER | P:J♥ 4♥ 7♦=1  B:7♥ 3♠ 8♣=8  BANKER(W)  | +950원 → 121,450원
H114 | bet   1,000원 BANKER | P:9♥ 6♦ 8♠=3  B:10♠ K♠ J♠=0  PLAYER(L)  | -1,000원 → 120,450원  [start]
H115 | bet   2,000원 PLAYER | P:4♥ 8♥ 6♥=8  B:K♣ 2♥ 6♣=8  TIE(T)  |     0원 → 120,450원
H116 | bet   2,000원 PLAYER | P:8♠ 3♥ 7♥=8  B:Q♥ A♠ 3♦=4  PLAYER(W)  | +2,000원 → 122,450원  [end_win]
H117 | bet   1,000원 BANKER | P:5♠ 5♥ K♣=0  B:J♦ 2♣ 7♣=9  BANKER(W)  | +950원 → 123,400원
H118 | bet   1,000원 BANKER | P:J♦ 3♣ Q♥=3  B:Q♥ 7♦=7  BANKER(W)  | +950원 → 124,350원
H119 | bet   1,000원 BANKER | P:Q♠ 9♠=9  B:2♠ 8♠=0  PLAYER(L)  | -1,000원 → 123,350원  [start]
H120 | bet   2,000원 PLAYER | P:7♠ 5♥ 2♥=4  B:9♦ 8♦=7  BANKER(L)  | -2,000원 → 121,350원
H121 | bet   4,000원 PLAYER | P:10♦ Q♥ 8♠=8  B:3♦ A♣=4  PLAYER(W)  | +4,000원 → 125,350원  [end_win]
H122 | bet   1,000원 BANKER | P:2♠ Q♠ 2♦=4  B:3♦ Q♣ 3♠=6  BANKER(W)  | +950원 → 126,300원
H123 | bet   1,000원 BANKER | P:5♦ 3♦=8  B:4♠ A♣=5  PLAYER(L)  | -1,000원 → 125,300원  [start]
H124 | bet   2,000원 PLAYER | P:2♣ 3♥ 2♥=7  B:Q♥ 4♥ 9♠=3  PLAYER(W)  | +2,000원 → 127,300원  [end_win]
H125 | bet   1,000원 BANKER | P:7♦ 6♥ 10♥=3  B:10♦ 3♣ 9♥=2  PLAYER(L)  | -1,000원 → 126,300원  [start]
H126 | bet   2,000원 PLAYER | P:J♦ K♣ 4♦=4  B:10♦ 4♦ A♣=5  BANKER(L)  | -2,000원 → 124,300원
H127 | bet   4,000원 PLAYER | P:6♣ A♦=7  B:4♣ A♦ 10♠=5  PLAYER(W)  | +4,000원 → 128,300원  [end_win]
H128 | bet   1,000원 BANKER | P:7♥ K♣=7  B:4♥ 8♦ K♠=2  PLAYER(L)  | -1,000원 → 127,300원  [start]
H129 | bet   2,000원 PLAYER | P:3♥ 9♣ K♥=2  B:5♣ 10♥=5  BANKER(L)  | -2,000원 → 125,300원
H130 | bet   4,000원 PLAYER | P:7♣ K♠=7  B:K♠ K♠ K♥=0  PLAYER(W)  | +4,000원 → 129,300원  [end_win]
H131 | bet   1,000원 BANKER | P:4♠ 9♣ 6♣=9  B:4♠ A♥ 9♦=4  PLAYER(L)  | -1,000원 → 128,300원  [start]
H132 | bet   2,000원 PLAYER | P:A♥ A♥ Q♣=2  B:3♣ 8♣ 10♥=1  PLAYER(W)  | +2,000원 → 130,300원  [end_win]
H133 | bet   1,000원 BANKER | P:J♠ 8♣=8  B:4♦ 10♣=4  PLAYER(L)  | -1,000원 → 129,300원  [start]
H134 | bet   2,000원 PLAYER | P:10♠ Q♣ J♣=0  B:8♣ 4♣ A♦=3  BANKER(L)  | -2,000원 → 127,300원
H135 | bet   4,000원 PLAYER | P:8♠ 8♠=6  B:4♠ 2♠=6  TIE(T)  |     0원 → 127,300원
H136 | bet   4,000원 PLAYER | P:3♣ K♦ K♦=3  B:6♦ 8♣=4  BANKER(L)  | -4,000원 → 123,300원
H137 | bet   8,000원 PLAYER | P:7♥ 5♦ 10♥=2  B:2♣ 2♥=4  BANKER(L)  | -8,000원 → 115,300원
H138 | bet  16,000원 PLAYER | P:2♠ Q♦ 8♦=0  B:4♣ 3♣=7  BANKER(L)  | -16,000원 → 99,300원  [end_giveup]
H139 | bet   1,000원 BANKER | P:J♥ 8♥=8  B:7♥ 2♣=9  BANKER(W)  | +950원 → 100,250원
H140 | bet   1,000원 BANKER | P:4♣ 9♠=3  B:3♥ 5♣=8  BANKER(W)  | +950원 → 101,200원
H141 | bet   1,000원 BANKER | P:Q♦ A♣ Q♠=1  B:J♥ 2♠ 8♠=0  PLAYER(L)  | -1,000원 → 100,200원  [start]
H142 | bet   2,000원 PLAYER | P:6♠ 7♠ 8♦=1  B:3♠ 2♣=5  BANKER(L)  | -2,000원 → 98,200원
H143 | bet   4,000원 PLAYER | P:2♦ J♣ 10♣=2  B:5♣ 10♦=5  BANKER(L)  | -4,000원 → 94,200원
H144 | bet   8,000원 PLAYER | P:6♦ 4♣=0  B:6♠ 3♥=9  BANKER(L)  | -8,000원 → 86,200원
H145 | bet  16,000원 PLAYER | P:2♣ 9♣=1  B:9♥ 10♦=9  BANKER(L)  | -16,000원 → 70,200원  [end_giveup]
H146 | bet   1,000원 BANKER | P:2♦ A♦ J♦=3  B:9♥ 6♦=5  BANKER(W)  | +950원 → 71,150원
H147 | bet   1,000원 BANKER | P:3♠ K♠ J♥=3  B:7♥ 7♥=4  BANKER(W)  | +950원 → 72,100원
H148 | bet   1,000원 BANKER | P:J♣ 3♥ 4♠=7  B:10♥ 5♣ 4♦=9  BANKER(W)  | +950원 → 73,050원
H149 | bet   1,000원 BANKER | P:9♦ 5♥ 10♠=4  B:K♠ 10♣ 9♣=9  BANKER(W)  | +950원 → 74,000원
H150 | bet   1,000원 BANKER | P:A♣ A♠ K♥=2  B:Q♣ 5♠=5  BANKER(W)  | +950원 → 74,950원
H151 | bet   1,000원 BANKER | P:K♥ 5♣ J♣=5  B:Q♥ 4♣=4  PLAYER(L)  | -1,000원 → 73,950원  [start]
H152 | bet   2,000원 PLAYER | P:9♦ J♦=9  B:9♣ 6♦=5  PLAYER(W)  | +2,000원 → 75,950원  [end_win]
H153 | bet   1,000원 BANKER | P:10♥ 5♦=5  B:8♦ K♥=8  BANKER(W)  | +950원 → 76,900원
H154 | bet   1,000원 BANKER | P:K♦ 10♣ A♥=1  B:Q♦ K♦ 5♣=5  BANKER(W)  | +950원 → 77,850원
H155 | bet   1,000원 BANKER | P:10♠ J♦=0  B:9♥ Q♠=9  BANKER(W)  | +950원 → 78,800원
H156 | bet   1,000원 BANKER | P:6♠ 9♦ 9♠=4  B:6♥ A♠=7  BANKER(W)  | +950원 → 79,750원
H157 | bet   1,000원 BANKER | P:9♥ 6♣ 6♥=1  B:2♦ 4♦ J♦=6  BANKER(W)  | +950원 → 80,700원
H158 | bet   1,000원 BANKER | P:K♣ 7♠=7  B:4♠ 4♦=8  BANKER(W)  | +950원 → 81,650원
H159 | bet   1,000원 BANKER | P:5♥ 4♥=9  B:4♣ 7♦=1  PLAYER(L)  | -1,000원 → 80,650원  [start]
H160 | bet   2,000원 PLAYER | P:2♠ 9♥ 5♦=6  B:Q♠ 7♦=7  BANKER(L)  | -2,000원 → 78,650원
H161 | bet   4,000원 PLAYER | P:7♦ 10♣=7  B:K♦ 4♦ 6♦=0  PLAYER(W)  | +4,000원 → 82,650원  [end_win]
H162 | bet   1,000원 BANKER | P:2♥ 7♦=9  B:9♦ 3♣=2  PLAYER(L)  | -1,000원 → 81,650원  [start]
H163 | bet   2,000원 PLAYER | P:K♠ 3♦ 5♥=8  B:6♥ J♦=6  PLAYER(W)  | +2,000원 → 83,650원  [end_win]
H164 | bet   1,000원 BANKER | P:6♠ 10♣=6  B:10♠ 5♥ 3♣=8  BANKER(W)  | +950원 → 84,600원
H165 | bet   1,000원 BANKER | P:6♥ 9♥ 3♥=8  B:4♦ K♣ 2♠=6  PLAYER(L)  | -1,000원 → 83,600원  [start]
H166 | bet   2,000원 PLAYER | P:6♠ 7♠ 6♣=9  B:3♥ 2♠ 2♥=7  PLAYER(W)  | +2,000원 → 85,600원  [end_win]
H167 | bet   1,000원 BANKER | P:10♦ A♣ 3♣=4  B:5♥ 10♥=5  BANKER(W)  | +950원 → 86,550원
H168 | bet   1,000원 BANKER | P:2♦ 4♦=6  B:Q♠ 4♥ 5♣=9  BANKER(W)  | +950원 → 87,500원
H169 | bet   1,000원 BANKER | P:10♥ 9♣=9  B:2♦ 7♣=9  TIE(T)  |     0원 → 87,500원
H170 | bet   1,000원 BANKER | P:Q♥ J♠ 5♦=5  B:2♠ K♠ A♦=3  PLAYER(L)  | -1,000원 → 86,500원  [start]
H171 | bet   2,000원 PLAYER | P:7♥ 9♣=6  B:9♦ 3♣ 5♦=7  BANKER(L)  | -2,000원 → 84,500원
H172 | bet   4,000원 PLAYER | P:J♣ J♠ 2♣=2  B:A♦ 3♥ 3♦=7  BANKER(L)  | -4,000원 → 80,500원
H173 | bet   8,000원 PLAYER | P:7♠ 4♦ 6♦=7  B:J♦ 2♥ 4♥=6  PLAYER(W)  | +8,000원 → 88,500원  [end_win]
H174 | bet   1,000원 BANKER | P:K♣ 4♥ 3♦=7  B:8♦ 7♣=5  PLAYER(L)  | -1,000원 → 87,500원  [start]
H175 | bet   2,000원 PLAYER | P:7♥ K♦=7  B:A♣ Q♠ Q♠=1  PLAYER(W)  | +2,000원 → 89,500원  [end_win]
H176 | bet   1,000원 BANKER | P:J♠ 2♦ 7♦=9  B:3♦ Q♠ 8♥=1  PLAYER(L)  | -1,000원 → 88,500원  [start]
H177 | bet   2,000원 PLAYER | P:6♥ 6♥ 4♣=6  B:2♠ 8♣ 7♥=7  BANKER(L)  | -2,000원 → 86,500원
H178 | bet   4,000원 PLAYER | P:2♦ 4♥=6  B:Q♠ 5♠ 9♣=4  PLAYER(W)  | +4,000원 → 90,500원  [end_win]
H179 | bet   1,000원 BANKER | P:J♥ 3♥ 5♥=8  B:K♣ A♦ 9♦=0  PLAYER(L)  | -1,000원 → 89,500원  [start]
H180 | bet   2,000원 PLAYER | P:8♥ 10♠=8  B:K♣ 9♥=9  BANKER(L)  | -2,000원 → 87,500원
H181 | bet   4,000원 PLAYER | P:7♣ 5♦ J♥=2  B:3♠ 2♣=5  BANKER(L)  | -4,000원 → 83,500원
H182 | bet   8,000원 PLAYER | P:6♠ K♥=6  B:9♣ 9♣=8  BANKER(L)  | -8,000원 → 75,500원
H183 | bet  16,000원 PLAYER | P:9♦ 2♦=1  B:J♦ 8♠=8  BANKER(L)  | -16,000원 → 59,500원  [end_giveup]
H184 | bet   1,000원 BANKER | P:6♠ 10♣=6  B:9♥ 3♠ 8♣=0  PLAYER(L)  | -1,000원 → 58,500원  [start]
H185 | bet   2,000원 PLAYER | P:4♣ 6♥=0  B:Q♦ 9♦=9  BANKER(L)  | -2,000원 → 56,500원
H186 | bet   4,000원 PLAYER | P:5♠ 9♦ 10♠=4  B:10♦ 10♠ Q♠=0  PLAYER(W)  | +4,000원 → 60,500원  [end_win]
H187 | bet   1,000원 BANKER | P:2♠ 4♠=6  B:10♣ Q♣ 5♣=5  PLAYER(L)  | -1,000원 → 59,500원  [start]
H188 | bet   2,000원 PLAYER | P:K♥ 8♦=8  B:J♦ 2♠=2  PLAYER(W)  | +2,000원 → 61,500원  [end_win]
H189 | bet   1,000원 BANKER | P:6♣ 7♣=3  B:8♣ K♥=8  BANKER(W)  | +950원 → 62,450원
H190 | bet   1,000원 BANKER | P:3♦ 7♦ J♥=0  B:J♥ 4♣=4  BANKER(W)  | +950원 → 63,400원
H191 | bet   1,000원 BANKER | P:5♠ 5♥ J♠=0  B:K♦ K♥ 5♠=5  BANKER(W)  | +950원 → 64,350원
H192 | bet   1,000원 BANKER | P:8♣ 7♥ K♠=5  B:2♣ J♦ Q♥=2  PLAYER(L)  | -1,000원 → 63,350원  [start]
H193 | bet   2,000원 PLAYER | P:Q♦ 2♥ 9♠=1  B:5♠ Q♦=5  BANKER(L)  | -2,000원 → 61,350원
H194 | bet   4,000원 PLAYER | P:10♠ 8♠=8  B:Q♣ 7♣=7  PLAYER(W)  | +4,000원 → 65,350원  [end_win]
H195 | bet   1,000원 BANKER | P:5♣ 3♣=8  B:2♦ J♣=2  PLAYER(L)  | -1,000원 → 64,350원  [start]
H196 | bet   2,000원 PLAYER | P:6♦ 3♣=9  B:7♦ K♠=7  PLAYER(W)  | +2,000원 → 66,350원  [end_win]
H197 | bet   1,000원 BANKER | P:A♠ 9♠ J♦=0  B:10♣ A♠ J♥=1  BANKER(W)  | +950원 → 67,300원
H198 | bet   1,000원 BANKER | P:2♥ 6♣=8  B:Q♣ 5♥=5  PLAYER(L)  | -1,000원 → 66,300원  [start]
H199 | bet   2,000원 PLAYER | P:4♣ 8♣ 8♦=0  B:2♠ 2♣=4  BANKER(L)  | -2,000원 → 64,300원
H200 | bet   4,000원 PLAYER | P:Q♥ 3♦ 6♣=9  B:A♥ 4♥ 9♠=4  PLAYER(W)  | +4,000원 → 68,300원  [end_win]
H201 | bet   1,000원 BANKER | P:A♥ 10♥ J♣=1  B:6♣ 6♣ 10♣=2  BANKER(W)  | +950원 → 69,250원
H202 | bet   1,000원 BANKER | P:9♥ 9♣=8  B:4♠ 4♣=8  TIE(T)  |     0원 → 69,250원
H203 | bet   1,000원 BANKER | P:5♠ 7♥=2  B:9♠ K♣=9  BANKER(W)  | +950원 → 70,200원
H204 | bet   1,000원 BANKER | P:6♦ 5♦ 10♦=1  B:7♠ 9♠=6  BANKER(W)  | +950원 → 71,150원
H205 | bet   1,000원 BANKER | P:5♠ 5♦ 3♥=3  B:6♦ 4♥ 9♠=9  BANKER(W)  | +950원 → 72,100원
H206 | bet   1,000원 BANKER | P:Q♣ Q♣ A♠=1  B:5♣ 7♣ 8♠=0  PLAYER(L)  | -1,000원 → 71,100원  [start]
H207 | bet   2,000원 PLAYER | P:8♦ A♥=9  B:A♠ 2♦=3  PLAYER(W)  | +2,000원 → 73,100원  [end_win]
H208 | bet   1,000원 BANKER | P:A♥ 7♣=8  B:9♥ 6♥=5  PLAYER(L)  | -1,000원 → 72,100원  [start]
H209 | bet   2,000원 PLAYER | P:3♦ 10♠=3  B:10♦ 8♣=8  BANKER(L)  | -2,000원 → 70,100원
H210 | bet   4,000원 PLAYER | P:2♣ 4♣=6  B:10♠ 5♦ J♠=5  PLAYER(W)  | +4,000원 → 74,100원  [end_win]
H211 | bet   1,000원 BANKER | P:K♥ Q♦ 9♥=9  B:A♣ 10♥ 4♠=5  PLAYER(L)  | -1,000원 → 73,100원  [start]
H212 | bet   2,000원 PLAYER | P:8♠ Q♦=8  B:J♣ 4♠=4  PLAYER(W)  | +2,000원 → 75,100원  [end_win]
H213 | bet   1,000원 BANKER | P:5♣ Q♥ Q♠=5  B:5♦ 10♣=5  TIE(T)  |     0원 → 75,100원
H214 | bet   1,000원 BANKER | P:4♠ 8♦ A♣=3  B:Q♦ 2♦ A♦=3  TIE(T)  |     0원 → 75,100원
H215 | bet   1,000원 BANKER | P:5♦ A♠=6  B:A♥ 6♣=7  BANKER(W)  | +950원 → 76,050원
H216 | bet   1,000원 BANKER | P:J♣ 5♣=5  B:8♦ 10♦=8  BANKER(W)  | +950원 → 77,000원
H217 | bet   1,000원 BANKER | P:5♠ 2♥=7  B:A♣ 9♥ 6♦=6  PLAYER(L)  | -1,000원 → 76,000원  [start]
H218 | bet   2,000원 PLAYER | P:4♠ 8♥ 10♥=2  B:7♠ 8♣=5  BANKER(L)  | -2,000원 → 74,000원
H219 | bet   4,000원 PLAYER | P:K♠ 3♠ 6♠=9  B:A♣ Q♣ 7♥=8  PLAYER(W)  | +4,000원 → 78,000원  [end_win]
H220 | bet   1,000원 BANKER | P:6♥ A♦=7  B:4♦ J♠ 6♠=0  PLAYER(L)  | -1,000원 → 77,000원  [start]
H221 | bet   2,000원 PLAYER | P:4♦ Q♦=4  B:9♠ 10♥=9  BANKER(L)  | -2,000원 → 75,000원
H222 | bet   4,000원 PLAYER | P:J♦ A♣ 3♥=4  B:8♠ 8♠=6  BANKER(L)  | -4,000원 → 71,000원
H223 | bet   8,000원 PLAYER | P:J♠ Q♠ 10♥=0  B:10♥ K♣ 9♠=9  BANKER(L)  | -8,000원 → 63,000원
H224 | bet  16,000원 PLAYER | P:5♥ 10♦ 10♦=5  B:J♣ A♠ 2♥=3  PLAYER(W)  | +16,000원 → 79,000원  [end_win]
H225 | bet   1,000원 BANKER | P:6♥ K♦=6  B:J♣ 6♣=6  TIE(T)  |     0원 → 79,000원
H226 | bet   1,000원 BANKER | P:6♠ 7♦ A♥=4  B:K♣ K♣ 7♠=7  BANKER(W)  | +950원 → 79,950원
H227 | bet   1,000원 BANKER | P:A♦ 8♥=9  B:Q♣ K♦=0  PLAYER(L)  | -1,000원 → 78,950원  [start]
H228 | bet   2,000원 PLAYER | P:8♥ Q♥=8  B:4♦ A♠=5  PLAYER(W)  | +2,000원 → 80,950원  [end_win]
H229 | bet   1,000원 BANKER | P:3♣ 3♠=6  B:3♠ 2♣ 8♥=3  PLAYER(L)  | -1,000원 → 79,950원  [start]
H230 | bet   2,000원 PLAYER | P:K♥ K♥ 7♠=7  B:A♦ Q♦ 4♥=5  PLAYER(W)  | +2,000원 → 81,950원  [end_win]
H231 | bet   1,000원 BANKER | P:5♣ 7♣=2  B:2♣ 7♥=9  BANKER(W)  | +950원 → 82,900원
H232 | bet   1,000원 BANKER | P:3♠ 8♥ 8♥=9  B:J♣ J♥ 3♠=3  PLAYER(L)  | -1,000원 → 81,900원  [start]
H233 | bet   2,000원 PLAYER | P:4♣ 2♥=6  B:10♦ K♠ J♥=0  PLAYER(W)  | +2,000원 → 83,900원  [end_win]
H234 | bet   1,000원 BANKER | P:4♦ 8♠=2  B:7♥ A♦=8  BANKER(W)  | +950원 → 84,850원
H235 | bet   1,000원 BANKER | P:4♥ A♠ Q♥=5  B:6♦ A♥=7  BANKER(W)  | +950원 → 85,800원
H236 | bet   1,000원 BANKER | P:J♥ J♠ 10♠=0  B:K♦ 3♥ 4♠=7  BANKER(W)  | +950원 → 86,750원
H237 | bet   1,000원 BANKER | P:Q♥ 7♠=7  B:K♦ 4♠ A♥=5  PLAYER(L)  | -1,000원 → 85,750원  [start]
H238 | bet   2,000원 PLAYER | P:9♦ 3♠ 9♥=1  B:Q♣ Q♥ J♦=0  PLAYER(W)  | +2,000원 → 87,750원  [end_win]
H239 | bet   1,000원 BANKER | P:6♠ 5♥ 8♠=9  B:K♠ 3♣=3  PLAYER(L)  | -1,000원 → 86,750원  [start]
H240 | bet   2,000원 PLAYER | P:K♠ 2♠ 7♠=9  B:8♦ 6♦ 9♣=3  PLAYER(W)  | +2,000원 → 88,750원  [end_win]
H241 | bet   1,000원 BANKER | P:9♣ 3♦ 7♦=9  B:2♣ 10♣ 3♥=5  PLAYER(L)  | -1,000원 → 87,750원  [start]
H242 | bet   2,000원 PLAYER | P:K♦ J♠ 10♥=0  B:A♣ 4♥=5  BANKER(L)  | -2,000원 → 85,750원
H243 | bet   4,000원 PLAYER | P:K♦ 10♠ Q♥=0  B:2♥ K♠ 9♠=1  BANKER(L)  | -4,000원 → 81,750원
H244 | bet   8,000원 PLAYER | P:A♥ 8♦=9  B:K♦ K♠=0  PLAYER(W)  | +8,000원 → 89,750원  [end_win]
H245 | bet   1,000원 BANKER | P:10♣ 9♥=9  B:4♥ 3♦=7  PLAYER(L)  | -1,000원 → 88,750원  [start]
H246 | bet   2,000원 PLAYER | P:2♣ Q♣ Q♣=2  B:2♦ J♠ A♣=3  BANKER(L)  | -2,000원 → 86,750원
H247 | bet   4,000원 PLAYER | P:9♣ 10♥=9  B:10♣ K♦=0  PLAYER(W)  | +4,000원 → 90,750원  [end_win]
H248 | bet   1,000원 BANKER | P:10♦ 7♣=7  B:Q♣ 2♣ 4♦=6  PLAYER(L)  | -1,000원 → 89,750원  [start]
H249 | bet   2,000원 PLAYER | P:4♦ Q♦ K♠=4  B:5♠ 8♥ K♥=3  PLAYER(W)  | +2,000원 → 91,750원  [end_win]
H250 | bet   1,000원 BANKER | P:10♥ A♠ 8♠=9  B:7♣ 10♥=7  PLAYER(L)  | -1,000원 → 90,750원  [start]
H251 | bet   2,000원 PLAYER | P:8♥ 7♣ 6♦=1  B:5♥ Q♣ K♦=5  BANKER(L)  | -2,000원 → 88,750원
H252 | bet   4,000원 PLAYER | P:5♠ 10♥ 8♣=3  B:9♦ 3♣ 9♥=1  PLAYER(W)  | +4,000원 → 92,750원  [end_win]
H253 | bet   1,000원 BANKER | P:8♣ 5♦=3  B:7♥ A♣=8  BANKER(W)  | +950원 → 93,700원
H254 | bet   1,000원 BANKER | P:6♠ 9♣ 7♦=2  B:K♠ 4♠ 7♠=1  PLAYER(L)  | -1,000원 → 92,700원  [start]
H255 | bet   2,000원 PLAYER | P:7♥ K♥=7  B:K♥ 2♦ 6♣=8  BANKER(L)  | -2,000원 → 90,700원
H256 | bet   4,000원 PLAYER | P:5♦ 7♣ 6♥=8  B:10♦ 6♣ 3♥=9  BANKER(L)  | -4,000원 → 86,700원
H257 | bet   8,000원 PLAYER | P:Q♣ Q♦ 10♠=0  B:3♠ 10♠ Q♣=3  BANKER(L)  | -8,000원 → 78,700원
H258 | bet  16,000원 PLAYER | P:6♥ 3♣=9  B:7♦ K♥=7  PLAYER(W)  | +16,000원 → 94,700원  [end_win]
H259 | bet   1,000원 BANKER | P:8♦ 2♠=0  B:9♥ 9♠=8  BANKER(W)  | +950원 → 95,650원
H260 | bet   1,000원 BANKER | P:A♠ K♣ 5♠=6  B:J♣ 5♦ Q♠=5  PLAYER(L)  | -1,000원 → 94,650원  [start]
H261 | bet   2,000원 PLAYER | P:A♦ K♥ 2♠=3  B:7♠ Q♥=7  BANKER(L)  | -2,000원 → 92,650원
H262 | bet   4,000원 PLAYER | P:J♥ J♥ J♦=0  B:3♠ 9♠ J♥=2  BANKER(L)  | -4,000원 → 88,650원
H263 | bet   8,000원 PLAYER | P:4♣ Q♠=4  B:J♠ 9♠=9  BANKER(L)  | -8,000원 → 80,650원
H264 | bet  16,000원 PLAYER | P:6♥ 10♥=6  B:6♣ Q♦=6  TIE(T)  |     0원 → 80,650원
H265 | bet  16,000원 PLAYER | P:8♠ 3♦ A♥=2  B:4♠ 2♦=6  BANKER(L)  | -16,000원 → 64,650원  [end_giveup]
H266 | bet   1,000원 BANKER | P:10♣ 7♣=7  B:10♦ K♣ 7♥=7  TIE(T)  |     0원 → 64,650원
H267 | bet   1,000원 BANKER | P:2♣ J♦ 3♦=5  B:7♠ J♥=7  BANKER(W)  | +950원 → 65,600원
H268 | bet   1,000원 BANKER | P:A♥ 5♥=6  B:7♥ 5♠ 4♣=6  TIE(T)  |     0원 → 65,600원
H269 | bet   1,000원 BANKER | P:K♥ 4♣ Q♥=4  B:4♣ 7♣ 10♠=1  PLAYER(L)  | -1,000원 → 64,600원  [start]
H270 | bet   2,000원 PLAYER | P:8♠ 8♠=6  B:6♠ K♣=6  TIE(T)  |     0원 → 64,600원
H271 | bet   2,000원 PLAYER | P:Q♦ 5♦ 8♠=3  B:2♥ 5♣=7  BANKER(L)  | -2,000원 → 62,600원
H272 | bet   4,000원 PLAYER | P:3♠ 2♠ A♣=6  B:K♣ 3♠ 2♦=5  PLAYER(W)  | +4,000원 → 66,600원  [end_win]
H273 | bet   1,000원 BANKER | P:5♦ 5♠ A♦=1  B:4♥ 2♥=6  BANKER(W)  | +950원 → 67,550원
H274 | bet   1,000원 BANKER | P:4♠ 3♦=7  B:5♠ 6♣ 10♣=1  PLAYER(L)  | -1,000원 → 66,550원  [start]
H275 | bet   2,000원 PLAYER | P:7♣ 4♥=1  B:A♣ 7♦=8  BANKER(L)  | -2,000원 → 64,550원
H276 | bet   4,000원 PLAYER | P:J♣ 7♠=7  B:3♥ Q♥ A♦=4  PLAYER(W)  | +4,000원 → 68,550원  [end_win]
H277 | bet   1,000원 BANKER | P:Q♥ Q♣ 5♠=5  B:Q♠ K♠ 5♥=5  TIE(T)  |     0원 → 68,550원
H278 | bet   1,000원 BANKER | P:7♦ A♥=8  B:J♦ 10♣=0  PLAYER(L)  | -1,000원 → 67,550원  [start]
H279 | bet   2,000원 PLAYER | P:10♠ 6♠=6  B:Q♠ 8♥=8  BANKER(L)  | -2,000원 → 65,550원
H280 | bet   4,000원 PLAYER | P:3♠ 4♠=7  B:5♣ 6♣ 3♣=4  PLAYER(W)  | +4,000원 → 69,550원  [end_win]
H281 | bet   1,000원 BANKER | P:10♥ 6♠=6  B:2♥ 3♣ 6♦=1  PLAYER(L)  | -1,000원 → 68,550원  [start]
H282 | bet   2,000원 PLAYER | P:A♦ Q♠=1  B:2♣ 6♥=8  BANKER(L)  | -2,000원 → 66,550원
H283 | bet   4,000원 PLAYER | P:3♥ 6♥=9  B:5♣ A♠=6  PLAYER(W)  | +4,000원 → 70,550원  [end_win]
H284 | bet   1,000원 BANKER | P:4♣ 9♦ 3♠=6  B:6♥ 4♣ Q♦=0  PLAYER(L)  | -1,000원 → 69,550원  [start]
H285 | bet   2,000원 PLAYER | P:5♣ 2♦=7  B:A♠ K♣ 9♣=0  PLAYER(W)  | +2,000원 → 71,550원  [end_win]
H286 | bet   1,000원 BANKER | P:Q♦ J♦ 10♦=0  B:4♦ A♥=5  BANKER(W)  | +950원 → 72,500원
H287 | bet   1,000원 BANKER | P:7♥ 8♣ 9♠=4  B:8♥ 2♠ J♣=0  PLAYER(L)  | -1,000원 → 71,500원  [start]
H288 | bet   2,000원 PLAYER | P:4♥ 4♠=8  B:8♠ K♠=8  TIE(T)  |     0원 → 71,500원
H289 | bet   2,000원 PLAYER | P:K♣ A♦ 8♥=9  B:6♦ 9♥=5  PLAYER(W)  | +2,000원 → 73,500원  [end_win]
H290 | bet   1,000원 BANKER | P:5♥ 5♣=0  B:9♦ J♣=9  BANKER(W)  | +950원 → 74,450원
H291 | bet   1,000원 BANKER | P:3♥ 6♥=9  B:Q♠ 8♣=8  PLAYER(L)  | -1,000원 → 73,450원  [start]
H292 | bet   2,000원 PLAYER | P:J♠ 2♠=2  B:8♥ K♠=8  BANKER(L)  | -2,000원 → 71,450원
H293 | bet   4,000원 PLAYER | P:6♠ 4♥ 7♠=7  B:5♣ 9♦ 4♠=8  BANKER(L)  | -4,000원 → 67,450원
H294 | bet   8,000원 PLAYER | P:8♣ K♠=8  B:J♦ 8♦=8  TIE(T)  |     0원 → 67,450원
H295 | bet   8,000원 PLAYER | P:A♠ 7♥=8  B:10♦ J♥=0  PLAYER(W)  | +8,000원 → 75,450원  [end_win]
H296 | bet   1,000원 BANKER | P:7♣ 10♥=7  B:8♣ 7♠ 9♦=4  PLAYER(L)  | -1,000원 → 74,450원  [start]
H297 | bet   2,000원 PLAYER | P:3♣ A♦ 2♥=6  B:Q♥ 3♣ 2♠=5  PLAYER(W)  | +2,000원 → 76,450원  [end_win]
H298 | bet   1,000원 BANKER | P:Q♠ 2♣ Q♥=2  B:K♥ 3♠ 6♥=9  BANKER(W)  | +950원 → 77,400원
H299 | bet   1,000원 BANKER | P:J♠ 9♥=9  B:A♣ 10♣=1  PLAYER(L)  | -1,000원 → 76,400원  [start]
H300 | bet   2,000원 PLAYER | P:7♦ A♦=8  B:K♣ 8♠=8  TIE(T)  |     0원 → 76,400원
H301 | bet   2,000원 PLAYER | P:3♦ A♥=4  B:5♦ 4♠=9  BANKER(L)  | -2,000원 → 74,400원
H302 | bet   4,000원 PLAYER | P:2♣ 2♦ 2♠=6  B:J♥ J♣ 3♥=3  PLAYER(W)  | +4,000원 → 78,400원  [end_win]
H303 | bet   1,000원 BANKER | P:10♦ 2♣ 4♥=6  B:6♣ J♦=6  TIE(T)  |     0원 → 78,400원
H304 | bet   1,000원 BANKER | P:8♦ 8♦=6  B:3♣ 3♥=6  TIE(T)  |     0원 → 78,400원
H305 | bet   1,000원 BANKER | P:3♣ A♠ J♠=4  B:8♥ 4♦ 3♥=5  BANKER(W)  | +950원 → 79,350원
H306 | bet   1,000원 BANKER | P:2♦ 8♦ 6♠=6  B:7♥ J♦=7  BANKER(W)  | +950원 → 80,300원
H307 | bet   1,000원 BANKER | P:8♣ 5♣=3  B:9♦ 9♣=8  BANKER(W)  | +950원 → 81,250원
H308 | bet   1,000원 BANKER | P:9♠ 7♦=6  B:9♥ 9♣=8  BANKER(W)  | +950원 → 82,200원
H309 | bet   1,000원 BANKER | P:A♥ J♠ 2♠=3  B:K♦ 5♥=5  BANKER(W)  | +950원 → 83,150원
H310 | bet   1,000원 BANKER | P:8♦ A♦=9  B:9♣ A♣=0  PLAYER(L)  | -1,000원 → 82,150원  [start]
H311 | bet   2,000원 PLAYER | P:6♠ 4♦ 3♦=3  B:6♦ Q♠=6  BANKER(L)  | -2,000원 → 80,150원
H312 | bet   4,000원 PLAYER | P:A♥ 6♦=7  B:7♦ 4♥ Q♣=1  PLAYER(W)  | +4,000원 → 84,150원  [end_win]
H313 | bet   1,000원 BANKER | P:7♠ 9♠=6  B:7♦ K♥=7  BANKER(W)  | +950원 → 85,100원
H314 | bet   1,000원 BANKER | P:J♦ J♣=0  B:2♣ 6♠=8  BANKER(W)  | +950원 → 86,050원
H315 | bet   1,000원 BANKER | P:9♦ 5♠ 6♣=0  B:J♥ Q♥ Q♦=0  TIE(T)  |     0원 → 86,050원
H316 | bet   1,000원 BANKER | P:J♠ 4♦ 2♥=6  B:3♠ 4♦=7  BANKER(W)  | +950원 → 87,000원
H317 | bet   1,000원 BANKER | P:3♦ 10♣ 9♣=2  B:7♠ 9♠=6  BANKER(W)  | +950원 → 87,950원
H318 | bet   1,000원 BANKER | P:4♠ A♣=5  B:9♦ J♣=9  BANKER(W)  | +950원 → 88,900원
H319 | bet   1,000원 BANKER | P:K♣ 2♦=2  B:J♣ 8♥=8  BANKER(W)  | +950원 → 89,850원
H320 | bet   1,000원 BANKER | P:4♦ 3♦=7  B:Q♦ 6♣=6  PLAYER(L)  | -1,000원 → 88,850원  [start]
H321 | bet   2,000원 PLAYER | P:8♦ K♦=8  B:A♠ 5♦=6  PLAYER(W)  | +2,000원 → 90,850원  [end_win]
H322 | bet   1,000원 BANKER | P:A♠ 8♠=9  B:J♥ 4♣=4  PLAYER(L)  | -1,000원 → 89,850원  [start]
H323 | bet   2,000원 PLAYER | P:4♣ 5♥=9  B:10♠ 7♥=7  PLAYER(W)  | +2,000원 → 91,850원  [end_win]
H324 | bet   1,000원 BANKER | P:10♦ 5♥=5  B:6♦ 2♥=8  BANKER(W)  | +950원 → 92,800원
H325 | bet   1,000원 BANKER | P:K♦ 10♦ 6♦=6  B:3♥ 10♠ 2♥=5  PLAYER(L)  | -1,000원 → 91,800원  [start]
H326 | bet   2,000원 PLAYER | P:10♠ 2♣ 6♠=8  B:5♥ A♦ 4♦=0  PLAYER(W)  | +2,000원 → 93,800원  [end_win]
H327 | bet   1,000원 BANKER | P:8♥ J♣=8  B:10♣ 8♦=8  TIE(T)  |     0원 → 93,800원
H328 | bet   1,000원 BANKER | P:A♣ J♥ 10♥=1  B:6♥ J♣=6  BANKER(W)  | +950원 → 94,750원
H329 | bet   1,000원 BANKER | P:J♠ K♥ K♦=0  B:2♦ 8♠ 2♥=2  BANKER(W)  | +950원 → 95,700원
H330 | bet   1,000원 BANKER | P:6♠ 4♦=0  B:8♠ J♦=8  BANKER(W)  | +950원 → 96,650원
H331 | bet   1,000원 BANKER | P:9♥ 10♦=9  B:9♦ 5♦=4  PLAYER(L)  | -1,000원 → 95,650원  [start]
H332 | bet   2,000원 PLAYER | P:7♣ 10♦=7  B:7♦ Q♠=7  TIE(T)  |     0원 → 95,650원
H333 | bet   2,000원 PLAYER | P:A♠ Q♣ 3♠=4  B:3♥ Q♠ 3♣=6  BANKER(L)  | -2,000원 → 93,650원
H334 | bet   4,000원 PLAYER | P:8♥ 8♥=6  B:10♠ Q♠ A♠=1  PLAYER(W)  | +4,000원 → 97,650원  [end_win]
H335 | bet   1,000원 BANKER | P:J♣ 5♣=5  B:8♠ Q♦=8  BANKER(W)  | +950원 → 98,600원
H336 | bet   1,000원 BANKER | P:K♦ 7♥=7  B:8♦ 6♦ 9♥=3  PLAYER(L)  | -1,000원 → 97,600원  [start]
H337 | bet   2,000원 PLAYER | P:5♠ 3♠=8  B:K♣ 4♣=4  PLAYER(W)  | +2,000원 → 99,600원  [end_win]
H338 | bet   1,000원 BANKER | P:3♠ A♦ Q♥=4  B:4♣ A♣=5  BANKER(W)  | +950원 → 100,550원
H339 | bet   1,000원 BANKER | P:9♦ 9♥=8  B:6♣ 6♣=2  PLAYER(L)  | -1,000원 → 99,550원  [start]
H340 | bet   2,000원 PLAYER | P:4♣ 7♠ K♠=1  B:7♣ J♣=7  BANKER(L)  | -2,000원 → 97,550원
H341 | bet   4,000원 PLAYER | P:7♥ 3♠=0  B:Q♦ 9♣=9  BANKER(L)  | -4,000원 → 93,550원
H342 | bet   8,000원 PLAYER | P:10♣ A♥ 7♦=8  B:9♣ 7♣ K♣=6  PLAYER(W)  | +8,000원 → 101,550원  [end_win]
H343 | bet   1,000원 BANKER | P:7♥ J♠=7  B:6♥ 5♣ 3♥=4  PLAYER(L)  | -1,000원 → 100,550원  [start]
H344 | bet   2,000원 PLAYER | P:4♦ 9♣ A♠=4  B:7♦ 9♥=6  BANKER(L)  | -2,000원 → 98,550원
H345 | bet   4,000원 PLAYER | P:A♠ 8♣=9  B:4♥ 10♦=4  PLAYER(W)  | +4,000원 → 102,550원  [end_win]
H346 | bet   1,000원 BANKER | P:Q♣ 5♠=5  B:8♠ Q♠=8  BANKER(W)  | +950원 → 103,500원
H347 | bet   1,000원 BANKER | P:J♦ 2♥=2  B:6♣ 3♦=9  BANKER(W)  | +950원 → 104,450원
H348 | bet   1,000원 BANKER | P:5♦ 4♠=9  B:7♥ 2♠=9  TIE(T)  |     0원 → 104,450원
H349 | bet   1,000원 BANKER | P:7♦ K♠=7  B:K♣ A♦ 8♠=9  BANKER(W)  | +950원 → 105,400원
H350 | bet   1,000원 BANKER | P:9♣ J♣=9  B:5♥ 10♠=5  PLAYER(L)  | -1,000원 → 104,400원  [start]
H351 | bet   2,000원 PLAYER | P:5♠ 8♥ Q♦=3  B:Q♦ Q♣ 3♠=3  TIE(T)  |     0원 → 104,400원
H352 | bet   2,000원 PLAYER | P:2♦ Q♣ 6♠=8  B:6♥ K♣ 2♥=8  TIE(T)  |     0원 → 104,400원
H353 | bet   2,000원 PLAYER | P:8♣ 2♠ 10♣=0  B:J♣ 7♥=7  BANKER(L)  | -2,000원 → 102,400원
H354 | bet   4,000원 PLAYER | P:6♦ J♥=6  B:3♦ K♠ A♣=4  PLAYER(W)  | +4,000원 → 106,400원  [end_win]
H355 | bet   1,000원 BANKER | P:2♠ 10♥ 7♦=9  B:K♣ 3♥ Q♠=3  PLAYER(L)  | -1,000원 → 105,400원  [start]
H356 | bet   2,000원 PLAYER | P:Q♥ 6♣=6  B:2♦ 9♠ 6♠=7  BANKER(L)  | -2,000원 → 103,400원
H357 | bet   4,000원 PLAYER | P:J♣ K♠=0  B:5♦ 4♦=9  BANKER(L)  | -4,000원 → 99,400원
H358 | bet   8,000원 PLAYER | P:3♠ K♦=3  B:2♦ 7♠=9  BANKER(L)  | -8,000원 → 91,400원
H359 | bet  16,000원 PLAYER | P:A♥ 7♥=8  B:8♠ J♥=8  TIE(T)  |     0원 → 91,400원
H360 | bet  16,000원 PLAYER | P:Q♠ 6♥=6  B:J♠ 9♠=9  BANKER(L)  | -16,000원 → 75,400원  [end_giveup]
H361 | bet   1,000원 BANKER | P:7♦ 8♦=5  B:7♣ 2♠=9  BANKER(W)  | +950원 → 76,350원
H362 | bet   1,000원 BANKER | P:5♦ 4♦=9  B:K♦ 8♣=8  PLAYER(L)  | -1,000원 → 75,350원  [start]
H363 | bet   2,000원 PLAYER | P:K♠ 9♥=9  B:8♥ K♦=8  PLAYER(W)  | +2,000원 → 77,350원  [end_win]
H364 | bet   1,000원 BANKER | P:9♣ 2♥ 5♥=6  B:7♥ J♥=7  BANKER(W)  | +950원 → 78,300원
H365 | bet   1,000원 BANKER | P:4♦ K♠ 4♣=8  B:3♣ Q♦ 9♦=2  PLAYER(L)  | -1,000원 → 77,300원  [start]
H366 | bet   2,000원 PLAYER | P:4♠ 2♣=6  B:5♠ J♥ 2♣=7  BANKER(L)  | -2,000원 → 75,300원
H367 | bet   4,000원 PLAYER | P:9♥ 3♥ 6♦=8  B:4♥ 7♠ J♠=1  PLAYER(W)  | +4,000원 → 79,300원  [end_win]
H368 | bet   1,000원 BANKER | P:J♦ Q♣=0  B:9♠ Q♠=9  BANKER(W)  | +950원 → 80,250원
H369 | bet   1,000원 BANKER | P:10♦ 4♥ 8♣=2  B:Q♦ Q♦ 6♦=6  BANKER(W)  | +950원 → 81,200원
H370 | bet   1,000원 BANKER | P:10♠ A♣ 4♦=5  B:4♥ 3♣=7  BANKER(W)  | +950원 → 82,150원
H371 | bet   1,000원 BANKER | P:9♠ J♠=9  B:10♥ Q♥=0  PLAYER(L)  | -1,000원 → 81,150원  [start]
H372 | bet   2,000원 PLAYER | P:2♣ 2♣ 5♠=9  B:8♦ 8♦=6  PLAYER(W)  | +2,000원 → 83,150원  [end_win]
H373 | bet   1,000원 BANKER | P:A♣ 10♣ 10♠=1  B:Q♣ J♣ 2♠=2  BANKER(W)  | +950원 → 84,100원
H374 | bet   1,000원 BANKER | P:4♣ 10♠ 2♥=6  B:3♣ J♠ 2♠=5  PLAYER(L)  | -1,000원 → 83,100원  [start]
H375 | bet   2,000원 PLAYER | P:K♥ Q♥=0  B:J♦ 9♣=9  BANKER(L)  | -2,000원 → 81,100원
H376 | bet   4,000원 PLAYER | P:2♠ J♦ 10♦=2  B:A♥ 2♦ A♥=4  BANKER(L)  | -4,000원 → 77,100원
H377 | bet   8,000원 PLAYER | P:A♣ 6♦=7  B:J♦ 7♠=7  TIE(T)  |     0원 → 77,100원
H378 | bet   8,000원 PLAYER | P:7♣ 2♥=9  B:Q♥ Q♥=0  PLAYER(W)  | +8,000원 → 85,100원  [end_win]
H379 | bet   1,000원 BANKER | P:8♠ 8♣=6  B:3♠ Q♦ K♥=3  PLAYER(L)  | -1,000원 → 84,100원  [start]
H380 | bet   2,000원 PLAYER | P:5♣ 8♥ K♠=3  B:A♥ 4♥=5  BANKER(L)  | -2,000원 → 82,100원
H381 | bet   4,000원 PLAYER | P:3♦ K♥ 3♣=6  B:J♠ 10♦ A♥=1  PLAYER(W)  | +4,000원 → 86,100원  [end_win]
H382 | bet   1,000원 BANKER | P:A♥ 9♥ 2♣=2  B:K♥ 3♣ 3♦=6  BANKER(W)  | +950원 → 87,050원
H383 | bet   1,000원 BANKER | P:K♠ 8♣=8  B:K♣ 5♥=5  PLAYER(L)  | -1,000원 → 86,050원  [start]
H384 | bet   2,000원 PLAYER | P:9♦ 2♣ A♥=2  B:3♥ 9♣ 6♠=8  BANKER(L)  | -2,000원 → 84,050원
H385 | bet   4,000원 PLAYER | P:A♣ 5♥=6  B:A♠ 6♥=7  BANKER(L)  | -4,000원 → 80,050원
H386 | bet   8,000원 PLAYER | P:J♠ 4♣ 6♣=0  B:7♣ K♦=7  BANKER(L)  | -8,000원 → 72,050원
H387 | bet  16,000원 PLAYER | P:8♠ K♥=8  B:8♥ 10♦=8  TIE(T)  |     0원 → 72,050원
H388 | bet  16,000원 PLAYER | P:7♦ K♣=7  B:7♠ 5♠ 6♥=8  BANKER(L)  | -16,000원 → 56,050원  [end_giveup]
H389 | bet   1,000원 BANKER | P:5♣ Q♥ 9♦=4  B:A♠ 4♣=5  BANKER(W)  | +950원 → 57,000원
H390 | bet   1,000원 BANKER | P:8♣ K♥=8  B:5♥ 10♠=5  PLAYER(L)  | -1,000원 → 56,000원  [start]
H391 | bet   2,000원 PLAYER | P:8♦ 5♥ 3♣=6  B:5♣ J♥=5  PLAYER(W)  | +2,000원 → 58,000원  [end_win]
H392 | bet   1,000원 BANKER | P:7♥ J♥=7  B:6♣ 6♠ 10♠=2  PLAYER(L)  | -1,000원 → 57,000원  [start]
H393 | bet   2,000원 PLAYER | P:5♦ 3♦=8  B:3♦ 9♠=2  PLAYER(W)  | +2,000원 → 59,000원  [end_win]
H394 | bet   1,000원 BANKER | P:8♦ 6♠ 10♣=4  B:J♦ J♦ Q♥=0  PLAYER(L)  | -1,000원 → 58,000원  [start]
H395 | bet   2,000원 PLAYER | P:5♣ 3♦=8  B:3♣ 2♦=5  PLAYER(W)  | +2,000원 → 60,000원  [end_win]
H396 | bet   1,000원 BANKER | P:2♥ 5♦=7  B:3♥ 6♠=9  BANKER(W)  | +950원 → 60,950원
H397 | bet   1,000원 BANKER | P:8♣ A♠=9  B:5♣ 10♦=5  PLAYER(L)  | -1,000원 → 59,950원  [start]
H398 | bet   2,000원 PLAYER | P:10♣ 10♥ K♦=0  B:6♦ 4♠ 9♦=9  BANKER(L)  | -2,000원 → 57,950원
H399 | bet   4,000원 PLAYER | P:A♣ 4♥ A♦=6  B:7♣ 5♠ 5♦=7  BANKER(L)  | -4,000원 → 53,950원
H400 | bet   8,000원 PLAYER | P:4♠ 8♥ 2♥=4  B:5♥ A♦=6  BANKER(L)  | -8,000원 → 45,950원

Result: RUIN (capital_depleted)
Final: 45,950원  Hands: 400  Bets: 360  Wagered: 907,000원  Max losing streak: 7
