=== Session 1 ===
Seed: 2053695854357871005
Initial: 100,000원  Target: 500,000원  Ruin: 50,000원  Table-max: 100,000원
Strategy: martingale (pivot, steps=4)
Base bet: 1,000원  Primary side: BANKER

H001 | bet   1,000원 BANKER | P:8♦ A♣=9  B:Q♦ 6♦=6  PLAYER(L)  | -1,000원 → 99,000원  [start]
H002 | bet   2,000원 PLAYER | P:7♥ 10♦=7  B:8♦ 4♦ 3♥=5  PLAYER(W)  | +2,000원 → 101,000원  [end_win]
H003 | bet   1,000원 BANKER | P:A♠ 4♥ 9♥=4  B:J♣ J♥ 10♣=0  PLAYER(L)  | -1,000원 → 100,000원  [start]
H004 | bet   2,000원 PLAYER | P:10♦ J♦=0  B:4♣ 4♦=8  BANKER(L)  | -2,000원 → 98,000원
H005 | bet   4,000원 PLAYER | P:A♠ Q♣ 5♦=6  B:9♥ 4♥ 6♦=9  BANKER(L)  | -4,000원 → 94,000원
H006 | bet   8,000원 PLAYER | P:10♠ 3♠ K♠=3  B:A♦ K♦ 3♠=4  BANKER(L)  | -8,000원 → 86,000원
H007 | bet  16,000원 PLAYER | P:5♣ 6♣ 10♥=1  B:4♥ 2♥=6  BANKER(L)  | -16,000원 → 70,000원  [end_giveup]
H008 | bet   1,000원 BANKER | P:Q♠ Q♥ J♦=0  B:A♥ A♥ 10♣=2  BANKER(W)  | +950원 → 70,950원
H009 | bet   1,000원 BANKER | P:A♥ 3♣=4  B:K♥ 9♦=9  BANKER(W)  | +950원 → 71,900원
H010 | bet   1,000원 BANKER | P:Q♦ Q♣ Q♣=0  B:J♣ Q♣ J♦=0  TIE(T)  |     0원 → 71,900원
H011 | bet   1,000원 BANKER | P:A♦ 4♥ J♠=5  B:5♣ 6♦ 9♠=0  PLAYER(L)  | -1,000원 → 70,900원  [start]
H012 | bet   2,000원 PLAYER | P:K♣ A♠ 9♠=0  B:3♦ 3♥=6  BANKER(L)  | -2,000원 → 68,900원
H013 | bet   4,000원 PLAYER | P:7♣ 3♠ 9♥=9  B:5♣ A♣=6  PLAYER(W)  | +4,000원 → 72,900원  [end_win]
H014 | bet   1,000원 BANKER | P:6♠ 9♥ 9♣=4  B:K♠ 2♠ Q♥=2  PLAYER(L)  | -1,000원 → 71,900원  [start]
H015 | bet   2,000원 PLAYER | P:A♣ Q♣ 6♣=7  B:K♠ J♦ 3♦=3  PLAYER(W)  | +2,000원 → 73,900원  [end_win]
H016 | bet   1,000원 BANKER | P:6♣ 8♥ A♠=5  B:2♦ 9♠ 4♠=5  TIE(T)  |     0원 → 73,900원
H017 | bet   1,000원 BANKER | P:10♥ 9♥=9  B:2♦ 8♣=0  PLAYER(L)  | -1,000원 → 72,900원  [start]
H018 | bet   2,000원 PLAYER | P:2♣ 8♥ Q♥=0  B:9♣ 4♠ 8♥=1  BANKER(L)  | -2,000원 → 70,900원
H019 | bet   4,000원 PLAYER | P:2♣ K♦=2  B:A♣ 7♥=8  BANKER(L)  | -4,000원 → 66,900원
H020 | bet   8,000원 PLAYER | P:2♥ 10♦ 5♠=7  B:8♣ 2♠ 2♣=2  PLAYER(W)  | +8,000원 → 74,900원  [end_win]
H021 | bet   1,000원 BANKER | P:9♥ Q♥=9  B:8♦ J♠=8  PLAYER(L)  | -1,000원 → 73,900원  [start]
H022 | bet   2,000원 PLAYER | P:A♦ 10♦ 2♣=3  B:K♦ J♥ 4♣=4  BANKER(L)  | -2,000원 → 71,900원
H023 | bet   4,000원 PLAYER | P:9♦ J♦=9  B:7♠ J♣=7  PLAYER(W)  | +4,000원 → 75,900원  [end_win]
H024 | bet   1,000원 BANKER | P:8♠ 6♣ 5♦=9  B:7♠ 8♥ 3♣=8  PLAYER(L)  | -1,000원 → 74,900원  [start]
H025 | bet   2,000원 PLAYER | P:4♠ 8♣ Q♠=2  B:6♥ 10♥=6  BANKER(L)  | -2,000원 → 72,900원
H026 | bet   4,000원 PLAYER | P:Q♠ K♣ J♣=0  B:5♥ 2♠=7  BANKER(L)  | -4,000원 → 68,900원
H027 | bet   8,000원 PLAYER | P:10♦ 9♥=9  B:9♥ K♣=9  TIE(T)  |     0원 → 68,900원
H028 | bet   8,000원 PLAYER | P:3♣ 6♥=9  B:6♣ 5♠=1  PLAYER(W)  | +8,000원 → 76,900원  [end_win]
H029 | bet   1,000원 BANKER | P:2♦ 5♣=7  B:J♥ K♠ 2♦=2  PLAYER(L)  | -1,000원 → 75,900원  [start]
H030 | bet   2,000원 PLAYER | P:10♠ 3♥=3  B:4♣ 5♣=9  BANKER(L)  | -2,000원 → 73,900원
H031 | bet   4,000원 PLAYER | P:7♦ 5♠ 10♣=2  B:Q♣ 5♥=5  BANKER(L)  | -4,000원 → 69,900원
H032 | bet   8,000원 PLAYER | P:10♠ 10♦=0  B:2♥ 6♥=8  BANKER(L)  | -8,000원 → 61,900원
H033 | bet  16,000원 PLAYER | P:6♣ Q♥=6  B:3♠ 6♥=9  BANKER(L)  | -16,000원 → 45,900원  [end_giveup]

Result: RUIN (capital_depleted)
Final: 45,900원  Hands: 33  Bets: 30  Wagered: 114,000원  Max losing streak: 5
