=== Session 35 ===
Seed: 4979658421178727927
Initial: 100,000원  Target: 500,000원  Ruin: 50,000원  Table-max: 100,000원
Strategy: martingale (pivot, steps=4)
Base bet: 1,000원  Primary side: BANKER

H001 | bet   1,000원 BANKER | P:A♣ J♥ K♣=1  B:3♥ 2♠=5  BANKER(W)  | +950원 → 100,950원
H002 | bet   1,000원 BANKER | P:9♥ K♣=9  B:6♠ 3♣=9  TIE(T)  |     0원 → 100,950원
H003 | bet   1,000원 BANKER | P:8♦ 2♠ Q♥=0  B:3♦ 3♦=6  BANKER(W)  | +950원 → 101,900원
H004 | bet   1,000원 BANKER | P:7♥ 7♥ 9♣=3  B:7♥ 3♣ 3♣=3  TIE(T)  |     0원 → 101,900원
H005 | bet   1,000원 BANKER | P:6♦ 8♥=4  B:2♥ 7♣=9  BANKER(W)  | +950원 → 102,850원
H006 | bet   1,000원 BANKER | P:9♦ 10♣=9  B:10♠ 4♣=4  PLAYER(L)  | -1,000원 → 101,850원  [start]
H007 | bet   2,000원 PLAYER | P:6♦ J♣=6  B:J♠ Q♦ K♠=0  PLAYER(W)  | +2,000원 → 103,850원  [end_win]
H008 | bet   1,000원 BANKER | P:6♥ K♦=6  B:Q♠ 3♣ 7♦=0  PLAYER(L)  | -1,000원 → 102,850원  [start]
H009 | bet   2,000원 PLAYER | P:A♦ 8♠=9  B:6♠ K♣=6  PLAYER(W)  | +2,000원 → 104,850원  [end_win]
H010 | bet   1,000원 BANKER | P:2♥ A♥ Q♠=3  B:A♦ 5♥=6  BANKER(W)  | +950원 → 105,800원
H011 | bet   1,000원 BANKER | P:7♣ 8♣ 3♥=8  B:3♣ 9♠ 6♠=8  TIE(T)  |     0원 → 105,800원
H012 | bet   1,000원 BANKER | P:6♣ 3♠=9  B:A♦ 4♥=5  PLAYER(L)  | -1,000원 → 104,800원  [start]
H013 | bet   2,000원 PLAYER | P:8♠ 7♦ 5♠=0  B:8♥ 9♦=7  BANKER(L)  | -2,000원 → 102,800원
H014 | bet   4,000원 PLAYER | P:J♠ 10♦ 7♠=7  B:J♣ 10♥ 7♦=7  TIE(T)  |     0원 → 102,800원
H015 | bet   4,000원 PLAYER | P:Q♣ J♥ 5♦=5  B:7♣ 4♥ 4♦=5  TIE(T)  |     0원 → 102,800원
H016 | bet   4,000원 PLAYER | P:8♦ K♠=8  B:6♠ 3♦=9  BANKER(L)  | -4,000원 → 98,800원
H017 | bet   8,000원 PLAYER | P:2♣ 5♣=7  B:10♥ K♣ 7♦=7  TIE(T)  |     0원 → 98,800원
H018 | bet   8,000원 PLAYER | P:Q♠ 9♠=9  B:9♥ 8♣=7  PLAYER(W)  | +8,000원 → 106,800원  [end_win]
H019 | bet   1,000원 BANKER | P:5♠ 10♦ Q♥=5  B:J♣ 6♣=6  BANKER(W)  | +950원 → 107,750원
H020 | bet   1,000원 BANKER | P:5♦ 4♥=9  B:Q♦ J♦=0  PLAYER(L)  | -1,000원 → 106,750원  [start]
H021 | bet   2,000원 PLAYER | P:6♣ 9♣ A♣=6  B:8♣ 3♠ Q♥=1  PLAYER(W)  | +2,000원 → 108,750원  [end_win]
H022 | bet   1,000원 BANKER | P:Q♥ 6♥=6  B:3♦ Q♦ 8♣=1  PLAYER(L)  | -1,000원 → 107,750원  [start]
H023 | bet   2,000원 PLAYER | P:3♠ 2♦ 10♣=5  B:K♦ A♥ J♠=1  PLAYER(W)  | +2,000원 → 109,750원  [end_win]
H024 | bet   1,000원 BANKER | P:A♦ 6♥=7  B:8♥ J♣=8  BANKER(W)  | +950원 → 110,700원
H025 | bet   1,000원 BANKER | P:K♠ K♦ 7♥=7  B:4♦ 2♥ 2♦=8  BANKER(W)  | +950원 → 111,650원
H026 | bet   1,000원 BANKER | P:10♦ Q♦=0  B:8♣ A♦=9  BANKER(W)  | +950원 → 112,600원
H027 | bet   1,000원 BANKER | P:A♦ 9♠ K♦=0  B:9♣ 3♣ 4♦=6  BANKER(W)  | +950원 → 113,550원
H028 | bet   1,000원 BANKER | P:8♦ 4♠ K♦=2  B:8♦ 2♠ K♠=0  PLAYER(L)  | -1,000원 → 112,550원  [start]
H029 | bet   2,000원 PLAYER | P:7♥ 2♥=9  B:A♥ K♣=1  PLAYER(W)  | +2,000원 → 114,550원  [end_win]
H030 | bet   1,000원 BANKER | P:2♣ K♦ 2♣=4  B:4♣ 9♦ A♣=4  TIE(T)  |     0원 → 114,550원
H031 | bet   1,000원 BANKER | P:2♥ Q♣=2  B:4♥ 4♠=8  BANKER(W)  | +950원 → 115,500원
H032 | bet   1,000원 BANKER | P:3♠ J♥ 8♥=1  B:7♠ K♠=7  BANKER(W)  | +950원 → 116,450원
H033 | bet   1,000원 BANKER | P:10♦ 6♣=6  B:8♠ 9♣=7  BANKER(W)  | +950원 → 117,400원
H034 | bet   1,000원 BANKER | P:6♥ 5♦ 4♠=5  B:2♣ J♠ 5♠=7  BANKER(W)  | +950원 → 118,350원
H035 | bet   1,000원 BANKER | P:J♦ 8♦=8  B:2♠ 9♥=1  PLAYER(L)  | -1,000원 → 117,350원  [start]
H036 | bet   2,000원 PLAYER | P:4♣ 4♣=8  B:A♣ 3♠=4  PLAYER(W)  | +2,000원 → 119,350원  [end_win]
H037 | bet   1,000원 BANKER | P:9♥ 3♦=2  B:8♠ 10♣=8  BANKER(W)  | +950원 → 120,300원
H038 | bet   1,000원 BANKER | P:9♠ A♣ 5♥=5  B:4♣ 7♠ Q♥=1  PLAYER(L)  | -1,000원 → 119,300원  [start]
H039 | bet   2,000원 PLAYER | P:6♠ 5♣ 10♠=1  B:5♠ A♠=6  BANKER(L)  | -2,000원 → 117,300원
H040 | bet   4,000원 PLAYER | P:6♦ J♠=6  B:9♥ 5♣ 3♥=7  BANKER(L)  | -4,000원 → 113,300원
H041 | bet   8,000원 PLAYER | P:2♣ 2♦ 3♦=7  B:7♣ 10♠=7  TIE(T)  |     0원 → 113,300원
H042 | bet   8,000원 PLAYER | P:J♦ J♦ 6♦=6  B:Q♣ 3♦ Q♣=3  PLAYER(W)  | +8,000원 → 121,300원  [end_win]
H043 | bet   1,000원 BANKER | P:J♥ 4♦ 6♠=0  B:7♦ 6♦ 5♠=8  BANKER(W)  | +950원 → 122,250원
H044 | bet   1,000원 BANKER | P:A♠ 6♣=7  B:9♠ 8♦=7  TIE(T)  |     0원 → 122,250원
H045 | bet   1,000원 BANKER | P:A♠ 6♥=7  B:Q♣ Q♣ 10♣=0  PLAYER(L)  | -1,000원 → 121,250원  [start]
H046 | bet   2,000원 PLAYER | P:K♥ 7♣=7  B:3♠ 9♦ 8♠=0  PLAYER(W)  | +2,000원 → 123,250원  [end_win]
H047 | bet   1,000원 BANKER | P:Q♠ K♥=0  B:9♦ 10♠=9  BANKER(W)  | +950원 → 124,200원
H048 | bet   1,000원 BANKER | P:4♦ 2♥=6  B:2♠ 7♦=9  BANKER(W)  | +950원 → 125,150원
H049 | bet   1,000원 BANKER | P:J♥ 9♦=9  B:4♦ A♥=5  PLAYER(L)  | -1,000원 → 124,150원  [start]
H050 | bet   2,000원 PLAYER | P:9♦ 6♦=5  B:Q♦ 9♣=9  BANKER(L)  | -2,000원 → 122,150원
H051 | bet   4,000원 PLAYER | P:7♠ K♦=7  B:3♠ Q♥ 2♠=5  PLAYER(W)  | +4,000원 → 126,150원  [end_win]
H052 | bet   1,000원 BANKER | P:7♠ Q♠=7  B:2♣ A♠ 10♥=3  PLAYER(L)  | -1,000원 → 125,150원  [start]
H053 | bet   2,000원 PLAYER | P:2♠ 6♥=8  B:10♥ 8♥=8  TIE(T)  |     0원 → 125,150원
H054 | bet   2,000원 PLAYER | P:K♣ J♦=0  B:7♦ A♠=8  BANKER(L)  | -2,000원 → 123,150원
H055 | bet   4,000원 PLAYER | P:A♠ 2♦=3  B:K♥ 8♠=8  BANKER(L)  | -4,000원 → 119,150원
H056 | bet   8,000원 PLAYER | P:2♣ 4♣=6  B:Q♥ 4♠ 7♣=1  PLAYER(W)  | +8,000원 → 127,150원  [end_win]
H057 | bet   1,000원 BANKER | P:2♦ K♥ Q♠=2  B:8♠ 9♠=7  BANKER(W)  | +950원 → 128,100원
H058 | bet   1,000원 BANKER | P:J♣ 8♠=8  B:10♣ 3♥=3  PLAYER(L)  | -1,000원 → 127,100원  [start]
H059 | bet   2,000원 PLAYER | P:A♠ 7♦=8  B:10♠ 8♥=8  TIE(T)  |     0원 → 127,100원
H060 | bet   2,000원 PLAYER | P:6♦ 5♥ J♠=1  B:9♦ 4♦ 4♣=7  BANKER(L)  | -2,000원 → 125,100원
H061 | bet   4,000원 PLAYER | P:J♠ 5♠ 5♦=0  B:Q♣ 4♠ 4♥=8  BANKER(L)  | -4,000원 → 121,100원
H062 | bet   8,000원 PLAYER | P:5♠ 10♦ 5♣=0  B:9♠ 4♠ 6♣=9  BANKER(L)  | -8,000원 → 113,100원
H063 | bet  16,000원 PLAYER | P:5♣ Q♣ 5♣=0  B:Q♦ 4♥ K♥=4  BANKER(L)  | -16,000원 → 97,100원  [end_giveup]
H064 | bet   1,000원 BANKER | P:5♦ J♣ 5♥=0  B:Q♦ 5♠ K♥=5  BANKER(W)  | +950원 → 98,050원
H065 | bet   1,000원 BANKER | P:9♠ 5♥ 3♥=7  B:2♦ J♥ J♠=2  PLAYER(L)  | -1,000원 → 97,050원  [start]
H066 | bet   2,000원 PLAYER | P:6♠ 4♠ J♦=0  B:3♦ A♣=4  BANKER(L)  | -2,000원 → 95,050원
H067 | bet   4,000원 PLAYER | P:9♥ 10♦=9  B:A♥ 5♦=6  PLAYER(W)  | +4,000원 → 99,050원  [end_win]
H068 | bet   1,000원 BANKER | P:5♦ 10♦ 10♣=5  B:2♥ A♥ 10♣=3  PLAYER(L)  | -1,000원 → 98,050원  [start]
H069 | bet   2,000원 PLAYER | P:5♥ K♥=5  B:6♥ 2♦=8  BANKER(L)  | -2,000원 → 96,050원
H070 | bet   4,000원 PLAYER | P:10♣ K♣ 10♥=0  B:5♥ K♣=5  BANKER(L)  | -4,000원 → 92,050원
H071 | bet   8,000원 PLAYER | P:A♠ 5♥=6  B:7♠ 7♥ K♠=4  PLAYER(W)  | +8,000원 → 100,050원  [end_win]
H072 | bet   1,000원 BANKER | P:Q♥ 10♠ 8♣=8  B:7♠ 5♣ 10♦=2  PLAYER(L)  | -1,000원 → 99,050원  [start]
H073 | bet   2,000원 PLAYER | P:6♣ 10♥=6  B:K♦ 6♦=6  TIE(T)  |     0원 → 99,050원
H074 | bet   2,000원 PLAYER | P:A♦ 10♠ J♣=1  B:5♣ 7♣ 9♥=1  TIE(T)  |     0원 → 99,050원
H075 | bet   2,000원 PLAYER | P:J♣ 3♥ K♠=3  B:4♦ J♥=4  BANKER(L)  | -2,000원 → 97,050원
H076 | bet   4,000원 PLAYER | P:2♥ 8♣ 7♥=7  B:6♥ A♣=7  TIE(T)  |     0원 → 97,050원
H077 | bet   4,000원 PLAYER | P:3♥ 7♠ J♦=0  B:J♦ 4♣=4  BANKER(L)  | -4,000원 → 93,050원
H078 | bet   8,000원 PLAYER | P:3♣ A♥ 9♣=3  B:A♣ 9♣ 9♥=9  BANKER(L)  | -8,000원 → 85,050원
H079 | bet  16,000원 PLAYER | P:4♥ 4♥=8  B:4♠ 2♠=6  PLAYER(W)  | +16,000원 → 101,050원  [end_win]
H080 | bet   1,000원 BANKER | P:6♣ 5♦=1  B:10♥ 8♣=8  BANKER(W)  | +950원 → 102,000원
H081 | bet   1,000원 BANKER | P:7♣ 10♥=7  B:3♣ J♥ 8♥=1  PLAYER(L)  | -1,000원 → 101,000원  [start]
H082 | bet   2,000원 PLAYER | P:7♥ 10♠=7  B:K♠ 9♣=9  BANKER(L)  | -2,000원 → 99,000원
H083 | bet   4,000원 PLAYER | P:10♣ 8♠=8  B:K♦ A♠=1  PLAYER(W)  | +4,000원 → 103,000원  [end_win]
H084 | bet   1,000원 BANKER | P:5♦ Q♠ 10♠=5  B:J♠ 6♣=6  BANKER(W)  | +950원 → 103,950원
H085 | bet   1,000원 BANKER | P:9♥ 4♥ 5♥=8  B:2♠ K♠ Q♥=2  PLAYER(L)  | -1,000원 → 102,950원  [start]
H086 | bet   2,000원 PLAYER | P:K♦ 7♦=7  B:K♥ 9♠=9  BANKER(L)  | -2,000원 → 100,950원
H087 | bet   4,000원 PLAYER | P:3♠ 7♠ 10♥=0  B:4♣ 2♥=6  BANKER(L)  | -4,000원 → 96,950원
H088 | bet   8,000원 PLAYER | P:9♥ 7♥=6  B:9♣ Q♥=9  BANKER(L)  | -8,000원 → 88,950원
H089 | bet  16,000원 PLAYER | P:6♠ 10♥=6  B:Q♠ 5♣ 10♠=5  PLAYER(W)  | +16,000원 → 104,950원  [end_win]
H090 | bet   1,000원 BANKER | P:10♣ 9♠=9  B:5♦ Q♣=5  PLAYER(L)  | -1,000원 → 103,950원  [start]
H091 | bet   2,000원 PLAYER | P:9♦ 4♣ 6♥=9  B:3♠ 4♦=7  PLAYER(W)  | +2,000원 → 105,950원  [end_win]
H092 | bet   1,000원 BANKER | P:6♦ 9♥ Q♣=5  B:4♠ A♣=5  TIE(T)  |     0원 → 105,950원
H093 | bet   1,000원 BANKER | P:K♦ J♣ K♥=0  B:2♥ K♥ 8♦=0  TIE(T)  |     0원 → 105,950원
H094 | bet   1,000원 BANKER | P:Q♦ Q♣ 3♣=3  B:6♣ 10♥=6  BANKER(W)  | +950원 → 106,900원
H095 | bet   1,000원 BANKER | P:6♥ 5♣=1  B:8♠ K♠=8  BANKER(W)  | +950원 → 107,850원
H096 | bet   1,000원 BANKER | P:5♠ 8♣ 8♣=1  B:6♠ J♥=6  BANKER(W)  | +950원 → 108,800원
H097 | bet   1,000원 BANKER | P:J♥ 5♥ 5♦=0  B:Q♣ 2♥ 5♥=7  BANKER(W)  | +950원 → 109,750원
H098 | bet   1,000원 BANKER | P:Q♥ 6♠=6  B:4♦ 7♣ 6♠=7  BANKER(W)  | +950원 → 110,700원
H099 | bet   1,000원 BANKER | P:9♦ 3♣=2  B:9♥ 9♠=8  BANKER(W)  | +950원 → 111,650원
H100 | bet   1,000원 BANKER | P:3♦ 10♠ 9♣=2  B:A♦ 4♥=5  BANKER(W)  | +950원 → 112,600원
H101 | bet   1,000원 BANKER | P:4♥ 8♣ 2♠=4  B:A♥ 6♦=7  BANKER(W)  | +950원 → 113,550원
H102 | bet   1,000원 BANKER | P:Q♠ K♣ 10♣=0  B:6♣ 10♠=6  BANKER(W)  | +950원 → 114,500원
H103 | bet   1,000원 BANKER | P:9♠ K♣=9  B:J♠ 2♠=2  PLAYER(L)  | -1,000원 → 113,500원  [start]
H104 | bet   2,000원 PLAYER | P:10♥ 5♦ 7♠=2  B:7♦ 5♥ 9♣=1  PLAYER(W)  | +2,000원 → 115,500원  [end_win]
H105 | bet   1,000원 BANKER | P:7♥ 10♥=7  B:A♥ A♠ K♦=2  PLAYER(L)  | -1,000원 → 114,500원  [start]
H106 | bet   2,000원 PLAYER | P:9♥ 8♠=7  B:A♣ 9♥ 5♠=5  PLAYER(W)  | +2,000원 → 116,500원  [end_win]
H107 | bet   1,000원 BANKER | P:A♥ 5♥=6  B:6♣ 6♦ 3♥=5  PLAYER(L)  | -1,000원 → 115,500원  [start]
H108 | bet   2,000원 PLAYER | P:J♣ J♠=0  B:4♥ 5♦=9  BANKER(L)  | -2,000원 → 113,500원
H109 | bet   4,000원 PLAYER | P:2♣ 8♥ 6♠=6  B:7♣ K♥=7  BANKER(L)  | -4,000원 → 109,500원
H110 | bet   8,000원 PLAYER | P:Q♣ 10♣ 4♣=4  B:9♦ A♦ J♦=0  PLAYER(W)  | +8,000원 → 117,500원  [end_win]
H111 | bet   1,000원 BANKER | P:9♣ 4♠ 6♥=9  B:A♦ A♦ 8♥=0  PLAYER(L)  | -1,000원 → 116,500원  [start]
H112 | bet   2,000원 PLAYER | P:7♠ 7♥ K♠=4  B:6♦ 10♣=6  BANKER(L)  | -2,000원 → 114,500원
H113 | bet   4,000원 PLAYER | P:10♥ 2♣=2  B:Q♦ 8♦=8  BANKER(L)  | -4,000원 → 110,500원
H114 | bet   8,000원 PLAYER | P:J♦ A♦ 2♦=3  B:6♠ J♥=6  BANKER(L)  | -8,000원 → 102,500원
H115 | bet  16,000원 PLAYER | P:5♣ 2♣=7  B:3♠ 2♠ 6♠=1  PLAYER(W)  | +16,000원 → 118,500원  [end_win]
H116 | bet   1,000원 BANKER | P:8♦ 3♥ 7♣=8  B:7♠ 8♠ 2♠=7  PLAYER(L)  | -1,000원 → 117,500원  [start]
H117 | bet   2,000원 PLAYER | P:10♦ A♦=1  B:2♦ 7♠=9  BANKER(L)  | -2,000원 → 115,500원
H118 | bet   4,000원 PLAYER | P:A♠ 9♣=0  B:7♦ 2♦=9  BANKER(L)  | -4,000원 → 111,500원
H119 | bet   8,000원 PLAYER | P:8♦ 10♥=8  B:5♥ J♥=5  PLAYER(W)  | +8,000원 → 119,500원  [end_win]
H120 | bet   1,000원 BANKER | P:3♦ Q♠=3  B:5♥ 4♠=9  BANKER(W)  | +950원 → 120,450원
H121 | bet   1,000원 BANKER | P:K♥ 4♠ 6♦=0  B:5♦ 8♦ 10♠=3  BANKER(W)  | +950원 → 121,400원
H122 | bet   1,000원 BANKER | P:3♥ Q♦ 2♣=5  B:3♠ A♥ J♠=4  PLAYER(L)  | -1,000원 → 120,400원  [start]
H123 | bet   2,000원 PLAYER | P:K♠ 9♥=9  B:J♣ A♠=1  PLAYER(W)  | +2,000원 → 122,400원  [end_win]
H124 | bet   1,000원 BANKER | P:8♣ 5♣ 3♦=6  B:J♣ Q♦ K♣=0  PLAYER(L)  | -1,000원 → 121,400원  [start]
H125 | bet   2,000원 PLAYER | P:7♥ 5♣=2  B:9♠ 9♦=8  BANKER(L)  | -2,000원 → 119,400원
H126 | bet   4,000원 PLAYER | P:A♠ 8♣=9  B:3♥ 7♣=0  PLAYER(W)  | +4,000원 → 123,400원  [end_win]
H127 | bet   1,000원 BANKER | P:7♥ 4♥ 7♥=8  B:3♥ J♣ 2♥=5  PLAYER(L)  | -1,000원 → 122,400원  [start]
H128 | bet   2,000원 PLAYER | P:2♥ 9♦=1  B:A♥ 7♣=8  BANKER(L)  | -2,000원 → 120,400원
H129 | bet   4,000원 PLAYER | P:K♠ 7♣=7  B:J♣ 2♦ 10♣=2  PLAYER(W)  | +4,000원 → 124,400원  [end_win]
H130 | bet   1,000원 BANKER | P:K♠ 10♣ A♥=1  B:Q♥ J♠ 5♠=5  BANKER(W)  | +950원 → 125,350원
H131 | bet   1,000원 BANKER | P:10♠ 8♦=8  B:A♦ K♠=1  PLAYER(L)  | -1,000원 → 124,350원  [start]
H132 | bet   2,000원 PLAYER | P:K♥ 4♦ 5♠=9  B:Q♣ 3♦ 4♣=7  PLAYER(W)  | +2,000원 → 126,350원  [end_win]
H133 | bet   1,000원 BANKER | P:9♦ A♣=0  B:4♦ 5♣=9  BANKER(W)  | +950원 → 127,300원
H134 | bet   1,000원 BANKER | P:3♦ 9♠=2  B:Q♠ 8♠=8  BANKER(W)  | +950원 → 128,250원
H135 | bet   1,000원 BANKER | P:5♥ 3♣=8  B:6♦ 7♦=3  PLAYER(L)  | -1,000원 → 127,250원  [start]
H136 | bet   2,000원 PLAYER | P:2♣ 4♠=6  B:5♠ 9♠ 4♣=8  BANKER(L)  | -2,000원 → 125,250원
H137 | bet   4,000원 PLAYER | P:2♠ 3♦ 8♣=3  B:6♣ A♥=7  BANKER(L)  | -4,000원 → 121,250원
H138 | bet   8,000원 PLAYER | P:2♥ 8♠=0  B:8♦ J♦=8  BANKER(L)  | -8,000원 → 113,250원
H139 | bet  16,000원 PLAYER | P:J♥ 5♦ 4♦=9  B:J♦ K♠ Q♣=0  PLAYER(W)  | +16,000원 → 129,250원  [end_win]
H140 | bet   1,000원 BANKER | P:7♥ Q♦=7  B:6♣ 5♣ 2♥=3  PLAYER(L)  | -1,000원 → 128,250원  [start]
H141 | bet   2,000원 PLAYER | P:5♣ 10♠ K♣=5  B:4♦ 6♣ 3♣=3  PLAYER(W)  | +2,000원 → 130,250원  [end_win]
H142 | bet   1,000원 BANKER | P:2♣ A♠ 3♠=6  B:3♥ 3♥=6  TIE(T)  |     0원 → 130,250원
H143 | bet   1,000원 BANKER | P:4♥ 2♦=6  B:8♥ A♠=9  BANKER(W)  | +950원 → 131,200원
H144 | bet   1,000원 BANKER | P:J♦ 4♠=4  B:9♦ J♠=9  BANKER(W)  | +950원 → 132,150원
H145 | bet   1,000원 BANKER | P:8♥ 4♣ 7♦=9  B:2♦ 4♠ 8♠=4  PLAYER(L)  | -1,000원 → 131,150원  [start]
H146 | bet   2,000원 PLAYER | P:J♦ 3♦=3  B:9♣ Q♣=9  BANKER(L)  | -2,000원 → 129,150원
H147 | bet   4,000원 PLAYER | P:6♣ K♦=6  B:Q♥ 10♦ K♥=0  PLAYER(W)  | +4,000원 → 133,150원  [end_win]
H148 | bet   1,000원 BANKER | P:J♠ 8♣=8  B:2♦ 3♦=5  PLAYER(L)  | -1,000원 → 132,150원  [start]
H149 | bet   2,000원 PLAYER | P:3♣ 8♥=1  B:8♥ J♦=8  BANKER(L)  | -2,000원 → 130,150원
H150 | bet   4,000원 PLAYER | P:10♦ 7♣=7  B:3♣ J♥ 4♥=7  TIE(T)  |     0원 → 130,150원
H151 | bet   4,000원 PLAYER | P:K♦ 2♠ 8♣=0  B:Q♦ 6♥=6  BANKER(L)  | -4,000원 → 126,150원
H152 | bet   8,000원 PLAYER | P:7♣ A♦=8  B:8♥ 3♣=1  PLAYER(W)  | +8,000원 → 134,150원  [end_win]
H153 | bet   1,000원 BANKER | P:J♣ 2♥=2  B:4♣ 5♠=9  BANKER(W)  | +950원 → 135,100원
H154 | bet   1,000원 BANKER | P:7♠ Q♠=7  B:K♦ 6♦=6  PLAYER(L)  | -1,000원 → 134,100원  [start]
H155 | bet   2,000원 PLAYER | P:10♠ 4♦ 6♠=0  B:3♠ 4♦=7  BANKER(L)  | -2,000원 → 132,100원
H156 | bet   4,000원 PLAYER | P:9♣ 7♦=6  B:K♣ 3♣ 9♠=2  PLAYER(W)  | +4,000원 → 136,100원  [end_win]
H157 | bet   1,000원 BANKER | P:8♦ J♦=8  B:8♠ 10♦=8  TIE(T)  |     0원 → 136,100원
H158 | bet   1,000원 BANKER | P:J♥ 10♦ 10♦=0  B:4♣ A♣=5  BANKER(W)  | +950원 → 137,050원
H159 | bet   1,000원 BANKER | P:5♠ 5♦ 7♠=7  B:K♦ K♣ 3♥=3  PLAYER(L)  | -1,000원 → 136,050원  [start]
H160 | bet   2,000원 PLAYER | P:Q♥ A♠ Q♠=1  B:J♥ J♣ K♣=0  PLAYER(W)  | +2,000원 → 138,050원  [end_win]
H161 | bet   1,000원 BANKER | P:6♥ 6♦ Q♠=2  B:4♠ 2♦=6  BANKER(W)  | +950원 → 139,000원
H162 | bet   1,000원 BANKER | P:Q♥ 9♥=9  B:Q♥ J♠=0  PLAYER(L)  | -1,000원 → 138,000원  [start]
H163 | bet   2,000원 PLAYER | P:A♣ 8♥=9  B:7♠ 7♥=4  PLAYER(W)  | +2,000원 → 140,000원  [end_win]
H164 | bet   1,000원 BANKER | P:10♥ 2♠ 9♣=1  B:K♣ 6♥=6  BANKER(W)  | +950원 → 140,950원
H165 | bet   1,000원 BANKER | P:10♦ 3♠ Q♦=3  B:K♥ A♣ A♣=2  PLAYER(L)  | -1,000원 → 139,950원  [start]
H166 | bet   2,000원 PLAYER | P:6♥ 9♦ 4♥=9  B:5♠ A♥=6  PLAYER(W)  | +2,000원 → 141,950원  [end_win]
H167 | bet   1,000원 BANKER | P:3♥ 8♥ Q♦=1  B:7♦ 5♥ 4♠=6  BANKER(W)  | +950원 → 142,900원
H168 | bet   1,000원 BANKER | P:9♠ 8♦=7  B:7♣ 7♠ 8♠=2  PLAYER(L)  | -1,000원 → 141,900원  [start]
H169 | bet   2,000원 PLAYER | P:3♠ K♠ Q♣=3  B:2♠ 2♠=4  BANKER(L)  | -2,000원 → 139,900원
H170 | bet   4,000원 PLAYER | P:5♦ 9♦=4  B:A♠ 8♦=9  BANKER(L)  | -4,000원 → 135,900원
H171 | bet   8,000원 PLAYER | P:A♣ 6♣=7  B:2♣ J♠ 8♣=0  PLAYER(W)  | +8,000원 → 143,900원  [end_win]
H172 | bet   1,000원 BANKER | P:Q♥ 9♣=9  B:A♦ 4♥=5  PLAYER(L)  | -1,000원 → 142,900원  [start]
H173 | bet   2,000원 PLAYER | P:Q♥ 7♠=7  B:K♦ 8♦=8  BANKER(L)  | -2,000원 → 140,900원
H174 | bet   4,000원 PLAYER | P:5♥ Q♠ 4♣=9  B:6♥ 7♠ 4♣=7  PLAYER(W)  | +4,000원 → 144,900원  [end_win]
H175 | bet   1,000원 BANKER | P:A♥ Q♠ 3♦=4  B:4♠ 3♥=7  BANKER(W)  | +950원 → 145,850원
H176 | bet   1,000원 BANKER | P:5♥ 4♦=9  B:2♣ A♣=3  PLAYER(L)  | -1,000원 → 144,850원  [start]
H177 | bet   2,000원 PLAYER | P:J♣ 4♣ 10♥=4  B:K♥ 6♥=6  BANKER(L)  | -2,000원 → 142,850원
H178 | bet   4,000원 PLAYER | P:6♦ 4♣ 8♠=8  B:9♠ 7♣=6  PLAYER(W)  | +4,000원 → 146,850원  [end_win]
H179 | bet   1,000원 BANKER | P:8♥ K♣=8  B:10♦ 5♦=5  PLAYER(L)  | -1,000원 → 145,850원  [start]
H180 | bet   2,000원 PLAYER | P:6♣ Q♦=6  B:K♠ 4♥ 2♣=6  TIE(T)  |     0원 → 145,850원
H181 | bet   2,000원 PLAYER | P:4♦ 3♣=7  B:9♣ 6♠ 10♥=5  PLAYER(W)  | +2,000원 → 147,850원  [end_win]
H182 | bet   1,000원 BANKER | P:A♥ 10♠ 2♠=3  B:8♦ 8♣=6  BANKER(W)  | +950원 → 148,800원
H183 | bet   1,000원 BANKER | P:K♦ 5♦ K♥=5  B:J♥ K♦ 8♦=8  BANKER(W)  | +950원 → 149,750원
H184 | bet   1,000원 BANKER | P:3♦ 7♦=0  B:3♣ 6♣=9  BANKER(W)  | +950원 → 150,700원
H185 | bet   1,000원 BANKER | P:7♠ A♠=8  B:8♠ 4♥=2  PLAYER(L)  | -1,000원 → 149,700원  [start]
H186 | bet   2,000원 PLAYER | P:2♦ 7♦=9  B:K♣ J♠=0  PLAYER(W)  | +2,000원 → 151,700원  [end_win]
H187 | bet   1,000원 BANKER | P:Q♦ Q♦ 4♣=4  B:J♣ J♠ 6♠=6  BANKER(W)  | +950원 → 152,650원
H188 | bet   1,000원 BANKER | P:10♠ 10♦ 2♥=2  B:J♦ 7♥=7  BANKER(W)  | +950원 → 153,600원
H189 | bet   1,000원 BANKER | P:6♣ 3♣=9  B:3♦ K♥=3  PLAYER(L)  | -1,000원 → 152,600원  [start]
H190 | bet   2,000원 PLAYER | P:10♣ 8♣=8  B:6♦ Q♠=6  PLAYER(W)  | +2,000원 → 154,600원  [end_win]
H191 | bet   1,000원 BANKER | P:Q♦ J♦ 5♣=5  B:2♦ 8♠ 8♦=8  BANKER(W)  | +950원 → 155,550원
H192 | bet   1,000원 BANKER | P:9♥ A♦ K♦=0  B:4♦ 3♥=7  BANKER(W)  | +950원 → 156,500원
H193 | bet   1,000원 BANKER | P:A♠ 10♦ 7♣=8  B:7♦ K♥=7  PLAYER(L)  | -1,000원 → 155,500원  [start]
H194 | bet   2,000원 PLAYER | P:10♠ 8♥=8  B:K♦ Q♥=0  PLAYER(W)  | +2,000원 → 157,500원  [end_win]
H195 | bet   1,000원 BANKER | P:5♦ 5♦ 5♦=5  B:3♥ 10♦ Q♥=3  PLAYER(L)  | -1,000원 → 156,500원  [start]
H196 | bet   2,000원 PLAYER | P:6♥ 4♦=0  B:K♣ 9♦=9  BANKER(L)  | -2,000원 → 154,500원
H197 | bet   4,000원 PLAYER | P:A♠ 6♦=7  B:A♣ 6♠=7  TIE(T)  |     0원 → 154,500원
H198 | bet   4,000원 PLAYER | P:9♥ 6♥ 2♣=7  B:2♠ 2♥ 7♣=1  PLAYER(W)  | +4,000원 → 158,500원  [end_win]
H199 | bet   1,000원 BANKER | P:5♣ 9♥ 10♣=4  B:A♦ Q♠ 8♥=9  BANKER(W)  | +950원 → 159,450원
H200 | bet   1,000원 BANKER | P:6♦ 5♥ J♥=1  B:10♥ Q♠ A♥=1  TIE(T)  |     0원 → 159,450원
H201 | bet   1,000원 BANKER | P:2♣ 10♥ K♣=2  B:6♥ Q♣=6  BANKER(W)  | +950원 → 160,400원
H202 | bet   1,000원 BANKER | P:10♣ J♥ K♠=0  B:8♦ 7♦=5  BANKER(W)  | +950원 → 161,350원
H203 | bet   1,000원 BANKER | P:J♦ 5♥ K♥=5  B:J♦ 4♥=4  PLAYER(L)  | -1,000원 → 160,350원  [start]
H204 | bet   2,000원 PLAYER | P:10♦ 9♣=9  B:6♦ K♦=6  PLAYER(W)  | +2,000원 → 162,350원  [end_win]
H205 | bet   1,000원 BANKER | P:3♣ K♥ J♦=3  B:K♥ 7♦=7  BANKER(W)  | +950원 → 163,300원
H206 | bet   1,000원 BANKER | P:8♠ 9♣=7  B:5♣ Q♠ 7♣=2  PLAYER(L)  | -1,000원 → 162,300원  [start]
H207 | bet   2,000원 PLAYER | P:10♦ 6♥=6  B:A♥ 3♣ 3♦=7  BANKER(L)  | -2,000원 → 160,300원
H208 | bet   4,000원 PLAYER | P:5♣ 9♥ 4♥=8  B:3♣ 9♠ 9♦=1  PLAYER(W)  | +4,000원 → 164,300원  [end_win]
H209 | bet   1,000원 BANKER | P:9♦ 4♦ 6♥=9  B:2♠ 2♥ 9♣=3  PLAYER(L)  | -1,000원 → 163,300원  [start]
H210 | bet   2,000원 PLAYER | P:4♠ 9♦ K♠=3  B:4♥ 2♠=6  BANKER(L)  | -2,000원 → 161,300원
H211 | bet   4,000원 PLAYER | P:3♥ 2♠ 6♠=1  B:5♣ A♠ 6♦=2  BANKER(L)  | -4,000원 → 157,300원
H212 | bet   8,000원 PLAYER | P:5♥ A♥=6  B:8♣ K♣=8  BANKER(L)  | -8,000원 → 149,300원
H213 | bet  16,000원 PLAYER | P:A♠ K♥ A♥=2  B:4♥ 7♠ 2♥=3  BANKER(L)  | -16,000원 → 133,300원  [end_giveup]
H214 | bet   1,000원 BANKER | P:9♠ 2♦ 8♦=9  B:J♣ J♥ 2♣=2  PLAYER(L)  | -1,000원 → 132,300원  [start]
H215 | bet   2,000원 PLAYER | P:8♣ Q♣=8  B:9♠ 7♦=6  PLAYER(W)  | +2,000원 → 134,300원  [end_win]
H216 | bet   1,000원 BANKER | P:7♥ 5♣ Q♣=2  B:8♣ 9♠=7  BANKER(W)  | +950원 → 135,250원
H217 | bet   1,000원 BANKER | P:9♥ 2♥ 3♦=4  B:6♠ 7♥ 2♦=5  BANKER(W)  | +950원 → 136,200원
H218 | bet   1,000원 BANKER | P:J♥ 7♣=7  B:3♦ 8♠ 10♣=1  PLAYER(L)  | -1,000원 → 135,200원  [start]
H219 | bet   2,000원 PLAYER | P:6♠ 7♣ Q♥=3  B:5♠ J♣=5  BANKER(L)  | -2,000원 → 133,200원
H220 | bet   4,000원 PLAYER | P:K♣ 7♥=7  B:4♣ A♣ 10♥=5  PLAYER(W)  | +4,000원 → 137,200원  [end_win]
H221 | bet   1,000원 BANKER | P:A♣ J♦ J♣=1  B:3♦ 7♦ J♠=0  PLAYER(L)  | -1,000원 → 136,200원  [start]
H222 | bet   2,000원 PLAYER | P:A♣ 6♠=7  B:5♠ K♠ 8♠=3  PLAYER(W)  | +2,000원 → 138,200원  [end_win]
H223 | bet   1,000원 BANKER | P:4♣ 8♥ J♣=2  B:6♣ 10♥=6  BANKER(W)  | +950원 → 139,150원
H224 | bet   1,000원 BANKER | P:Q♣ 6♦=6  B:Q♥ 7♥=7  BANKER(W)  | +950원 → 140,100원
H225 | bet   1,000원 BANKER | P:10♥ 8♥=8  B:2♥ 3♠=5  PLAYER(L)  | -1,000원 → 139,100원  [start]
H226 | bet   2,000원 PLAYER | P:K♠ J♠ 4♥=4  B:2♥ Q♣ 10♣=2  PLAYER(W)  | +2,000원 → 141,100원  [end_win]
H227 | bet   1,000원 BANKER | P:10♣ A♦ 4♣=5  B:7♠ J♠=7  BANKER(W)  | +950원 → 142,050원
H228 | bet   1,000원 BANKER | P:10♠ J♥ A♠=1  B:2♠ 3♠=5  BANKER(W)  | +950원 → 143,000원
H229 | bet   1,000원 BANKER | P:A♦ Q♠ 10♣=1  B:J♦ 2♥ 10♠=2  BANKER(W)  | +950원 → 143,950원
H230 | bet   1,000원 BANKER | P:4♠ 4♠=8  B:K♦ J♠=0  PLAYER(L)  | -1,000원 → 142,950원  [start]
H231 | bet   2,000원 PLAYER | P:9♥ Q♦=9  B:J♠ 3♠=3  PLAYER(W)  | +2,000원 → 144,950원  [end_win]
H232 | bet   1,000원 BANKER | P:6♣ 10♠=6  B:10♣ 4♦ 3♠=7  BANKER(W)  | +950원 → 145,900원
H233 | bet   1,000원 BANKER | P:9♣ 3♣ 6♥=8  B:4♦ Q♦ A♠=5  PLAYER(L)  | -1,000원 → 144,900원  [start]
H234 | bet   2,000원 PLAYER | P:K♣ A♣ 3♥=4  B:2♦ 8♥ 9♣=9  BANKER(L)  | -2,000원 → 142,900원
H235 | bet   4,000원 PLAYER | P:J♣ 4♠ 5♠=9  B:9♦ 8♥=7  PLAYER(W)  | +4,000원 → 146,900원  [end_win]
H236 | bet   1,000원 BANKER | P:5♦ Q♣ K♦=5  B:7♠ 4♠ Q♣=1  PLAYER(L)  | -1,000원 → 145,900원  [start]
H237 | bet   2,000원 PLAYER | P:9♥ 7♣=6  B:10♠ 6♣=6  TIE(T)  |     0원 → 145,900원
H238 | bet   2,000원 PLAYER | P:7♥ 5♠=2  B:8♣ 10♦=8  BANKER(L)  | -2,000원 → 143,900원
H239 | bet   4,000원 PLAYER | P:K♠ 10♠ 10♥=0  B:9♥ 2♦ A♦=2  BANKER(L)  | -4,000원 → 139,900원
H240 | bet   8,000원 PLAYER | P:J♦ 5♣ 3♠=8  B:7♠ 6♣ 9♠=2  PLAYER(W)  | +8,000원 → 147,900원  [end_win]
H241 | bet   1,000원 BANKER | P:5♠ 10♦=5  B:Q♥ 9♦=9  BANKER(W)  | +950원 → 148,850원
H242 | bet   1,000원 BANKER | P:J♣ 7♥=7  B:2♦ J♥ Q♠=2  PLAYER(L)  | -1,000원 → 147,850원  [start]
H243 | bet   2,000원 PLAYER | P:4♦ A♦ 5♥=0  B:A♥ 6♠=7  BANKER(L)  | -2,000원 → 145,850원
H244 | bet   4,000원 PLAYER | P:Q♦ 3♥=3  B:6♦ 3♥=9  BANKER(L)  | -4,000원 → 141,850원
H245 | bet   8,000원 PLAYER | P:5♣ K♣ Q♥=5  B:9♦ 5♥=4  PLAYER(W)  | +8,000원 → 149,850원  [end_win]
H246 | bet   1,000원 BANKER | P:5♠ 4♠=9  B:3♠ 9♣=2  PLAYER(L)  | -1,000원 → 148,850원  [start]
H247 | bet   2,000원 PLAYER | P:3♠ 9♠ 2♣=4  B:5♦ A♦=6  BANKER(L)  | -2,000원 → 146,850원
H248 | bet   4,000원 PLAYER | P:5♥ 9♥ A♦=5  B:A♥ 5♦=6  BANKER(L)  | -4,000원 → 142,850원
H249 | bet   8,000원 PLAYER | P:2♣ 9♥ 3♥=4  B:K♠ A♦ 10♦=1  PLAYER(W)  | +8,000원 → 150,850원  [end_win]
H250 | bet   1,000원 BANKER | P:10♦ Q♥ 4♣=4  B:8♥ 6♥ 2♠=6  BANKER(W)  | +950원 → 151,800원
H251 | bet   1,000원 BANKER | P:J♥ A♥ 3♣=4  B:8♥ 2♥ Q♠=0  PLAYER(L)  | -1,000원 → 150,800원  [start]
H252 | bet   2,000원 PLAYER | P:5♣ 2♦=7  B:K♣ K♥ 6♦=6  PLAYER(W)  | +2,000원 → 152,800원  [end_win]
H253 | bet   1,000원 BANKER | P:2♣ 9♠=1  B:9♣ 10♥=9  BANKER(W)  | +950원 → 153,750원
H254 | bet   1,000원 BANKER | P:8♣ 6♦=4  B:6♠ 3♠=9  BANKER(W)  | +950원 → 154,700원
H255 | bet   1,000원 BANKER | P:J♠ 7♥=7  B:7♠ 5♦ 2♣=4  PLAYER(L)  | -1,000원 → 153,700원  [start]
H256 | bet   2,000원 PLAYER | P:9♥ A♠ Q♣=0  B:7♦ 7♠=4  BANKER(L)  | -2,000원 → 151,700원
H257 | bet   4,000원 PLAYER | P:2♠ 4♥=6  B:9♣ 5♣ K♣=4  PLAYER(W)  | +4,000원 → 155,700원  [end_win]
H258 | bet   1,000원 BANKER | P:5♣ 6♣ 3♥=4  B:6♠ A♠=7  BANKER(W)  | +950원 → 156,650원
H259 | bet   1,000원 BANKER | P:2♥ A♣ 5♥=8  B:8♣ 8♣=6  PLAYER(L)  | -1,000원 → 155,650원  [start]
H260 | bet   2,000원 PLAYER | P:7♥ 9♠=6  B:8♥ 5♦ 3♥=6  TIE(T)  |     0원 → 155,650원
H261 | bet   2,000원 PLAYER | P:7♣ 8♦ 3♣=8  B:K♦ 4♦ J♦=4  PLAYER(W)  | +2,000원 → 157,650원  [end_win]
H262 | bet   1,000원 BANKER | P:6♥ 10♠=6  B:9♥ 7♠=6  TIE(T)  |     0원 → 157,650원
H263 | bet   1,000원 BANKER | P:A♥ 2♠ J♥=3  B:A♥ 5♥=6  BANKER(W)  | +950원 → 158,600원
H264 | bet   1,000원 BANKER | P:J♣ 4♦ 4♦=8  B:10♣ K♣ 3♥=3  PLAYER(L)  | -1,000원 → 157,600원  [start]
H265 | bet   2,000원 PLAYER | P:3♣ Q♦ 2♦=5  B:10♦ Q♠ K♣=0  PLAYER(W)  | +2,000원 → 159,600원  [end_win]
H266 | bet   1,000원 BANKER | P:5♥ A♠=6  B:10♠ 5♣ 10♥=5  PLAYER(L)  | -1,000원 → 158,600원  [start]
H267 | bet   2,000원 PLAYER | P:K♣ Q♣ 5♠=5  B:Q♦ 5♥ J♠=5  TIE(T)  |     0원 → 158,600원
H268 | bet   2,000원 PLAYER | P:2♣ J♦ 5♦=7  B:7♣ 10♣=7  TIE(T)  |     0원 → 158,600원
H269 | bet   2,000원 PLAYER | P:J♥ 7♣=7  B:9♦ 4♥ 10♣=3  PLAYER(W)  | +2,000원 → 160,600원  [end_win]
H270 | bet   1,000원 BANKER | P:2♥ 6♣=8  B:J♦ 4♥=4  PLAYER(L)  | -1,000원 → 159,600원  [start]
H271 | bet   2,000원 PLAYER | P:2♦ 10♥ 8♠=0  B:A♦ 3♣=4  BANKER(L)  | -2,000원 → 157,600원
H272 | bet   4,000원 PLAYER | P:Q♣ 4♠=4  B:Q♥ 9♦=9  BANKER(L)  | -4,000원 → 153,600원
H273 | bet   8,000원 PLAYER | P:2♠ K♣=2  B:7♠ A♦=8  BANKER(L)  | -8,000원 → 145,600원
H274 | bet  16,000원 PLAYER | P:J♦ A♦ 10♣=1  B:Q♥ J♠ 4♥=4  BANKER(L)  | -16,000원 → 129,600원  [end_giveup]
H275 | bet   1,000원 BANKER | P:7♠ J♥=7  B:6♥ 3♦=9  BANKER(W)  | +950원 → 130,550원
H276 | bet   1,000원 BANKER | P:8♠ 4♣ 10♣=2  B:7♣ Q♠=7  BANKER(W)  | +950원 → 131,500원
H277 | bet   1,000원 BANKER | P:4♣ 10♥ 7♣=1  B:7♦ 6♠ 6♥=9  BANKER(W)  | +950원 → 132,450원
H278 | bet   1,000원 BANKER | P:7♥ K♠=7  B:A♦ 10♣ 8♥=9  BANKER(W)  | +950원 → 133,400원
H279 | bet   1,000원 BANKER | P:2♥ 2♣ J♣=4  B:J♣ J♣ 3♦=3  PLAYER(L)  | -1,000원 → 132,400원  [start]
H280 | bet   2,000원 PLAYER | P:5♣ 5♠ 6♥=6  B:2♠ 5♣=7  BANKER(L)  | -2,000원 → 130,400원
H281 | bet   4,000원 PLAYER | P:4♠ 7♣ 10♣=1  B:5♦ Q♦=5  BANKER(L)  | -4,000원 → 126,400원
H282 | bet   8,000원 PLAYER | P:2♠ Q♠=2  B:J♠ 8♠=8  BANKER(L)  | -8,000원 → 118,400원
H283 | bet  16,000원 PLAYER | P:4♣ A♠ 3♦=8  B:A♥ 6♣=7  PLAYER(W)  | +16,000원 → 134,400원  [end_win]
H284 | bet   1,000원 BANKER | P:4♥ A♠ 8♥=3  B:K♠ 2♥ 5♦=7  BANKER(W)  | +950원 → 135,350원
H285 | bet   1,000원 BANKER | P:A♣ 6♣=7  B:9♣ 7♦=6  PLAYER(L)  | -1,000원 → 134,350원  [start]
H286 | bet   2,000원 PLAYER | P:3♠ 5♦=8  B:2♣ 6♦=8  TIE(T)  |     0원 → 134,350원
H287 | bet   2,000원 PLAYER | P:7♥ Q♣=7  B:K♠ 8♥=8  BANKER(L)  | -2,000원 → 132,350원
H288 | bet   4,000원 PLAYER | P:4♠ 9♦ K♠=3  B:6♣ 8♦=4  BANKER(L)  | -4,000원 → 128,350원
H289 | bet   8,000원 PLAYER | P:9♦ 5♥ 8♥=2  B:5♠ 5♠ 6♠=6  BANKER(L)  | -8,000원 → 120,350원
H290 | bet  16,000원 PLAYER | P:2♣ 6♣=8  B:8♦ K♦=8  TIE(T)  |     0원 → 120,350원
H291 | bet  16,000원 PLAYER | P:K♣ K♠ Q♥=0  B:A♣ 3♠=4  BANKER(L)  | -16,000원 → 104,350원  [end_giveup]
H292 | bet   1,000원 BANKER | P:3♥ 6♦=9  B:2♠ K♠=2  PLAYER(L)  | -1,000원 → 103,350원  [start]
H293 | bet   2,000원 PLAYER | P:7♣ K♥=7  B:10♣ J♣ A♠=1  PLAYER(W)  | +2,000원 → 105,350원  [end_win]
H294 | bet   1,000원 BANKER | P:5♠ 7♥ J♣=2  B:9♣ A♦ 3♥=3  BANKER(W)  | +950원 → 106,300원
H295 | bet   1,000원 BANKER | P:J♦ 8♠=8  B:K♥ Q♦=0  PLAYER(L)  | -1,000원 → 105,300원  [start]
H296 | bet   2,000원 PLAYER | P:5♣ 3♣=8  B:8♥ 6♥=4  PLAYER(W)  | +2,000원 → 107,300원  [end_win]
H297 | bet   1,000원 BANKER | P:10♦ 10♠=0  B:A♦ 8♣=9  BANKER(W)  | +950원 → 108,250원
H298 | bet   1,000원 BANKER | P:4♣ 4♦=8  B:10♥ 4♠=4  PLAYER(L)  | -1,000원 → 107,250원  [start]
H299 | bet   2,000원 PLAYER | P:Q♠ 8♣=8  B:Q♣ 4♦=4  PLAYER(W)  | +2,000원 → 109,250원  [end_win]
H300 | bet   1,000원 BANKER | P:6♣ J♠=6  B:5♣ 9♦ 4♦=8  BANKER(W)  | +950원 → 110,200원
H301 | bet   1,000원 BANKER | P:A♣ 3♠ 2♦=6  B:2♦ Q♦ A♥=3  PLAYER(L)  | -1,000원 → 109,200원  [start]
H302 | bet   2,000원 PLAYER | P:A♥ 7♠=8  B:3♠ Q♥=3  PLAYER(W)  | +2,000원 → 111,200원  [end_win]
H303 | bet   1,000원 BANKER | P:8♠ Q♥=8  B:8♠ 2♦=0  PLAYER(L)  | -1,000원 → 110,200원  [start]
H304 | bet   2,000원 PLAYER | P:7♦ K♦=7  B:8♣ 6♥ 3♥=7  TIE(T)  |     0원 → 110,200원
H305 | bet   2,000원 PLAYER | P:K♦ A♣ 3♣=4  B:10♦ 10♠ Q♣=0  PLAYER(W)  | +2,000원 → 112,200원  [end_win]
H306 | bet   1,000원 BANKER | P:9♦ 6♣ Q♣=5  B:9♣ 8♦=7  BANKER(W)  | +950원 → 113,150원
H307 | bet   1,000원 BANKER | P:10♥ 10♠ Q♠=0  B:A♠ J♥ 4♣=5  BANKER(W)  | +950원 → 114,100원
H308 | bet   1,000원 BANKER | P:7♦ 10♦=7  B:8♦ 4♣ K♦=2  PLAYER(L)  | -1,000원 → 113,100원  [start]
H309 | bet   2,000원 PLAYER | P:3♦ K♣ 3♦=6  B:J♦ 7♠=7  BANKER(L)  | -2,000원 → 111,100원
H310 | bet   4,000원 PLAYER | P:4♠ 6♥ 4♥=4  B:A♣ 10♥ 3♠=4  TIE(T)  |     0원 → 111,100원
H311 | bet   4,000원 PLAYER | P:A♣ 3♠ 6♠=0  B:9♣ 2♥ 9♠=0  TIE(T)  |     0원 → 111,100원
H312 | bet   4,000원 PLAYER | P:6♠ 2♥=8  B:9♥ 8♦=7  PLAYER(W)  | +4,000원 → 115,100원  [end_win]
H313 | bet   1,000원 BANKER | P:9♥ 7♦=6  B:3♠ J♠ 3♦=6  TIE(T)  |     0원 → 115,100원
H314 | bet   1,000원 BANKER | P:Q♠ 2♠ Q♥=2  B:7♥ K♥=7  BANKER(W)  | +950원 → 116,050원
H315 | bet   1,000원 BANKER | P:4♠ 5♥=9  B:9♥ 2♦=1  PLAYER(L)  | -1,000원 → 115,050원  [start]
H316 | bet   2,000원 PLAYER | P:3♣ 10♠=3  B:7♦ A♣=8  BANKER(L)  | -2,000원 → 113,050원
H317 | bet   4,000원 PLAYER | P:9♠ 9♠=8  B:J♣ 8♦=8  TIE(T)  |     0원 → 113,050원
H318 | bet   4,000원 PLAYER | P:9♦ 5♠ 4♥=8  B:4♠ 3♦=7  PLAYER(W)  | +4,000원 → 117,050원  [end_win]
H319 | bet   1,000원 BANKER | P:4♥ 10♦ 2♣=6  B:4♣ K♥ 7♥=1  PLAYER(L)  | -1,000원 → 116,050원  [start]
H320 | bet   2,000원 PLAYER | P:J♦ 8♦=8  B:3♣ 9♣=2  PLAYER(W)  | +2,000원 → 118,050원  [end_win]
H321 | bet   1,000원 BANKER | P:9♠ K♥=9  B:9♦ 6♦=5  PLAYER(L)  | -1,000원 → 117,050원  [start]
H322 | bet   2,000원 PLAYER | P:J♣ 9♠=9  B:7♥ 4♦=1  PLAYER(W)  | +2,000원 → 119,050원  [end_win]
H323 | bet   1,000원 BANKER | P:8♣ A♠=9  B:K♥ 6♠=6  PLAYER(L)  | -1,000원 → 118,050원  [start]
H324 | bet   2,000원 PLAYER | P:8♠ K♦=8  B:Q♦ K♦=0  PLAYER(W)  | +2,000원 → 120,050원  [end_win]
H325 | bet   1,000원 BANKER | P:5♦ Q♥ J♦=5  B:J♠ J♥ 8♠=8  BANKER(W)  | +950원 → 121,000원
H326 | bet   1,000원 BANKER | P:7♣ J♥=7  B:10♥ 6♦=6  PLAYER(L)  | -1,000원 → 120,000원  [start]
H327 | bet   2,000원 PLAYER | P:5♠ J♥ 5♠=0  B:2♥ Q♦ 3♥=5  BANKER(L)  | -2,000원 → 118,000원
H328 | bet   4,000원 PLAYER | P:8♣ 9♥=7  B:2♦ Q♦ 9♣=1  PLAYER(W)  | +4,000원 → 122,000원  [end_win]
H329 | bet   1,000원 BANKER | P:5♥ 10♠ A♥=6  B:Q♣ K♠ 10♦=0  PLAYER(L)  | -1,000원 → 121,000원  [start]
H330 | bet   2,000원 PLAYER | P:6♥ Q♣=6  B:J♣ 3♠ 6♠=9  BANKER(L)  | -2,000원 → 119,000원
H331 | bet   4,000원 PLAYER | P:K♦ 5♥=5  B:8♦ 10♠=8  BANKER(L)  | -4,000원 → 115,000원
H332 | bet   8,000원 PLAYER | P:8♥ 4♣ 9♦=1  B:10♠ J♠ 6♦=6  BANKER(L)  | -8,000원 → 107,000원
H333 | bet  16,000원 PLAYER | P:A♣ 6♣=7  B:K♦ 4♦ 3♥=7  TIE(T)  |     0원 → 107,000원
H334 | bet  16,000원 PLAYER | P:A♠ 10♣=1  B:K♥ 9♣=9  BANKER(L)  | -16,000원 → 91,000원  [end_giveup]
H335 | bet   1,000원 BANKER | P:7♦ 3♣ 3♥=3  B:J♥ 10♦ 3♥=3  TIE(T)  |     0원 → 91,000원
H336 | bet   1,000원 BANKER | P:8♦ 10♠=8  B:7♥ 2♠=9  BANKER(W)  | +950원 → 91,950원
H337 | bet   1,000원 BANKER | P:4♣ A♠ 4♠=9  B:3♦ 9♠ A♠=3  PLAYER(L)  | -1,000원 → 90,950원  [start]
H338 | bet   2,000원 PLAYER | P:K♠ 2♠ K♣=2  B:5♣ A♣=6  BANKER(L)  | -2,000원 → 88,950원
H339 | bet   4,000원 PLAYER | P:A♦ 2♥ J♥=3  B:3♠ 8♠ 4♠=5  BANKER(L)  | -4,000원 → 84,950원
H340 | bet   8,000원 PLAYER | P:8♥ 9♣=7  B:8♠ 2♥ 5♠=5  PLAYER(W)  | +8,000원 → 92,950원  [end_win]
H341 | bet   1,000원 BANKER | P:5♥ 10♦=5  B:Q♠ 9♦=9  BANKER(W)  | +950원 → 93,900원
H342 | bet   1,000원 BANKER | P:A♥ A♥ 3♦=5  B:2♠ 10♠ 4♥=6  BANKER(W)  | +950원 → 94,850원
H343 | bet   1,000원 BANKER | P:7♣ 6♦ 7♦=0  B:4♦ 6♥ 6♥=6  BANKER(W)  | +950원 → 95,800원
H344 | bet   1,000원 BANKER | P:A♣ 2♠ 6♣=9  B:9♦ 2♣ K♠=1  PLAYER(L)  | -1,000원 → 94,800원  [start]
H345 | bet   2,000원 PLAYER | P:6♦ 8♥=4  B:10♥ 8♠=8  BANKER(L)  | -2,000원 → 92,800원
H346 | bet   4,000원 PLAYER | P:Q♠ J♥ 4♣=4  B:Q♥ 6♣=6  BANKER(L)  | -4,000원 → 88,800원
H347 | bet   8,000원 PLAYER | P:5♠ A♦=6  B:J♦ 9♠=9  BANKER(L)  | -8,000원 → 80,800원
H348 | bet  16,000원 PLAYER | P:5♣ 8♣ 7♥=0  B:7♠ 9♣ 10♦=6  BANKER(L)  | -16,000원 → 64,800원  [end_giveup]
H349 | bet   1,000원 BANKER | P:8♣ 9♦=7  B:2♦ 3♣ 4♠=9  BANKER(W)  | +950원 → 65,750원
H350 | bet   1,000원 BANKER | P:10♠ Q♥ 8♠=8  B:Q♦ 7♠=7  PLAYER(L)  | -1,000원 → 64,750원  [start]
H351 | bet   2,000원 PLAYER | P:J♥ 4♦ J♥=4  B:Q♦ 3♥ 8♣=1  PLAYER(W)  | +2,000원 → 66,750원  [end_win]
H352 | bet   1,000원 BANKER | P:2♦ 7♣=9  B:7♥ 10♦=7  PLAYER(L)  | -1,000원 → 65,750원  [start]
H353 | bet   2,000원 PLAYER | P:7♦ 3♠ 7♣=7  B:A♣ J♣ 10♥=1  PLAYER(W)  | +2,000원 → 67,750원  [end_win]
H354 | bet   1,000원 BANKER | P:K♣ K♠ 9♣=9  B:J♥ 6♥=6  PLAYER(L)  | -1,000원 → 66,750원  [start]
H355 | bet   2,000원 PLAYER | P:9♦ 8♣=7  B:10♥ 9♠=9  BANKER(L)  | -2,000원 → 64,750원
H356 | bet   4,000원 PLAYER | P:6♣ J♦=6  B:4♦ 5♠=9  BANKER(L)  | -4,000원 → 60,750원
H357 | bet   8,000원 PLAYER | P:9♥ 10♠=9  B:K♣ 8♣=8  PLAYER(W)  | +8,000원 → 68,750원  [end_win]
H358 | bet   1,000원 BANKER | P:J♦ 2♣ 9♥=1  B:Q♥ 5♦=5  BANKER(W)  | +950원 → 69,700원
H359 | bet   1,000원 BANKER | P:A♦ J♣=1  B:9♠ 10♦=9  BANKER(W)  | +950원 → 70,650원
H360 | bet   1,000원 BANKER | P:10♠ 6♥=6  B:4♥ K♠ 10♣=4  PLAYER(L)  | -1,000원 → 69,650원  [start]
H361 | bet   2,000원 PLAYER | P:Q♦ 3♦ 5♣=8  B:7♦ Q♣=7  PLAYER(W)  | +2,000원 → 71,650원  [end_win]
H362 | bet   1,000원 BANKER | P:Q♣ 5♠=5  B:9♠ J♠=9  BANKER(W)  | +950원 → 72,600원
H363 | bet   1,000원 BANKER | P:6♥ K♥=6  B:9♣ 7♣=6  TIE(T)  |     0원 → 72,600원
H364 | bet   1,000원 BANKER | P:10♣ 8♠=8  B:7♥ 6♣=3  PLAYER(L)  | -1,000원 → 71,600원  [start]
H365 | bet   2,000원 PLAYER | P:Q♣ K♥=0  B:8♠ A♦=9  BANKER(L)  | -2,000원 → 69,600원
H366 | bet   4,000원 PLAYER | P:A♦ J♦=1  B:4♥ 4♥=8  BANKER(L)  | -4,000원 → 65,600원
H367 | bet   8,000원 PLAYER | P:4♦ K♠ K♣=4  B:7♠ 4♣ 5♥=6  BANKER(L)  | -8,000원 → 57,600원
H368 | bet  16,000원 PLAYER | P:5♠ K♦=5  B:7♣ 2♠=9  BANKER(L)  | -16,000원 → 41,600원  [end_giveup]

Result: RUIN (capital_depleted)
Final: 41,600원  Hands: 368  Bets: 331  Wagered: 894,000원  Max losing streak: 6
