=== Session 36 ===
Seed: 4051184843001971257
Initial: 100,000원  Target: 500,000원  Ruin: 50,000원  Table-max: 100,000원
Strategy: martingale (pivot, steps=4)
Base bet: 1,000원  Primary side: BANKER

H001 | bet   1,000원 BANKER | P:10♠ Q♠=0  B:7♦ 2♥=9  BANKER(W)  | +950원 → 100,950원
H002 | bet   1,000원 BANKER | P:4♠ K♠ 10♣=4  B:5♦ 9♥=4  TIE(T)  |     0원 → 100,950원
H003 | bet   1,000원 BANKER | P:8♣ 3♣ 6♥=7  B:5♠ 5♦ 4♦=4  PLAYER(L)  | -1,000원 → 99,950원  [start]
H004 | bet   2,000원 PLAYER | P:4♥ 8♥ 6♥=8  B:K♣ Q♠ 3♥=3  PLAYER(W)  | +2,000원 → 101,950원  [end_win]
H005 | bet   1,000원 BANKER | P:9♠ 9♥=8  B:5♦ 8♣=3  PLAYER(L)  | -1,000원 → 100,950원  [start]
H006 | bet   2,000원 PLAYER | P:9♥ 2♦ Q♥=1  B:7♦ Q♥=7  BANKER(L)  | -2,000원 → 98,950원
H007 | bet   4,000원 PLAYER | P:4♦ 5♥=9  B:2♣ K♠=2  PLAYER(W)  | +4,000원 → 102,950원  [end_win]
H008 | bet   1,000원 BANKER | P:4♠ J♣ 7♠=1  B:8♠ 6♦ 3♦=7  BANKER(W)  | +950원 → 103,900원
H009 | bet   1,000원 BANKER | P:7♥ 10♥=7  B:7♦ 6♠ Q♠=3  PLAYER(L)  | -1,000원 → 102,900원  [start]
H010 | bet   2,000원 PLAYER | P:J♣ A♥ K♣=1  B:2♠ 2♠=4  BANKER(L)  | -2,000원 → 100,900원
H011 | bet   4,000원 PLAYER | P:J♠ A♥ Q♦=1  B:7♦ 8♠=5  BANKER(L)  | -4,000원 → 96,900원
H012 | bet   8,000원 PLAYER | P:8♥ K♠=8  B:Q♥ J♣=0  PLAYER(W)  | +8,000원 → 104,900원  [end_win]
H013 | bet   1,000원 BANKER | P:6♠ A♠=7  B:7♣ 9♣=6  PLAYER(L)  | -1,000원 → 103,900원  [start]
H014 | bet   2,000원 PLAYER | P:3♦ 3♥=6  B:5♦ 4♠=9  BANKER(L)  | -2,000원 → 101,900원
H015 | bet   4,000원 PLAYER | P:5♥ 9♣=4  B:J♣ 8♦=8  BANKER(L)  | -4,000원 → 97,900원
H016 | bet   8,000원 PLAYER | P:2♦ Q♦ A♥=3  B:10♠ K♦ 9♠=9  BANKER(L)  | -8,000원 → 89,900원
H017 | bet  16,000원 PLAYER | P:2♦ 9♦ Q♣=1  B:4♠ 8♠ 9♦=1  TIE(T)  |     0원 → 89,900원
H018 | bet  16,000원 PLAYER | P:4♣ 3♥=7  B:4♠ 4♦=8  BANKER(L)  | -16,000원 → 73,900원  [end_giveup]
H019 | bet   1,000원 BANKER | P:7♦ Q♣=7  B:5♥ 8♣ 5♣=8  BANKER(W)  | +950원 → 74,850원
H020 | bet   1,000원 BANKER | P:A♥ K♠ A♥=2  B:2♦ K♠ A♣=3  BANKER(W)  | +950원 → 75,800원
H021 | bet   1,000원 BANKER | P:A♦ J♠ 3♣=4  B:5♦ 9♠ 3♠=7  BANKER(W)  | +950원 → 76,750원
H022 | bet   1,000원 BANKER | P:3♣ 2♥ 6♦=1  B:6♥ 9♦ 2♠=7  BANKER(W)  | +950원 → 77,700원
H023 | bet   1,000원 BANKER | P:J♥ 8♠=8  B:10♠ K♥=0  PLAYER(L)  | -1,000원 → 76,700원  [start]
H024 | bet   2,000원 PLAYER | P:A♠ Q♥ 8♥=9  B:6♣ 8♥=4  PLAYER(W)  | +2,000원 → 78,700원  [end_win]
H025 | bet   1,000원 BANKER | P:2♠ K♥ A♣=3  B:J♦ 5♠=5  BANKER(W)  | +950원 → 79,650원
H026 | bet   1,000원 BANKER | P:5♥ 6♦ 4♥=5  B:K♥ 7♣=7  BANKER(W)  | +950원 → 80,600원
H027 | bet   1,000원 BANKER | P:6♦ 4♦=0  B:7♠ A♠=8  BANKER(W)  | +950원 → 81,550원
H028 | bet   1,000원 BANKER | P:3♣ K♥ 6♣=9  B:A♦ 5♠ 3♥=9  TIE(T)  |     0원 → 81,550원
H029 | bet   1,000원 BANKER | P:7♠ 7♠=4  B:9♠ J♠=9  BANKER(W)  | +950원 → 82,500원
H030 | bet   1,000원 BANKER | P:K♥ J♣ Q♦=0  B:5♣ 2♦=7  BANKER(W)  | +950원 → 83,450원
H031 | bet   1,000원 BANKER | P:K♥ K♠ Q♠=0  B:J♠ 5♣=5  BANKER(W)  | +950원 → 84,400원
H032 | bet   1,000원 BANKER | P:J♦ Q♣ 7♥=7  B:Q♦ J♥ 9♥=9  BANKER(W)  | +950원 → 85,350원
H033 | bet   1,000원 BANKER | P:J♠ 4♣ A♣=5  B:7♠ 3♣ 5♣=5  TIE(T)  |     0원 → 85,350원
H034 | bet   1,000원 BANKER | P:8♦ 3♣=1  B:10♥ 8♣=8  BANKER(W)  | +950원 → 86,300원
H035 | bet   1,000원 BANKER | P:Q♠ 4♠=4  B:9♣ 9♦=8  BANKER(W)  | +950원 → 87,250원
H036 | bet   1,000원 BANKER | P:J♠ 2♠ 8♠=0  B:4♥ 3♣=7  BANKER(W)  | +950원 → 88,200원
H037 | bet   1,000원 BANKER | P:10♦ 6♥=6  B:5♠ 10♦ 10♠=5  PLAYER(L)  | -1,000원 → 87,200원  [start]
H038 | bet   2,000원 PLAYER | P:Q♣ 3♥ K♥=3  B:A♠ Q♣ 4♣=5  BANKER(L)  | -2,000원 → 85,200원
H039 | bet   4,000원 PLAYER | P:7♣ 6♥ 6♠=9  B:4♥ 8♠ A♣=3  PLAYER(W)  | +4,000원 → 89,200원  [end_win]
H040 | bet   1,000원 BANKER | P:9♣ 5♠ 4♣=8  B:K♦ 7♦=7  PLAYER(L)  | -1,000원 → 88,200원  [start]
H041 | bet   2,000원 PLAYER | P:5♠ A♣=6  B:3♥ A♠ 6♥=0  PLAYER(W)  | +2,000원 → 90,200원  [end_win]
H042 | bet   1,000원 BANKER | P:8♠ 8♦=6  B:K♣ A♦ 10♠=1  PLAYER(L)  | -1,000원 → 89,200원  [start]
H043 | bet   2,000원 PLAYER | P:6♦ 7♣ 9♥=2  B:K♦ 2♥ Q♥=2  TIE(T)  |     0원 → 89,200원
H044 | bet   2,000원 PLAYER | P:5♥ K♦ J♠=5  B:3♦ J♦ K♦=3  PLAYER(W)  | +2,000원 → 91,200원  [end_win]
H045 | bet   1,000원 BANKER | P:9♠ 4♠ 9♥=2  B:4♥ 8♥ A♠=3  BANKER(W)  | +950원 → 92,150원
H046 | bet   1,000원 BANKER | P:8♥ A♥=9  B:6♣ Q♦=6  PLAYER(L)  | -1,000원 → 91,150원  [start]
H047 | bet   2,000원 PLAYER | P:10♦ A♦ 6♣=7  B:10♥ A♠ K♣=1  PLAYER(W)  | +2,000원 → 93,150원  [end_win]
H048 | bet   1,000원 BANKER | P:J♦ Q♦ 9♦=9  B:10♣ 10♥ 7♥=7  PLAYER(L)  | -1,000원 → 92,150원  [start]
H049 | bet   2,000원 PLAYER | P:9♦ Q♠=9  B:A♦ Q♠=1  PLAYER(W)  | +2,000원 → 94,150원  [end_win]
H050 | bet   1,000원 BANKER | P:4♣ Q♥ 3♥=7  B:Q♣ Q♥ 3♠=3  PLAYER(L)  | -1,000원 → 93,150원  [start]
H051 | bet   2,000원 PLAYER | P:8♦ Q♥=8  B:7♣ 6♠=3  PLAYER(W)  | +2,000원 → 95,150원  [end_win]
H052 | bet   1,000원 BANKER | P:K♣ 9♠=9  B:8♥ 10♦=8  PLAYER(L)  | -1,000원 → 94,150원  [start]
H053 | bet   2,000원 PLAYER | P:A♥ A♦ 6♠=8  B:3♠ K♠ 5♣=8  TIE(T)  |     0원 → 94,150원
H054 | bet   2,000원 PLAYER | P:2♣ 3♠ 3♠=8  B:5♣ 6♦ 6♣=7  PLAYER(W)  | +2,000원 → 96,150원  [end_win]
H055 | bet   1,000원 BANKER | P:K♦ 9♣=9  B:Q♣ 10♦=0  PLAYER(L)  | -1,000원 → 95,150원  [start]
H056 | bet   2,000원 PLAYER | P:7♠ 5♥=2  B:J♦ 8♥=8  BANKER(L)  | -2,000원 → 93,150원
H057 | bet   4,000원 PLAYER | P:8♦ J♣=8  B:7♠ 4♥=1  PLAYER(W)  | +4,000원 → 97,150원  [end_win]
H058 | bet   1,000원 BANKER | P:8♦ J♥=8  B:9♦ 3♦=2  PLAYER(L)  | -1,000원 → 96,150원  [start]
H059 | bet   2,000원 PLAYER | P:8♠ J♦=8  B:K♣ K♠=0  PLAYER(W)  | +2,000원 → 98,150원  [end_win]
H060 | bet   1,000원 BANKER | P:5♥ A♥=6  B:7♣ 9♠=6  TIE(T)  |     0원 → 98,150원
H061 | bet   1,000원 BANKER | P:6♣ K♦=6  B:Q♦ 7♥=7  BANKER(W)  | +950원 → 99,100원
H062 | bet   1,000원 BANKER | P:2♠ 5♥=7  B:K♥ 6♥=6  PLAYER(L)  | -1,000원 → 98,100원  [start]
H063 | bet   2,000원 PLAYER | P:5♣ J♥ 10♣=5  B:2♠ 10♣ J♠=2  PLAYER(W)  | +2,000원 → 100,100원  [end_win]
H064 | bet   1,000원 BANKER | P:7♥ K♦=7  B:10♣ Q♦ J♥=0  PLAYER(L)  | -1,000원 → 99,100원  [start]
H065 | bet   2,000원 PLAYER | P:4♦ 10♠=4  B:6♦ 3♦=9  BANKER(L)  | -2,000원 → 97,100원
H066 | bet   4,000원 PLAYER | P:J♥ 3♠ 2♦=5  B:8♦ 8♣=6  BANKER(L)  | -4,000원 → 93,100원
H067 | bet   8,000원 PLAYER | P:6♠ 2♥=8  B:8♣ 5♦=3  PLAYER(W)  | +8,000원 → 101,100원  [end_win]
H068 | bet   1,000원 BANKER | P:10♣ 4♦ J♦=4  B:7♣ 4♦ 10♦=1  PLAYER(L)  | -1,000원 → 100,100원  [start]
H069 | bet   2,000원 PLAYER | P:7♠ 9♦=6  B:7♣ J♣=7  BANKER(L)  | -2,000원 → 98,100원
H070 | bet   4,000원 PLAYER | P:2♣ 4♣=6  B:7♦ 3♦ 4♠=4  PLAYER(W)  | +4,000원 → 102,100원  [end_win]
H071 | bet   1,000원 BANKER | P:5♦ 4♣=9  B:9♣ A♠=0  PLAYER(L)  | -1,000원 → 101,100원  [start]
H072 | bet   2,000원 PLAYER | P:3♥ 3♦=6  B:K♣ Q♣ 10♣=0  PLAYER(W)  | +2,000원 → 103,100원  [end_win]
H073 | bet   1,000원 BANKER | P:2♣ 6♠=8  B:10♥ 10♠=0  PLAYER(L)  | -1,000원 → 102,100원  [start]
H074 | bet   2,000원 PLAYER | P:10♥ J♥ 5♠=5  B:10♦ 5♦ A♣=6  BANKER(L)  | -2,000원 → 100,100원
H075 | bet   4,000원 PLAYER | P:9♥ 6♣ 6♠=1  B:3♣ 9♠ 5♣=7  BANKER(L)  | -4,000원 → 96,100원
H076 | bet   8,000원 PLAYER | P:A♦ 8♣=9  B:9♥ 10♥=9  TIE(T)  |     0원 → 96,100원
H077 | bet   8,000원 PLAYER | P:3♦ J♣ K♣=3  B:2♣ 2♣=4  BANKER(L)  | -8,000원 → 88,100원
H078 | bet  16,000원 PLAYER | P:7♥ 2♦=9  B:7♦ 8♦=5  PLAYER(W)  | +16,000원 → 104,100원  [end_win]
H079 | bet   1,000원 BANKER | P:J♥ 4♥ 10♠=4  B:A♣ 3♠=4  TIE(T)  |     0원 → 104,100원
H080 | bet   1,000원 BANKER | P:7♥ 2♣=9  B:8♣ 10♦=8  PLAYER(L)  | -1,000원 → 103,100원  [start]
H081 | bet   2,000원 PLAYER | P:9♣ 2♠ 6♣=7  B:7♥ 10♥=7  TIE(T)  |     0원 → 103,100원
H082 | bet   2,000원 PLAYER | P:4♣ 5♠=9  B:2♦ A♦=3  PLAYER(W)  | +2,000원 → 105,100원  [end_win]
H083 | bet   1,000원 BANKER | P:Q♠ 2♣ 10♣=2  B:2♥ J♦ 4♦=6  BANKER(W)  | +950원 → 106,050원
H084 | bet   1,000원 BANKER | P:J♠ J♥ 8♠=8  B:10♣ 6♠=6  PLAYER(L)  | -1,000원 → 105,050원  [start]
H085 | bet   2,000원 PLAYER | P:6♣ Q♠=6  B:9♠ K♣=9  BANKER(L)  | -2,000원 → 103,050원
H086 | bet   4,000원 PLAYER | P:J♠ J♥ 2♦=2  B:7♦ 5♣ 8♥=0  PLAYER(W)  | +4,000원 → 107,050원  [end_win]
H087 | bet   1,000원 BANKER | P:3♦ J♣=3  B:4♣ 4♥=8  BANKER(W)  | +950원 → 108,000원
H088 | bet   1,000원 BANKER | P:5♦ 10♣ 5♠=0  B:A♦ J♦ 3♥=4  BANKER(W)  | +950원 → 108,950원
H089 | bet   1,000원 BANKER | P:2♣ 10♠ J♠=2  B:9♣ 6♥=5  BANKER(W)  | +950원 → 109,900원
H090 | bet   1,000원 BANKER | P:7♣ 2♣=9  B:9♦ 6♥=5  PLAYER(L)  | -1,000원 → 108,900원  [start]
H091 | bet   2,000원 PLAYER | P:6♣ 10♣=6  B:9♥ 6♠ Q♦=5  PLAYER(W)  | +2,000원 → 110,900원  [end_win]
H092 | bet   1,000원 BANKER | P:J♦ 6♠=6  B:A♥ 8♦=9  BANKER(W)  | +950원 → 111,850원
H093 | bet   1,000원 BANKER | P:2♦ 5♠=7  B:J♥ 9♣=9  BANKER(W)  | +950원 → 112,800원
H094 | bet   1,000원 BANKER | P:J♦ A♠=1  B:4♦ 4♣=8  BANKER(W)  | +950원 → 113,750원
H095 | bet   1,000원 BANKER | P:7♠ 8♣ 8♣=3  B:J♣ 7♣=7  BANKER(W)  | +950원 → 114,700원
H096 | bet   1,000원 BANKER | P:A♣ 7♥=8  B:5♣ A♠=6  PLAYER(L)  | -1,000원 → 113,700원  [start]
H097 | bet   2,000원 PLAYER | P:A♥ K♦ 4♠=5  B:6♦ 7♦ K♥=3  PLAYER(W)  | +2,000원 → 115,700원  [end_win]
H098 | bet   1,000원 BANKER | P:2♠ 9♣ 6♣=7  B:A♣ 5♦ 10♦=6  PLAYER(L)  | -1,000원 → 114,700원  [start]
H099 | bet   2,000원 PLAYER | P:9♠ 7♦=6  B:5♣ 7♣ 3♠=5  PLAYER(W)  | +2,000원 → 116,700원  [end_win]
H100 | bet   1,000원 BANKER | P:4♣ 9♦ 2♥=5  B:K♦ 10♦ 8♠=8  BANKER(W)  | +950원 → 117,650원
H101 | bet   1,000원 BANKER | P:7♦ Q♥=7  B:9♥ 8♥=7  TIE(T)  |     0원 → 117,650원
H102 | bet   1,000원 BANKER | P:9♦ 4♥ 3♣=6  B:5♥ 10♥=5  PLAYER(L)  | -1,000원 → 116,650원  [start]
H103 | bet   2,000원 PLAYER | P:8♥ 3♠ A♥=2  B:6♥ 9♥=5  BANKER(L)  | -2,000원 → 114,650원
H104 | bet   4,000원 PLAYER | P:8♦ K♦=8  B:3♥ Q♦=3  PLAYER(W)  | +4,000원 → 118,650원  [end_win]
H105 | bet   1,000원 BANKER | P:6♥ Q♣=6  B:7♠ 4♣ 7♣=8  BANKER(W)  | +950원 → 119,600원
H106 | bet   1,000원 BANKER | P:8♠ 8♣=6  B:K♦ 9♥=9  BANKER(W)  | +950원 → 120,550원
H107 | bet   1,000원 BANKER | P:5♦ Q♠=5  B:A♠ 7♠=8  BANKER(W)  | +950원 → 121,500원
H108 | bet   1,000원 BANKER | P:9♦ 8♣=7  B:4♠ K♥ 2♥=6  PLAYER(L)  | -1,000원 → 120,500원  [start]
H109 | bet   2,000원 PLAYER | P:2♥ 6♦=8  B:8♣ 6♥=4  PLAYER(W)  | +2,000원 → 122,500원  [end_win]
H110 | bet   1,000원 BANKER | P:4♥ J♥ 6♥=0  B:6♣ A♦=7  BANKER(W)  | +950원 → 123,450원
H111 | bet   1,000원 BANKER | P:8♠ 8♥=6  B:3♣ 5♠=8  BANKER(W)  | +950원 → 124,400원
H112 | bet   1,000원 BANKER | P:9♠ K♣=9  B:3♦ Q♥=3  PLAYER(L)  | -1,000원 → 123,400원  [start]
H113 | bet   2,000원 PLAYER | P:K♥ 5♦=5  B:9♦ Q♣=9  BANKER(L)  | -2,000원 → 121,400원
H114 | bet   4,000원 PLAYER | P:5♠ 6♦ 2♦=3  B:K♥ 5♣=5  BANKER(L)  | -4,000원 → 117,400원
H115 | bet   8,000원 PLAYER | P:J♠ A♠ Q♥=1  B:K♣ 10♥ 2♠=2  BANKER(L)  | -8,000원 → 109,400원
H116 | bet  16,000원 PLAYER | P:K♠ 8♥=8  B:3♠ 5♥=8  TIE(T)  |     0원 → 109,400원
H117 | bet  16,000원 PLAYER | P:Q♣ J♦ Q♠=0  B:Q♠ 7♣=7  BANKER(L)  | -16,000원 → 93,400원  [end_giveup]
H118 | bet   1,000원 BANKER | P:10♥ K♠ 5♥=5  B:K♣ J♦ 3♥=3  PLAYER(L)  | -1,000원 → 92,400원  [start]
H119 | bet   2,000원 PLAYER | P:5♦ 7♥ 7♦=9  B:K♠ J♣ A♣=1  PLAYER(W)  | +2,000원 → 94,400원  [end_win]
H120 | bet   1,000원 BANKER | P:A♥ 4♦ J♠=5  B:2♣ J♥ K♦=2  PLAYER(L)  | -1,000원 → 93,400원  [start]
H121 | bet   2,000원 PLAYER | P:5♥ 5♥ 10♥=0  B:7♦ K♣=7  BANKER(L)  | -2,000원 → 91,400원
H122 | bet   4,000원 PLAYER | P:4♦ 3♦=7  B:6♠ 5♠ 2♠=3  PLAYER(W)  | +4,000원 → 95,400원  [end_win]
H123 | bet   1,000원 BANKER | P:A♦ 9♦=0  B:7♦ 2♣=9  BANKER(W)  | +950원 → 96,350원
H124 | bet   1,000원 BANKER | P:5♣ K♣ 9♣=4  B:Q♦ 4♦=4  TIE(T)  |     0원 → 96,350원
H125 | bet   1,000원 BANKER | P:6♠ 4♥ 10♣=0  B:Q♥ J♣ 8♠=8  BANKER(W)  | +950원 → 97,300원
H126 | bet   1,000원 BANKER | P:8♠ K♠=8  B:4♦ 6♣=0  PLAYER(L)  | -1,000원 → 96,300원  [start]
H127 | bet   2,000원 PLAYER | P:3♠ A♥ 8♥=2  B:10♠ 5♥=5  BANKER(L)  | -2,000원 → 94,300원
H128 | bet   4,000원 PLAYER | P:K♠ A♦ J♣=1  B:A♠ 3♣=4  BANKER(L)  | -4,000원 → 90,300원
H129 | bet   8,000원 PLAYER | P:10♦ 8♠=8  B:3♥ A♣=4  PLAYER(W)  | +8,000원 → 98,300원  [end_win]
H130 | bet   1,000원 BANKER | P:J♣ 8♦=8  B:5♣ K♥=5  PLAYER(L)  | -1,000원 → 97,300원  [start]
H131 | bet   2,000원 PLAYER | P:4♣ Q♦ 9♠=3  B:Q♠ 6♣=6  BANKER(L)  | -2,000원 → 95,300원
H132 | bet   4,000원 PLAYER | P:A♣ 7♣=8  B:9♥ 3♦=2  PLAYER(W)  | +4,000원 → 99,300원  [end_win]
H133 | bet   1,000원 BANKER | P:J♠ 8♥=8  B:K♠ Q♣=0  PLAYER(L)  | -1,000원 → 98,300원  [start]
H134 | bet   2,000원 PLAYER | P:5♥ 6♥=1  B:4♥ 5♠=9  BANKER(L)  | -2,000원 → 96,300원
H135 | bet   4,000원 PLAYER | P:J♠ Q♣ Q♠=0  B:2♥ J♥ 7♥=9  BANKER(L)  | -4,000원 → 92,300원
H136 | bet   8,000원 PLAYER | P:2♦ 9♣ 6♣=7  B:10♠ 10♣ J♥=0  PLAYER(W)  | +8,000원 → 100,300원  [end_win]
H137 | bet   1,000원 BANKER | P:9♦ Q♣=9  B:3♦ 4♣=7  PLAYER(L)  | -1,000원 → 99,300원  [start]
H138 | bet   2,000원 PLAYER | P:7♥ 2♠=9  B:9♣ 2♥=1  PLAYER(W)  | +2,000원 → 101,300원  [end_win]
H139 | bet   1,000원 BANKER | P:J♠ 3♦ 8♦=1  B:8♦ 4♥ 9♠=1  TIE(T)  |     0원 → 101,300원
H140 | bet   1,000원 BANKER | P:5♥ K♥ 9♦=4  B:6♦ 6♦ 3♠=5  BANKER(W)  | +950원 → 102,250원
H141 | bet   1,000원 BANKER | P:2♦ 2♦ 4♦=8  B:5♠ 10♠ 4♣=9  BANKER(W)  | +950원 → 103,200원
H142 | bet   1,000원 BANKER | P:3♦ 3♣=6  B:8♣ 5♦ 10♦=3  PLAYER(L)  | -1,000원 → 102,200원  [start]
H143 | bet   2,000원 PLAYER | P:8♦ A♠=9  B:2♠ Q♣=2  PLAYER(W)  | +2,000원 → 104,200원  [end_win]
H144 | bet   1,000원 BANKER | P:4♥ J♥=4  B:6♥ 3♠=9  BANKER(W)  | +950원 → 105,150원
H145 | bet   1,000원 BANKER | P:Q♠ A♥ 9♣=0  B:4♠ A♦=5  BANKER(W)  | +950원 → 106,100원
H146 | bet   1,000원 BANKER | P:10♥ 9♥=9  B:5♣ 4♠=9  TIE(T)  |     0원 → 106,100원
H147 | bet   1,000원 BANKER | P:2♥ 8♠ 7♣=7  B:A♦ 4♠ Q♥=5  PLAYER(L)  | -1,000원 → 105,100원  [start]
H148 | bet   2,000원 PLAYER | P:7♥ A♠=8  B:A♦ 7♠=8  TIE(T)  |     0원 → 105,100원
H149 | bet   2,000원 PLAYER | P:Q♦ 4♦ 6♠=0  B:10♠ 10♦ 7♦=7  BANKER(L)  | -2,000원 → 103,100원
H150 | bet   4,000원 PLAYER | P:3♣ 8♦=1  B:Q♠ 9♥=9  BANKER(L)  | -4,000원 → 99,100원
H151 | bet   8,000원 PLAYER | P:A♣ 10♦ 6♠=7  B:3♥ 2♠ 5♣=0  PLAYER(W)  | +8,000원 → 107,100원  [end_win]
H152 | bet   1,000원 BANKER | P:2♣ 2♦ 2♣=6  B:A♦ Q♦ 4♠=5  PLAYER(L)  | -1,000원 → 106,100원  [start]
H153 | bet   2,000원 PLAYER | P:K♣ 10♥ 7♥=7  B:K♠ 4♠ 3♥=7  TIE(T)  |     0원 → 106,100원
H154 | bet   2,000원 PLAYER | P:10♥ 6♠=6  B:8♥ 10♠=8  BANKER(L)  | -2,000원 → 104,100원
H155 | bet   4,000원 PLAYER | P:10♠ 2♠ J♦=2  B:A♣ 2♥ 10♥=3  BANKER(L)  | -4,000원 → 100,100원
H156 | bet   8,000원 PLAYER | P:A♥ 2♠=3  B:8♣ 10♠=8  BANKER(L)  | -8,000원 → 92,100원
H157 | bet  16,000원 PLAYER | P:J♦ 3♠ 3♥=6  B:10♦ 7♥=7  BANKER(L)  | -16,000원 → 76,100원  [end_giveup]
H158 | bet   1,000원 BANKER | P:3♥ 4♣=7  B:J♣ 9♠=9  BANKER(W)  | +950원 → 77,050원
H159 | bet   1,000원 BANKER | P:6♦ 7♠ 9♣=2  B:J♣ K♦ 5♦=5  BANKER(W)  | +950원 → 78,000원
H160 | bet   1,000원 BANKER | P:6♦ 9♥ J♦=5  B:2♣ K♦ A♣=3  PLAYER(L)  | -1,000원 → 77,000원  [start]
H161 | bet   2,000원 PLAYER | P:K♦ Q♦=0  B:2♦ 6♣=8  BANKER(L)  | -2,000원 → 75,000원
H162 | bet   4,000원 PLAYER | P:Q♥ 3♦=3  B:7♣ A♠=8  BANKER(L)  | -4,000원 → 71,000원
H163 | bet   8,000원 PLAYER | P:Q♥ 6♦=6  B:10♣ 7♠=7  BANKER(L)  | -8,000원 → 63,000원
H164 | bet  16,000원 PLAYER | P:K♠ 2♣ Q♥=2  B:4♠ K♥=4  BANKER(L)  | -16,000원 → 47,000원  [end_giveup]

Result: RUIN (capital_depleted)
Final: 47,000원  Hands: 164  Bets: 147  Wagered: 383,000원  Max losing streak: 6
