=== Session 4 ===
Seed: 1890702223848595625
Initial: 100,000원  Target: 500,000원  Ruin: 50,000원  Table-max: 100,000원
Strategy: martingale (pivot, steps=4)
Base bet: 1,000원  Primary side: BANKER

H001 | bet   1,000원 BANKER | P:5♠ K♣ A♥=6  B:Q♣ A♦ 9♣=0  PLAYER(L)  | -1,000원 → 99,000원  [start]
H002 | bet   2,000원 PLAYER | P:8♠ 6♥ 5♣=9  B:2♥ K♦ A♠=3  PLAYER(W)  | +2,000원 → 101,000원  [end_win]
H003 | bet   1,000원 BANKER | P:2♣ A♥=3  B:4♥ 5♠=9  BANKER(W)  | +950원 → 101,950원
H004 | bet   1,000원 BANKER | P:7♠ Q♦=7  B:6♠ 2♥=8  BANKER(W)  | +950원 → 102,900원
H005 | bet   1,000원 BANKER | P:Q♦ 2♦ 4♦=6  B:Q♣ 7♥=7  BANKER(W)  | +950원 → 103,850원
H006 | bet   1,000원 BANKER | P:J♠ J♣ Q♠=0  B:8♥ 9♥=7  BANKER(W)  | +950원 → 104,800원
H007 | bet   1,000원 BANKER | P:6♦ K♦=6  B:Q♥ K♠ 9♦=9  BANKER(W)  | +950원 → 105,750원
H008 | bet   1,000원 BANKER | P:J♦ 4♥ J♣=4  B:J♥ Q♥ 5♥=5  BANKER(W)  | +950원 → 106,700원
H009 | bet   1,000원 BANKER | P:5♠ 9♦ 6♠=0  B:9♠ 8♣=7  BANKER(W)  | +950원 → 107,650원
H010 | bet   1,000원 BANKER | P:4♣ K♦ Q♥=4  B:10♥ Q♠ 9♦=9  BANKER(W)  | +950원 → 108,600원
H011 | bet   1,000원 BANKER | P:9♠ 9♣=8  B:6♠ 8♦=4  PLAYER(L)  | -1,000원 → 107,600원  [start]
H012 | bet   2,000원 PLAYER | P:4♦ J♦ 8♥=2  B:5♥ J♥=5  BANKER(L)  | -2,000원 → 105,600원
H013 | bet   4,000원 PLAYER | P:Q♥ 4♠ 2♣=6  B:7♣ 8♣=5  PLAYER(W)  | +4,000원 → 109,600원  [end_win]
H014 | bet   1,000원 BANKER | P:A♠ 7♦=8  B:2♥ 5♦=7  PLAYER(L)  | -1,000원 → 108,600원  [start]
H015 | bet   2,000원 PLAYER | P:A♦ A♦ 8♣=0  B:A♥ 2♥=3  BANKER(L)  | -2,000원 → 106,600원
H016 | bet   4,000원 PLAYER | P:10♣ 4♦ 3♥=7  B:3♥ K♥ 9♦=2  PLAYER(W)  | +4,000원 → 110,600원  [end_win]
H017 | bet   1,000원 BANKER | P:6♠ 2♣=8  B:7♣ K♣=7  PLAYER(L)  | -1,000원 → 109,600원  [start]
H018 | bet   2,000원 PLAYER | P:6♣ J♥=6  B:K♠ 5♣ J♠=5  PLAYER(W)  | +2,000원 → 111,600원  [end_win]
H019 | bet   1,000원 BANKER | P:J♣ 10♦ Q♥=0  B:10♣ 6♠=6  BANKER(W)  | +950원 → 112,550원
H020 | bet   1,000원 BANKER | P:10♠ 9♥=9  B:6♥ 9♦=5  PLAYER(L)  | -1,000원 → 111,550원  [start]
H021 | bet   2,000원 PLAYER | P:K♦ J♣ 10♣=0  B:Q♣ A♥ 8♣=9  BANKER(L)  | -2,000원 → 109,550원
H022 | bet   4,000원 PLAYER | P:6♥ K♥=6  B:8♥ K♠=8  BANKER(L)  | -4,000원 → 105,550원
H023 | bet   8,000원 PLAYER | P:7♣ J♦=7  B:7♦ 9♥=6  PLAYER(W)  | +8,000원 → 113,550원  [end_win]
H024 | bet   1,000원 BANKER | P:9♥ K♦=9  B:5♥ 2♣=7  PLAYER(L)  | -1,000원 → 112,550원  [start]
H025 | bet   2,000원 PLAYER | P:4♠ 5♥=9  B:7♣ 8♣=5  PLAYER(W)  | +2,000원 → 114,550원  [end_win]
H026 | bet   1,000원 BANKER | P:8♠ J♥=8  B:4♣ 3♣=7  PLAYER(L)  | -1,000원 → 113,550원  [start]
H027 | bet   2,000원 PLAYER | P:10♣ 8♥=8  B:K♣ 2♦=2  PLAYER(W)  | +2,000원 → 115,550원  [end_win]
H028 | bet   1,000원 BANKER | P:4♠ Q♠=4  B:6♠ 3♥=9  BANKER(W)  | +950원 → 116,500원
H029 | bet   1,000원 BANKER | P:A♦ 7♦=8  B:2♣ 2♦=4  PLAYER(L)  | -1,000원 → 115,500원  [start]
H030 | bet   2,000원 PLAYER | P:9♥ A♠ K♥=0  B:Q♦ K♦ 6♠=6  BANKER(L)  | -2,000원 → 113,500원
H031 | bet   4,000원 PLAYER | P:2♠ 4♠=6  B:5♦ 2♠=7  BANKER(L)  | -4,000원 → 109,500원
H032 | bet   8,000원 PLAYER | P:2♦ Q♦ Q♠=2  B:2♥ 4♠=6  BANKER(L)  | -8,000원 → 101,500원
H033 | bet  16,000원 PLAYER | P:K♥ A♥ K♠=1  B:3♠ 10♦ Q♠=3  BANKER(L)  | -16,000원 → 85,500원  [end_giveup]
H034 | bet   1,000원 BANKER | P:A♥ A♠ 5♥=7  B:8♦ 3♠ J♠=1  PLAYER(L)  | -1,000원 → 84,500원  [start]
H035 | bet   2,000원 PLAYER | P:3♣ 6♠=9  B:8♥ 7♠=5  PLAYER(W)  | +2,000원 → 86,500원  [end_win]
H036 | bet   1,000원 BANKER | P:9♣ 5♣ 3♣=7  B:6♣ J♦=6  PLAYER(L)  | -1,000원 → 85,500원  [start]
H037 | bet   2,000원 PLAYER | P:10♠ A♣ 5♦=6  B:7♠ 10♦=7  BANKER(L)  | -2,000원 → 83,500원
H038 | bet   4,000원 PLAYER | P:3♦ 5♥=8  B:9♣ 9♦=8  TIE(T)  |     0원 → 83,500원
H039 | bet   4,000원 PLAYER | P:8♠ 5♦=3  B:K♠ 9♣=9  BANKER(L)  | -4,000원 → 79,500원
H040 | bet   8,000원 PLAYER | P:8♦ 6♥ 2♣=6  B:3♣ 9♠ J♦=2  PLAYER(W)  | +8,000원 → 87,500원  [end_win]
H041 | bet   1,000원 BANKER | P:10♥ 5♦=5  B:2♠ 6♦=8  BANKER(W)  | +950원 → 88,450원
H042 | bet   1,000원 BANKER | P:2♠ 3♠ Q♣=5  B:5♣ 10♣=5  TIE(T)  |     0원 → 88,450원
H043 | bet   1,000원 BANKER | P:6♥ 3♥=9  B:5♥ K♥=5  PLAYER(L)  | -1,000원 → 87,450원  [start]
H044 | bet   2,000원 PLAYER | P:K♠ 8♦=8  B:A♣ Q♥=1  PLAYER(W)  | +2,000원 → 89,450원  [end_win]
H045 | bet   1,000원 BANKER | P:4♥ 8♠=2  B:K♥ 8♥=8  BANKER(W)  | +950원 → 90,400원
H046 | bet   1,000원 BANKER | P:2♠ K♣ 4♣=6  B:9♥ 4♠ 4♥=7  BANKER(W)  | +950원 → 91,350원
H047 | bet   1,000원 BANKER | P:7♥ A♥=8  B:3♦ 7♥=0  PLAYER(L)  | -1,000원 → 90,350원  [start]
H048 | bet   2,000원 PLAYER | P:3♠ J♥ J♦=3  B:10♥ 10♠ K♦=0  PLAYER(W)  | +2,000원 → 92,350원  [end_win]
H049 | bet   1,000원 BANKER | P:7♣ 3♦ 7♣=7  B:4♠ 7♠ 5♣=6  PLAYER(L)  | -1,000원 → 91,350원  [start]
H050 | bet   2,000원 PLAYER | P:J♣ 7♥=7  B:6♦ K♣=6  PLAYER(W)  | +2,000원 → 93,350원  [end_win]
H051 | bet   1,000원 BANKER | P:5♠ 10♦ 4♥=9  B:Q♥ Q♦ 9♣=9  TIE(T)  |     0원 → 93,350원
H052 | bet   1,000원 BANKER | P:3♣ 5♦=8  B:9♠ 7♣=6  PLAYER(L)  | -1,000원 → 92,350원  [start]
H053 | bet   2,000원 PLAYER | P:J♠ 3♣ 7♠=0  B:6♣ 4♣ Q♦=0  TIE(T)  |     0원 → 92,350원
H054 | bet   2,000원 PLAYER | P:K♦ 7♦=7  B:2♠ A♠ 8♠=1  PLAYER(W)  | +2,000원 → 94,350원  [end_win]
H055 | bet   1,000원 BANKER | P:5♥ 2♦=7  B:10♣ 3♠ 3♣=6  PLAYER(L)  | -1,000원 → 93,350원  [start]
H056 | bet   2,000원 PLAYER | P:K♥ 10♥ 9♦=9  B:J♠ 7♠=7  PLAYER(W)  | +2,000원 → 95,350원  [end_win]
H057 | bet   1,000원 BANKER | P:4♠ 2♦=6  B:7♥ 9♥=6  TIE(T)  |     0원 → 95,350원
H058 | bet   1,000원 BANKER | P:7♦ 4♦ 7♦=8  B:6♣ 6♥ 7♣=9  BANKER(W)  | +950원 → 96,300원
H059 | bet   1,000원 BANKER | P:5♣ 5♠ 8♣=8  B:7♥ Q♠=7  PLAYER(L)  | -1,000원 → 95,300원  [start]
H060 | bet   2,000원 PLAYER | P:6♣ J♣=6  B:3♥ 4♣=7  BANKER(L)  | -2,000원 → 93,300원
H061 | bet   4,000원 PLAYER | P:5♠ J♦ 9♣=4  B:5♦ 10♦=5  BANKER(L)  | -4,000원 → 89,300원
H062 | bet   8,000원 PLAYER | P:2♥ A♠ 3♦=6  B:2♠ J♣ 7♠=9  BANKER(L)  | -8,000원 → 81,300원
H063 | bet  16,000원 PLAYER | P:10♥ 9♣=9  B:3♠ 8♠=1  PLAYER(W)  | +16,000원 → 97,300원  [end_win]
H064 | bet   1,000원 BANKER | P:6♣ 2♦=8  B:2♣ Q♣=2  PLAYER(L)  | -1,000원 → 96,300원  [start]
H065 | bet   2,000원 PLAYER | P:10♠ 3♦ Q♣=3  B:4♥ 6♣ 2♥=2  PLAYER(W)  | +2,000원 → 98,300원  [end_win]
H066 | bet   1,000원 BANKER | P:3♠ 6♣=9  B:Q♣ A♦=1  PLAYER(L)  | -1,000원 → 97,300원  [start]
H067 | bet   2,000원 PLAYER | P:9♠ 4♦ 8♥=1  B:K♣ A♣ 8♦=9  BANKER(L)  | -2,000원 → 95,300원
H068 | bet   4,000원 PLAYER | P:5♦ 9♠ 7♥=1  B:4♣ 10♠ J♦=4  BANKER(L)  | -4,000원 → 91,300원
H069 | bet   8,000원 PLAYER | P:5♠ Q♥ K♠=5  B:8♦ 2♥ A♦=1  PLAYER(W)  | +8,000원 → 99,300원  [end_win]
H070 | bet   1,000원 BANKER | P:4♣ Q♦ 10♦=4  B:6♦ J♠=6  BANKER(W)  | +950원 → 100,250원
H071 | bet   1,000원 BANKER | P:7♦ 9♦=6  B:6♦ 8♦ A♣=5  PLAYER(L)  | -1,000원 → 99,250원  [start]
H072 | bet   2,000원 PLAYER | P:4♦ J♣ A♠=5  B:9♥ 3♥ 5♠=7  BANKER(L)  | -2,000원 → 97,250원
H073 | bet   4,000원 PLAYER | P:Q♠ 8♠=8  B:K♣ A♦=1  PLAYER(W)  | +4,000원 → 101,250원  [end_win]
H074 | bet   1,000원 BANKER | P:6♦ 4♥=0  B:A♥ 8♣=9  BANKER(W)  | +950원 → 102,200원
H075 | bet   1,000원 BANKER | P:10♠ 10♠ 9♠=9  B:A♣ Q♠ 7♠=8  PLAYER(L)  | -1,000원 → 101,200원  [start]
H076 | bet   2,000원 PLAYER | P:3♦ 10♠ 8♥=1  B:2♦ 5♣=7  BANKER(L)  | -2,000원 → 99,200원
H077 | bet   4,000원 PLAYER | P:6♦ J♥=6  B:J♠ 8♣=8  BANKER(L)  | -4,000원 → 95,200원
H078 | bet   8,000원 PLAYER | P:4♦ 10♣ 8♦=2  B:4♥ 10♣=4  BANKER(L)  | -8,000원 → 87,200원
H079 | bet  16,000원 PLAYER | P:K♠ J♠ 10♥=0  B:7♥ 3♥ Q♦=0  TIE(T)  |     0원 → 87,200원
H080 | bet  16,000원 PLAYER | P:7♦ A♣=8  B:J♥ 3♥=3  PLAYER(W)  | +16,000원 → 103,200원  [end_win]
H081 | bet   1,000원 BANKER | P:K♣ 6♦=6  B:3♠ 5♣=8  BANKER(W)  | +950원 → 104,150원
H082 | bet   1,000원 BANKER | P:10♦ J♥ 2♣=2  B:3♦ K♥ 3♦=6  BANKER(W)  | +950원 → 105,100원
H083 | bet   1,000원 BANKER | P:A♠ 9♠ Q♣=0  B:2♠ 10♥ A♦=3  BANKER(W)  | +950원 → 106,050원
H084 | bet   1,000원 BANKER | P:4♥ 9♠ 6♣=9  B:5♦ K♦ A♥=6  PLAYER(L)  | -1,000원 → 105,050원  [start]
H085 | bet   2,000원 PLAYER | P:5♥ 6♠=1  B:8♣ Q♣=8  BANKER(L)  | -2,000원 → 103,050원
H086 | bet   4,000원 PLAYER | P:4♠ K♠ J♦=4  B:K♦ 7♥=7  BANKER(L)  | -4,000원 → 99,050원
H087 | bet   8,000원 PLAYER | P:K♠ 5♦ 6♦=1  B:10♣ Q♥ 8♠=8  BANKER(L)  | -8,000원 → 91,050원
H088 | bet  16,000원 PLAYER | P:2♥ 10♥ A♣=3  B:2♣ 5♦=7  BANKER(L)  | -16,000원 → 75,050원  [end_giveup]
H089 | bet   1,000원 BANKER | P:5♦ 3♥=8  B:K♦ 5♣=5  PLAYER(L)  | -1,000원 → 74,050원  [start]
H090 | bet   2,000원 PLAYER | P:8♠ J♣=8  B:7♣ 4♦=1  PLAYER(W)  | +2,000원 → 76,050원  [end_win]
H091 | bet   1,000원 BANKER | P:9♥ J♠=9  B:10♦ 3♦=3  PLAYER(L)  | -1,000원 → 75,050원  [start]
H092 | bet   2,000원 PLAYER | P:4♠ 5♥=9  B:K♣ A♥=1  PLAYER(W)  | +2,000원 → 77,050원  [end_win]
H093 | bet   1,000원 BANKER | P:3♣ K♥ K♣=3  B:J♣ 7♣=7  BANKER(W)  | +950원 → 78,000원
H094 | bet   1,000원 BANKER | P:A♠ 5♥=6  B:9♠ 6♥ J♣=5  PLAYER(L)  | -1,000원 → 77,000원  [start]
H095 | bet   2,000원 PLAYER | P:Q♠ 6♥=6  B:3♣ 7♠ Q♥=0  PLAYER(W)  | +2,000원 → 79,000원  [end_win]
H096 | bet   1,000원 BANKER | P:8♠ 3♥ 10♦=1  B:4♣ 8♠ Q♣=2  BANKER(W)  | +950원 → 79,950원
H097 | bet   1,000원 BANKER | P:5♠ 5♥ 3♣=3  B:5♥ A♥=6  BANKER(W)  | +950원 → 80,900원
H098 | bet   1,000원 BANKER | P:A♠ A♦=2  B:J♥ 8♣=8  BANKER(W)  | +950원 → 81,850원
H099 | bet   1,000원 BANKER | P:3♣ 4♥=7  B:9♠ J♦=9  BANKER(W)  | +950원 → 82,800원
H100 | bet   1,000원 BANKER | P:4♥ 2♦=6  B:K♠ 4♣ A♣=5  PLAYER(L)  | -1,000원 → 81,800원  [start]
H101 | bet   2,000원 PLAYER | P:4♣ 10♥ 6♣=0  B:6♠ J♦ 2♣=8  BANKER(L)  | -2,000원 → 79,800원
H102 | bet   4,000원 PLAYER | P:9♥ 10♥=9  B:8♥ 4♥=2  PLAYER(W)  | +4,000원 → 83,800원  [end_win]
H103 | bet   1,000원 BANKER | P:Q♦ 2♦ 7♠=9  B:J♥ 2♦ A♥=3  PLAYER(L)  | -1,000원 → 82,800원  [start]
H104 | bet   2,000원 PLAYER | P:Q♦ 3♠ 4♦=7  B:9♦ 4♠ 2♥=5  PLAYER(W)  | +2,000원 → 84,800원  [end_win]
H105 | bet   1,000원 BANKER | P:Q♠ A♣=1  B:2♥ 6♥=8  BANKER(W)  | +950원 → 85,750원
H106 | bet   1,000원 BANKER | P:9♥ 5♦ K♠=4  B:J♥ K♥ 3♦=3  PLAYER(L)  | -1,000원 → 84,750원  [start]
H107 | bet   2,000원 PLAYER | P:4♣ 9♠ 9♦=2  B:7♦ 10♠=7  BANKER(L)  | -2,000원 → 82,750원
H108 | bet   4,000원 PLAYER | P:10♦ 10♦=0  B:3♥ 6♦=9  BANKER(L)  | -4,000원 → 78,750원
H109 | bet   8,000원 PLAYER | P:6♠ 8♥ J♥=4  B:Q♣ 6♦=6  BANKER(L)  | -8,000원 → 70,750원
H110 | bet  16,000원 PLAYER | P:K♥ 3♣ 10♥=3  B:10♥ 5♦=5  BANKER(L)  | -16,000원 → 54,750원  [end_giveup]
H111 | bet   1,000원 BANKER | P:2♠ 3♠ 8♦=3  B:9♣ A♣ 4♦=4  BANKER(W)  | +950원 → 55,700원
H112 | bet   1,000원 BANKER | P:7♣ 7♣ 7♦=1  B:J♠ J♠ K♣=0  PLAYER(L)  | -1,000원 → 54,700원  [start]
H113 | bet   2,000원 PLAYER | P:Q♣ 8♦=8  B:4♦ J♦=4  PLAYER(W)  | +2,000원 → 56,700원  [end_win]
H114 | bet   1,000원 BANKER | P:9♥ 8♥=7  B:2♣ 8♦ 5♣=5  PLAYER(L)  | -1,000원 → 55,700원  [start]
H115 | bet   2,000원 PLAYER | P:5♠ 10♠ 5♣=0  B:8♦ 5♠ 7♥=0  TIE(T)  |     0원 → 55,700원
H116 | bet   2,000원 PLAYER | P:9♦ 2♠ 9♣=0  B:J♦ A♣ A♦=2  BANKER(L)  | -2,000원 → 53,700원
H117 | bet   4,000원 PLAYER | P:10♠ 2♠ A♦=3  B:6♥ Q♦=6  BANKER(L)  | -4,000원 → 49,700원

Result: RUIN (capital_depleted)
Final: 49,700원  Hands: 117  Bets: 110  Wagered: 309,000원  Max losing streak: 6
