=== Session 15 ===
Seed: 1885446857198079865
Initial: 100,000원  Target: 500,000원  Ruin: 50,000원  Table-max: 100,000원
Strategy: martingale (pivot, steps=4)
Base bet: 1,000원  Primary side: BANKER

H001 | bet   1,000원 BANKER | P:6♦ 7♦=3  B:Q♠ 8♣=8  BANKER(W)  | +950원 → 100,950원
H002 | bet   1,000원 BANKER | P:3♥ 9♣ 2♦=4  B:8♣ 8♥=6  BANKER(W)  | +950원 → 101,900원
H003 | bet   1,000원 BANKER | P:5♠ 9♥ 5♣=9  B:5♠ 2♣=7  PLAYER(L)  | -1,000원 → 100,900원  [start]
H004 | bet   2,000원 PLAYER | P:7♠ 4♣ 3♦=4  B:K♥ 10♦ 7♦=7  BANKER(L)  | -2,000원 → 98,900원
H005 | bet   4,000원 PLAYER | P:6♥ K♣=6  B:8♣ A♦=9  BANKER(L)  | -4,000원 → 94,900원
H006 | bet   8,000원 PLAYER | P:8♣ 10♠=8  B:3♦ 6♠=9  BANKER(L)  | -8,000원 → 86,900원
H007 | bet  16,000원 PLAYER | P:2♥ A♠ K♣=3  B:4♦ 7♣ Q♥=1  PLAYER(W)  | +16,000원 → 102,900원  [end_win]
H008 | bet   1,000원 BANKER | P:A♠ 5♣=6  B:5♥ Q♥ 4♦=9  BANKER(W)  | +950원 → 103,850원
H009 | bet   1,000원 BANKER | P:Q♣ J♠ J♦=0  B:5♦ A♠=6  BANKER(W)  | +950원 → 104,800원
H010 | bet   1,000원 BANKER | P:J♥ 4♠ 7♠=1  B:Q♠ A♣ 7♣=8  BANKER(W)  | +950원 → 105,750원
H011 | bet   1,000원 BANKER | P:9♦ 2♦ 4♦=5  B:4♣ Q♠ 10♦=4  PLAYER(L)  | -1,000원 → 104,750원  [start]
H012 | bet   2,000원 PLAYER | P:Q♠ J♥ A♠=1  B:6♣ 8♦=4  BANKER(L)  | -2,000원 → 102,750원
H013 | bet   4,000원 PLAYER | P:7♦ 3♦ 6♥=6  B:A♥ 10♥ 10♣=1  PLAYER(W)  | +4,000원 → 106,750원  [end_win]
H014 | bet   1,000원 BANKER | P:A♦ 2♣ Q♣=3  B:5♠ 8♣ 5♣=8  BANKER(W)  | +950원 → 107,700원
H015 | bet   1,000원 BANKER | P:10♥ Q♠ A♣=1  B:9♠ A♠ 6♥=6  BANKER(W)  | +950원 → 108,650원
H016 | bet   1,000원 BANKER | P:6♦ 2♦=8  B:9♠ 7♥=6  PLAYER(L)  | -1,000원 → 107,650원  [start]
H017 | bet   2,000원 PLAYER | P:5♠ 8♠ 2♥=5  B:Q♦ 3♠ A♣=4  PLAYER(W)  | +2,000원 → 109,650원  [end_win]
H018 | bet   1,000원 BANKER | P:7♠ J♥=7  B:7♣ 6♣ 7♠=0  PLAYER(L)  | -1,000원 → 108,650원  [start]
H019 | bet   2,000원 PLAYER | P:A♠ J♦ K♥=1  B:10♦ J♦ K♥=0  PLAYER(W)  | +2,000원 → 110,650원  [end_win]
H020 | bet   1,000원 BANKER | P:8♣ 9♥=7  B:K♦ 5♦ 8♦=3  PLAYER(L)  | -1,000원 → 109,650원  [start]
H021 | bet   2,000원 PLAYER | P:5♥ 2♥=7  B:3♦ 3♠=6  PLAYER(W)  | +2,000원 → 111,650원  [end_win]
H022 | bet   1,000원 BANKER | P:K♦ 6♣=6  B:5♥ 5♣ K♦=0  PLAYER(L)  | -1,000원 → 110,650원  [start]
H023 | bet   2,000원 PLAYER | P:10♥ 10♠ 3♣=3  B:2♣ 3♠=5  BANKER(L)  | -2,000원 → 108,650원
H024 | bet   4,000원 PLAYER | P:2♠ 5♦=7  B:6♦ 4♥ Q♥=0  PLAYER(W)  | +4,000원 → 112,650원  [end_win]
H025 | bet   1,000원 BANKER | P:10♣ 2♠ 4♣=6  B:A♥ 4♦ 2♦=7  BANKER(W)  | +950원 → 113,600원
H026 | bet   1,000원 BANKER | P:8♦ J♠=8  B:9♥ 10♠=9  BANKER(W)  | +950원 → 114,550원
H027 | bet   1,000원 BANKER | P:8♥ 10♠=8  B:4♣ Q♥=4  PLAYER(L)  | -1,000원 → 113,550원  [start]
H028 | bet   2,000원 PLAYER | P:A♦ Q♦=1  B:8♠ J♠=8  BANKER(L)  | -2,000원 → 111,550원
H029 | bet   4,000원 PLAYER | P:7♠ J♥=7  B:6♣ Q♦=6  PLAYER(W)  | +4,000원 → 115,550원  [end_win]
H030 | bet   1,000원 BANKER | P:3♠ Q♠=3  B:6♣ 2♠=8  BANKER(W)  | +950원 → 116,500원
H031 | bet   1,000원 BANKER | P:7♥ Q♦=7  B:7♦ 2♦=9  BANKER(W)  | +950원 → 117,450원
H032 | bet   1,000원 BANKER | P:8♠ J♣=8  B:10♣ 7♥=7  PLAYER(L)  | -1,000원 → 116,450원  [start]
H033 | bet   2,000원 PLAYER | P:Q♣ 8♥=8  B:10♦ 10♣=0  PLAYER(W)  | +2,000원 → 118,450원  [end_win]
H034 | bet   1,000원 BANKER | P:9♦ Q♥=9  B:3♦ 9♣=2  PLAYER(L)  | -1,000원 → 117,450원  [start]
H035 | bet   2,000원 PLAYER | P:2♥ J♠ 4♦=6  B:9♠ 3♠ 4♣=6  TIE(T)  |     0원 → 117,450원
H036 | bet   2,000원 PLAYER | P:A♥ 7♠=8  B:2♥ K♣=2  PLAYER(W)  | +2,000원 → 119,450원  [end_win]
H037 | bet   1,000원 BANKER | P:4♥ 7♦ K♠=1  B:6♥ 7♥ A♥=4  BANKER(W)  | +950원 → 120,400원
H038 | bet   1,000원 BANKER | P:6♠ K♠=6  B:9♣ 8♥=7  BANKER(W)  | +950원 → 121,350원
H039 | bet   1,000원 BANKER | P:3♠ 6♥=9  B:10♦ 6♠=6  PLAYER(L)  | -1,000원 → 120,350원  [start]
H040 | bet   2,000원 PLAYER | P:7♣ 2♥=9  B:9♣ 5♥=4  PLAYER(W)  | +2,000원 → 122,350원  [end_win]
H041 | bet   1,000원 BANKER | P:7♣ A♥=8  B:8♠ Q♥=8  TIE(T)  |     0원 → 122,350원
H042 | bet   1,000원 BANKER | P:6♣ 7♥ 5♣=8  B:3♣ K♦ 4♠=7  PLAYER(L)  | -1,000원 → 121,350원  [start]
H043 | bet   2,000원 PLAYER | P:7♥ 4♣=1  B:9♦ J♣=9  BANKER(L)  | -2,000원 → 119,350원
H044 | bet   4,000원 PLAYER | P:K♣ 10♦ A♠=1  B:10♥ K♠ 8♦=8  BANKER(L)  | -4,000원 → 115,350원
H045 | bet   8,000원 PLAYER | P:K♠ K♥ 4♠=4  B:7♣ 6♦ K♦=3  PLAYER(W)  | +8,000원 → 123,350원  [end_win]
H046 | bet   1,000원 BANKER | P:6♠ Q♦=6  B:A♣ 3♣ Q♣=4  PLAYER(L)  | -1,000원 → 122,350원  [start]
H047 | bet   2,000원 PLAYER | P:3♥ 6♣=9  B:6♦ K♣=6  PLAYER(W)  | +2,000원 → 124,350원  [end_win]
H048 | bet   1,000원 BANKER | P:10♥ 7♥=7  B:Q♦ J♥ 5♦=5  PLAYER(L)  | -1,000원 → 123,350원  [start]
H049 | bet   2,000원 PLAYER | P:8♠ 6♥ J♣=4  B:10♣ K♠ 8♥=8  BANKER(L)  | -2,000원 → 121,350원
H050 | bet   4,000원 PLAYER | P:10♠ 5♦=5  B:7♣ 2♠=9  BANKER(L)  | -4,000원 → 117,350원
H051 | bet   8,000원 PLAYER | P:10♣ A♣ 3♥=4  B:4♥ 8♥ 2♠=4  TIE(T)  |     0원 → 117,350원
H052 | bet   8,000원 PLAYER | P:K♦ 5♥ K♥=5  B:4♦ 9♥ K♣=3  PLAYER(W)  | +8,000원 → 125,350원  [end_win]
H053 | bet   1,000원 BANKER | P:2♥ Q♥ 3♣=5  B:3♥ K♦ 5♥=8  BANKER(W)  | +950원 → 126,300원
H054 | bet   1,000원 BANKER | P:10♠ 9♦=9  B:J♣ K♠=0  PLAYER(L)  | -1,000원 → 125,300원  [start]
H055 | bet   2,000원 PLAYER | P:A♣ 5♣=6  B:J♣ K♥ 4♥=4  PLAYER(W)  | +2,000원 → 127,300원  [end_win]
H056 | bet   1,000원 BANKER | P:J♦ 8♦=8  B:7♦ 2♦=9  BANKER(W)  | +950원 → 128,250원
H057 | bet   1,000원 BANKER | P:6♥ 3♣=9  B:6♦ 4♠=0  PLAYER(L)  | -1,000원 → 127,250원  [start]
H058 | bet   2,000원 PLAYER | P:10♣ 3♣ J♥=3  B:A♦ 9♣ 5♥=5  BANKER(L)  | -2,000원 → 125,250원
H059 | bet   4,000원 PLAYER | P:9♣ 7♣=6  B:Q♣ 9♦=9  BANKER(L)  | -4,000원 → 121,250원
H060 | bet   8,000원 PLAYER | P:9♠ 6♠ 9♠=4  B:9♥ 4♣ 9♥=2  PLAYER(W)  | +8,000원 → 129,250원  [end_win]
H061 | bet   1,000원 BANKER | P:J♠ 10♠ 6♥=6  B:Q♠ A♥ 7♦=8  BANKER(W)  | +950원 → 130,200원
H062 | bet   1,000원 BANKER | P:3♥ 10♣ 10♠=3  B:5♣ 10♥=5  BANKER(W)  | +950원 → 131,150원
H063 | bet   1,000원 BANKER | P:2♦ 10♦ Q♣=2  B:K♥ 4♣=4  BANKER(W)  | +950원 → 132,100원
H064 | bet   1,000원 BANKER | P:J♠ 6♠=6  B:8♣ J♣=8  BANKER(W)  | +950원 → 133,050원
H065 | bet   1,000원 BANKER | P:J♠ 9♥=9  B:2♠ 4♥=6  PLAYER(L)  | -1,000원 → 132,050원  [start]
H066 | bet   2,000원 PLAYER | P:3♥ 3♠=6  B:J♣ 9♥=9  BANKER(L)  | -2,000원 → 130,050원
H067 | bet   4,000원 PLAYER | P:2♦ K♦ 9♣=1  B:2♣ K♠ J♦=2  BANKER(L)  | -4,000원 → 126,050원
H068 | bet   8,000원 PLAYER | P:2♣ 4♠=6  B:4♦ A♦ K♣=5  PLAYER(W)  | +8,000원 → 134,050원  [end_win]
H069 | bet   1,000원 BANKER | P:8♠ K♣=8  B:Q♦ K♠=0  PLAYER(L)  | -1,000원 → 133,050원  [start]
H070 | bet   2,000원 PLAYER | P:A♦ 5♦=6  B:10♦ 2♠ 9♦=1  PLAYER(W)  | +2,000원 → 135,050원  [end_win]
H071 | bet   1,000원 BANKER | P:6♠ 6♣ A♣=3  B:8♦ 7♠=5  BANKER(W)  | +950원 → 136,000원
H072 | bet   1,000원 BANKER | P:4♦ 8♦ 6♠=8  B:3♣ 3♥ J♦=6  PLAYER(L)  | -1,000원 → 135,000원  [start]
H073 | bet   2,000원 PLAYER | P:A♦ 4♥ 2♣=7  B:2♣ 3♣=5  PLAYER(W)  | +2,000원 → 137,000원  [end_win]
H074 | bet   1,000원 BANKER | P:J♦ 3♠ 8♦=1  B:A♦ 4♠=5  BANKER(W)  | +950원 → 137,950원
H075 | bet   1,000원 BANKER | P:10♥ A♣ 9♣=0  B:5♠ 8♠ 5♦=8  BANKER(W)  | +950원 → 138,900원
H076 | bet   1,000원 BANKER | P:8♣ Q♣=8  B:7♦ Q♠=7  PLAYER(L)  | -1,000원 → 137,900원  [start]
H077 | bet   2,000원 PLAYER | P:9♠ K♥=9  B:3♦ 7♥=0  PLAYER(W)  | +2,000원 → 139,900원  [end_win]
H078 | bet   1,000원 BANKER | P:5♠ Q♦=5  B:5♣ 4♠=9  BANKER(W)  | +950원 → 140,850원
H079 | bet   1,000원 BANKER | P:5♠ 9♦ J♦=4  B:4♥ 2♥=6  BANKER(W)  | +950원 → 141,800원
H080 | bet   1,000원 BANKER | P:Q♣ 9♠=9  B:J♠ 2♠=2  PLAYER(L)  | -1,000원 → 140,800원  [start]
H081 | bet   2,000원 PLAYER | P:6♦ 5♠ 9♠=0  B:J♣ 4♠=4  BANKER(L)  | -2,000원 → 138,800원
H082 | bet   4,000원 PLAYER | P:2♣ 3♥ 7♠=2  B:4♥ 3♦=7  BANKER(L)  | -4,000원 → 134,800원
H083 | bet   8,000원 PLAYER | P:5♦ 8♥ 3♦=6  B:A♠ A♥ J♥=2  PLAYER(W)  | +8,000원 → 142,800원  [end_win]
H084 | bet   1,000원 BANKER | P:2♦ 7♣=9  B:Q♥ 6♥=6  PLAYER(L)  | -1,000원 → 141,800원  [start]
H085 | bet   2,000원 PLAYER | P:8♠ 6♣=4  B:10♦ 9♥=9  BANKER(L)  | -2,000원 → 139,800원
H086 | bet   4,000원 PLAYER | P:7♣ 6♣ 10♦=3  B:5♣ 10♠=5  BANKER(L)  | -4,000원 → 135,800원
H087 | bet   8,000원 PLAYER | P:2♦ A♠=3  B:J♣ 9♥=9  BANKER(L)  | -8,000원 → 127,800원
H088 | bet  16,000원 PLAYER | P:10♥ 8♠=8  B:6♦ 7♠=3  PLAYER(W)  | +16,000원 → 143,800원  [end_win]
H089 | bet   1,000원 BANKER | P:K♣ Q♦=0  B:5♣ 3♥=8  BANKER(W)  | +950원 → 144,750원
H090 | bet   1,000원 BANKER | P:2♥ 3♣=5  B:7♦ A♠=8  BANKER(W)  | +950원 → 145,700원
H091 | bet   1,000원 BANKER | P:5♠ K♣ J♦=5  B:6♥ 5♦ 7♣=8  BANKER(W)  | +950원 → 146,650원
H092 | bet   1,000원 BANKER | P:3♣ 6♣=9  B:3♣ A♦=4  PLAYER(L)  | -1,000원 → 145,650원  [start]
H093 | bet   2,000원 PLAYER | P:5♠ J♥ 10♣=5  B:9♣ 8♦=7  BANKER(L)  | -2,000원 → 143,650원
H094 | bet   4,000원 PLAYER | P:4♠ 8♣ A♦=3  B:4♠ J♠=4  BANKER(L)  | -4,000원 → 139,650원
H095 | bet   8,000원 PLAYER | P:7♥ 10♠=7  B:A♠ 2♦ 10♠=3  PLAYER(W)  | +8,000원 → 147,650원  [end_win]
H096 | bet   1,000원 BANKER | P:A♥ J♦ 4♥=5  B:10♦ K♠ 9♠=9  BANKER(W)  | +950원 → 148,600원
H097 | bet   1,000원 BANKER | P:7♠ 8♥=5  B:8♠ A♥=9  BANKER(W)  | +950원 → 149,550원
H098 | bet   1,000원 BANKER | P:5♣ Q♣ 4♥=9  B:A♦ 3♥ 10♣=4  PLAYER(L)  | -1,000원 → 148,550원  [start]
H099 | bet   2,000원 PLAYER | P:3♦ 6♠=9  B:3♥ 10♥=3  PLAYER(W)  | +2,000원 → 150,550원  [end_win]
H100 | bet   1,000원 BANKER | P:Q♥ 6♠=6  B:5♣ 2♠=7  BANKER(W)  | +950원 → 151,500원
H101 | bet   1,000원 BANKER | P:3♣ 4♥=7  B:4♠ 4♣=8  BANKER(W)  | +950원 → 152,450원
H102 | bet   1,000원 BANKER | P:6♠ 10♥=6  B:9♠ K♠=9  BANKER(W)  | +950원 → 153,400원
H103 | bet   1,000원 BANKER | P:8♦ 2♥ K♥=0  B:5♦ 9♦=4  BANKER(W)  | +950원 → 154,350원
H104 | bet   1,000원 BANKER | P:6♦ A♠=7  B:Q♠ 9♦=9  BANKER(W)  | +950원 → 155,300원
H105 | bet   1,000원 BANKER | P:A♥ 6♣=7  B:4♦ J♥ J♣=4  PLAYER(L)  | -1,000원 → 154,300원  [start]
H106 | bet   2,000원 PLAYER | P:J♣ A♥ 6♣=7  B:2♥ J♦ Q♦=2  PLAYER(W)  | +2,000원 → 156,300원  [end_win]
H107 | bet   1,000원 BANKER | P:2♠ 5♥=7  B:A♠ 3♦ 5♠=9  BANKER(W)  | +950원 → 157,250원
H108 | bet   1,000원 BANKER | P:8♣ 6♠ 10♠=4  B:K♦ 6♦=6  BANKER(W)  | +950원 → 158,200원
H109 | bet   1,000원 BANKER | P:A♣ 5♣=6  B:5♥ 4♥=9  BANKER(W)  | +950원 → 159,150원
H110 | bet   1,000원 BANKER | P:6♠ 9♠ Q♦=5  B:10♣ 2♠ 6♣=8  BANKER(W)  | +950원 → 160,100원
H111 | bet   1,000원 BANKER | P:K♠ 8♠=8  B:9♠ 2♥=1  PLAYER(L)  | -1,000원 → 159,100원  [start]
H112 | bet   2,000원 PLAYER | P:10♦ 6♣=6  B:K♦ 3♥ J♠=3  PLAYER(W)  | +2,000원 → 161,100원  [end_win]
H113 | bet   1,000원 BANKER | P:10♥ K♠ 10♠=0  B:3♦ J♠ 8♣=1  BANKER(W)  | +950원 → 162,050원
H114 | bet   1,000원 BANKER | P:9♦ 9♥=8  B:2♣ 4♣=6  PLAYER(L)  | -1,000원 → 161,050원  [start]
H115 | bet   2,000원 PLAYER | P:8♥ 8♠=6  B:J♦ J♥ 9♦=9  BANKER(L)  | -2,000원 → 159,050원
H116 | bet   4,000원 PLAYER | P:3♠ J♥ 4♦=7  B:9♣ 4♦ 8♠=1  PLAYER(W)  | +4,000원 → 163,050원  [end_win]
H117 | bet   1,000원 BANKER | P:J♦ 4♥ 7♦=1  B:A♣ 2♥ A♥=4  BANKER(W)  | +950원 → 164,000원
H118 | bet   1,000원 BANKER | P:7♥ Q♠=7  B:5♥ 7♦ 4♦=6  PLAYER(L)  | -1,000원 → 163,000원  [start]
H119 | bet   2,000원 PLAYER | P:7♥ A♠=8  B:Q♦ 10♠=0  PLAYER(W)  | +2,000원 → 165,000원  [end_win]
H120 | bet   1,000원 BANKER | P:K♥ 2♣=2  B:9♥ K♣=9  BANKER(W)  | +950원 → 165,950원
H121 | bet   1,000원 BANKER | P:K♣ A♦=1  B:2♠ 7♦=9  BANKER(W)  | +950원 → 166,900원
H122 | bet   1,000원 BANKER | P:5♣ 9♠=4  B:7♠ A♣=8  BANKER(W)  | +950원 → 167,850원
H123 | bet   1,000원 BANKER | P:8♥ 10♣=8  B:3♠ J♥=3  PLAYER(L)  | -1,000원 → 166,850원  [start]
H124 | bet   2,000원 PLAYER | P:6♠ 9♦ 8♦=3  B:3♠ 3♥=6  BANKER(L)  | -2,000원 → 164,850원
H125 | bet   4,000원 PLAYER | P:9♣ 9♦=8  B:K♥ 5♠=5  PLAYER(W)  | +4,000원 → 168,850원  [end_win]
H126 | bet   1,000원 BANKER | P:7♣ 7♠ 9♠=3  B:6♥ 4♣ 5♦=5  BANKER(W)  | +950원 → 169,800원
H127 | bet   1,000원 BANKER | P:K♣ 6♦=6  B:10♠ 10♦ 2♦=2  PLAYER(L)  | -1,000원 → 168,800원  [start]
H128 | bet   2,000원 PLAYER | P:5♠ 4♣=9  B:K♠ 5♠=5  PLAYER(W)  | +2,000원 → 170,800원  [end_win]
H129 | bet   1,000원 BANKER | P:9♦ 6♦ 8♣=3  B:3♠ J♠=3  TIE(T)  |     0원 → 170,800원
H130 | bet   1,000원 BANKER | P:7♦ 7♥ 7♠=1  B:Q♠ A♥ J♣=1  TIE(T)  |     0원 → 170,800원
H131 | bet   1,000원 BANKER | P:7♠ Q♥=7  B:2♥ 6♠=8  BANKER(W)  | +950원 → 171,750원
H132 | bet   1,000원 BANKER | P:J♠ A♥ J♣=1  B:A♦ 9♣ 7♦=7  BANKER(W)  | +950원 → 172,700원
H133 | bet   1,000원 BANKER | P:9♣ 6♦ 2♦=7  B:Q♣ A♦ K♠=1  PLAYER(L)  | -1,000원 → 171,700원  [start]
H134 | bet   2,000원 PLAYER | P:3♥ 8♣ 10♣=1  B:K♦ J♣ 9♠=9  BANKER(L)  | -2,000원 → 169,700원
H135 | bet   4,000원 PLAYER | P:6♥ K♥=6  B:J♠ 10♥ J♠=0  PLAYER(W)  | +4,000원 → 173,700원  [end_win]
H136 | bet   1,000원 BANKER | P:3♥ 5♣=8  B:3♦ A♦=4  PLAYER(L)  | -1,000원 → 172,700원  [start]
H137 | bet   2,000원 PLAYER | P:J♠ K♣ 5♦=5  B:2♣ 2♣ 3♣=7  BANKER(L)  | -2,000원 → 170,700원
H138 | bet   4,000원 PLAYER | P:K♦ 9♦=9  B:8♣ K♠=8  PLAYER(W)  | +4,000원 → 174,700원  [end_win]
H139 | bet   1,000원 BANKER | P:K♥ 5♦ 2♣=7  B:Q♥ 5♦=5  PLAYER(L)  | -1,000원 → 173,700원  [start]
H140 | bet   2,000원 PLAYER | P:4♣ J♥ 9♥=3  B:2♠ 10♣ 7♦=9  BANKER(L)  | -2,000원 → 171,700원
H141 | bet   4,000원 PLAYER | P:5♠ Q♣ Q♦=5  B:A♥ 6♥=7  BANKER(L)  | -4,000원 → 167,700원
H142 | bet   8,000원 PLAYER | P:3♠ 3♠=6  B:2♣ A♣ 3♣=6  TIE(T)  |     0원 → 167,700원
H143 | bet   8,000원 PLAYER | P:3♥ A♠ 10♦=4  B:5♥ A♣=6  BANKER(L)  | -8,000원 → 159,700원
H144 | bet  16,000원 PLAYER | P:5♥ A♣=6  B:3♣ A♣ Q♣=4  PLAYER(W)  | +16,000원 → 175,700원  [end_win]
H145 | bet   1,000원 BANKER | P:9♣ 8♥=7  B:3♦ 4♥=7  TIE(T)  |     0원 → 175,700원
H146 | bet   1,000원 BANKER | P:K♦ 2♥ Q♠=2  B:Q♠ 3♦ Q♥=3  BANKER(W)  | +950원 → 176,650원
H147 | bet   1,000원 BANKER | P:K♥ A♣ 10♥=1  B:K♥ 4♣=4  BANKER(W)  | +950원 → 177,600원
H148 | bet   1,000원 BANKER | P:8♦ J♣=8  B:K♣ 7♣=7  PLAYER(L)  | -1,000원 → 176,600원  [start]
H149 | bet   2,000원 PLAYER | P:Q♣ 10♥ 4♥=4  B:5♥ K♥ Q♣=5  BANKER(L)  | -2,000원 → 174,600원
H150 | bet   4,000원 PLAYER | P:5♦ J♦=5  B:9♣ K♦=9  BANKER(L)  | -4,000원 → 170,600원
H151 | bet   8,000원 PLAYER | P:7♥ 7♦ J♥=4  B:Q♥ J♣ 4♠=4  TIE(T)  |     0원 → 170,600원
H152 | bet   8,000원 PLAYER | P:Q♥ Q♠ 7♠=7  B:8♥ 4♥ 3♦=5  PLAYER(W)  | +8,000원 → 178,600원  [end_win]
H153 | bet   1,000원 BANKER | P:10♠ J♥=0  B:K♠ 9♥=9  BANKER(W)  | +950원 → 179,550원
H154 | bet   1,000원 BANKER | P:4♦ 4♠=8  B:10♣ A♠=1  PLAYER(L)  | -1,000원 → 178,550원  [start]
H155 | bet   2,000원 PLAYER | P:7♥ 8♣ 4♣=9  B:J♦ 2♣ J♦=2  PLAYER(W)  | +2,000원 → 180,550원  [end_win]
H156 | bet   1,000원 BANKER | P:6♦ Q♠=6  B:3♦ 4♠=7  BANKER(W)  | +950원 → 181,500원
H157 | bet   1,000원 BANKER | P:K♦ 4♣ K♦=4  B:5♣ 10♥=5  BANKER(W)  | +950원 → 182,450원
H158 | bet   1,000원 BANKER | P:2♦ 9♣ 4♠=5  B:8♠ 3♠ 6♣=7  BANKER(W)  | +950원 → 183,400원
H159 | bet   1,000원 BANKER | P:10♦ 7♣=7  B:8♠ 2♦ 3♣=3  PLAYER(L)  | -1,000원 → 182,400원  [start]
H160 | bet   2,000원 PLAYER | P:2♦ 4♦=6  B:10♦ 5♦ 2♠=7  BANKER(L)  | -2,000원 → 180,400원
H161 | bet   4,000원 PLAYER | P:7♣ 7♥=4  B:10♣ 8♦=8  BANKER(L)  | -4,000원 → 176,400원
H162 | bet   8,000원 PLAYER | P:2♠ 5♥=7  B:3♠ Q♥ 4♦=7  TIE(T)  |     0원 → 176,400원
H163 | bet   8,000원 PLAYER | P:4♦ Q♦ 8♦=2  B:6♦ 6♥ 7♠=9  BANKER(L)  | -8,000원 → 168,400원
H164 | bet  16,000원 PLAYER | P:8♥ Q♦=8  B:7♣ 8♦=5  PLAYER(W)  | +16,000원 → 184,400원  [end_win]
H165 | bet   1,000원 BANKER | P:8♣ Q♠=8  B:K♣ Q♣=0  PLAYER(L)  | -1,000원 → 183,400원  [start]
H166 | bet   2,000원 PLAYER | P:6♥ 9♠=5  B:8♦ A♦=9  BANKER(L)  | -2,000원 → 181,400원
H167 | bet   4,000원 PLAYER | P:6♥ 9♥ 5♥=0  B:2♥ 8♥ 6♠=6  BANKER(L)  | -4,000원 → 177,400원
H168 | bet   8,000원 PLAYER | P:K♥ 2♥ J♦=2  B:10♣ A♥ 4♠=5  BANKER(L)  | -8,000원 → 169,400원
H169 | bet  16,000원 PLAYER | P:J♥ 2♣ 6♣=8  B:10♥ 3♠ 10♥=3  PLAYER(W)  | +16,000원 → 185,400원  [end_win]
H170 | bet   1,000원 BANKER | P:Q♠ 8♠=8  B:8♦ A♠=9  BANKER(W)  | +950원 → 186,350원
H171 | bet   1,000원 BANKER | P:8♣ 4♠ 2♠=4  B:6♣ 4♣ 10♦=0  PLAYER(L)  | -1,000원 → 185,350원  [start]
H172 | bet   2,000원 PLAYER | P:4♦ K♣=4  B:4♣ 4♠=8  BANKER(L)  | -2,000원 → 183,350원
H173 | bet   4,000원 PLAYER | P:10♣ 6♦=6  B:3♥ A♠ J♣=4  PLAYER(W)  | +4,000원 → 187,350원  [end_win]
H174 | bet   1,000원 BANKER | P:7♥ 8♥=5  B:Q♣ 9♦=9  BANKER(W)  | +950원 → 188,300원
H175 | bet   1,000원 BANKER | P:6♦ 10♦=6  B:Q♠ 2♣ Q♥=2  PLAYER(L)  | -1,000원 → 187,300원  [start]
H176 | bet   2,000원 PLAYER | P:K♦ Q♣ 6♣=6  B:J♦ 10♦ 10♦=0  PLAYER(W)  | +2,000원 → 189,300원  [end_win]
H177 | bet   1,000원 BANKER | P:8♣ 7♠=5  B:J♦ 8♣=8  BANKER(W)  | +950원 → 190,250원
H178 | bet   1,000원 BANKER | P:10♠ 3♠ 2♦=5  B:Q♣ Q♦ 10♠=0  PLAYER(L)  | -1,000원 → 189,250원  [start]
H179 | bet   2,000원 PLAYER | P:9♣ 2♦ 2♣=3  B:A♣ Q♦ K♠=1  PLAYER(W)  | +2,000원 → 191,250원  [end_win]
H180 | bet   1,000원 BANKER | P:J♥ 2♠ 8♣=0  B:2♦ 3♥=5  BANKER(W)  | +950원 → 192,200원
H181 | bet   1,000원 BANKER | P:4♥ J♣ J♣=4  B:5♣ Q♠=5  BANKER(W)  | +950원 → 193,150원
H182 | bet   1,000원 BANKER | P:5♥ 6♥ 4♣=5  B:9♣ 5♣ 7♠=1  PLAYER(L)  | -1,000원 → 192,150원  [start]
H183 | bet   2,000원 PLAYER | P:J♥ 5♠ 4♠=9  B:Q♦ 10♣ 7♣=7  PLAYER(W)  | +2,000원 → 194,150원  [end_win]
H184 | bet   1,000원 BANKER | P:J♦ 8♠=8  B:7♣ 3♥=0  PLAYER(L)  | -1,000원 → 193,150원  [start]
H185 | bet   2,000원 PLAYER | P:7♦ 9♥=6  B:2♥ A♥ 8♥=1  PLAYER(W)  | +2,000원 → 195,150원  [end_win]
H186 | bet   1,000원 BANKER | P:3♦ 7♣ 9♥=9  B:7♣ Q♥=7  PLAYER(L)  | -1,000원 → 194,150원  [start]
H187 | bet   2,000원 PLAYER | P:J♠ Q♥ 3♠=3  B:K♣ 2♥ A♣=3  TIE(T)  |     0원 → 194,150원
H188 | bet   2,000원 PLAYER | P:7♥ Q♥=7  B:2♥ 7♥=9  BANKER(L)  | -2,000원 → 192,150원
H189 | bet   4,000원 PLAYER | P:10♥ Q♠=0  B:10♣ 9♣=9  BANKER(L)  | -4,000원 → 188,150원
H190 | bet   8,000원 PLAYER | P:2♠ 9♠=1  B:2♠ 7♦=9  BANKER(L)  | -8,000원 → 180,150원
H191 | bet  16,000원 PLAYER | P:K♣ J♣ 6♦=6  B:2♣ 8♥ 8♥=8  BANKER(L)  | -16,000원 → 164,150원  [end_giveup]
H192 | bet   1,000원 BANKER | P:2♥ 9♣ A♣=2  B:3♣ 4♦=7  BANKER(W)  | +950원 → 165,100원
H193 | bet   1,000원 BANKER | P:A♦ 9♥ 3♣=3  B:9♦ 5♦ J♥=4  BANKER(W)  | +950원 → 166,050원
H194 | bet   1,000원 BANKER | P:5♣ Q♦ 5♦=0  B:4♥ J♣ 4♥=8  BANKER(W)  | +950원 → 167,000원
H195 | bet   1,000원 BANKER | P:6♦ 8♠ 8♦=2  B:8♠ 8♦=6  BANKER(W)  | +950원 → 167,950원
H196 | bet   1,000원 BANKER | P:J♦ 4♣ 9♣=3  B:A♦ 5♦=6  BANKER(W)  | +950원 → 168,900원
H197 | bet   1,000원 BANKER | P:A♠ Q♣ 6♥=7  B:5♠ 10♠ A♣=6  PLAYER(L)  | -1,000원 → 167,900원  [start]
H198 | bet   2,000원 PLAYER | P:K♠ 10♣=0  B:10♣ 9♠=9  BANKER(L)  | -2,000원 → 165,900원
H199 | bet   4,000원 PLAYER | P:K♥ 2♣=2  B:8♦ 10♥=8  BANKER(L)  | -4,000원 → 161,900원
H200 | bet   8,000원 PLAYER | P:10♠ 5♣=5  B:10♣ 8♠=8  BANKER(L)  | -8,000원 → 153,900원
H201 | bet  16,000원 PLAYER | P:4♣ K♣=4  B:Q♦ 9♥=9  BANKER(L)  | -16,000원 → 137,900원  [end_giveup]
H202 | bet   1,000원 BANKER | P:7♣ 10♠=7  B:J♥ 4♥ 9♠=3  PLAYER(L)  | -1,000원 → 136,900원  [start]
H203 | bet   2,000원 PLAYER | P:A♦ 2♦ J♣=3  B:Q♦ 6♠=6  BANKER(L)  | -2,000원 → 134,900원
H204 | bet   4,000원 PLAYER | P:A♣ 5♣=6  B:K♦ 10♠ 8♦=8  BANKER(L)  | -4,000원 → 130,900원
H205 | bet   8,000원 PLAYER | P:6♣ A♠=7  B:Q♦ 7♠=7  TIE(T)  |     0원 → 130,900원
H206 | bet   8,000원 PLAYER | P:4♥ 3♦=7  B:4♦ 2♥=6  PLAYER(W)  | +8,000원 → 138,900원  [end_win]
H207 | bet   1,000원 BANKER | P:J♦ 2♦ 6♠=8  B:J♠ 3♥ K♣=3  PLAYER(L)  | -1,000원 → 137,900원  [start]
H208 | bet   2,000원 PLAYER | P:9♠ 8♦=7  B:9♠ 4♦ A♦=4  PLAYER(W)  | +2,000원 → 139,900원  [end_win]
H209 | bet   1,000원 BANKER | P:Q♣ 3♣ 3♦=6  B:Q♦ 5♦=5  PLAYER(L)  | -1,000원 → 138,900원  [start]
H210 | bet   2,000원 PLAYER | P:6♦ 2♠=8  B:8♣ A♥=9  BANKER(L)  | -2,000원 → 136,900원
H211 | bet   4,000원 PLAYER | P:K♥ A♥ J♥=1  B:8♠ 4♠ 8♦=0  PLAYER(W)  | +4,000원 → 140,900원  [end_win]
H212 | bet   1,000원 BANKER | P:K♥ K♥ 9♠=9  B:3♥ 2♦=5  PLAYER(L)  | -1,000원 → 139,900원  [start]
H213 | bet   2,000원 PLAYER | P:A♠ 9♦=0  B:5♦ 3♥=8  BANKER(L)  | -2,000원 → 137,900원
H214 | bet   4,000원 PLAYER | P:3♦ 8♣ 8♠=9  B:4♦ 10♦=4  PLAYER(W)  | +4,000원 → 141,900원  [end_win]
H215 | bet   1,000원 BANKER | P:2♣ 9♥ 2♠=3  B:8♦ 7♦=5  BANKER(W)  | +950원 → 142,850원
H216 | bet   1,000원 BANKER | P:3♣ 4♦=7  B:10♥ 9♠=9  BANKER(W)  | +950원 → 143,800원
H217 | bet   1,000원 BANKER | P:J♦ 8♥=8  B:7♦ A♠=8  TIE(T)  |     0원 → 143,800원
H218 | bet   1,000원 BANKER | P:5♠ A♥=6  B:5♣ Q♥ A♦=6  TIE(T)  |     0원 → 143,800원
H219 | bet   1,000원 BANKER | P:4♥ 6♥=0  B:5♥ 4♦=9  BANKER(W)  | +950원 → 144,750원
H220 | bet   1,000원 BANKER | P:10♥ 9♠=9  B:6♥ 7♣=3  PLAYER(L)  | -1,000원 → 143,750원  [start]
H221 | bet   2,000원 PLAYER | P:J♥ 6♠=6  B:10♠ 3♣ 5♠=8  BANKER(L)  | -2,000원 → 141,750원
H222 | bet   4,000원 PLAYER | P:K♥ 5♥=5  B:Q♥ 8♣=8  BANKER(L)  | -4,000원 → 137,750원
H223 | bet   8,000원 PLAYER | P:Q♠ 9♦=9  B:3♠ K♠=3  PLAYER(W)  | +8,000원 → 145,750원  [end_win]
H224 | bet   1,000원 BANKER | P:7♠ 5♣=2  B:K♠ 8♥=8  BANKER(W)  | +950원 → 146,700원
H225 | bet   1,000원 BANKER | P:3♦ 8♣ 5♥=6  B:J♠ K♠ 6♠=6  TIE(T)  |     0원 → 146,700원
H226 | bet   1,000원 BANKER | P:A♠ K♠ 9♣=0  B:7♥ 3♦ J♥=0  TIE(T)  |     0원 → 146,700원
H227 | bet   1,000원 BANKER | P:K♥ 3♠ 10♥=3  B:9♥ A♣ 3♥=3  TIE(T)  |     0원 → 146,700원
H228 | bet   1,000원 BANKER | P:9♦ K♦=9  B:4♥ 6♣=0  PLAYER(L)  | -1,000원 → 145,700원  [start]
H229 | bet   2,000원 PLAYER | P:9♥ A♣ 7♣=7  B:10♦ 6♣ 5♣=1  PLAYER(W)  | +2,000원 → 147,700원  [end_win]
H230 | bet   1,000원 BANKER | P:J♣ 10♥ 2♦=2  B:3♣ Q♥ 6♦=9  BANKER(W)  | +950원 → 148,650원
H231 | bet   1,000원 BANKER | P:7♦ K♦=7  B:2♥ 10♣ 2♦=4  PLAYER(L)  | -1,000원 → 147,650원  [start]
H232 | bet   2,000원 PLAYER | P:2♣ 7♠=9  B:Q♥ 9♦=9  TIE(T)  |     0원 → 147,650원
H233 | bet   2,000원 PLAYER | P:8♠ K♠=8  B:A♥ 5♠=6  PLAYER(W)  | +2,000원 → 149,650원  [end_win]
H234 | bet   1,000원 BANKER | P:K♣ Q♠ 6♠=6  B:K♥ J♠ 5♠=5  PLAYER(L)  | -1,000원 → 148,650원  [start]
H235 | bet   2,000원 PLAYER | P:6♦ 10♦=6  B:K♠ 6♣=6  TIE(T)  |     0원 → 148,650원
H236 | bet   2,000원 PLAYER | P:9♣ 3♣ 6♠=8  B:K♦ 2♣ 3♦=5  PLAYER(W)  | +2,000원 → 150,650원  [end_win]
H237 | bet   1,000원 BANKER | P:K♣ 4♠ 6♠=0  B:6♥ J♣ A♥=7  BANKER(W)  | +950원 → 151,600원
H238 | bet   1,000원 BANKER | P:2♠ J♠ 6♥=8  B:K♦ J♠ 5♦=5  PLAYER(L)  | -1,000원 → 150,600원  [start]
H239 | bet   2,000원 PLAYER | P:J♠ 6♥=6  B:6♣ 3♠=9  BANKER(L)  | -2,000원 → 148,600원
H240 | bet   4,000원 PLAYER | P:Q♣ 4♣ 8♥=2  B:6♥ A♦=7  BANKER(L)  | -4,000원 → 144,600원
H241 | bet   8,000원 PLAYER | P:7♥ 3♠ 9♦=9  B:A♠ 4♣=5  PLAYER(W)  | +8,000원 → 152,600원  [end_win]
H242 | bet   1,000원 BANKER | P:2♠ 9♦ J♦=1  B:7♦ 4♦ Q♣=1  TIE(T)  |     0원 → 152,600원
H243 | bet   1,000원 BANKER | P:9♥ 3♦ Q♠=2  B:J♠ 5♥=5  BANKER(W)  | +950원 → 153,550원
H244 | bet   1,000원 BANKER | P:7♠ 8♥ 5♦=0  B:K♣ 7♥=7  BANKER(W)  | +950원 → 154,500원
H245 | bet   1,000원 BANKER | P:A♦ 4♠ A♥=6  B:K♦ 6♠=6  TIE(T)  |     0원 → 154,500원
H246 | bet   1,000원 BANKER | P:7♥ K♦=7  B:7♠ A♣=8  BANKER(W)  | +950원 → 155,450원
H247 | bet   1,000원 BANKER | P:7♦ 2♥=9  B:3♠ 10♦=3  PLAYER(L)  | -1,000원 → 154,450원  [start]
H248 | bet   2,000원 PLAYER | P:7♣ 7♦ 6♦=0  B:5♠ A♦ 3♥=9  BANKER(L)  | -2,000원 → 152,450원
H249 | bet   4,000원 PLAYER | P:5♥ 4♣=9  B:Q♣ 7♠=7  PLAYER(W)  | +4,000원 → 156,450원  [end_win]
H250 | bet   1,000원 BANKER | P:3♠ 2♠=5  B:7♣ 2♠=9  BANKER(W)  | +950원 → 157,400원
H251 | bet   1,000원 BANKER | P:A♦ K♥ 10♦=1  B:7♣ 9♦=6  BANKER(W)  | +950원 → 158,350원
H252 | bet   1,000원 BANKER | P:5♣ K♦ 3♠=8  B:8♦ 5♥ 4♥=7  PLAYER(L)  | -1,000원 → 157,350원  [start]
H253 | bet   2,000원 PLAYER | P:3♦ K♣ J♦=3  B:6♦ 6♣ 9♦=1  PLAYER(W)  | +2,000원 → 159,350원  [end_win]
H254 | bet   1,000원 BANKER | P:7♦ 6♦ 4♣=7  B:7♣ 3♣ K♠=0  PLAYER(L)  | -1,000원 → 158,350원  [start]
H255 | bet   2,000원 PLAYER | P:K♥ Q♦ 2♥=2  B:5♣ 8♠ A♠=4  BANKER(L)  | -2,000원 → 156,350원
H256 | bet   4,000원 PLAYER | P:5♣ 7♠=2  B:3♥ 5♦=8  BANKER(L)  | -4,000원 → 152,350원
H257 | bet   8,000원 PLAYER | P:2♥ 7♥=9  B:4♣ 2♦=6  PLAYER(W)  | +8,000원 → 160,350원  [end_win]
H258 | bet   1,000원 BANKER | P:K♠ 8♣=8  B:5♠ 9♥=4  PLAYER(L)  | -1,000원 → 159,350원  [start]
H259 | bet   2,000원 PLAYER | P:7♥ 3♥ 2♥=2  B:A♥ J♥ A♣=2  TIE(T)  |     0원 → 159,350원
H260 | bet   2,000원 PLAYER | P:4♥ J♣ 2♠=6  B:6♦ 8♠ A♥=5  PLAYER(W)  | +2,000원 → 161,350원  [end_win]
H261 | bet   1,000원 BANKER | P:8♥ K♥=8  B:5♥ J♣=5  PLAYER(L)  | -1,000원 → 160,350원  [start]
H262 | bet   2,000원 PLAYER | P:5♥ 8♦ 6♥=9  B:10♦ Q♠ 7♠=7  PLAYER(W)  | +2,000원 → 162,350원  [end_win]
H263 | bet   1,000원 BANKER | P:4♦ 6♠=0  B:5♦ 3♠=8  BANKER(W)  | +950원 → 163,300원
H264 | bet   1,000원 BANKER | P:4♦ 2♣=6  B:10♥ 8♦=8  BANKER(W)  | +950원 → 164,250원
H265 | bet   1,000원 BANKER | P:6♥ 9♥=5  B:8♠ 10♣=8  BANKER(W)  | +950원 → 165,200원
H266 | bet   1,000원 BANKER | P:7♦ J♦=7  B:3♠ 2♦ 8♥=3  PLAYER(L)  | -1,000원 → 164,200원  [start]
H267 | bet   2,000원 PLAYER | P:8♥ 9♥=7  B:4♥ 4♥=8  BANKER(L)  | -2,000원 → 162,200원
H268 | bet   4,000원 PLAYER | P:Q♦ K♥=0  B:9♦ J♠=9  BANKER(L)  | -4,000원 → 158,200원
H269 | bet   8,000원 PLAYER | P:5♥ 10♣ 9♣=4  B:A♠ 4♠=5  BANKER(L)  | -8,000원 → 150,200원
H270 | bet  16,000원 PLAYER | P:J♠ J♣=0  B:5♣ 4♠=9  BANKER(L)  | -16,000원 → 134,200원  [end_giveup]
H271 | bet   1,000원 BANKER | P:7♣ K♣=7  B:2♦ 6♣=8  BANKER(W)  | +950원 → 135,150원
H272 | bet   1,000원 BANKER | P:Q♥ 4♦=4  B:9♣ K♦=9  BANKER(W)  | +950원 → 136,100원
H273 | bet   1,000원 BANKER | P:A♣ 6♦=7  B:A♥ 6♣=7  TIE(T)  |     0원 → 136,100원
H274 | bet   1,000원 BANKER | P:3♠ 6♦=9  B:9♣ J♥=9  TIE(T)  |     0원 → 136,100원
H275 | bet   1,000원 BANKER | P:10♣ K♦ 8♠=8  B:4♦ 8♣ 9♠=1  PLAYER(L)  | -1,000원 → 135,100원  [start]
H276 | bet   2,000원 PLAYER | P:10♠ 4♠ Q♦=4  B:3♦ A♠=4  TIE(T)  |     0원 → 135,100원
H277 | bet   2,000원 PLAYER | P:Q♠ 5♣ A♠=6  B:4♠ 2♦=6  TIE(T)  |     0원 → 135,100원
H278 | bet   2,000원 PLAYER | P:K♠ J♠=0  B:J♣ 8♦=8  BANKER(L)  | -2,000원 → 133,100원
H279 | bet   4,000원 PLAYER | P:10♠ 8♥=8  B:A♦ 6♦=7  PLAYER(W)  | +4,000원 → 137,100원  [end_win]
H280 | bet   1,000원 BANKER | P:9♠ J♦=9  B:Q♠ 4♣=4  PLAYER(L)  | -1,000원 → 136,100원  [start]
H281 | bet   2,000원 PLAYER | P:J♥ K♥ J♠=0  B:7♥ 5♦ 7♣=9  BANKER(L)  | -2,000원 → 134,100원
H282 | bet   4,000원 PLAYER | P:A♠ 10♦ 9♠=0  B:10♠ 10♥ 6♣=6  BANKER(L)  | -4,000원 → 130,100원
H283 | bet   8,000원 PLAYER | P:10♠ J♠ J♠=0  B:2♦ 4♣=6  BANKER(L)  | -8,000원 → 122,100원
H284 | bet  16,000원 PLAYER | P:2♠ 10♣ 10♥=2  B:J♥ 6♠=6  BANKER(L)  | -16,000원 → 106,100원  [end_giveup]
H285 | bet   1,000원 BANKER | P:3♥ 10♦ K♠=3  B:3♦ K♣ 4♦=7  BANKER(W)  | +950원 → 107,050원
H286 | bet   1,000원 BANKER | P:4♠ A♥ 8♦=3  B:4♠ 10♥=4  BANKER(W)  | +950원 → 108,000원
H287 | bet   1,000원 BANKER | P:K♣ 6♠=6  B:Q♣ Q♦ 5♣=5  PLAYER(L)  | -1,000원 → 107,000원  [start]
H288 | bet   2,000원 PLAYER | P:7♠ J♦=7  B:8♦ 9♦=7  TIE(T)  |     0원 → 107,000원
H289 | bet   2,000원 PLAYER | P:9♣ 6♦ J♠=5  B:5♠ J♠=5  TIE(T)  |     0원 → 107,000원
H290 | bet   2,000원 PLAYER | P:2♣ 10♣ A♠=3  B:J♥ 2♥ J♣=2  PLAYER(W)  | +2,000원 → 109,000원  [end_win]
H291 | bet   1,000원 BANKER | P:J♦ 7♠=7  B:8♦ 8♥=6  PLAYER(L)  | -1,000원 → 108,000원  [start]
H292 | bet   2,000원 PLAYER | P:2♥ K♠=2  B:Q♠ 9♥=9  BANKER(L)  | -2,000원 → 106,000원
H293 | bet   4,000원 PLAYER | P:3♥ 6♠=9  B:A♦ 4♥=5  PLAYER(W)  | +4,000원 → 110,000원  [end_win]
H294 | bet   1,000원 BANKER | P:10♦ 5♥ 6♣=1  B:9♠ 5♠ 5♠=9  BANKER(W)  | +950원 → 110,950원
H295 | bet   1,000원 BANKER | P:Q♥ A♥ Q♦=1  B:K♦ 5♦=5  BANKER(W)  | +950원 → 111,900원
H296 | bet   1,000원 BANKER | P:4♦ 4♥=8  B:9♠ 5♥=4  PLAYER(L)  | -1,000원 → 110,900원  [start]
H297 | bet   2,000원 PLAYER | P:7♠ A♦=8  B:6♥ 4♣=0  PLAYER(W)  | +2,000원 → 112,900원  [end_win]
H298 | bet   1,000원 BANKER | P:2♣ 3♠ 8♠=3  B:Q♥ A♣ 6♥=7  BANKER(W)  | +950원 → 113,850원
H299 | bet   1,000원 BANKER | P:8♥ K♦=8  B:K♣ 10♠=0  PLAYER(L)  | -1,000원 → 112,850원  [start]
H300 | bet   2,000원 PLAYER | P:A♦ 2♠ 3♣=6  B:5♣ J♣=5  PLAYER(W)  | +2,000원 → 114,850원  [end_win]
H301 | bet   1,000원 BANKER | P:9♠ 2♠ 8♣=9  B:6♠ J♦=6  PLAYER(L)  | -1,000원 → 113,850원  [start]
H302 | bet   2,000원 PLAYER | P:2♣ 3♣ 8♠=3  B:6♥ 10♥=6  BANKER(L)  | -2,000원 → 111,850원
H303 | bet   4,000원 PLAYER | P:5♠ 6♠=1  B:5♠ 4♦=9  BANKER(L)  | -4,000원 → 107,850원
H304 | bet   8,000원 PLAYER | P:8♣ 8♥=6  B:10♣ 7♦=7  BANKER(L)  | -8,000원 → 99,850원
H305 | bet  16,000원 PLAYER | P:9♠ 9♣=8  B:J♣ 3♦=3  PLAYER(W)  | +16,000원 → 115,850원  [end_win]
H306 | bet   1,000원 BANKER | P:Q♣ J♦ 7♥=7  B:6♣ 10♥ 7♦=3  PLAYER(L)  | -1,000원 → 114,850원  [start]
H307 | bet   2,000원 PLAYER | P:5♦ A♥=6  B:3♥ K♣ 8♠=1  PLAYER(W)  | +2,000원 → 116,850원  [end_win]
H308 | bet   1,000원 BANKER | P:6♣ 2♦=8  B:K♠ Q♠=0  PLAYER(L)  | -1,000원 → 115,850원  [start]
H309 | bet   2,000원 PLAYER | P:Q♠ 10♣ 3♦=3  B:7♦ 10♠=7  BANKER(L)  | -2,000원 → 113,850원
H310 | bet   4,000원 PLAYER | P:4♠ 6♠ 4♥=4  B:Q♣ 3♣ 3♦=6  BANKER(L)  | -4,000원 → 109,850원
H311 | bet   8,000원 PLAYER | P:2♠ 7♦=9  B:3♠ 10♦=3  PLAYER(W)  | +8,000원 → 117,850원  [end_win]
H312 | bet   1,000원 BANKER | P:2♥ A♣ 5♥=8  B:Q♦ 6♥=6  PLAYER(L)  | -1,000원 → 116,850원  [start]
H313 | bet   2,000원 PLAYER | P:2♣ 6♥=8  B:9♦ 5♦=4  PLAYER(W)  | +2,000원 → 118,850원  [end_win]
H314 | bet   1,000원 BANKER | P:A♠ 9♥ 6♥=6  B:6♦ A♦=7  BANKER(W)  | +950원 → 119,800원
H315 | bet   1,000원 BANKER | P:2♦ 9♥ 9♣=0  B:7♥ 9♠=6  BANKER(W)  | +950원 → 120,750원
H316 | bet   1,000원 BANKER | P:8♣ 7♠ 2♥=7  B:5♦ Q♥=5  PLAYER(L)  | -1,000원 → 119,750원  [start]
H317 | bet   2,000원 PLAYER | P:Q♣ 2♣ A♥=3  B:Q♣ 10♣ 7♥=7  BANKER(L)  | -2,000원 → 117,750원
H318 | bet   4,000원 PLAYER | P:3♣ 4♣=7  B:9♣ Q♦=9  BANKER(L)  | -4,000원 → 113,750원
H319 | bet   8,000원 PLAYER | P:K♥ 10♠ 9♦=9  B:2♣ 10♥ J♥=2  PLAYER(W)  | +8,000원 → 121,750원  [end_win]
H320 | bet   1,000원 BANKER | P:K♣ 3♠ 8♣=1  B:10♦ Q♥ Q♥=0  PLAYER(L)  | -1,000원 → 120,750원  [start]
H321 | bet   2,000원 PLAYER | P:8♣ 7♥ 3♦=8  B:A♣ 10♦ 5♦=6  PLAYER(W)  | +2,000원 → 122,750원  [end_win]
H322 | bet   1,000원 BANKER | P:Q♥ 2♥ K♥=2  B:4♥ 2♠=6  BANKER(W)  | +950원 → 123,700원
H323 | bet   1,000원 BANKER | P:8♥ A♦=9  B:8♦ 4♠=2  PLAYER(L)  | -1,000원 → 122,700원  [start]
H324 | bet   2,000원 PLAYER | P:4♣ J♦ 5♠=9  B:Q♣ Q♣ K♥=0  PLAYER(W)  | +2,000원 → 124,700원  [end_win]
H325 | bet   1,000원 BANKER | P:2♣ 7♠=9  B:9♥ 3♣=2  PLAYER(L)  | -1,000원 → 123,700원  [start]
H326 | bet   2,000원 PLAYER | P:Q♠ A♣ 5♥=6  B:Q♣ K♣ Q♦=0  PLAYER(W)  | +2,000원 → 125,700원  [end_win]
H327 | bet   1,000원 BANKER | P:A♣ 9♦ A♠=1  B:3♣ A♦=4  BANKER(W)  | +950원 → 126,650원
H328 | bet   1,000원 BANKER | P:7♦ 3♥ 9♣=9  B:10♠ J♣ K♦=0  PLAYER(L)  | -1,000원 → 125,650원  [start]
H329 | bet   2,000원 PLAYER | P:Q♥ 2♦ K♠=2  B:5♣ 10♥=5  BANKER(L)  | -2,000원 → 123,650원
H330 | bet   4,000원 PLAYER | P:7♣ J♥=7  B:6♠ 5♠ 6♣=7  TIE(T)  |     0원 → 123,650원
H331 | bet   4,000원 PLAYER | P:7♥ J♥=7  B:3♥ K♦ K♦=3  PLAYER(W)  | +4,000원 → 127,650원  [end_win]
H332 | bet   1,000원 BANKER | P:4♣ 9♦ Q♠=3  B:3♣ 7♣ 7♠=7  BANKER(W)  | +950원 → 128,600원
H333 | bet   1,000원 BANKER | P:8♣ 5♥=3  B:K♠ 9♥=9  BANKER(W)  | +950원 → 129,550원
H334 | bet   1,000원 BANKER | P:5♦ 6♣ 4♦=5  B:3♦ 9♠ 9♠=1  PLAYER(L)  | -1,000원 → 128,550원  [start]
H335 | bet   2,000원 PLAYER | P:K♣ Q♦=0  B:5♦ 3♠=8  BANKER(L)  | -2,000원 → 126,550원
H336 | bet   4,000원 PLAYER | P:K♣ 3♥ 5♠=8  B:Q♠ 5♠ 2♣=7  PLAYER(W)  | +4,000원 → 130,550원  [end_win]
H337 | bet   1,000원 BANKER | P:A♣ Q♦ K♥=1  B:2♦ 10♦ 3♦=5  BANKER(W)  | +950원 → 131,500원
H338 | bet   1,000원 BANKER | P:9♠ 6♣=5  B:3♥ 5♦=8  BANKER(W)  | +950원 → 132,450원
H339 | bet   1,000원 BANKER | P:A♠ 8♣=9  B:A♦ 9♥=0  PLAYER(L)  | -1,000원 → 131,450원  [start]
H340 | bet   2,000원 PLAYER | P:A♣ A♣ 6♣=8  B:2♠ K♥ K♠=2  PLAYER(W)  | +2,000원 → 133,450원  [end_win]
H341 | bet   1,000원 BANKER | P:10♥ 5♦=5  B:J♥ 9♣=9  BANKER(W)  | +950원 → 134,400원
H342 | bet   1,000원 BANKER | P:3♣ 2♣ Q♠=5  B:J♣ J♦ K♣=0  PLAYER(L)  | -1,000원 → 133,400원  [start]
H343 | bet   2,000원 PLAYER | P:6♠ Q♣=6  B:2♣ 4♥=6  TIE(T)  |     0원 → 133,400원
H344 | bet   2,000원 PLAYER | P:7♥ J♦=7  B:J♠ Q♣ 2♣=2  PLAYER(W)  | +2,000원 → 135,400원  [end_win]
H345 | bet   1,000원 BANKER | P:A♠ 5♣=6  B:A♣ 4♣ A♥=6  TIE(T)  |     0원 → 135,400원
H346 | bet   1,000원 BANKER | P:6♣ A♦=7  B:6♣ 7♦ A♦=4  PLAYER(L)  | -1,000원 → 134,400원  [start]
H347 | bet   2,000원 PLAYER | P:2♦ 8♦ A♦=1  B:K♦ 10♦ 6♠=6  BANKER(L)  | -2,000원 → 132,400원
H348 | bet   4,000원 PLAYER | P:8♠ 7♣ 6♥=1  B:3♦ 7♠ 6♦=6  BANKER(L)  | -4,000원 → 128,400원
H349 | bet   8,000원 PLAYER | P:8♠ 5♣ Q♦=3  B:10♦ 3♣ 7♠=0  PLAYER(W)  | +8,000원 → 136,400원  [end_win]
H350 | bet   1,000원 BANKER | P:4♥ 3♠=7  B:A♠ 4♦ K♦=5  PLAYER(L)  | -1,000원 → 135,400원  [start]
H351 | bet   2,000원 PLAYER | P:2♥ 6♣=8  B:A♣ J♣=1  PLAYER(W)  | +2,000원 → 137,400원  [end_win]
H352 | bet   1,000원 BANKER | P:5♣ 7♦ J♣=2  B:Q♠ 4♠=4  BANKER(W)  | +950원 → 138,350원
H353 | bet   1,000원 BANKER | P:8♣ 10♥=8  B:J♦ 7♣=7  PLAYER(L)  | -1,000원 → 137,350원  [start]
H354 | bet   2,000원 PLAYER | P:K♦ 10♣ 9♦=9  B:J♥ 3♣ 10♦=3  PLAYER(W)  | +2,000원 → 139,350원  [end_win]
H355 | bet   1,000원 BANKER | P:5♥ K♥ 2♥=7  B:Q♣ 7♠=7  TIE(T)  |     0원 → 139,350원
H356 | bet   1,000원 BANKER | P:9♠ 8♦=7  B:8♠ Q♠=8  BANKER(W)  | +950원 → 140,300원
H357 | bet   1,000원 BANKER | P:K♣ 4♦=4  B:7♥ 2♥=9  BANKER(W)  | +950원 → 141,250원
H358 | bet   1,000원 BANKER | P:7♥ 2♠=9  B:8♦ 8♠=6  PLAYER(L)  | -1,000원 → 140,250원  [start]
H359 | bet   2,000원 PLAYER | P:9♣ 2♥ 10♥=1  B:8♥ 7♠=5  BANKER(L)  | -2,000원 → 138,250원
H360 | bet   4,000원 PLAYER | P:2♠ 4♣=6  B:10♦ 4♥ Q♦=4  PLAYER(W)  | +4,000원 → 142,250원  [end_win]
H361 | bet   1,000원 BANKER | P:9♥ 9♣=8  B:J♣ 4♠=4  PLAYER(L)  | -1,000원 → 141,250원  [start]
H362 | bet   2,000원 PLAYER | P:6♦ 6♦ 6♠=8  B:Q♦ 10♥ 5♣=5  PLAYER(W)  | +2,000원 → 143,250원  [end_win]
H363 | bet   1,000원 BANKER | P:8♥ Q♣=8  B:8♥ 5♣=3  PLAYER(L)  | -1,000원 → 142,250원  [start]
H364 | bet   2,000원 PLAYER | P:6♥ Q♠=6  B:5♣ 4♠=9  BANKER(L)  | -2,000원 → 140,250원
H365 | bet   4,000원 PLAYER | P:6♦ 5♦ J♥=1  B:J♠ K♥ 3♣=3  BANKER(L)  | -4,000원 → 136,250원
H366 | bet   8,000원 PLAYER | P:A♣ 7♦=8  B:10♠ K♦=0  PLAYER(W)  | +8,000원 → 144,250원  [end_win]
H367 | bet   1,000원 BANKER | P:A♥ 6♥=7  B:8♥ K♠=8  BANKER(W)  | +950원 → 145,200원
H368 | bet   1,000원 BANKER | P:J♦ 9♦=9  B:J♠ 6♥=6  PLAYER(L)  | -1,000원 → 144,200원  [start]
H369 | bet   2,000원 PLAYER | P:8♦ Q♥=8  B:6♠ Q♥=6  PLAYER(W)  | +2,000원 → 146,200원  [end_win]
H370 | bet   1,000원 BANKER | P:6♠ 3♥=9  B:J♠ K♣=0  PLAYER(L)  | -1,000원 → 145,200원  [start]
H371 | bet   2,000원 PLAYER | P:K♦ 4♦ Q♥=4  B:10♠ 10♦ 5♠=5  BANKER(L)  | -2,000원 → 143,200원
H372 | bet   4,000원 PLAYER | P:6♣ J♣=6  B:4♦ 7♦ A♣=2  PLAYER(W)  | +4,000원 → 147,200원  [end_win]
H373 | bet   1,000원 BANKER | P:Q♠ 8♣=8  B:Q♦ A♦=1  PLAYER(L)  | -1,000원 → 146,200원  [start]
H374 | bet   2,000원 PLAYER | P:A♠ 8♠=9  B:3♦ 2♠=5  PLAYER(W)  | +2,000원 → 148,200원  [end_win]
H375 | bet   1,000원 BANKER | P:A♥ 3♦=4  B:5♥ 3♣=8  BANKER(W)  | +950원 → 149,150원
H376 | bet   1,000원 BANKER | P:8♥ 4♥ 2♣=4  B:6♥ K♠=6  BANKER(W)  | +950원 → 150,100원
H377 | bet   1,000원 BANKER | P:4♥ 4♣=8  B:8♠ 7♦=5  PLAYER(L)  | -1,000원 → 149,100원  [start]
H378 | bet   2,000원 PLAYER | P:7♣ Q♣=7  B:2♦ 9♠ J♥=1  PLAYER(W)  | +2,000원 → 151,100원  [end_win]
H379 | bet   1,000원 BANKER | P:7♥ J♦=7  B:K♦ J♥ 4♠=4  PLAYER(L)  | -1,000원 → 150,100원  [start]
H380 | bet   2,000원 PLAYER | P:3♥ 10♣ 3♣=6  B:3♠ 9♦ 7♦=9  BANKER(L)  | -2,000원 → 148,100원
H381 | bet   4,000원 PLAYER | P:4♦ 7♦ 10♠=1  B:3♥ 10♥ K♣=3  BANKER(L)  | -4,000원 → 144,100원
H382 | bet   8,000원 PLAYER | P:10♦ A♥ 6♦=7  B:4♠ 10♠ J♣=4  PLAYER(W)  | +8,000원 → 152,100원  [end_win]
H383 | bet   1,000원 BANKER | P:2♥ K♥ A♥=3  B:2♥ Q♣ 10♣=2  PLAYER(L)  | -1,000원 → 151,100원  [start]
H384 | bet   2,000원 PLAYER | P:A♦ 7♣=8  B:8♥ 6♥=4  PLAYER(W)  | +2,000원 → 153,100원  [end_win]
H385 | bet   1,000원 BANKER | P:A♥ K♥ 10♠=1  B:4♥ J♦=4  BANKER(W)  | +950원 → 154,050원
H386 | bet   1,000원 BANKER | P:10♠ 6♦=6  B:10♥ Q♥ K♣=0  PLAYER(L)  | -1,000원 → 153,050원  [start]
H387 | bet   2,000원 PLAYER | P:9♥ 8♦=7  B:2♠ A♣ 3♥=6  PLAYER(W)  | +2,000원 → 155,050원  [end_win]
H388 | bet   1,000원 BANKER | P:Q♠ 7♠=7  B:5♠ K♥ 2♦=7  TIE(T)  |     0원 → 155,050원
H389 | bet   1,000원 BANKER | P:5♠ 5♥ K♥=0  B:5♦ 5♥ 2♣=2  BANKER(W)  | +950원 → 156,000원
H390 | bet   1,000원 BANKER | P:2♣ 6♠=8  B:K♠ 5♥=5  PLAYER(L)  | -1,000원 → 155,000원  [start]
H391 | bet   2,000원 PLAYER | P:J♠ K♠ A♠=1  B:J♠ 3♣ 4♥=7  BANKER(L)  | -2,000원 → 153,000원
H392 | bet   4,000원 PLAYER | P:3♠ 9♣ 4♠=6  B:3♦ 10♠ J♥=3  PLAYER(W)  | +4,000원 → 157,000원  [end_win]
H393 | bet   1,000원 BANKER | P:8♥ K♣=8  B:7♥ 2♥=9  BANKER(W)  | +950원 → 157,950원
H394 | bet   1,000원 BANKER | P:A♠ K♠ 10♣=1  B:5♥ A♦=6  BANKER(W)  | +950원 → 158,900원
H395 | bet   1,000원 BANKER | P:8♦ K♦=8  B:9♦ 2♦=1  PLAYER(L)  | -1,000원 → 157,900원  [start]
H396 | bet   2,000원 PLAYER | P:10♠ 7♣=7  B:8♥ 9♥=7  TIE(T)  |     0원 → 157,900원
H397 | bet   2,000원 PLAYER | P:2♦ 7♣=9  B:6♣ 5♦=1  PLAYER(W)  | +2,000원 → 159,900원  [end_win]
H398 | bet   1,000원 BANKER | P:3♥ 4♥=7  B:K♠ 6♠=6  PLAYER(L)  | -1,000원 → 158,900원  [start]
H399 | bet   2,000원 PLAYER | P:7♥ 9♦=6  B:4♦ Q♥ 5♠=9  BANKER(L)  | -2,000원 → 156,900원
H400 | bet   4,000원 PLAYER | P:9♥ 3♣=2  B:10♥ 8♦=8  BANKER(L)  | -4,000원 → 152,900원
H401 | bet   8,000원 PLAYER | P:3♠ 3♦=6  B:Q♥ K♦ 8♣=8  BANKER(L)  | -8,000원 → 144,900원
H402 | bet  16,000원 PLAYER | P:10♣ 5♥ 2♥=7  B:Q♠ A♦ 9♣=0  PLAYER(W)  | +16,000원 → 160,900원  [end_win]
H403 | bet   1,000원 BANKER | P:4♣ 9♠ Q♣=3  B:4♦ 8♣ 10♦=2  PLAYER(L)  | -1,000원 → 159,900원  [start]
H404 | bet   2,000원 PLAYER | P:4♠ 4♣=8  B:9♣ 10♥=9  BANKER(L)  | -2,000원 → 157,900원
H405 | bet   4,000원 PLAYER | P:J♣ J♠=0  B:8♣ J♥=8  BANKER(L)  | -4,000원 → 153,900원
H406 | bet   8,000원 PLAYER | P:2♣ 3♠ A♠=6  B:4♣ 7♣ J♥=1  PLAYER(W)  | +8,000원 → 161,900원  [end_win]
H407 | bet   1,000원 BANKER | P:7♠ 9♦=6  B:7♥ 3♥ 4♠=4  PLAYER(L)  | -1,000원 → 160,900원  [start]
H408 | bet   2,000원 PLAYER | P:2♠ 10♣ 2♠=4  B:9♦ 8♠=7  BANKER(L)  | -2,000원 → 158,900원
H409 | bet   4,000원 PLAYER | P:10♣ 5♣=5  B:9♠ J♦=9  BANKER(L)  | -4,000원 → 154,900원
H410 | bet   8,000원 PLAYER | P:6♠ 9♣ 2♦=7  B:6♦ J♣=6  PLAYER(W)  | +8,000원 → 162,900원  [end_win]
H411 | bet   1,000원 BANKER | P:5♠ 8♣ 6♥=9  B:J♦ A♥ 5♣=6  PLAYER(L)  | -1,000원 → 161,900원  [start]
H412 | bet   2,000원 PLAYER | P:2♦ 4♣=6  B:Q♣ Q♥ 5♦=5  PLAYER(W)  | +2,000원 → 163,900원  [end_win]
H413 | bet   1,000원 BANKER | P:7♠ Q♦=7  B:7♥ Q♥=7  TIE(T)  |     0원 → 163,900원
H414 | bet   1,000원 BANKER | P:8♦ 9♠=7  B:10♣ 7♠=7  TIE(T)  |     0원 → 163,900원
H415 | bet   1,000원 BANKER | P:5♠ 7♦ 8♠=0  B:A♥ 3♠=4  BANKER(W)  | +950원 → 164,850원
H416 | bet   1,000원 BANKER | P:A♦ K♥ 4♣=5  B:K♦ 6♣=6  BANKER(W)  | +950원 → 165,800원
H417 | bet   1,000원 BANKER | P:A♣ 9♥=0  B:9♥ 9♦=8  BANKER(W)  | +950원 → 166,750원
H418 | bet   1,000원 BANKER | P:10♥ J♥ 3♠=3  B:10♥ 7♦=7  BANKER(W)  | +950원 → 167,700원
H419 | bet   1,000원 BANKER | P:Q♣ J♣ 9♥=9  B:K♥ J♠ Q♦=0  PLAYER(L)  | -1,000원 → 166,700원  [start]
H420 | bet   2,000원 PLAYER | P:3♦ A♠ A♠=5  B:2♥ K♥ 4♣=6  BANKER(L)  | -2,000원 → 164,700원
H421 | bet   4,000원 PLAYER | P:6♠ 3♠=9  B:7♠ 5♦=2  PLAYER(W)  | +4,000원 → 168,700원  [end_win]
H422 | bet   1,000원 BANKER | P:Q♦ Q♥ 7♠=7  B:10♠ Q♠ 6♣=6  PLAYER(L)  | -1,000원 → 167,700원  [start]
H423 | bet   2,000원 PLAYER | P:2♦ 2♣ 6♥=0  B:K♠ 5♣ 6♣=1  BANKER(L)  | -2,000원 → 165,700원
H424 | bet   4,000원 PLAYER | P:9♣ K♦=9  B:Q♥ 4♦=4  PLAYER(W)  | +4,000원 → 169,700원  [end_win]
H425 | bet   1,000원 BANKER | P:10♥ 4♠ 9♠=3  B:A♥ 9♣ 2♠=2  PLAYER(L)  | -1,000원 → 168,700원  [start]
H426 | bet   2,000원 PLAYER | P:K♣ 3♦=3  B:8♠ J♣=8  BANKER(L)  | -2,000원 → 166,700원
H427 | bet   4,000원 PLAYER | P:10♣ 5♠=5  B:5♥ 4♦=9  BANKER(L)  | -4,000원 → 162,700원
H428 | bet   8,000원 PLAYER | P:J♦ 7♣=7  B:K♠ 9♠=9  BANKER(L)  | -8,000원 → 154,700원
H429 | bet  16,000원 PLAYER | P:J♠ 5♦ 2♦=7  B:5♣ 5♣ 6♦=6  PLAYER(W)  | +16,000원 → 170,700원  [end_win]
H430 | bet   1,000원 BANKER | P:Q♦ 6♣=6  B:2♦ J♠ J♣=2  PLAYER(L)  | -1,000원 → 169,700원  [start]
H431 | bet   2,000원 PLAYER | P:6♥ 2♥=8  B:J♦ 4♠=4  PLAYER(W)  | +2,000원 → 171,700원  [end_win]
H432 | bet   1,000원 BANKER | P:9♠ 5♣ 5♥=9  B:5♣ Q♣ J♣=5  PLAYER(L)  | -1,000원 → 170,700원  [start]
H433 | bet   2,000원 PLAYER | P:8♦ 7♠ 6♣=1  B:10♠ A♣ 5♦=6  BANKER(L)  | -2,000원 → 168,700원
H434 | bet   4,000원 PLAYER | P:K♣ 3♠ 4♣=7  B:J♣ Q♦ 3♥=3  PLAYER(W)  | +4,000원 → 172,700원  [end_win]
H435 | bet   1,000원 BANKER | P:K♥ 4♥ 6♣=0  B:2♥ K♣ 8♦=0  TIE(T)  |     0원 → 172,700원
H436 | bet   1,000원 BANKER | P:10♠ 5♣=5  B:Q♠ 9♣=9  BANKER(W)  | +950원 → 173,650원
H437 | bet   1,000원 BANKER | P:A♦ J♠ 5♥=6  B:J♦ 6♥=6  TIE(T)  |     0원 → 173,650원
H438 | bet   1,000원 BANKER | P:9♠ A♥ 7♣=7  B:7♦ 3♦ 9♦=9  BANKER(W)  | +950원 → 174,600원
H439 | bet   1,000원 BANKER | P:8♠ J♥=8  B:3♣ 6♦=9  BANKER(W)  | +950원 → 175,550원
H440 | bet   1,000원 BANKER | P:4♣ K♠ 6♦=0  B:A♥ 10♣ 9♦=0  TIE(T)  |     0원 → 175,550원
H441 | bet   1,000원 BANKER | P:8♦ 3♦ 2♣=3  B:10♣ 2♠ 8♦=0  PLAYER(L)  | -1,000원 → 174,550원  [start]
H442 | bet   2,000원 PLAYER | P:6♥ Q♥=6  B:9♠ 5♥ 2♣=6  TIE(T)  |     0원 → 174,550원
H443 | bet   2,000원 PLAYER | P:9♣ K♥=9  B:K♥ A♥=1  PLAYER(W)  | +2,000원 → 176,550원  [end_win]
H444 | bet   1,000원 BANKER | P:8♣ 3♥ A♣=2  B:A♦ J♣ Q♥=1  PLAYER(L)  | -1,000원 → 175,550원  [start]
H445 | bet   2,000원 PLAYER | P:10♥ 6♦=6  B:A♠ 6♠=7  BANKER(L)  | -2,000원 → 173,550원
H446 | bet   4,000원 PLAYER | P:5♥ 9♦=4  B:10♣ 8♠=8  BANKER(L)  | -4,000원 → 169,550원
H447 | bet   8,000원 PLAYER | P:3♣ A♠ A♠=5  B:10♥ 7♥=7  BANKER(L)  | -8,000원 → 161,550원
H448 | bet  16,000원 PLAYER | P:A♠ 10♠ 7♣=8  B:8♣ 2♦ 7♥=7  PLAYER(W)  | +16,000원 → 177,550원  [end_win]
H449 | bet   1,000원 BANKER | P:10♦ 4♣=4  B:3♥ 5♦=8  BANKER(W)  | +950원 → 178,500원
H450 | bet   1,000원 BANKER | P:2♠ 7♥=9  B:4♣ 7♥=1  PLAYER(L)  | -1,000원 → 177,500원  [start]
H451 | bet   2,000원 PLAYER | P:J♠ 3♠ 6♠=9  B:A♦ 4♠ 2♣=7  PLAYER(W)  | +2,000원 → 179,500원  [end_win]
H452 | bet   1,000원 BANKER | P:9♠ 3♠ 4♥=6  B:Q♦ 6♣=6  TIE(T)  |     0원 → 179,500원
H453 | bet   1,000원 BANKER | P:8♠ J♣=8  B:4♦ 10♦=4  PLAYER(L)  | -1,000원 → 178,500원  [start]
H454 | bet   2,000원 PLAYER | P:K♠ 9♦=9  B:3♠ A♥=4  PLAYER(W)  | +2,000원 → 180,500원  [end_win]
H455 | bet   1,000원 BANKER | P:7♥ 3♠ 7♠=7  B:Q♣ 4♦ 7♥=1  PLAYER(L)  | -1,000원 → 179,500원  [start]
H456 | bet   2,000원 PLAYER | P:3♥ Q♦=3  B:7♣ A♠=8  BANKER(L)  | -2,000원 → 177,500원
H457 | bet   4,000원 PLAYER | P:9♦ 3♣=2  B:J♦ 9♠=9  BANKER(L)  | -4,000원 → 173,500원
H458 | bet   8,000원 PLAYER | P:A♦ A♣ 3♥=5  B:10♥ 3♥ 9♦=2  PLAYER(W)  | +8,000원 → 181,500원  [end_win]
H459 | bet   1,000원 BANKER | P:5♣ 4♥=9  B:8♥ 8♣=6  PLAYER(L)  | -1,000원 → 180,500원  [start]
H460 | bet   2,000원 PLAYER | P:Q♠ 2♠ J♥=2  B:K♣ 2♦ 6♦=8  BANKER(L)  | -2,000원 → 178,500원
H461 | bet   4,000원 PLAYER | P:Q♠ J♠=0  B:K♠ 8♠=8  BANKER(L)  | -4,000원 → 174,500원
H462 | bet   8,000원 PLAYER | P:Q♠ Q♣=0  B:K♠ 9♥=9  BANKER(L)  | -8,000원 → 166,500원
H463 | bet  16,000원 PLAYER | P:4♥ J♥=4  B:7♠ 2♣=9  BANKER(L)  | -16,000원 → 150,500원  [end_giveup]
H464 | bet   1,000원 BANKER | P:Q♦ 9♥=9  B:10♠ 9♣=9  TIE(T)  |     0원 → 150,500원
H465 | bet   1,000원 BANKER | P:6♦ 10♣=6  B:2♣ K♣ 6♥=8  BANKER(W)  | +950원 → 151,450원
H466 | bet   1,000원 BANKER | P:2♥ 10♥ 10♣=2  B:10♦ K♥ 2♣=2  TIE(T)  |     0원 → 151,450원
H467 | bet   1,000원 BANKER | P:A♠ 5♠=6  B:5♠ 8♥ 7♣=0  PLAYER(L)  | -1,000원 → 150,450원  [start]
H468 | bet   2,000원 PLAYER | P:J♥ 8♦=8  B:2♠ 3♦=5  PLAYER(W)  | +2,000원 → 152,450원  [end_win]
H469 | bet   1,000원 BANKER | P:8♣ 5♦ K♦=3  B:7♠ K♣=7  BANKER(W)  | +950원 → 153,400원
H470 | bet   1,000원 BANKER | P:Q♠ 9♣=9  B:A♦ 2♦=3  PLAYER(L)  | -1,000원 → 152,400원  [start]
H471 | bet   2,000원 PLAYER | P:2♦ 3♠ 6♠=1  B:J♦ 4♦ 3♣=7  BANKER(L)  | -2,000원 → 150,400원
H472 | bet   4,000원 PLAYER | P:A♣ J♠=1  B:5♥ 4♣=9  BANKER(L)  | -4,000원 → 146,400원
H473 | bet   8,000원 PLAYER | P:5♠ 8♣ 8♥=1  B:2♦ 10♦ 4♥=6  BANKER(L)  | -8,000원 → 138,400원
H474 | bet  16,000원 PLAYER | P:6♠ 8♠ 8♥=2  B:J♥ 2♥ Q♥=2  TIE(T)  |     0원 → 138,400원
H475 | bet  16,000원 PLAYER | P:5♠ 3♥=8  B:8♦ 7♦=5  PLAYER(W)  | +16,000원 → 154,400원  [end_win]
H476 | bet   1,000원 BANKER | P:6♣ 5♦=1  B:8♥ K♦=8  BANKER(W)  | +950원 → 155,350원
H477 | bet   1,000원 BANKER | P:2♣ K♠ J♠=2  B:7♥ 5♠ 3♥=5  BANKER(W)  | +950원 → 156,300원
H478 | bet   1,000원 BANKER | P:K♥ 2♠=2  B:5♣ 4♠=9  BANKER(W)  | +950원 → 157,250원
H479 | bet   1,000원 BANKER | P:5♠ 7♠ 4♥=6  B:9♣ 7♦=6  TIE(T)  |     0원 → 157,250원
H480 | bet   1,000원 BANKER | P:5♠ 4♥=9  B:Q♠ 8♠=8  PLAYER(L)  | -1,000원 → 156,250원  [start]
H481 | bet   2,000원 PLAYER | P:K♦ 10♣=0  B:K♠ 9♥=9  BANKER(L)  | -2,000원 → 154,250원
H482 | bet   4,000원 PLAYER | P:9♥ J♦=9  B:6♠ J♥=6  PLAYER(W)  | +4,000원 → 158,250원  [end_win]
H483 | bet   1,000원 BANKER | P:9♣ K♦=9  B:4♦ A♣=5  PLAYER(L)  | -1,000원 → 157,250원  [start]
H484 | bet   2,000원 PLAYER | P:4♠ Q♣ K♦=4  B:4♠ Q♣=4  TIE(T)  |     0원 → 157,250원
H485 | bet   2,000원 PLAYER | P:10♥ Q♦ 8♣=8  B:9♦ A♦ 8♣=8  TIE(T)  |     0원 → 157,250원
H486 | bet   2,000원 PLAYER | P:J♣ A♦ 6♥=7  B:5♦ 6♠ 8♣=9  BANKER(L)  | -2,000원 → 155,250원
H487 | bet   4,000원 PLAYER | P:2♥ A♣ 7♦=0  B:2♥ 8♦ Q♣=0  TIE(T)  |     0원 → 155,250원
H488 | bet   4,000원 PLAYER | P:K♦ Q♥ 4♦=4  B:A♥ A♥ 10♦=2  PLAYER(W)  | +4,000원 → 159,250원  [end_win]
H489 | bet   1,000원 BANKER | P:6♠ 8♥ 2♥=6  B:3♦ J♦ Q♣=3  PLAYER(L)  | -1,000원 → 158,250원  [start]
H490 | bet   2,000원 PLAYER | P:7♣ 9♠=6  B:6♥ 10♠=6  TIE(T)  |     0원 → 158,250원
H491 | bet   2,000원 PLAYER | P:Q♠ 5♦ 7♥=2  B:6♥ 7♦ 4♣=7  BANKER(L)  | -2,000원 → 156,250원
H492 | bet   4,000원 PLAYER | P:10♠ 7♣=7  B:7♦ 3♣ 5♥=5  PLAYER(W)  | +4,000원 → 160,250원  [end_win]
H493 | bet   1,000원 BANKER | P:4♥ J♦ 3♦=7  B:10♣ 4♠ 8♠=2  PLAYER(L)  | -1,000원 → 159,250원  [start]
H494 | bet   2,000원 PLAYER | P:8♥ A♥=9  B:7♣ 3♣=0  PLAYER(W)  | +2,000원 → 161,250원  [end_win]
H495 | bet   1,000원 BANKER | P:4♠ 10♠ K♣=4  B:J♥ 7♠=7  BANKER(W)  | +950원 → 162,200원
H496 | bet   1,000원 BANKER | P:5♥ A♣=6  B:3♣ 6♦=9  BANKER(W)  | +950원 → 163,150원
H497 | bet   1,000원 BANKER | P:8♦ 2♠ 10♦=0  B:9♥ 2♠ K♣=1  BANKER(W)  | +950원 → 164,100원
H498 | bet   1,000원 BANKER | P:9♣ 8♦=7  B:J♠ 2♣ J♥=2  PLAYER(L)  | -1,000원 → 163,100원  [start]
H499 | bet   2,000원 PLAYER | P:10♥ 10♦ 9♥=9  B:Q♣ 2♦ 4♥=6  PLAYER(W)  | +2,000원 → 165,100원  [end_win]
H500 | bet   1,000원 BANKER | P:2♠ 9♣ K♣=1  B:7♠ 9♦=6  BANKER(W)  | +950원 → 166,050원
H501 | bet   1,000원 BANKER | P:3♠ 10♠=3  B:K♣ 8♣=8  BANKER(W)  | +950원 → 167,000원
H502 | bet   1,000원 BANKER | P:7♥ Q♥=7  B:9♠ 5♣ Q♣=4  PLAYER(L)  | -1,000원 → 166,000원  [start]
H503 | bet   2,000원 PLAYER | P:9♣ 5♦ Q♦=4  B:5♥ J♣=5  BANKER(L)  | -2,000원 → 164,000원
H504 | bet   4,000원 PLAYER | P:10♥ 3♣ 4♠=7  B:2♠ Q♥ Q♦=2  PLAYER(W)  | +4,000원 → 168,000원  [end_win]
H505 | bet   1,000원 BANKER | P:2♣ 10♣ 10♥=2  B:Q♠ Q♠ 4♠=4  BANKER(W)  | +950원 → 168,950원
H506 | bet   1,000원 BANKER | P:5♣ A♠=6  B:9♥ 5♠ A♣=5  PLAYER(L)  | -1,000원 → 167,950원  [start]
H507 | bet   2,000원 PLAYER | P:9♦ 8♦=7  B:9♠ 8♣=7  TIE(T)  |     0원 → 167,950원
H508 | bet   2,000원 PLAYER | P:3♠ Q♦ 7♥=0  B:6♥ J♦ J♣=6  BANKER(L)  | -2,000원 → 165,950원
H509 | bet   4,000원 PLAYER | P:2♠ 10♠ 6♦=8  B:10♣ A♠ 4♦=5  PLAYER(W)  | +4,000원 → 169,950원  [end_win]
H510 | bet   1,000원 BANKER | P:4♦ 3♦=7  B:9♠ 4♥ J♣=3  PLAYER(L)  | -1,000원 → 168,950원  [start]
H511 | bet   2,000원 PLAYER | P:3♠ 5♦=8  B:Q♠ 8♦=8  TIE(T)  |     0원 → 168,950원
H512 | bet   2,000원 PLAYER | P:3♠ J♠=3  B:7♦ 2♥=9  BANKER(L)  | -2,000원 → 166,950원
H513 | bet   4,000원 PLAYER | P:Q♦ A♥ 3♦=4  B:A♦ 10♦ 5♦=6  BANKER(L)  | -4,000원 → 162,950원
H514 | bet   8,000원 PLAYER | P:10♦ J♦ 10♣=0  B:7♦ K♥=7  BANKER(L)  | -8,000원 → 154,950원
H515 | bet  16,000원 PLAYER | P:10♥ 2♠ K♠=2  B:4♣ K♣=4  BANKER(L)  | -16,000원 → 138,950원  [end_giveup]
H516 | bet   1,000원 BANKER | P:3♥ 10♥ 6♣=9  B:Q♦ 5♦ J♦=5  PLAYER(L)  | -1,000원 → 137,950원  [start]
H517 | bet   2,000원 PLAYER | P:A♠ 9♠ 6♠=6  B:3♣ J♥ 2♠=5  PLAYER(W)  | +2,000원 → 139,950원  [end_win]
H518 | bet   1,000원 BANKER | P:10♦ 2♥ 8♣=0  B:9♦ 6♣=5  BANKER(W)  | +950원 → 140,900원
H519 | bet   1,000원 BANKER | P:4♠ 3♠=7  B:4♠ A♠ 7♦=2  PLAYER(L)  | -1,000원 → 139,900원  [start]
H520 | bet   2,000원 PLAYER | P:2♥ 2♦ 4♠=8  B:3♣ 8♥ K♠=1  PLAYER(W)  | +2,000원 → 141,900원  [end_win]
H521 | bet   1,000원 BANKER | P:2♥ 7♣=9  B:7♦ K♥=7  PLAYER(L)  | -1,000원 → 140,900원  [start]
H522 | bet   2,000원 PLAYER | P:8♠ J♣=8  B:5♥ 8♠=3  PLAYER(W)  | +2,000원 → 142,900원  [end_win]
H523 | bet   1,000원 BANKER | P:8♥ K♥=8  B:10♥ Q♥=0  PLAYER(L)  | -1,000원 → 141,900원  [start]
H524 | bet   2,000원 PLAYER | P:8♦ 9♣=7  B:5♠ K♦ A♦=6  PLAYER(W)  | +2,000원 → 143,900원  [end_win]
H525 | bet   1,000원 BANKER | P:4♦ 5♦=9  B:7♠ 8♠=5  PLAYER(L)  | -1,000원 → 142,900원  [start]
H526 | bet   2,000원 PLAYER | P:4♠ A♦ 9♣=4  B:7♦ J♣=7  BANKER(L)  | -2,000원 → 140,900원
H527 | bet   4,000원 PLAYER | P:4♣ 7♣=1  B:4♦ 4♣=8  BANKER(L)  | -4,000원 → 136,900원
H528 | bet   8,000원 PLAYER | P:4♠ 2♣=6  B:5♣ 6♠ 3♦=4  PLAYER(W)  | +8,000원 → 144,900원  [end_win]
H529 | bet   1,000원 BANKER | P:6♦ 6♦=2  B:A♣ 7♠=8  BANKER(W)  | +950원 → 145,850원
H530 | bet   1,000원 BANKER | P:7♥ Q♠=7  B:4♥ Q♣ 3♥=7  TIE(T)  |     0원 → 145,850원
H531 | bet   1,000원 BANKER | P:A♥ Q♠ A♥=2  B:9♥ 7♠=6  BANKER(W)  | +950원 → 146,800원
H532 | bet   1,000원 BANKER | P:6♦ 8♦ 4♥=8  B:7♠ 7♦ 8♥=2  PLAYER(L)  | -1,000원 → 145,800원  [start]
H533 | bet   2,000원 PLAYER | P:5♥ J♠ 8♠=3  B:9♦ 7♠=6  BANKER(L)  | -2,000원 → 143,800원
H534 | bet   4,000원 PLAYER | P:6♣ 8♥ 6♠=0  B:10♠ 4♣ 3♥=7  BANKER(L)  | -4,000원 → 139,800원
H535 | bet   8,000원 PLAYER | P:7♥ 5♠=2  B:A♣ 7♣=8  BANKER(L)  | -8,000원 → 131,800원
H536 | bet  16,000원 PLAYER | P:2♦ 8♥ K♦=0  B:J♦ J♣ 6♠=6  BANKER(L)  | -16,000원 → 115,800원  [end_giveup]
H537 | bet   1,000원 BANKER | P:K♣ 9♥=9  B:K♥ K♠=0  PLAYER(L)  | -1,000원 → 114,800원  [start]
H538 | bet   2,000원 PLAYER | P:4♥ 7♥ 9♥=0  B:2♦ A♠ 8♥=1  BANKER(L)  | -2,000원 → 112,800원
H539 | bet   4,000원 PLAYER | P:6♠ A♦=7  B:J♠ Q♥ A♦=1  PLAYER(W)  | +4,000원 → 116,800원  [end_win]
H540 | bet   1,000원 BANKER | P:6♥ 10♣=6  B:10♥ 2♦ 2♠=4  PLAYER(L)  | -1,000원 → 115,800원  [start]
H541 | bet   2,000원 PLAYER | P:K♣ 7♥=7  B:J♦ 6♥=6  PLAYER(W)  | +2,000원 → 117,800원  [end_win]
H542 | bet   1,000원 BANKER | P:9♣ 7♦=6  B:8♥ 3♥ 8♠=9  BANKER(W)  | +950원 → 118,750원
H543 | bet   1,000원 BANKER | P:10♣ J♦ 7♦=7  B:3♣ K♦ 8♠=1  PLAYER(L)  | -1,000원 → 117,750원  [start]
H544 | bet   2,000원 PLAYER | P:Q♠ A♣ 6♦=7  B:J♦ 3♦ 5♦=8  BANKER(L)  | -2,000원 → 115,750원
H545 | bet   4,000원 PLAYER | P:7♣ 4♦=1  B:9♠ J♣=9  BANKER(L)  | -4,000원 → 111,750원
H546 | bet   8,000원 PLAYER | P:4♣ 2♥=6  B:5♣ 6♠ 8♠=9  BANKER(L)  | -8,000원 → 103,750원
H547 | bet  16,000원 PLAYER | P:2♥ 9♠ K♠=1  B:9♣ 2♥ A♣=2  BANKER(L)  | -16,000원 → 87,750원  [end_giveup]
H548 | bet   1,000원 BANKER | P:10♦ 3♣ 6♥=9  B:6♥ K♦ 8♠=4  PLAYER(L)  | -1,000원 → 86,750원  [start]
H549 | bet   2,000원 PLAYER | P:5♠ 8♣ 9♦=2  B:2♣ K♥ J♥=2  TIE(T)  |     0원 → 86,750원
H550 | bet   2,000원 PLAYER | P:6♥ A♦=7  B:A♥ 5♣=6  PLAYER(W)  | +2,000원 → 88,750원  [end_win]
H551 | bet   1,000원 BANKER | P:4♣ 5♣=9  B:5♥ 9♠=4  PLAYER(L)  | -1,000원 → 87,750원  [start]
H552 | bet   2,000원 PLAYER | P:10♦ Q♣ 2♣=2  B:2♠ 10♠ 6♣=8  BANKER(L)  | -2,000원 → 85,750원
H553 | bet   4,000원 PLAYER | P:Q♥ 5♦ 6♥=1  B:3♦ J♠ 8♥=1  TIE(T)  |     0원 → 85,750원
H554 | bet   4,000원 PLAYER | P:10♦ A♠=1  B:4♥ 5♠=9  BANKER(L)  | -4,000원 → 81,750원
H555 | bet   8,000원 PLAYER | P:2♣ J♠ 3♥=5  B:3♣ 3♦=6  BANKER(L)  | -8,000원 → 73,750원
H556 | bet  16,000원 PLAYER | P:10♣ 2♦=2  B:A♥ 7♣=8  BANKER(L)  | -16,000원 → 57,750원  [end_giveup]
H557 | bet   1,000원 BANKER | P:3♠ K♦=3  B:8♦ J♠=8  BANKER(W)  | +950원 → 58,700원
H558 | bet   1,000원 BANKER | P:6♠ 10♣=6  B:2♦ 2♣ 3♣=7  BANKER(W)  | +950원 → 59,650원
H559 | bet   1,000원 BANKER | P:8♣ 10♦=8  B:K♣ Q♣=0  PLAYER(L)  | -1,000원 → 58,650원  [start]
H560 | bet   2,000원 PLAYER | P:A♥ Q♦=1  B:9♣ K♥=9  BANKER(L)  | -2,000원 → 56,650원
H561 | bet   4,000원 PLAYER | P:J♠ A♠ J♣=1  B:10♣ 4♦=4  BANKER(L)  | -4,000원 → 52,650원
H562 | bet   8,000원 PLAYER | P:J♥ 10♠=0  B:8♦ Q♦=8  BANKER(L)  | -8,000원 → 44,650원

Result: RUIN (capital_depleted)
Final: 44,650원  Hands: 562  Bets: 509  Wagered: 1,403,000원  Max losing streak: 8
