=== Session 19 ===
Seed: 4879548657232103939
Initial: 100,000원  Target: 500,000원  Ruin: 50,000원  Table-max: 100,000원
Strategy: martingale (pivot, steps=4)
Base bet: 1,000원  Primary side: BANKER

H001 | bet   1,000원 BANKER | P:J♠ 5♠ 8♥=3  B:2♠ 3♥=5  BANKER(W)  | +950원 → 100,950원
H002 | bet   1,000원 BANKER | P:Q♠ A♦ 10♣=1  B:K♥ Q♦ A♦=1  TIE(T)  |     0원 → 100,950원
H003 | bet   1,000원 BANKER | P:Q♥ 9♠=9  B:J♣ 3♥=3  PLAYER(L)  | -1,000원 → 99,950원  [start]
H004 | bet   2,000원 PLAYER | P:3♥ J♣ 6♦=9  B:4♠ 7♣ 8♦=9  TIE(T)  |     0원 → 99,950원
H005 | bet   2,000원 PLAYER | P:Q♥ K♦ 2♥=2  B:6♣ 5♣ 5♣=6  BANKER(L)  | -2,000원 → 97,950원
H006 | bet   4,000원 PLAYER | P:5♥ 8♥ J♥=3  B:A♣ Q♥ 5♠=6  BANKER(L)  | -4,000원 → 93,950원
H007 | bet   8,000원 PLAYER | P:7♦ 3♠=0  B:9♦ 10♦=9  BANKER(L)  | -8,000원 → 85,950원
H008 | bet  16,000원 PLAYER | P:4♥ Q♠ 3♠=7  B:Q♦ A♥ 2♣=3  PLAYER(W)  | +16,000원 → 101,950원  [end_win]
H009 | bet   1,000원 BANKER | P:5♠ 5♥ 9♦=9  B:K♦ 4♣=4  PLAYER(L)  | -1,000원 → 100,950원  [start]
H010 | bet   2,000원 PLAYER | P:9♣ 7♥=6  B:J♥ 4♣ 2♦=6  TIE(T)  |     0원 → 100,950원
H011 | bet   2,000원 PLAYER | P:5♣ Q♥=5  B:10♥ 9♦=9  BANKER(L)  | -2,000원 → 98,950원
H012 | bet   4,000원 PLAYER | P:Q♣ 10♣ J♥=0  B:2♠ 9♠ K♣=1  BANKER(L)  | -4,000원 → 94,950원
H013 | bet   8,000원 PLAYER | P:10♠ 3♠ 10♦=3  B:2♠ 9♠ K♠=1  PLAYER(W)  | +8,000원 → 102,950원  [end_win]
H014 | bet   1,000원 BANKER | P:Q♠ 10♣ A♦=1  B:7♣ 8♦=5  BANKER(W)  | +950원 → 103,900원
H015 | bet   1,000원 BANKER | P:5♥ 4♥=9  B:9♠ 2♦=1  PLAYER(L)  | -1,000원 → 102,900원  [start]
H016 | bet   2,000원 PLAYER | P:Q♣ 9♥=9  B:2♣ A♠=3  PLAYER(W)  | +2,000원 → 104,900원  [end_win]
H017 | bet   1,000원 BANKER | P:A♥ 6♣=7  B:J♣ K♥ 6♣=6  PLAYER(L)  | -1,000원 → 103,900원  [start]
H018 | bet   2,000원 PLAYER | P:A♦ J♥ 10♦=1  B:4♣ 9♠ 8♦=1  TIE(T)  |     0원 → 103,900원
H019 | bet   2,000원 PLAYER | P:10♠ 5♦ A♥=6  B:K♠ J♠ 4♦=4  PLAYER(W)  | +2,000원 → 105,900원  [end_win]
H020 | bet   1,000원 BANKER | P:7♣ 7♠ 7♣=1  B:3♠ J♦ 8♥=1  TIE(T)  |     0원 → 105,900원
H021 | bet   1,000원 BANKER | P:9♣ 4♣=3  B:8♦ A♠=9  BANKER(W)  | +950원 → 106,850원
H022 | bet   1,000원 BANKER | P:4♥ 2♦=6  B:5♦ 5♠ 8♦=8  BANKER(W)  | +950원 → 107,800원
H023 | bet   1,000원 BANKER | P:10♥ 3♣ 3♣=6  B:7♦ 5♣ 4♦=6  TIE(T)  |     0원 → 107,800원
H024 | bet   1,000원 BANKER | P:10♦ K♦ 2♠=2  B:K♥ 2♣ 7♦=9  BANKER(W)  | +950원 → 108,750원
H025 | bet   1,000원 BANKER | P:2♥ 10♣=2  B:10♥ 8♣=8  BANKER(W)  | +950원 → 109,700원
H026 | bet   1,000원 BANKER | P:4♥ 3♦=7  B:Q♣ Q♦ K♦=0  PLAYER(L)  | -1,000원 → 108,700원  [start]
H027 | bet   2,000원 PLAYER | P:A♦ 4♥=5  B:8♣ Q♣=8  BANKER(L)  | -2,000원 → 106,700원
H028 | bet   4,000원 PLAYER | P:Q♥ 7♥=7  B:6♣ 8♥ 7♠=1  PLAYER(W)  | +4,000원 → 110,700원  [end_win]
H029 | bet   1,000원 BANKER | P:J♣ 9♦=9  B:4♦ 7♠=1  PLAYER(L)  | -1,000원 → 109,700원  [start]
H030 | bet   2,000원 PLAYER | P:7♣ 7♠ 10♠=4  B:10♥ 4♠=4  TIE(T)  |     0원 → 109,700원
H031 | bet   2,000원 PLAYER | P:A♥ 4♦ 3♠=8  B:2♥ K♠ 8♥=0  PLAYER(W)  | +2,000원 → 111,700원  [end_win]
H032 | bet   1,000원 BANKER | P:6♠ 9♦ Q♦=5  B:K♠ A♦ J♥=1  PLAYER(L)  | -1,000원 → 110,700원  [start]
H033 | bet   2,000원 PLAYER | P:4♥ 4♠=8  B:A♣ J♥=1  PLAYER(W)  | +2,000원 → 112,700원  [end_win]
H034 | bet   1,000원 BANKER | P:9♣ 8♠=7  B:2♦ 9♥ 8♠=9  BANKER(W)  | +950원 → 113,650원
H035 | bet   1,000원 BANKER | P:Q♦ J♠ 4♠=4  B:3♦ 7♥ 9♥=9  BANKER(W)  | +950원 → 114,600원
H036 | bet   1,000원 BANKER | P:9♣ 2♠ 4♥=5  B:3♦ 4♠=7  BANKER(W)  | +950원 → 115,550원
H037 | bet   1,000원 BANKER | P:4♦ 7♥ 2♥=3  B:2♥ 10♠ 6♦=8  BANKER(W)  | +950원 → 116,500원
H038 | bet   1,000원 BANKER | P:3♣ 6♣=9  B:9♦ A♣=0  PLAYER(L)  | -1,000원 → 115,500원  [start]
H039 | bet   2,000원 PLAYER | P:J♥ 10♦ 10♣=0  B:A♠ 4♣=5  BANKER(L)  | -2,000원 → 113,500원
H040 | bet   4,000원 PLAYER | P:6♥ 4♠=0  B:8♠ A♠=9  BANKER(L)  | -4,000원 → 109,500원
H041 | bet   8,000원 PLAYER | P:9♣ K♦=9  B:3♦ 9♠=2  PLAYER(W)  | +8,000원 → 117,500원  [end_win]
H042 | bet   1,000원 BANKER | P:10♠ J♦=0  B:9♣ 9♥=8  BANKER(W)  | +950원 → 118,450원
H043 | bet   1,000원 BANKER | P:A♣ 10♠ Q♠=1  B:2♣ 8♥ J♦=0  PLAYER(L)  | -1,000원 → 117,450원  [start]
H044 | bet   2,000원 PLAYER | P:Q♣ 5♣ 8♠=3  B:10♥ 4♠=4  BANKER(L)  | -2,000원 → 115,450원
H045 | bet   4,000원 PLAYER | P:6♠ K♠=6  B:3♦ 9♥ A♦=3  PLAYER(W)  | +4,000원 → 119,450원  [end_win]
H046 | bet   1,000원 BANKER | P:Q♦ 6♦=6  B:8♠ 10♣=8  BANKER(W)  | +950원 → 120,400원
H047 | bet   1,000원 BANKER | P:3♦ 10♦ 2♣=5  B:A♠ 6♦=7  BANKER(W)  | +950원 → 121,350원
H048 | bet   1,000원 BANKER | P:Q♠ Q♥ A♠=1  B:J♦ 3♣ 3♠=6  BANKER(W)  | +950원 → 122,300원
H049 | bet   1,000원 BANKER | P:9♣ Q♣=9  B:K♥ 5♠=5  PLAYER(L)  | -1,000원 → 121,300원  [start]
H050 | bet   2,000원 PLAYER | P:9♠ 10♦=9  B:K♥ 6♣=6  PLAYER(W)  | +2,000원 → 123,300원  [end_win]
H051 | bet   1,000원 BANKER | P:K♣ 3♣=3  B:8♣ Q♣=8  BANKER(W)  | +950원 → 124,250원
H052 | bet   1,000원 BANKER | P:2♣ K♥=2  B:2♦ 7♣=9  BANKER(W)  | +950원 → 125,200원
H053 | bet   1,000원 BANKER | P:7♠ 2♠=9  B:A♣ A♥=2  PLAYER(L)  | -1,000원 → 124,200원  [start]
H054 | bet   2,000원 PLAYER | P:10♦ Q♦ 9♦=9  B:9♦ 2♦ 2♥=3  PLAYER(W)  | +2,000원 → 126,200원  [end_win]
H055 | bet   1,000원 BANKER | P:5♦ 3♠=8  B:7♣ A♣=8  TIE(T)  |     0원 → 126,200원
H056 | bet   1,000원 BANKER | P:6♦ 6♠ 6♦=8  B:6♠ 7♠ 3♦=6  PLAYER(L)  | -1,000원 → 125,200원  [start]
H057 | bet   2,000원 PLAYER | P:A♣ 8♣=9  B:K♣ 3♠=3  PLAYER(W)  | +2,000원 → 127,200원  [end_win]
H058 | bet   1,000원 BANKER | P:6♦ 6♥ 7♥=9  B:7♣ 3♥ K♣=0  PLAYER(L)  | -1,000원 → 126,200원  [start]
H059 | bet   2,000원 PLAYER | P:7♦ 6♥ K♦=3  B:K♦ K♣ 2♠=2  PLAYER(W)  | +2,000원 → 128,200원  [end_win]
H060 | bet   1,000원 BANKER | P:5♣ 5♦=0  B:J♣ 8♦=8  BANKER(W)  | +950원 → 129,150원
H061 | bet   1,000원 BANKER | P:7♦ 2♥=9  B:5♠ 7♥=2  PLAYER(L)  | -1,000원 → 128,150원  [start]
H062 | bet   2,000원 PLAYER | P:4♣ 6♥ 8♣=8  B:A♣ J♠ K♠=1  PLAYER(W)  | +2,000원 → 130,150원  [end_win]
H063 | bet   1,000원 BANKER | P:2♣ 6♠=8  B:8♠ 5♦=3  PLAYER(L)  | -1,000원 → 129,150원  [start]
H064 | bet   2,000원 PLAYER | P:6♠ J♦=6  B:7♠ 7♦ 5♣=9  BANKER(L)  | -2,000원 → 127,150원
H065 | bet   4,000원 PLAYER | P:3♣ K♣ 2♣=5  B:5♠ 6♥ J♠=1  PLAYER(W)  | +4,000원 → 131,150원  [end_win]
H066 | bet   1,000원 BANKER | P:4♦ 7♠ J♠=1  B:4♠ J♦=4  BANKER(W)  | +950원 → 132,100원
H067 | bet   1,000원 BANKER | P:6♦ 8♥ 8♦=2  B:J♠ 10♣ J♥=0  PLAYER(L)  | -1,000원 → 131,100원  [start]
H068 | bet   2,000원 PLAYER | P:3♦ 7♥ 9♣=9  B:J♦ 5♥=5  PLAYER(W)  | +2,000원 → 133,100원  [end_win]
H069 | bet   1,000원 BANKER | P:8♣ J♣=8  B:10♥ 9♥=9  BANKER(W)  | +950원 → 134,050원
H070 | bet   1,000원 BANKER | P:6♣ 5♦ Q♠=1  B:A♥ K♥ 3♥=4  BANKER(W)  | +950원 → 135,000원
H071 | bet   1,000원 BANKER | P:Q♥ 8♠=8  B:4♥ Q♠=4  PLAYER(L)  | -1,000원 → 134,000원  [start]
H072 | bet   2,000원 PLAYER | P:A♥ 8♠=9  B:5♦ Q♣=5  PLAYER(W)  | +2,000원 → 136,000원  [end_win]
H073 | bet   1,000원 BANKER | P:4♦ K♥ Q♦=4  B:5♥ Q♥=5  BANKER(W)  | +950원 → 136,950원
H074 | bet   1,000원 BANKER | P:8♥ 2♦=0  B:3♣ 5♥=8  BANKER(W)  | +950원 → 137,900원
H075 | bet   1,000원 BANKER | P:J♣ A♦ 5♦=6  B:J♣ 5♠ 5♣=0  PLAYER(L)  | -1,000원 → 136,900원  [start]
H076 | bet   2,000원 PLAYER | P:J♦ 8♣=8  B:9♥ 10♥=9  BANKER(L)  | -2,000원 → 134,900원
H077 | bet   4,000원 PLAYER | P:2♦ 6♥=8  B:K♠ 7♦=7  PLAYER(W)  | +4,000원 → 138,900원  [end_win]
H078 | bet   1,000원 BANKER | P:3♥ 6♠=9  B:10♠ 5♥=5  PLAYER(L)  | -1,000원 → 137,900원  [start]
H079 | bet   2,000원 PLAYER | P:6♥ 10♥=6  B:K♠ 6♣=6  TIE(T)  |     0원 → 137,900원
H080 | bet   2,000원 PLAYER | P:Q♠ J♠ 7♦=7  B:7♥ 10♠=7  TIE(T)  |     0원 → 137,900원
H081 | bet   2,000원 PLAYER | P:4♦ A♥ 2♠=7  B:5♥ 6♠ K♣=1  PLAYER(W)  | +2,000원 → 139,900원  [end_win]
H082 | bet   1,000원 BANKER | P:9♥ 6♥ A♠=6  B:9♠ A♠ 3♥=3  PLAYER(L)  | -1,000원 → 138,900원  [start]
H083 | bet   2,000원 PLAYER | P:6♦ 6♥=2  B:J♦ 8♦=8  BANKER(L)  | -2,000원 → 136,900원
H084 | bet   4,000원 PLAYER | P:K♦ 4♠ A♦=5  B:Q♣ 5♣=5  TIE(T)  |     0원 → 136,900원
H085 | bet   4,000원 PLAYER | P:A♠ 2♦ K♠=3  B:9♠ A♣ 10♣=0  PLAYER(W)  | +4,000원 → 140,900원  [end_win]
H086 | bet   1,000원 BANKER | P:5♣ A♣=6  B:5♦ A♣=6  TIE(T)  |     0원 → 140,900원
H087 | bet   1,000원 BANKER | P:2♣ J♦ 9♠=1  B:Q♣ K♦ 6♦=6  BANKER(W)  | +950원 → 141,850원
H088 | bet   1,000원 BANKER | P:Q♣ 7♠=7  B:A♦ A♥ 4♠=6  PLAYER(L)  | -1,000원 → 140,850원  [start]
H089 | bet   2,000원 PLAYER | P:Q♣ 4♠ A♦=5  B:J♦ J♣ 5♠=5  TIE(T)  |     0원 → 140,850원
H090 | bet   2,000원 PLAYER | P:6♥ 6♠ 6♦=8  B:4♦ J♣ 8♠=2  PLAYER(W)  | +2,000원 → 142,850원  [end_win]
H091 | bet   1,000원 BANKER | P:Q♣ 2♣ 8♠=0  B:8♦ 2♣ Q♣=0  TIE(T)  |     0원 → 142,850원
H092 | bet   1,000원 BANKER | P:2♠ 7♣=9  B:3♠ 8♦=1  PLAYER(L)  | -1,000원 → 141,850원  [start]
H093 | bet   2,000원 PLAYER | P:4♥ 4♣=8  B:K♠ J♦=0  PLAYER(W)  | +2,000원 → 143,850원  [end_win]
H094 | bet   1,000원 BANKER | P:3♠ Q♣ 9♣=2  B:3♣ 3♠=6  BANKER(W)  | +950원 → 144,800원
H095 | bet   1,000원 BANKER | P:2♣ 9♣ 10♣=1  B:J♥ 2♠ 2♠=4  BANKER(W)  | +950원 → 145,750원
H096 | bet   1,000원 BANKER | P:K♥ Q♥ Q♠=0  B:K♣ J♥ 7♣=7  BANKER(W)  | +950원 → 146,700원
H097 | bet   1,000원 BANKER | P:7♠ A♦=8  B:A♦ 2♥=3  PLAYER(L)  | -1,000원 → 145,700원  [start]
H098 | bet   2,000원 PLAYER | P:10♣ A♠ 10♥=1  B:8♣ 8♥=6  BANKER(L)  | -2,000원 → 143,700원
H099 | bet   4,000원 PLAYER | P:A♥ 3♦ 5♥=9  B:J♠ J♠ 7♥=7  PLAYER(W)  | +4,000원 → 147,700원  [end_win]
H100 | bet   1,000원 BANKER | P:8♣ 7♦ Q♦=5  B:Q♠ J♥ J♥=0  PLAYER(L)  | -1,000원 → 146,700원  [start]
H101 | bet   2,000원 PLAYER | P:9♦ 2♠ 4♦=5  B:K♣ 5♥ J♥=5  TIE(T)  |     0원 → 146,700원
H102 | bet   2,000원 PLAYER | P:7♣ 10♦=7  B:6♣ A♥=7  TIE(T)  |     0원 → 146,700원
H103 | bet   2,000원 PLAYER | P:A♠ 10♣ 4♥=5  B:6♥ 7♣ 6♥=9  BANKER(L)  | -2,000원 → 144,700원
H104 | bet   4,000원 PLAYER | P:8♦ 7♦ 8♠=3  B:Q♦ Q♦ 6♦=6  BANKER(L)  | -4,000원 → 140,700원
H105 | bet   8,000원 PLAYER | P:2♦ 6♠=8  B:J♠ 6♦=6  PLAYER(W)  | +8,000원 → 148,700원  [end_win]
H106 | bet   1,000원 BANKER | P:Q♥ 8♥=8  B:3♣ 3♣=6  PLAYER(L)  | -1,000원 → 147,700원  [start]
H107 | bet   2,000원 PLAYER | P:9♥ 5♦ 8♠=2  B:J♠ A♠ 8♠=9  BANKER(L)  | -2,000원 → 145,700원
H108 | bet   4,000원 PLAYER | P:A♦ 2♦ Q♥=3  B:10♥ 2♠ 5♠=7  BANKER(L)  | -4,000원 → 141,700원
H109 | bet   8,000원 PLAYER | P:7♠ 10♥=7  B:4♣ 4♥=8  BANKER(L)  | -8,000원 → 133,700원
H110 | bet  16,000원 PLAYER | P:2♣ A♣=3  B:3♥ 6♣=9  BANKER(L)  | -16,000원 → 117,700원  [end_giveup]
H111 | bet   1,000원 BANKER | P:10♥ Q♣ J♣=0  B:4♦ 7♥ 2♣=3  BANKER(W)  | +950원 → 118,650원
H112 | bet   1,000원 BANKER | P:5♣ Q♠ 7♦=2  B:10♠ 3♠ K♦=3  BANKER(W)  | +950원 → 119,600원
H113 | bet   1,000원 BANKER | P:A♦ Q♠=1  B:8♦ 10♠=8  BANKER(W)  | +950원 → 120,550원
H114 | bet   1,000원 BANKER | P:J♦ 5♦ 5♣=0  B:7♥ 9♥=6  BANKER(W)  | +950원 → 121,500원
H115 | bet   1,000원 BANKER | P:K♣ 6♣=6  B:A♠ 2♦ 9♣=2  PLAYER(L)  | -1,000원 → 120,500원  [start]
H116 | bet   2,000원 PLAYER | P:8♥ 10♦=8  B:A♠ 2♦=3  PLAYER(W)  | +2,000원 → 122,500원  [end_win]
H117 | bet   1,000원 BANKER | P:9♦ 5♠ 8♥=2  B:7♥ 4♠ Q♦=1  PLAYER(L)  | -1,000원 → 121,500원  [start]
H118 | bet   2,000원 PLAYER | P:6♠ 10♦=6  B:K♣ 8♣=8  BANKER(L)  | -2,000원 → 119,500원
H119 | bet   4,000원 PLAYER | P:4♠ 5♦=9  B:8♦ 10♦=8  PLAYER(W)  | +4,000원 → 123,500원  [end_win]
H120 | bet   1,000원 BANKER | P:J♠ 7♥=7  B:K♠ 10♠ 7♥=7  TIE(T)  |     0원 → 123,500원
H121 | bet   1,000원 BANKER | P:4♣ 3♣=7  B:6♠ 6♣ 2♥=4  PLAYER(L)  | -1,000원 → 122,500원  [start]
H122 | bet   2,000원 PLAYER | P:A♣ J♣ K♠=1  B:4♦ 8♣ K♥=2  BANKER(L)  | -2,000원 → 120,500원
H123 | bet   4,000원 PLAYER | P:3♠ 10♣=3  B:K♣ 9♦=9  BANKER(L)  | -4,000원 → 116,500원
H124 | bet   8,000원 PLAYER | P:A♣ K♥ 9♥=0  B:9♣ 6♣=5  BANKER(L)  | -8,000원 → 108,500원
H125 | bet  16,000원 PLAYER | P:2♥ 9♠ 9♥=0  B:4♦ J♣=4  BANKER(L)  | -16,000원 → 92,500원  [end_giveup]
H126 | bet   1,000원 BANKER | P:J♣ J♠ 10♠=0  B:2♣ J♦ 9♥=1  BANKER(W)  | +950원 → 93,450원
H127 | bet   1,000원 BANKER | P:4♥ 7♥ 9♣=0  B:9♣ 3♥ 9♣=1  BANKER(W)  | +950원 → 94,400원
H128 | bet   1,000원 BANKER | P:J♥ 5♥ 8♦=3  B:K♠ 4♣=4  BANKER(W)  | +950원 → 95,350원
H129 | bet   1,000원 BANKER | P:K♥ 3♦ J♣=3  B:J♦ 4♦=4  BANKER(W)  | +950원 → 96,300원
H130 | bet   1,000원 BANKER | P:6♥ 9♥ 9♦=4  B:3♦ 4♣=7  BANKER(W)  | +950원 → 97,250원
H131 | bet   1,000원 BANKER | P:2♥ 3♣=5  B:4♣ 5♠=9  BANKER(W)  | +950원 → 98,200원
H132 | bet   1,000원 BANKER | P:8♠ 10♥=8  B:2♥ Q♥=2  PLAYER(L)  | -1,000원 → 97,200원  [start]
H133 | bet   2,000원 PLAYER | P:7♠ 4♠ 10♥=1  B:10♠ 10♣ 4♠=4  BANKER(L)  | -2,000원 → 95,200원
H134 | bet   4,000원 PLAYER | P:9♠ 4♦ Q♦=3  B:A♠ 10♠ 7♠=8  BANKER(L)  | -4,000원 → 91,200원
H135 | bet   8,000원 PLAYER | P:9♥ 8♥=7  B:8♦ 7♣ 4♥=9  BANKER(L)  | -8,000원 → 83,200원
H136 | bet  16,000원 PLAYER | P:7♦ 10♦=7  B:A♥ K♣ 6♦=7  TIE(T)  |     0원 → 83,200원
H137 | bet  16,000원 PLAYER | P:8♥ 2♥ 7♠=7  B:3♥ Q♥ 6♠=9  BANKER(L)  | -16,000원 → 67,200원  [end_giveup]
H138 | bet   1,000원 BANKER | P:2♦ K♣ 10♣=2  B:9♦ 3♠ 6♥=8  BANKER(W)  | +950원 → 68,150원
H139 | bet   1,000원 BANKER | P:A♦ K♦=1  B:9♦ J♥=9  BANKER(W)  | +950원 → 69,100원
H140 | bet   1,000원 BANKER | P:K♦ K♠ 10♣=0  B:10♥ 5♥=5  BANKER(W)  | +950원 → 70,050원
H141 | bet   1,000원 BANKER | P:4♠ 10♥ K♦=4  B:5♦ 9♠=4  TIE(T)  |     0원 → 70,050원
H142 | bet   1,000원 BANKER | P:3♣ 7♥=0  B:3♦ 5♠=8  BANKER(W)  | +950원 → 71,000원
H143 | bet   1,000원 BANKER | P:Q♠ 10♠ 9♣=9  B:J♣ 6♣=6  PLAYER(L)  | -1,000원 → 70,000원  [start]
H144 | bet   2,000원 PLAYER | P:2♥ 6♠=8  B:K♠ A♥=1  PLAYER(W)  | +2,000원 → 72,000원  [end_win]
H145 | bet   1,000원 BANKER | P:2♦ 4♥=6  B:7♦ K♥=7  BANKER(W)  | +950원 → 72,950원
H146 | bet   1,000원 BANKER | P:3♦ 9♦ K♥=2  B:3♥ J♠ 9♥=2  TIE(T)  |     0원 → 72,950원
H147 | bet   1,000원 BANKER | P:8♥ 8♣=6  B:5♥ K♦ 7♠=2  PLAYER(L)  | -1,000원 → 71,950원  [start]
H148 | bet   2,000원 PLAYER | P:J♥ A♣ 3♦=4  B:5♠ A♠=6  BANKER(L)  | -2,000원 → 69,950원
H149 | bet   4,000원 PLAYER | P:Q♦ Q♥ 6♠=6  B:3♠ 2♣ 5♠=0  PLAYER(W)  | +4,000원 → 73,950원  [end_win]
H150 | bet   1,000원 BANKER | P:2♥ 6♦=8  B:K♠ 4♣=4  PLAYER(L)  | -1,000원 → 72,950원  [start]
H151 | bet   2,000원 PLAYER | P:Q♠ 4♦ 5♣=9  B:K♣ 5♦ 5♦=0  PLAYER(W)  | +2,000원 → 74,950원  [end_win]
H152 | bet   1,000원 BANKER | P:3♥ 4♥=7  B:2♠ 2♦ A♥=5  PLAYER(L)  | -1,000원 → 73,950원  [start]
H153 | bet   2,000원 PLAYER | P:6♦ 6♥ A♥=3  B:10♦ 10♦ 8♣=8  BANKER(L)  | -2,000원 → 71,950원
H154 | bet   4,000원 PLAYER | P:8♣ 5♥=3  B:8♠ Q♥=8  BANKER(L)  | -4,000원 → 67,950원
H155 | bet   8,000원 PLAYER | P:8♣ 5♣ 7♠=0  B:J♠ 3♦ 3♥=6  BANKER(L)  | -8,000원 → 59,950원
H156 | bet  16,000원 PLAYER | P:7♦ 9♦=6  B:7♣ J♦=7  BANKER(L)  | -16,000원 → 43,950원  [end_giveup]

Result: RUIN (capital_depleted)
Final: 43,950원  Hands: 156  Bets: 136  Wagered: 348,000원  Max losing streak: 5
