=== Session 14 ===
Seed: 3971837850219807024
Initial: 100,000원  Target: 500,000원  Ruin: 50,000원  Table-max: 100,000원
Strategy: martingale (pivot, steps=4)
Base bet: 1,000원  Primary side: BANKER

H001 | bet   1,000원 BANKER | P:8♦ 10♦=8  B:7♥ 3♥=0  PLAYER(L)  | -1,000원 → 99,000원  [start]
H002 | bet   2,000원 PLAYER | P:7♠ 5♠ 8♦=0  B:4♦ Q♥=4  BANKER(L)  | -2,000원 → 97,000원
H003 | bet   4,000원 PLAYER | P:K♥ J♦ 3♥=3  B:7♦ 7♦ 4♥=8  BANKER(L)  | -4,000원 → 93,000원
H004 | bet   8,000원 PLAYER | P:J♦ K♦ 4♠=4  B:5♦ 2♣=7  BANKER(L)  | -8,000원 → 85,000원
H005 | bet  16,000원 PLAYER | P:K♠ 6♦=6  B:4♣ 10♥ 5♦=9  BANKER(L)  | -16,000원 → 69,000원  [end_giveup]
H006 | bet   1,000원 BANKER | P:9♥ 5♦ 4♥=8  B:10♥ J♥ 10♦=0  PLAYER(L)  | -1,000원 → 68,000원  [start]
H007 | bet   2,000원 PLAYER | P:3♣ 3♥=6  B:4♣ J♣ 9♣=3  PLAYER(W)  | +2,000원 → 70,000원  [end_win]
H008 | bet   1,000원 BANKER | P:6♣ A♠=7  B:10♣ 6♥=6  PLAYER(L)  | -1,000원 → 69,000원  [start]
H009 | bet   2,000원 PLAYER | P:J♦ J♣ 8♣=8  B:7♠ J♣=7  PLAYER(W)  | +2,000원 → 71,000원  [end_win]
H010 | bet   1,000원 BANKER | P:2♣ 8♦ Q♣=0  B:6♣ Q♣=6  BANKER(W)  | +950원 → 71,950원
H011 | bet   1,000원 BANKER | P:8♠ 9♦=7  B:Q♠ 7♦=7  TIE(T)  |     0원 → 71,950원
H012 | bet   1,000원 BANKER | P:10♣ K♠ 4♣=4  B:9♥ 6♠ 2♠=7  BANKER(W)  | +950원 → 72,900원
H013 | bet   1,000원 BANKER | P:8♣ A♦=9  B:8♠ Q♥=8  PLAYER(L)  | -1,000원 → 71,900원  [start]
H014 | bet   2,000원 PLAYER | P:10♣ 6♠=6  B:9♠ 2♥ 5♥=6  TIE(T)  |     0원 → 71,900원
H015 | bet   2,000원 PLAYER | P:A♦ 8♦=9  B:K♥ 5♣=5  PLAYER(W)  | +2,000원 → 73,900원  [end_win]
H016 | bet   1,000원 BANKER | P:3♥ A♠ 7♣=1  B:Q♦ 3♦ 7♦=0  PLAYER(L)  | -1,000원 → 72,900원  [start]
H017 | bet   2,000원 PLAYER | P:Q♠ A♠ 5♣=6  B:K♣ 3♠ 8♠=1  PLAYER(W)  | +2,000원 → 74,900원  [end_win]
H018 | bet   1,000원 BANKER | P:Q♥ K♣ 8♣=8  B:K♥ 4♠=4  PLAYER(L)  | -1,000원 → 73,900원  [start]
H019 | bet   2,000원 PLAYER | P:6♦ 5♠ 4♥=5  B:2♦ 5♥=7  BANKER(L)  | -2,000원 → 71,900원
H020 | bet   4,000원 PLAYER | P:10♥ 3♣ 9♠=2  B:A♣ 6♠=7  BANKER(L)  | -4,000원 → 67,900원
H021 | bet   8,000원 PLAYER | P:2♠ K♦ A♣=3  B:2♥ 8♥ 9♣=9  BANKER(L)  | -8,000원 → 59,900원
H022 | bet  16,000원 PLAYER | P:5♠ A♥=6  B:K♠ 5♣ 9♦=4  PLAYER(W)  | +16,000원 → 75,900원  [end_win]
H023 | bet   1,000원 BANKER | P:9♥ J♦=9  B:10♦ 6♣=6  PLAYER(L)  | -1,000원 → 74,900원  [start]
H024 | bet   2,000원 PLAYER | P:9♣ 3♣ 2♣=4  B:3♦ J♥ 5♠=8  BANKER(L)  | -2,000원 → 72,900원
H025 | bet   4,000원 PLAYER | P:10♣ 10♠ 10♠=0  B:2♥ 5♥=7  BANKER(L)  | -4,000원 → 68,900원
H026 | bet   8,000원 PLAYER | P:4♠ A♣ A♦=6  B:4♥ 6♠ Q♥=0  PLAYER(W)  | +8,000원 → 76,900원  [end_win]
H027 | bet   1,000원 BANKER | P:6♦ 6♥ 10♦=2  B:4♥ 6♥ 6♣=6  BANKER(W)  | +950원 → 77,850원
H028 | bet   1,000원 BANKER | P:6♠ 10♦=6  B:J♠ 4♣ J♥=4  PLAYER(L)  | -1,000원 → 76,850원  [start]
H029 | bet   2,000원 PLAYER | P:J♠ 4♦ 5♣=9  B:J♥ A♥ 9♠=0  PLAYER(W)  | +2,000원 → 78,850원  [end_win]
H030 | bet   1,000원 BANKER | P:6♦ 9♥ Q♠=5  B:10♦ 6♦=6  BANKER(W)  | +950원 → 79,800원
H031 | bet   1,000원 BANKER | P:4♦ 9♣=3  B:10♠ 8♥=8  BANKER(W)  | +950원 → 80,750원
H032 | bet   1,000원 BANKER | P:3♥ 7♥ K♥=0  B:A♠ 5♣=6  BANKER(W)  | +950원 → 81,700원
H033 | bet   1,000원 BANKER | P:2♣ Q♦ 8♠=0  B:K♠ 5♥=5  BANKER(W)  | +950원 → 82,650원
H034 | bet   1,000원 BANKER | P:7♥ K♦=7  B:8♥ 9♦=7  TIE(T)  |     0원 → 82,650원
H035 | bet   1,000원 BANKER | P:6♠ 7♠ 10♦=3  B:A♦ 2♠ 4♣=7  BANKER(W)  | +950원 → 83,600원
H036 | bet   1,000원 BANKER | P:8♣ J♠=8  B:8♣ 4♠=2  PLAYER(L)  | -1,000원 → 82,600원  [start]
H037 | bet   2,000원 PLAYER | P:8♣ 2♦ 3♦=3  B:6♠ Q♦=6  BANKER(L)  | -2,000원 → 80,600원
H038 | bet   4,000원 PLAYER | P:9♠ 5♥ K♣=4  B:Q♠ 4♥=4  TIE(T)  |     0원 → 80,600원
H039 | bet   4,000원 PLAYER | P:4♦ 8♦ 3♠=5  B:K♦ 10♠ 3♠=3  PLAYER(W)  | +4,000원 → 84,600원  [end_win]
H040 | bet   1,000원 BANKER | P:9♦ 4♠ 7♣=0  B:5♠ 8♣ 9♣=2  BANKER(W)  | +950원 → 85,550원
H041 | bet   1,000원 BANKER | P:K♠ 9♣=9  B:10♠ 2♦=2  PLAYER(L)  | -1,000원 → 84,550원  [start]
H042 | bet   2,000원 PLAYER | P:8♠ Q♥=8  B:7♠ 9♣=6  PLAYER(W)  | +2,000원 → 86,550원  [end_win]
H043 | bet   1,000원 BANKER | P:Q♥ 10♠ J♠=0  B:J♠ 7♠=7  BANKER(W)  | +950원 → 87,500원
H044 | bet   1,000원 BANKER | P:9♦ 2♥ Q♥=1  B:5♦ K♠=5  BANKER(W)  | +950원 → 88,450원
H045 | bet   1,000원 BANKER | P:K♣ J♦ 9♠=9  B:Q♦ A♥ K♥=1  PLAYER(L)  | -1,000원 → 87,450원  [start]
H046 | bet   2,000원 PLAYER | P:K♣ K♣=0  B:3♣ 5♦=8  BANKER(L)  | -2,000원 → 85,450원
H047 | bet   4,000원 PLAYER | P:8♥ 7♣ 7♣=2  B:2♠ K♣ 3♥=5  BANKER(L)  | -4,000원 → 81,450원
H048 | bet   8,000원 PLAYER | P:10♣ 9♥=9  B:9♠ J♥=9  TIE(T)  |     0원 → 81,450원
H049 | bet   8,000원 PLAYER | P:6♣ A♣=7  B:10♦ K♦ J♥=0  PLAYER(W)  | +8,000원 → 89,450원  [end_win]
H050 | bet   1,000원 BANKER | P:8♥ 5♣ K♦=3  B:3♠ 7♣ 4♦=4  BANKER(W)  | +950원 → 90,400원
H051 | bet   1,000원 BANKER | P:Q♣ Q♣=0  B:9♥ K♥=9  BANKER(W)  | +950원 → 91,350원
H052 | bet   1,000원 BANKER | P:2♣ 3♠ Q♣=5  B:3♦ 3♠=6  BANKER(W)  | +950원 → 92,300원
H053 | bet   1,000원 BANKER | P:8♠ 7♥ Q♣=5  B:7♦ 7♠=4  PLAYER(L)  | -1,000원 → 91,300원  [start]
H054 | bet   2,000원 PLAYER | P:2♦ K♦ K♥=2  B:2♦ 8♠ J♦=0  PLAYER(W)  | +2,000원 → 93,300원  [end_win]
H055 | bet   1,000원 BANKER | P:6♦ Q♠=6  B:A♦ 3♦ 4♥=8  BANKER(W)  | +950원 → 94,250원
H056 | bet   1,000원 BANKER | P:J♣ Q♦=0  B:A♣ 8♠=9  BANKER(W)  | +950원 → 95,200원
H057 | bet   1,000원 BANKER | P:A♠ 8♦=9  B:6♣ 4♠=0  PLAYER(L)  | -1,000원 → 94,200원  [start]
H058 | bet   2,000원 PLAYER | P:8♦ 5♦ Q♠=3  B:2♠ 2♠=4  BANKER(L)  | -2,000원 → 92,200원
H059 | bet   4,000원 PLAYER | P:7♠ 5♥ 6♦=8  B:J♦ Q♥ 9♦=9  BANKER(L)  | -4,000원 → 88,200원
H060 | bet   8,000원 PLAYER | P:A♣ 7♥=8  B:J♣ K♠=0  PLAYER(W)  | +8,000원 → 96,200원  [end_win]
H061 | bet   1,000원 BANKER | P:3♠ A♠ 4♣=8  B:5♦ 7♣ 2♦=4  PLAYER(L)  | -1,000원 → 95,200원  [start]
H062 | bet   2,000원 PLAYER | P:5♠ 7♦ 9♥=1  B:2♥ 10♥ 5♥=7  BANKER(L)  | -2,000원 → 93,200원
H063 | bet   4,000원 PLAYER | P:10♥ 10♥ 2♦=2  B:2♥ 10♣ 5♣=7  BANKER(L)  | -4,000원 → 89,200원
H064 | bet   8,000원 PLAYER | P:K♦ A♥ 4♥=5  B:4♣ 7♣ 7♥=8  BANKER(L)  | -8,000원 → 81,200원
H065 | bet  16,000원 PLAYER | P:5♦ 2♥=7  B:3♦ 10♥ 2♣=5  PLAYER(W)  | +16,000원 → 97,200원  [end_win]
H066 | bet   1,000원 BANKER | P:A♥ 4♦ 2♣=7  B:Q♠ A♠ A♣=2  PLAYER(L)  | -1,000원 → 96,200원  [start]
H067 | bet   2,000원 PLAYER | P:8♥ 9♥=7  B:2♣ J♣ 8♥=0  PLAYER(W)  | +2,000원 → 98,200원  [end_win]
H068 | bet   1,000원 BANKER | P:5♥ 10♥ K♣=5  B:J♠ 7♠=7  BANKER(W)  | +950원 → 99,150원
H069 | bet   1,000원 BANKER | P:10♠ 3♥ Q♣=3  B:10♣ 3♦ 5♠=8  BANKER(W)  | +950원 → 100,100원
H070 | bet   1,000원 BANKER | P:K♥ A♦ 4♦=5  B:4♦ A♠ 9♣=4  PLAYER(L)  | -1,000원 → 99,100원  [start]
H071 | bet   2,000원 PLAYER | P:10♣ A♥ Q♦=1  B:A♦ 6♥=7  BANKER(L)  | -2,000원 → 97,100원
H072 | bet   4,000원 PLAYER | P:10♠ 2♦ 6♥=8  B:2♥ 9♠ 6♥=7  PLAYER(W)  | +4,000원 → 101,100원  [end_win]
H073 | bet   1,000원 BANKER | P:6♠ 7♦ 9♦=2  B:J♥ 3♣ 6♥=9  BANKER(W)  | +950원 → 102,050원
H074 | bet   1,000원 BANKER | P:J♣ 6♦=6  B:9♠ Q♣=9  BANKER(W)  | +950원 → 103,000원
H075 | bet   1,000원 BANKER | P:3♣ 5♣=8  B:Q♦ J♠=0  PLAYER(L)  | -1,000원 → 102,000원  [start]
H076 | bet   2,000원 PLAYER | P:A♦ 3♥ 7♦=1  B:Q♠ 7♥=7  BANKER(L)  | -2,000원 → 100,000원
H077 | bet   4,000원 PLAYER | P:A♥ J♠ Q♦=1  B:6♥ 8♥=4  BANKER(L)  | -4,000원 → 96,000원
H078 | bet   8,000원 PLAYER | P:6♣ 6♣=2  B:4♠ 4♣=8  BANKER(L)  | -8,000원 → 88,000원
H079 | bet  16,000원 PLAYER | P:K♠ 3♠ J♥=3  B:8♦ 3♣ 7♣=8  BANKER(L)  | -16,000원 → 72,000원  [end_giveup]
H080 | bet   1,000원 BANKER | P:3♦ 2♣=5  B:7♥ 2♣=9  BANKER(W)  | +950원 → 72,950원
H081 | bet   1,000원 BANKER | P:8♣ 4♥ 6♥=8  B:10♦ 3♥ 3♥=6  PLAYER(L)  | -1,000원 → 71,950원  [start]
H082 | bet   2,000원 PLAYER | P:4♠ 10♥ 2♣=6  B:2♠ 5♣=7  BANKER(L)  | -2,000원 → 69,950원
H083 | bet   4,000원 PLAYER | P:3♦ J♥ 2♠=5  B:3♠ 10♠ 8♠=1  PLAYER(W)  | +4,000원 → 73,950원  [end_win]
H084 | bet   1,000원 BANKER | P:8♥ 7♦ Q♦=5  B:3♠ 10♠ 7♠=0  PLAYER(L)  | -1,000원 → 72,950원  [start]
H085 | bet   2,000원 PLAYER | P:Q♦ 5♠=5  B:J♣ 8♥=8  BANKER(L)  | -2,000원 → 70,950원
H086 | bet   4,000원 PLAYER | P:Q♦ 9♣=9  B:2♣ 6♦=8  PLAYER(W)  | +4,000원 → 74,950원  [end_win]
H087 | bet   1,000원 BANKER | P:2♠ 8♠ A♣=1  B:J♦ J♠ 5♠=5  BANKER(W)  | +950원 → 75,900원
H088 | bet   1,000원 BANKER | P:8♣ 3♣ K♦=1  B:5♦ 2♠=7  BANKER(W)  | +950원 → 76,850원
H089 | bet   1,000원 BANKER | P:6♠ 7♦ 6♦=9  B:A♣ J♥ 7♣=8  PLAYER(L)  | -1,000원 → 75,850원  [start]
H090 | bet   2,000원 PLAYER | P:7♣ J♠=7  B:9♥ 9♣=8  BANKER(L)  | -2,000원 → 73,850원
H091 | bet   4,000원 PLAYER | P:K♥ 2♠ J♣=2  B:K♠ A♣ 6♣=7  BANKER(L)  | -4,000원 → 69,850원
H092 | bet   8,000원 PLAYER | P:5♥ 8♥ 10♥=3  B:8♥ 4♣ K♣=2  PLAYER(W)  | +8,000원 → 77,850원  [end_win]
H093 | bet   1,000원 BANKER | P:7♠ A♣=8  B:J♦ Q♣=0  PLAYER(L)  | -1,000원 → 76,850원  [start]
H094 | bet   2,000원 PLAYER | P:5♥ 6♣ Q♥=1  B:3♠ K♠ K♥=3  BANKER(L)  | -2,000원 → 74,850원
H095 | bet   4,000원 PLAYER | P:5♦ 5♣ 10♥=0  B:J♠ 5♦=5  BANKER(L)  | -4,000원 → 70,850원
H096 | bet   8,000원 PLAYER | P:Q♠ 7♥=7  B:K♣ K♣ A♥=1  PLAYER(W)  | +8,000원 → 78,850원  [end_win]
H097 | bet   1,000원 BANKER | P:2♥ K♣ A♦=3  B:J♠ J♥ 2♦=2  PLAYER(L)  | -1,000원 → 77,850원  [start]
H098 | bet   2,000원 PLAYER | P:2♣ K♣=2  B:9♥ Q♣=9  BANKER(L)  | -2,000원 → 75,850원
H099 | bet   4,000원 PLAYER | P:10♦ K♦=0  B:9♥ J♦=9  BANKER(L)  | -4,000원 → 71,850원
H100 | bet   8,000원 PLAYER | P:J♠ 4♥ 5♠=9  B:4♠ J♥ 7♥=1  PLAYER(W)  | +8,000원 → 79,850원  [end_win]
H101 | bet   1,000원 BANKER | P:4♠ 9♣ Q♣=3  B:K♥ 6♠=6  BANKER(W)  | +950원 → 80,800원
H102 | bet   1,000원 BANKER | P:J♠ 5♣ 2♥=7  B:2♦ Q♥ Q♦=2  PLAYER(L)  | -1,000원 → 79,800원  [start]
H103 | bet   2,000원 PLAYER | P:3♥ Q♣ K♣=3  B:4♠ 7♣ 3♠=4  BANKER(L)  | -2,000원 → 77,800원
H104 | bet   4,000원 PLAYER | P:8♦ 6♣ 5♦=9  B:3♣ 10♠ A♥=4  PLAYER(W)  | +4,000원 → 81,800원  [end_win]
H105 | bet   1,000원 BANKER | P:J♣ 2♦ 3♦=5  B:Q♠ 2♣ 7♠=9  BANKER(W)  | +950원 → 82,750원
H106 | bet   1,000원 BANKER | P:9♦ J♠=9  B:7♥ A♣=8  PLAYER(L)  | -1,000원 → 81,750원  [start]
H107 | bet   2,000원 PLAYER | P:2♦ 9♥ 7♣=8  B:A♥ 9♣ 3♦=3  PLAYER(W)  | +2,000원 → 83,750원  [end_win]
H108 | bet   1,000원 BANKER | P:5♣ J♣ Q♦=5  B:K♥ 6♠=6  BANKER(W)  | +950원 → 84,700원
H109 | bet   1,000원 BANKER | P:Q♦ 8♣=8  B:10♣ Q♣=0  PLAYER(L)  | -1,000원 → 83,700원  [start]
H110 | bet   2,000원 PLAYER | P:6♦ 3♥=9  B:5♥ 10♦=5  PLAYER(W)  | +2,000원 → 85,700원  [end_win]
H111 | bet   1,000원 BANKER | P:5♣ 9♣ 9♦=3  B:10♦ 4♥=4  BANKER(W)  | +950원 → 86,650원
H112 | bet   1,000원 BANKER | P:Q♠ K♠ K♣=0  B:9♦ 7♥=6  BANKER(W)  | +950원 → 87,600원
H113 | bet   1,000원 BANKER | P:K♦ 2♦ A♠=3  B:9♠ A♣ Q♥=0  PLAYER(L)  | -1,000원 → 86,600원  [start]
H114 | bet   2,000원 PLAYER | P:A♦ 5♠=6  B:3♦ 3♥=6  TIE(T)  |     0원 → 86,600원
H115 | bet   2,000원 PLAYER | P:10♣ 2♠ 10♥=2  B:8♣ 7♠=5  BANKER(L)  | -2,000원 → 84,600원
H116 | bet   4,000원 PLAYER | P:6♥ K♥=6  B:A♥ Q♣ K♦=1  PLAYER(W)  | +4,000원 → 88,600원  [end_win]
H117 | bet   1,000원 BANKER | P:9♥ 3♦=2  B:10♦ 8♠=8  BANKER(W)  | +950원 → 89,550원
H118 | bet   1,000원 BANKER | P:Q♣ J♦ A♠=1  B:9♣ 4♣ 4♦=7  BANKER(W)  | +950원 → 90,500원
H119 | bet   1,000원 BANKER | P:4♦ 10♥ A♠=5  B:8♦ 8♣=6  BANKER(W)  | +950원 → 91,450원
H120 | bet   1,000원 BANKER | P:K♥ 8♠=8  B:6♥ 2♥=8  TIE(T)  |     0원 → 91,450원
H121 | bet   1,000원 BANKER | P:9♥ 5♦=4  B:7♦ 2♥=9  BANKER(W)  | +950원 → 92,400원
H122 | bet   1,000원 BANKER | P:8♠ 8♠=6  B:10♥ 6♦=6  TIE(T)  |     0원 → 92,400원
H123 | bet   1,000원 BANKER | P:A♠ A♥ K♠=2  B:4♣ 6♠ 6♣=6  BANKER(W)  | +950원 → 93,350원
H124 | bet   1,000원 BANKER | P:8♦ 3♠ 2♠=3  B:8♦ 4♣ 8♥=0  PLAYER(L)  | -1,000원 → 92,350원  [start]
H125 | bet   2,000원 PLAYER | P:6♣ 9♠ 7♣=2  B:9♠ 3♦ J♦=2  TIE(T)  |     0원 → 92,350원
H126 | bet   2,000원 PLAYER | P:Q♥ 3♠=3  B:8♦ A♦=9  BANKER(L)  | -2,000원 → 90,350원
H127 | bet   4,000원 PLAYER | P:4♠ Q♥ A♦=5  B:4♠ 7♥ 7♠=8  BANKER(L)  | -4,000원 → 86,350원
H128 | bet   8,000원 PLAYER | P:8♦ 10♣=8  B:Q♠ 6♣=6  PLAYER(W)  | +8,000원 → 94,350원  [end_win]
H129 | bet   1,000원 BANKER | P:A♠ K♦ 6♦=7  B:10♠ 7♣=7  TIE(T)  |     0원 → 94,350원
H130 | bet   1,000원 BANKER | P:6♥ 2♣=8  B:10♣ 9♣=9  BANKER(W)  | +950원 → 95,300원
H131 | bet   1,000원 BANKER | P:A♠ 8♠=9  B:8♣ 8♥=6  PLAYER(L)  | -1,000원 → 94,300원  [start]
H132 | bet   2,000원 PLAYER | P:6♠ 2♣=8  B:9♠ 10♠=9  BANKER(L)  | -2,000원 → 92,300원
H133 | bet   4,000원 PLAYER | P:10♦ J♣=0  B:8♦ J♣=8  BANKER(L)  | -4,000원 → 88,300원
H134 | bet   8,000원 PLAYER | P:Q♠ 4♠ 5♠=9  B:7♦ 9♠=6  PLAYER(W)  | +8,000원 → 96,300원  [end_win]
H135 | bet   1,000원 BANKER | P:7♠ K♦=7  B:7♦ 3♣ J♥=0  PLAYER(L)  | -1,000원 → 95,300원  [start]
H136 | bet   2,000원 PLAYER | P:5♥ K♠ 9♥=4  B:6♥ 9♠=5  BANKER(L)  | -2,000원 → 93,300원
H137 | bet   4,000원 PLAYER | P:A♥ 10♣=1  B:8♣ 10♣=8  BANKER(L)  | -4,000원 → 89,300원
H138 | bet   8,000원 PLAYER | P:3♣ 6♠=9  B:K♠ 6♣=6  PLAYER(W)  | +8,000원 → 97,300원  [end_win]
H139 | bet   1,000원 BANKER | P:4♥ 6♣ 6♥=6  B:3♣ 9♦ 10♠=2  PLAYER(L)  | -1,000원 → 96,300원  [start]
H140 | bet   2,000원 PLAYER | P:A♥ 4♣ K♦=5  B:A♣ 3♠=4  PLAYER(W)  | +2,000원 → 98,300원  [end_win]
H141 | bet   1,000원 BANKER | P:4♥ 3♣=7  B:K♥ 5♥ Q♠=5  PLAYER(L)  | -1,000원 → 97,300원  [start]
H142 | bet   2,000원 PLAYER | P:9♥ 4♦ 6♥=9  B:10♥ 2♥ K♣=2  PLAYER(W)  | +2,000원 → 99,300원  [end_win]
H143 | bet   1,000원 BANKER | P:3♠ A♠=4  B:7♠ A♦=8  BANKER(W)  | +950원 → 100,250원
H144 | bet   1,000원 BANKER | P:7♥ 4♥ 3♣=4  B:J♠ J♣ 2♦=2  PLAYER(L)  | -1,000원 → 99,250원  [start]
H145 | bet   2,000원 PLAYER | P:A♣ J♦ Q♣=1  B:6♠ 6♥ 9♦=1  TIE(T)  |     0원 → 99,250원
H146 | bet   2,000원 PLAYER | P:5♦ 9♠ 2♥=6  B:5♦ 2♦=7  BANKER(L)  | -2,000원 → 97,250원
H147 | bet   4,000원 PLAYER | P:9♠ 8♥=7  B:4♦ 10♦ 4♠=8  BANKER(L)  | -4,000원 → 93,250원
H148 | bet   8,000원 PLAYER | P:J♦ 9♦=9  B:10♠ 7♣=7  PLAYER(W)  | +8,000원 → 101,250원  [end_win]
H149 | bet   1,000원 BANKER | P:5♥ 9♦ 2♥=6  B:4♦ J♦ 10♥=4  PLAYER(L)  | -1,000원 → 100,250원  [start]
H150 | bet   2,000원 PLAYER | P:7♦ A♦=8  B:8♥ 8♠=6  PLAYER(W)  | +2,000원 → 102,250원  [end_win]
H151 | bet   1,000원 BANKER | P:5♦ 7♠ 6♠=8  B:Q♥ K♠ 6♦=6  PLAYER(L)  | -1,000원 → 101,250원  [start]
H152 | bet   2,000원 PLAYER | P:10♦ 4♦ 5♣=9  B:7♦ 9♣=6  PLAYER(W)  | +2,000원 → 103,250원  [end_win]
H153 | bet   1,000원 BANKER | P:10♠ 2♠ 3♥=5  B:7♥ Q♥=7  BANKER(W)  | +950원 → 104,200원
H154 | bet   1,000원 BANKER | P:A♦ J♥ 8♣=9  B:5♠ 5♥ 4♥=4  PLAYER(L)  | -1,000원 → 103,200원  [start]
H155 | bet   2,000원 PLAYER | P:3♦ Q♦=3  B:5♣ 3♥=8  BANKER(L)  | -2,000원 → 101,200원
H156 | bet   4,000원 PLAYER | P:5♠ 2♥=7  B:10♣ 10♣ 5♥=5  PLAYER(W)  | +4,000원 → 105,200원  [end_win]
H157 | bet   1,000원 BANKER | P:4♦ Q♦ 4♣=8  B:Q♠ 3♥ 4♣=7  PLAYER(L)  | -1,000원 → 104,200원  [start]
H158 | bet   2,000원 PLAYER | P:J♥ 4♥=4  B:7♣ A♦=8  BANKER(L)  | -2,000원 → 102,200원
H159 | bet   4,000원 PLAYER | P:J♥ 9♦=9  B:K♠ 3♣=3  PLAYER(W)  | +4,000원 → 106,200원  [end_win]
H160 | bet   1,000원 BANKER | P:5♠ K♦ Q♥=5  B:4♣ J♣=4  PLAYER(L)  | -1,000원 → 105,200원  [start]
H161 | bet   2,000원 PLAYER | P:8♦ 6♠ 6♥=0  B:4♣ 3♥=7  BANKER(L)  | -2,000원 → 103,200원
H162 | bet   4,000원 PLAYER | P:6♦ 4♣ 2♥=2  B:A♣ 2♥ 7♣=0  PLAYER(W)  | +4,000원 → 107,200원  [end_win]
H163 | bet   1,000원 BANKER | P:Q♥ A♣=1  B:4♦ 5♣=9  BANKER(W)  | +950원 → 108,150원
H164 | bet   1,000원 BANKER | P:J♠ 3♠ 7♥=0  B:10♣ 3♠ 2♦=5  BANKER(W)  | +950원 → 109,100원
H165 | bet   1,000원 BANKER | P:8♦ 5♠ 4♦=7  B:7♥ K♦=7  TIE(T)  |     0원 → 109,100원
H166 | bet   1,000원 BANKER | P:Q♠ 3♣=3  B:8♣ Q♥=8  BANKER(W)  | +950원 → 110,050원
H167 | bet   1,000원 BANKER | P:10♠ J♣ 8♣=8  B:6♣ 7♥=3  PLAYER(L)  | -1,000원 → 109,050원  [start]
H168 | bet   2,000원 PLAYER | P:10♦ 9♦=9  B:Q♠ A♥=1  PLAYER(W)  | +2,000원 → 111,050원  [end_win]
H169 | bet   1,000원 BANKER | P:5♣ 3♦=8  B:10♦ 3♥=3  PLAYER(L)  | -1,000원 → 110,050원  [start]
H170 | bet   2,000원 PLAYER | P:3♣ 3♠=6  B:10♥ A♥ 2♥=3  PLAYER(W)  | +2,000원 → 112,050원  [end_win]
H171 | bet   1,000원 BANKER | P:5♣ 2♣=7  B:9♥ 9♦=8  BANKER(W)  | +950원 → 113,000원
H172 | bet   1,000원 BANKER | P:7♦ 7♠=4  B:K♥ 8♣=8  BANKER(W)  | +950원 → 113,950원
H173 | bet   1,000원 BANKER | P:4♣ A♣=5  B:3♥ 6♠=9  BANKER(W)  | +950원 → 114,900원
H174 | bet   1,000원 BANKER | P:8♠ 3♣ J♠=1  B:K♠ 10♥ 10♦=0  PLAYER(L)  | -1,000원 → 113,900원  [start]
H175 | bet   2,000원 PLAYER | P:4♠ K♠ A♠=5  B:7♠ J♥=7  BANKER(L)  | -2,000원 → 111,900원
H176 | bet   4,000원 PLAYER | P:2♦ 3♣ 9♦=4  B:8♥ 9♠=7  BANKER(L)  | -4,000원 → 107,900원
H177 | bet   8,000원 PLAYER | P:6♦ 4♠ 8♥=8  B:7♠ 3♥ 6♠=6  PLAYER(W)  | +8,000원 → 115,900원  [end_win]
H178 | bet   1,000원 BANKER | P:5♣ 7♠ K♠=2  B:K♠ J♠ 4♠=4  BANKER(W)  | +950원 → 116,850원
H179 | bet   1,000원 BANKER | P:A♥ 10♣ K♦=1  B:3♦ A♣=4  BANKER(W)  | +950원 → 117,800원
H180 | bet   1,000원 BANKER | P:3♣ 2♠ A♠=6  B:8♠ 7♠=5  PLAYER(L)  | -1,000원 → 116,800원  [start]
H181 | bet   2,000원 PLAYER | P:Q♠ 3♥ A♠=4  B:A♣ 2♥ 3♦=6  BANKER(L)  | -2,000원 → 114,800원
H182 | bet   4,000원 PLAYER | P:8♠ 2♦=0  B:7♦ 2♦=9  BANKER(L)  | -4,000원 → 110,800원
H183 | bet   8,000원 PLAYER | P:7♦ 5♠=2  B:9♠ K♣=9  BANKER(L)  | -8,000원 → 102,800원
H184 | bet  16,000원 PLAYER | P:4♥ 7♠ 10♥=1  B:4♣ J♦=4  BANKER(L)  | -16,000원 → 86,800원  [end_giveup]
H185 | bet   1,000원 BANKER | P:2♣ 4♥=6  B:Q♦ 3♠ 2♠=5  PLAYER(L)  | -1,000원 → 85,800원  [start]
H186 | bet   2,000원 PLAYER | P:8♦ 9♣=7  B:2♣ 3♣ 5♦=0  PLAYER(W)  | +2,000원 → 87,800원  [end_win]
H187 | bet   1,000원 BANKER | P:8♠ 2♠ 5♣=5  B:2♥ 8♣ 8♥=8  BANKER(W)  | +950원 → 88,750원
H188 | bet   1,000원 BANKER | P:6♣ 4♦ 10♥=0  B:4♥ A♠=5  BANKER(W)  | +950원 → 89,700원
H189 | bet   1,000원 BANKER | P:J♠ K♣=0  B:K♠ 9♦=9  BANKER(W)  | +950원 → 90,650원
H190 | bet   1,000원 BANKER | P:7♣ 10♥=7  B:8♦ A♥=9  BANKER(W)  | +950원 → 91,600원
H191 | bet   1,000원 BANKER | P:5♥ J♣ A♦=6  B:9♣ 6♥=5  PLAYER(L)  | -1,000원 → 90,600원  [start]
H192 | bet   2,000원 PLAYER | P:K♦ 9♣=9  B:7♥ 7♦=4  PLAYER(W)  | +2,000원 → 92,600원  [end_win]
H193 | bet   1,000원 BANKER | P:K♠ K♥ 10♣=0  B:6♣ 5♥ 5♥=6  BANKER(W)  | +950원 → 93,550원
H194 | bet   1,000원 BANKER | P:6♣ Q♥=6  B:8♥ Q♠=8  BANKER(W)  | +950원 → 94,500원
H195 | bet   1,000원 BANKER | P:2♥ 4♦=6  B:J♥ K♠ K♥=0  PLAYER(L)  | -1,000원 → 93,500원  [start]
H196 | bet   2,000원 PLAYER | P:J♣ 9♠=9  B:J♦ 5♣=5  PLAYER(W)  | +2,000원 → 95,500원  [end_win]
H197 | bet   1,000원 BANKER | P:2♠ J♣ J♠=2  B:J♠ J♦ K♥=0  PLAYER(L)  | -1,000원 → 94,500원  [start]
H198 | bet   2,000원 PLAYER | P:10♦ 9♣=9  B:3♣ 4♠=7  PLAYER(W)  | +2,000원 → 96,500원  [end_win]
H199 | bet   1,000원 BANKER | P:10♠ A♥ 9♥=0  B:10♣ 5♣=5  BANKER(W)  | +950원 → 97,450원
H200 | bet   1,000원 BANKER | P:10♣ 6♣=6  B:6♠ Q♣=6  TIE(T)  |     0원 → 97,450원
H201 | bet   1,000원 BANKER | P:A♠ 9♥ A♦=1  B:2♦ 10♠ 7♥=9  BANKER(W)  | +950원 → 98,400원
H202 | bet   1,000원 BANKER | P:9♣ 8♠=7  B:3♥ 6♠=9  BANKER(W)  | +950원 → 99,350원
H203 | bet   1,000원 BANKER | P:7♦ 3♥ A♠=1  B:7♦ Q♦=7  BANKER(W)  | +950원 → 100,300원
H204 | bet   1,000원 BANKER | P:6♣ 8♣ 6♥=0  B:Q♦ 5♦ 5♥=0  TIE(T)  |     0원 → 100,300원
H205 | bet   1,000원 BANKER | P:7♣ J♦=7  B:6♦ K♣=6  PLAYER(L)  | -1,000원 → 99,300원  [start]
H206 | bet   2,000원 PLAYER | P:J♥ J♥ K♥=0  B:3♠ Q♣ 5♣=8  BANKER(L)  | -2,000원 → 97,300원
H207 | bet   4,000원 PLAYER | P:J♥ 7♦=7  B:3♦ 2♠ Q♥=5  PLAYER(W)  | +4,000원 → 101,300원  [end_win]
H208 | bet   1,000원 BANKER | P:2♣ 6♦=8  B:8♥ 4♣=2  PLAYER(L)  | -1,000원 → 100,300원  [start]
H209 | bet   2,000원 PLAYER | P:8♠ 7♥ 5♠=0  B:7♠ 7♣ 8♦=2  BANKER(L)  | -2,000원 → 98,300원
H210 | bet   4,000원 PLAYER | P:J♣ 5♠ 2♣=7  B:9♣ 3♦ K♣=2  PLAYER(W)  | +4,000원 → 102,300원  [end_win]
H211 | bet   1,000원 BANKER | P:J♦ 3♠ J♠=3  B:7♣ K♦=7  BANKER(W)  | +950원 → 103,250원
H212 | bet   1,000원 BANKER | P:9♥ J♦=9  B:2♥ A♣=3  PLAYER(L)  | -1,000원 → 102,250원  [start]
H213 | bet   2,000원 PLAYER | P:6♦ 9♠ 2♠=7  B:J♦ Q♦ A♦=1  PLAYER(W)  | +2,000원 → 104,250원  [end_win]
H214 | bet   1,000원 BANKER | P:5♦ A♣=6  B:4♦ Q♥ A♥=5  PLAYER(L)  | -1,000원 → 103,250원  [start]
H215 | bet   2,000원 PLAYER | P:2♦ 5♥=7  B:Q♦ 5♠ 8♥=3  PLAYER(W)  | +2,000원 → 105,250원  [end_win]
H216 | bet   1,000원 BANKER | P:10♠ K♦ 7♣=7  B:3♠ Q♥ 9♥=2  PLAYER(L)  | -1,000원 → 104,250원  [start]
H217 | bet   2,000원 PLAYER | P:9♠ Q♥=9  B:7♣ 10♦=7  PLAYER(W)  | +2,000원 → 106,250원  [end_win]
H218 | bet   1,000원 BANKER | P:5♦ 9♥ 7♠=1  B:3♦ K♣ 9♦=2  BANKER(W)  | +950원 → 107,200원
H219 | bet   1,000원 BANKER | P:5♥ A♥=6  B:9♦ K♦=9  BANKER(W)  | +950원 → 108,150원
H220 | bet   1,000원 BANKER | P:Q♦ 6♥=6  B:9♠ 8♣=7  BANKER(W)  | +950원 → 109,100원
H221 | bet   1,000원 BANKER | P:6♣ 5♦=1  B:J♣ 9♥=9  BANKER(W)  | +950원 → 110,050원
H222 | bet   1,000원 BANKER | P:J♠ 10♣ J♥=0  B:4♥ A♦=5  BANKER(W)  | +950원 → 111,000원
H223 | bet   1,000원 BANKER | P:4♣ 5♦=9  B:8♠ J♣=8  PLAYER(L)  | -1,000원 → 110,000원  [start]
H224 | bet   2,000원 PLAYER | P:3♦ 7♥ Q♣=0  B:2♠ 5♥=7  BANKER(L)  | -2,000원 → 108,000원
H225 | bet   4,000원 PLAYER | P:6♠ 7♦ 10♠=3  B:3♦ 8♦ 10♥=1  PLAYER(W)  | +4,000원 → 112,000원  [end_win]
H226 | bet   1,000원 BANKER | P:K♥ 4♠=4  B:A♦ 8♦=9  BANKER(W)  | +950원 → 112,950원
H227 | bet   1,000원 BANKER | P:6♥ A♠=7  B:9♠ 4♦ K♣=3  PLAYER(L)  | -1,000원 → 111,950원  [start]
H228 | bet   2,000원 PLAYER | P:10♦ 8♦=8  B:4♥ 2♣=6  PLAYER(W)  | +2,000원 → 113,950원  [end_win]
H229 | bet   1,000원 BANKER | P:6♦ 6♥ Q♠=2  B:4♥ A♦=5  BANKER(W)  | +950원 → 114,900원
H230 | bet   1,000원 BANKER | P:2♠ 6♥=8  B:6♣ Q♠=6  PLAYER(L)  | -1,000원 → 113,900원  [start]
H231 | bet   2,000원 PLAYER | P:8♣ Q♣=8  B:2♥ 10♦=2  PLAYER(W)  | +2,000원 → 115,900원  [end_win]
H232 | bet   1,000원 BANKER | P:Q♠ K♥=0  B:5♥ 4♠=9  BANKER(W)  | +950원 → 116,850원
H233 | bet   1,000원 BANKER | P:A♣ 9♦ 8♣=8  B:J♥ A♥ 4♥=5  PLAYER(L)  | -1,000원 → 115,850원  [start]
H234 | bet   2,000원 PLAYER | P:K♥ K♣ J♥=0  B:3♠ Q♣ 3♥=6  BANKER(L)  | -2,000원 → 113,850원
H235 | bet   4,000원 PLAYER | P:10♥ 5♠ A♠=6  B:Q♠ 6♥=6  TIE(T)  |     0원 → 113,850원
H236 | bet   4,000원 PLAYER | P:Q♦ 4♣=4  B:9♣ K♦=9  BANKER(L)  | -4,000원 → 109,850원
H237 | bet   8,000원 PLAYER | P:9♠ K♠=9  B:7♣ 8♠=5  PLAYER(W)  | +8,000원 → 117,850원  [end_win]
H238 | bet   1,000원 BANKER | P:6♠ 10♠=6  B:7♥ 5♦ 5♠=7  BANKER(W)  | +950원 → 118,800원
H239 | bet   1,000원 BANKER | P:A♦ 4♦ 4♣=9  B:2♦ K♦ 10♥=2  PLAYER(L)  | -1,000원 → 117,800원  [start]
H240 | bet   2,000원 PLAYER | P:8♥ 5♠ 6♦=9  B:K♣ 10♠ 3♣=3  PLAYER(W)  | +2,000원 → 119,800원  [end_win]
H241 | bet   1,000원 BANKER | P:10♣ 6♠=6  B:Q♣ 4♥ 5♦=9  BANKER(W)  | +950원 → 120,750원
H242 | bet   1,000원 BANKER | P:4♠ 9♥ Q♣=3  B:9♦ A♦ 2♣=2  PLAYER(L)  | -1,000원 → 119,750원  [start]
H243 | bet   2,000원 PLAYER | P:Q♦ 6♦=6  B:10♦ J♣ Q♥=0  PLAYER(W)  | +2,000원 → 121,750원  [end_win]
H244 | bet   1,000원 BANKER | P:5♦ 8♣ J♣=3  B:6♣ A♣=7  BANKER(W)  | +950원 → 122,700원
H245 | bet   1,000원 BANKER | P:2♣ 9♦=1  B:2♠ 6♥=8  BANKER(W)  | +950원 → 123,650원
H246 | bet   1,000원 BANKER | P:10♦ 5♠ 5♦=0  B:K♠ K♥ K♠=0  TIE(T)  |     0원 → 123,650원
H247 | bet   1,000원 BANKER | P:4♥ 7♣ 2♣=3  B:7♦ 4♣ A♣=2  PLAYER(L)  | -1,000원 → 122,650원  [start]
H248 | bet   2,000원 PLAYER | P:8♦ 6♥=4  B:8♦ Q♦=8  BANKER(L)  | -2,000원 → 120,650원
H249 | bet   4,000원 PLAYER | P:10♥ 9♥=9  B:2♠ J♥=2  PLAYER(W)  | +4,000원 → 124,650원  [end_win]
H250 | bet   1,000원 BANKER | P:K♦ 8♦=8  B:3♥ 2♥=5  PLAYER(L)  | -1,000원 → 123,650원  [start]
H251 | bet   2,000원 PLAYER | P:3♥ 6♦=9  B:Q♣ J♥=0  PLAYER(W)  | +2,000원 → 125,650원  [end_win]
H252 | bet   1,000원 BANKER | P:3♠ Q♣ 9♠=2  B:7♠ 6♣ 3♠=6  BANKER(W)  | +950원 → 126,600원
H253 | bet   1,000원 BANKER | P:6♠ 5♠ 9♦=0  B:3♥ A♦=4  BANKER(W)  | +950원 → 127,550원
H254 | bet   1,000원 BANKER | P:Q♥ K♣ 4♠=4  B:A♣ 10♥ Q♥=1  PLAYER(L)  | -1,000원 → 126,550원  [start]
H255 | bet   2,000원 PLAYER | P:A♥ 10♣ 3♥=4  B:10♥ 5♣=5  BANKER(L)  | -2,000원 → 124,550원
H256 | bet   4,000원 PLAYER | P:K♠ 4♠ 4♦=8  B:K♦ 3♦ 9♠=2  PLAYER(W)  | +4,000원 → 128,550원  [end_win]
H257 | bet   1,000원 BANKER | P:8♥ 3♦ 10♦=1  B:5♠ J♦=5  BANKER(W)  | +950원 → 129,500원
H258 | bet   1,000원 BANKER | P:6♠ 8♣ J♠=4  B:J♥ 6♦=6  BANKER(W)  | +950원 → 130,450원
H259 | bet   1,000원 BANKER | P:10♦ Q♦ 2♦=2  B:9♥ 6♥=5  BANKER(W)  | +950원 → 131,400원
H260 | bet   1,000원 BANKER | P:5♣ Q♣ 9♠=4  B:J♦ 2♦ 9♦=1  PLAYER(L)  | -1,000원 → 130,400원  [start]
H261 | bet   2,000원 PLAYER | P:5♥ J♦ 9♦=4  B:6♠ A♦=7  BANKER(L)  | -2,000원 → 128,400원
H262 | bet   4,000원 PLAYER | P:4♦ K♣ 10♠=4  B:2♦ 10♣ 9♠=1  PLAYER(W)  | +4,000원 → 132,400원  [end_win]
H263 | bet   1,000원 BANKER | P:8♠ 7♦ 3♦=8  B:J♠ 4♥ 4♠=8  TIE(T)  |     0원 → 132,400원
H264 | bet   1,000원 BANKER | P:8♣ 6♦=4  B:10♥ 8♦=8  BANKER(W)  | +950원 → 133,350원
H265 | bet   1,000원 BANKER | P:A♥ 4♠ 3♥=8  B:5♦ 7♣ 9♣=1  PLAYER(L)  | -1,000원 → 132,350원  [start]
H266 | bet   2,000원 PLAYER | P:10♥ 4♣ Q♠=4  B:10♠ 3♥ J♦=3  PLAYER(W)  | +2,000원 → 134,350원  [end_win]
H267 | bet   1,000원 BANKER | P:Q♦ 4♥ Q♥=4  B:A♥ 2♦ Q♦=3  PLAYER(L)  | -1,000원 → 133,350원  [start]
H268 | bet   2,000원 PLAYER | P:A♠ 4♠ A♠=6  B:4♥ 7♣ 9♣=0  PLAYER(W)  | +2,000원 → 135,350원  [end_win]
H269 | bet   1,000원 BANKER | P:Q♦ 5♥ 3♠=8  B:K♥ Q♥ 5♣=5  PLAYER(L)  | -1,000원 → 134,350원  [start]
H270 | bet   2,000원 PLAYER | P:Q♠ 4♥ 9♦=3  B:5♣ J♣=5  BANKER(L)  | -2,000원 → 132,350원
H271 | bet   4,000원 PLAYER | P:9♥ Q♠=9  B:A♠ 8♠=9  TIE(T)  |     0원 → 132,350원
H272 | bet   4,000원 PLAYER | P:J♥ 8♣=8  B:K♠ 6♣=6  PLAYER(W)  | +4,000원 → 136,350원  [end_win]
H273 | bet   1,000원 BANKER | P:K♣ 3♥ A♣=4  B:6♣ J♥=6  BANKER(W)  | +950원 → 137,300원
H274 | bet   1,000원 BANKER | P:5♠ K♦ 6♣=1  B:2♣ 8♥ 4♣=4  BANKER(W)  | +950원 → 138,250원
H275 | bet   1,000원 BANKER | P:8♥ K♥=8  B:6♦ K♥=6  PLAYER(L)  | -1,000원 → 137,250원  [start]
H276 | bet   2,000원 PLAYER | P:3♠ A♥ 2♥=6  B:2♠ 2♣ 4♦=8  BANKER(L)  | -2,000원 → 135,250원
H277 | bet   4,000원 PLAYER | P:7♥ 7♥ 2♠=6  B:5♠ 5♥ 6♥=6  TIE(T)  |     0원 → 135,250원
H278 | bet   4,000원 PLAYER | P:4♠ 9♦=3  B:J♠ 9♥=9  BANKER(L)  | -4,000원 → 131,250원
H279 | bet   8,000원 PLAYER | P:3♦ 8♥ 9♠=0  B:J♠ 10♥ 7♠=7  BANKER(L)  | -8,000원 → 123,250원
H280 | bet  16,000원 PLAYER | P:7♠ Q♣=7  B:A♥ 5♥=6  PLAYER(W)  | +16,000원 → 139,250원  [end_win]
H281 | bet   1,000원 BANKER | P:2♠ Q♥ 9♣=1  B:A♣ 5♦=6  BANKER(W)  | +950원 → 140,200원
H282 | bet   1,000원 BANKER | P:10♠ 2♠=2  B:3♦ 5♥=8  BANKER(W)  | +950원 → 141,150원
H283 | bet   1,000원 BANKER | P:J♠ 8♣=8  B:8♣ 4♦=2  PLAYER(L)  | -1,000원 → 140,150원  [start]
H284 | bet   2,000원 PLAYER | P:9♦ J♣=9  B:2♠ Q♥=2  PLAYER(W)  | +2,000원 → 142,150원  [end_win]
H285 | bet   1,000원 BANKER | P:J♣ 4♣=4  B:8♦ A♠=9  BANKER(W)  | +950원 → 143,100원
H286 | bet   1,000원 BANKER | P:6♠ 10♣=6  B:K♣ 3♦ 5♦=8  BANKER(W)  | +950원 → 144,050원
H287 | bet   1,000원 BANKER | P:K♦ 10♣ 9♣=9  B:J♦ 2♥ 10♦=2  PLAYER(L)  | -1,000원 → 143,050원  [start]
H288 | bet   2,000원 PLAYER | P:9♥ 7♣=6  B:3♣ 7♣ 7♥=7  BANKER(L)  | -2,000원 → 141,050원
H289 | bet   4,000원 PLAYER | P:3♣ A♠ 4♦=8  B:2♥ 8♥ Q♠=0  PLAYER(W)  | +4,000원 → 145,050원  [end_win]
H290 | bet   1,000원 BANKER | P:A♦ K♥ 2♠=3  B:K♦ 10♠ Q♣=0  PLAYER(L)  | -1,000원 → 144,050원  [start]
H291 | bet   2,000원 PLAYER | P:4♦ 8♠ 8♥=0  B:3♠ 3♦=6  BANKER(L)  | -2,000원 → 142,050원
H292 | bet   4,000원 PLAYER | P:Q♦ 5♠=5  B:5♠ 4♥=9  BANKER(L)  | -4,000원 → 138,050원
H293 | bet   8,000원 PLAYER | P:K♠ 2♥=2  B:6♥ 3♠=9  BANKER(L)  | -8,000원 → 130,050원
H294 | bet  16,000원 PLAYER | P:J♠ 8♠=8  B:7♠ J♦=7  PLAYER(W)  | +16,000원 → 146,050원  [end_win]
H295 | bet   1,000원 BANKER | P:9♣ 8♣=7  B:9♣ K♣=9  BANKER(W)  | +950원 → 147,000원
H296 | bet   1,000원 BANKER | P:J♠ 9♥=9  B:A♠ 7♣=8  PLAYER(L)  | -1,000원 → 146,000원  [start]
H297 | bet   2,000원 PLAYER | P:7♥ 10♦=7  B:6♥ 10♣=6  PLAYER(W)  | +2,000원 → 148,000원  [end_win]
H298 | bet   1,000원 BANKER | P:2♥ A♣ 2♦=5  B:2♣ Q♠ K♥=2  PLAYER(L)  | -1,000원 → 147,000원  [start]
H299 | bet   2,000원 PLAYER | P:7♣ 2♥=9  B:4♥ K♣=4  PLAYER(W)  | +2,000원 → 149,000원  [end_win]
H300 | bet   1,000원 BANKER | P:8♠ 6♣ Q♦=4  B:K♣ Q♠ J♣=0  PLAYER(L)  | -1,000원 → 148,000원  [start]
H301 | bet   2,000원 PLAYER | P:J♥ 2♣ 9♥=1  B:J♣ A♥ 5♥=6  BANKER(L)  | -2,000원 → 146,000원
H302 | bet   4,000원 PLAYER | P:3♣ 2♦ 6♦=1  B:7♦ 7♦ 4♣=8  BANKER(L)  | -4,000원 → 142,000원
H303 | bet   8,000원 PLAYER | P:5♣ 8♠ Q♠=3  B:7♥ 7♦=4  BANKER(L)  | -8,000원 → 134,000원
H304 | bet  16,000원 PLAYER | P:8♣ J♦=8  B:9♥ J♠=9  BANKER(L)  | -16,000원 → 118,000원  [end_giveup]
H305 | bet   1,000원 BANKER | P:A♦ 10♦ K♦=1  B:A♦ K♠ K♥=1  TIE(T)  |     0원 → 118,000원
H306 | bet   1,000원 BANKER | P:7♥ 5♣ 6♥=8  B:6♠ 10♣ 9♠=5  PLAYER(L)  | -1,000원 → 117,000원  [start]
H307 | bet   2,000원 PLAYER | P:3♣ 7♥ Q♥=0  B:6♦ 8♥=4  BANKER(L)  | -2,000원 → 115,000원
H308 | bet   4,000원 PLAYER | P:K♣ 2♦=2  B:3♣ 5♦=8  BANKER(L)  | -4,000원 → 111,000원
H309 | bet   8,000원 PLAYER | P:10♥ 7♦=7  B:3♣ 5♥=8  BANKER(L)  | -8,000원 → 103,000원
H310 | bet  16,000원 PLAYER | P:Q♣ 8♦=8  B:J♦ Q♣=0  PLAYER(W)  | +16,000원 → 119,000원  [end_win]
H311 | bet   1,000원 BANKER | P:K♠ 7♠=7  B:5♥ 5♣ 4♣=4  PLAYER(L)  | -1,000원 → 118,000원  [start]
H312 | bet   2,000원 PLAYER | P:A♥ 8♦=9  B:10♠ 4♦=4  PLAYER(W)  | +2,000원 → 120,000원  [end_win]
H313 | bet   1,000원 BANKER | P:2♥ 10♠ A♣=3  B:10♠ K♥ 7♦=7  BANKER(W)  | +950원 → 120,950원
H314 | bet   1,000원 BANKER | P:3♥ 2♣ 4♦=9  B:6♠ A♦=7  PLAYER(L)  | -1,000원 → 119,950원  [start]
H315 | bet   2,000원 PLAYER | P:7♥ 5♦ Q♣=2  B:4♣ 10♠=4  BANKER(L)  | -2,000원 → 117,950원
H316 | bet   4,000원 PLAYER | P:4♣ 5♣=9  B:6♦ 9♣=5  PLAYER(W)  | +4,000원 → 121,950원  [end_win]
H317 | bet   1,000원 BANKER | P:A♦ 7♠=8  B:K♦ 3♠=3  PLAYER(L)  | -1,000원 → 120,950원  [start]
H318 | bet   2,000원 PLAYER | P:9♦ 10♦=9  B:7♠ A♠=8  PLAYER(W)  | +2,000원 → 122,950원  [end_win]
H319 | bet   1,000원 BANKER | P:J♣ A♣ 6♣=7  B:K♠ 4♠ 2♣=6  PLAYER(L)  | -1,000원 → 121,950원  [start]
H320 | bet   2,000원 PLAYER | P:6♠ 3♣=9  B:J♥ 8♥=8  PLAYER(W)  | +2,000원 → 123,950원  [end_win]
H321 | bet   1,000원 BANKER | P:6♦ 8♠=4  B:A♦ 8♦=9  BANKER(W)  | +950원 → 124,900원
H322 | bet   1,000원 BANKER | P:Q♦ 10♥=0  B:9♣ J♣=9  BANKER(W)  | +950원 → 125,850원
H323 | bet   1,000원 BANKER | P:4♠ 7♠ 3♠=4  B:6♠ K♦=6  BANKER(W)  | +950원 → 126,800원
H324 | bet   1,000원 BANKER | P:J♥ 10♣ 3♣=3  B:A♠ A♥ 8♠=0  PLAYER(L)  | -1,000원 → 125,800원  [start]
H325 | bet   2,000원 PLAYER | P:Q♥ 3♦ 7♣=0  B:4♥ 9♠ 9♠=2  BANKER(L)  | -2,000원 → 123,800원
H326 | bet   4,000원 PLAYER | P:9♠ 10♦=9  B:8♦ 10♣=8  PLAYER(W)  | +4,000원 → 127,800원  [end_win]
H327 | bet   1,000원 BANKER | P:J♥ Q♠ J♥=0  B:K♥ 2♦ K♦=2  BANKER(W)  | +950원 → 128,750원
H328 | bet   1,000원 BANKER | P:Q♠ J♥ 10♣=0  B:7♣ K♠=7  BANKER(W)  | +950원 → 129,700원
H329 | bet   1,000원 BANKER | P:10♥ 10♣=0  B:9♥ 9♠=8  BANKER(W)  | +950원 → 130,650원
H330 | bet   1,000원 BANKER | P:7♥ 7♥ 9♣=3  B:9♠ 5♦=4  BANKER(W)  | +950원 → 131,600원
H331 | bet   1,000원 BANKER | P:6♣ 5♥ 9♦=0  B:7♥ 5♥ Q♥=2  BANKER(W)  | +950원 → 132,550원
H332 | bet   1,000원 BANKER | P:8♦ 6♥ K♠=4  B:7♦ 10♣=7  BANKER(W)  | +950원 → 133,500원
H333 | bet   1,000원 BANKER | P:10♣ 6♠=6  B:K♥ 7♥=7  BANKER(W)  | +950원 → 134,450원
H334 | bet   1,000원 BANKER | P:2♣ 7♣=9  B:10♦ 6♠=6  PLAYER(L)  | -1,000원 → 133,450원  [start]
H335 | bet   2,000원 PLAYER | P:10♥ A♣ 3♦=4  B:J♠ 4♥ K♣=4  TIE(T)  |     0원 → 133,450원
H336 | bet   2,000원 PLAYER | P:K♥ 10♥=0  B:9♦ J♣=9  BANKER(L)  | -2,000원 → 131,450원
H337 | bet   4,000원 PLAYER | P:10♦ 7♠=7  B:4♠ 10♠ Q♣=4  PLAYER(W)  | +4,000원 → 135,450원  [end_win]
H338 | bet   1,000원 BANKER | P:3♠ A♥ 7♠=1  B:5♣ 5♠ Q♠=0  PLAYER(L)  | -1,000원 → 134,450원  [start]
H339 | bet   2,000원 PLAYER | P:J♥ 5♣ 2♥=7  B:3♣ 8♥ K♦=1  PLAYER(W)  | +2,000원 → 136,450원  [end_win]
H340 | bet   1,000원 BANKER | P:4♣ Q♣ K♣=4  B:9♦ 8♦=7  BANKER(W)  | +950원 → 137,400원
H341 | bet   1,000원 BANKER | P:Q♥ K♥=0  B:8♥ K♥=8  BANKER(W)  | +950원 → 138,350원
H342 | bet   1,000원 BANKER | P:J♠ 6♠=6  B:5♠ 9♣ 5♠=9  BANKER(W)  | +950원 → 139,300원
H343 | bet   1,000원 BANKER | P:9♠ 10♣=9  B:8♥ 10♥=8  PLAYER(L)  | -1,000원 → 138,300원  [start]
H344 | bet   2,000원 PLAYER | P:7♥ A♥=8  B:A♠ 5♥=6  PLAYER(W)  | +2,000원 → 140,300원  [end_win]
H345 | bet   1,000원 BANKER | P:6♥ 2♦=8  B:K♦ 2♦=2  PLAYER(L)  | -1,000원 → 139,300원  [start]
H346 | bet   2,000원 PLAYER | P:3♣ 3♦=6  B:J♣ 5♠ 4♦=9  BANKER(L)  | -2,000원 → 137,300원
H347 | bet   4,000원 PLAYER | P:A♠ 8♣=9  B:8♥ 5♣=3  PLAYER(W)  | +4,000원 → 141,300원  [end_win]
H348 | bet   1,000원 BANKER | P:J♠ 4♥ Q♦=4  B:Q♦ 2♠ K♦=2  PLAYER(L)  | -1,000원 → 140,300원  [start]
H349 | bet   2,000원 PLAYER | P:2♠ 4♦=6  B:K♠ J♠ 8♦=8  BANKER(L)  | -2,000원 → 138,300원
H350 | bet   4,000원 PLAYER | P:7♦ 8♥=5  B:3♣ 5♦=8  BANKER(L)  | -4,000원 → 134,300원
H351 | bet   8,000원 PLAYER | P:Q♦ J♦ Q♦=0  B:K♠ 3♠ 6♣=9  BANKER(L)  | -8,000원 → 126,300원
H352 | bet  16,000원 PLAYER | P:J♠ 9♠=9  B:Q♠ 9♥=9  TIE(T)  |     0원 → 126,300원
H353 | bet  16,000원 PLAYER | P:6♣ 9♦=5  B:9♦ 10♠=9  BANKER(L)  | -16,000원 → 110,300원  [end_giveup]
H354 | bet   1,000원 BANKER | P:K♥ 8♥=8  B:5♦ J♥=5  PLAYER(L)  | -1,000원 → 109,300원  [start]
H355 | bet   2,000원 PLAYER | P:3♥ 5♦=8  B:8♣ J♣=8  TIE(T)  |     0원 → 109,300원
H356 | bet   2,000원 PLAYER | P:2♣ 10♣=2  B:J♠ 8♣=8  BANKER(L)  | -2,000원 → 107,300원
H357 | bet   4,000원 PLAYER | P:9♣ 9♥=8  B:K♠ Q♥=0  PLAYER(W)  | +4,000원 → 111,300원  [end_win]
H358 | bet   1,000원 BANKER | P:5♦ 10♠=5  B:6♠ 2♦=8  BANKER(W)  | +950원 → 112,250원
H359 | bet   1,000원 BANKER | P:6♦ 6♥=2  B:3♦ 5♥=8  BANKER(W)  | +950원 → 113,200원
H360 | bet   1,000원 BANKER | P:2♦ 3♣=5  B:9♥ J♠=9  BANKER(W)  | +950원 → 114,150원
H361 | bet   1,000원 BANKER | P:Q♥ 7♠=7  B:8♥ Q♣=8  BANKER(W)  | +950원 → 115,100원
H362 | bet   1,000원 BANKER | P:9♦ 5♦ 10♦=4  B:A♠ 3♠=4  TIE(T)  |     0원 → 115,100원
H363 | bet   1,000원 BANKER | P:7♥ A♠=8  B:5♣ J♦=5  PLAYER(L)  | -1,000원 → 114,100원  [start]
H364 | bet   2,000원 PLAYER | P:3♦ 4♦=7  B:4♣ 6♣ 6♠=6  PLAYER(W)  | +2,000원 → 116,100원  [end_win]
H365 | bet   1,000원 BANKER | P:6♦ 4♥ 2♣=2  B:6♥ 10♠=6  BANKER(W)  | +950원 → 117,050원
H366 | bet   1,000원 BANKER | P:7♦ 5♣ 3♥=5  B:4♣ K♠ 4♦=8  BANKER(W)  | +950원 → 118,000원
H367 | bet   1,000원 BANKER | P:9♥ A♥=0  B:2♥ 7♠=9  BANKER(W)  | +950원 → 118,950원
H368 | bet   1,000원 BANKER | P:Q♦ 7♠=7  B:5♠ 7♣ 5♠=7  TIE(T)  |     0원 → 118,950원
H369 | bet   1,000원 BANKER | P:J♥ A♣ J♥=1  B:A♠ 6♦=7  BANKER(W)  | +950원 → 119,900원
H370 | bet   1,000원 BANKER | P:3♣ 2♣=5  B:K♥ 8♠=8  BANKER(W)  | +950원 → 120,850원
H371 | bet   1,000원 BANKER | P:6♠ 4♣=0  B:9♠ J♣=9  BANKER(W)  | +950원 → 121,800원
H372 | bet   1,000원 BANKER | P:Q♠ 6♦=6  B:4♦ 9♣ 3♥=6  TIE(T)  |     0원 → 121,800원
H373 | bet   1,000원 BANKER | P:2♣ 5♦=7  B:4♠ 3♣=7  TIE(T)  |     0원 → 121,800원
H374 | bet   1,000원 BANKER | P:K♣ Q♥ Q♣=0  B:10♦ 2♣ Q♦=2  BANKER(W)  | +950원 → 122,750원
H375 | bet   1,000원 BANKER | P:Q♥ 6♦=6  B:K♠ 8♠=8  BANKER(W)  | +950원 → 123,700원
H376 | bet   1,000원 BANKER | P:J♣ 7♦=7  B:A♥ J♦ 6♦=7  TIE(T)  |     0원 → 123,700원
H377 | bet   1,000원 BANKER | P:A♦ 5♠=6  B:9♠ 9♥=8  BANKER(W)  | +950원 → 124,650원
H378 | bet   1,000원 BANKER | P:9♦ 2♠ 6♦=7  B:7♣ 10♦=7  TIE(T)  |     0원 → 124,650원
H379 | bet   1,000원 BANKER | P:4♠ 10♥ 2♥=6  B:4♦ 7♣ 6♥=7  BANKER(W)  | +950원 → 125,600원
H380 | bet   1,000원 BANKER | P:J♣ K♥ 4♠=4  B:4♥ 9♣ 8♠=1  PLAYER(L)  | -1,000원 → 124,600원  [start]
H381 | bet   2,000원 PLAYER | P:9♣ 5♠ 7♥=1  B:7♦ 3♣ 7♠=7  BANKER(L)  | -2,000원 → 122,600원
H382 | bet   4,000원 PLAYER | P:9♣ 5♣ 3♦=7  B:4♥ 2♣=6  PLAYER(W)  | +4,000원 → 126,600원  [end_win]
H383 | bet   1,000원 BANKER | P:J♦ 4♣ 6♥=0  B:Q♣ A♠ 9♣=0  TIE(T)  |     0원 → 126,600원
H384 | bet   1,000원 BANKER | P:8♠ Q♠=8  B:Q♥ 2♥=2  PLAYER(L)  | -1,000원 → 125,600원  [start]
H385 | bet   2,000원 PLAYER | P:J♣ 5♥ K♦=5  B:J♦ 3♦ 4♥=7  BANKER(L)  | -2,000원 → 123,600원
H386 | bet   4,000원 PLAYER | P:3♥ 5♣=8  B:A♣ K♣=1  PLAYER(W)  | +4,000원 → 127,600원  [end_win]
H387 | bet   1,000원 BANKER | P:6♠ A♣=7  B:A♣ 6♣=7  TIE(T)  |     0원 → 127,600원
H388 | bet   1,000원 BANKER | P:K♦ A♦ 4♠=5  B:K♣ 2♠ Q♠=2  PLAYER(L)  | -1,000원 → 126,600원  [start]
H389 | bet   2,000원 PLAYER | P:4♣ 8♣ 3♠=5  B:5♥ A♦=6  BANKER(L)  | -2,000원 → 124,600원
H390 | bet   4,000원 PLAYER | P:Q♥ A♠=1  B:8♠ K♣=8  BANKER(L)  | -4,000원 → 120,600원
H391 | bet   8,000원 PLAYER | P:7♦ 7♣ 6♣=0  B:7♣ Q♣=7  BANKER(L)  | -8,000원 → 112,600원
H392 | bet  16,000원 PLAYER | P:8♣ 10♠=8  B:A♥ 7♠=8  TIE(T)  |     0원 → 112,600원
H393 | bet  16,000원 PLAYER | P:3♠ 6♠=9  B:3♠ 5♣=8  PLAYER(W)  | +16,000원 → 128,600원  [end_win]
H394 | bet   1,000원 BANKER | P:10♠ J♣ 8♣=8  B:7♣ 3♠ 2♠=2  PLAYER(L)  | -1,000원 → 127,600원  [start]
H395 | bet   2,000원 PLAYER | P:A♣ 7♥=8  B:K♦ A♦=1  PLAYER(W)  | +2,000원 → 129,600원  [end_win]
H396 | bet   1,000원 BANKER | P:10♥ 6♣=6  B:5♥ 9♥ 4♥=8  BANKER(W)  | +950원 → 130,550원
H397 | bet   1,000원 BANKER | P:A♦ 8♥=9  B:K♣ 10♦=0  PLAYER(L)  | -1,000원 → 129,550원  [start]
H398 | bet   2,000원 PLAYER | P:3♣ 2♥ 3♠=8  B:J♥ 2♦ Q♠=2  PLAYER(W)  | +2,000원 → 131,550원  [end_win]
H399 | bet   1,000원 BANKER | P:4♠ 8♠ 3♦=5  B:3♥ K♠ J♦=3  PLAYER(L)  | -1,000원 → 130,550원  [start]
H400 | bet   2,000원 PLAYER | P:A♦ 8♦=9  B:4♦ 3♥=7  PLAYER(W)  | +2,000원 → 132,550원  [end_win]
H401 | bet   1,000원 BANKER | P:4♣ 9♥ 3♥=6  B:5♦ 8♦ 5♥=8  BANKER(W)  | +950원 → 133,500원
H402 | bet   1,000원 BANKER | P:10♣ 8♠=8  B:A♣ A♣=2  PLAYER(L)  | -1,000원 → 132,500원  [start]
H403 | bet   2,000원 PLAYER | P:9♠ A♦ Q♣=0  B:8♣ 2♥ Q♦=0  TIE(T)  |     0원 → 132,500원
H404 | bet   2,000원 PLAYER | P:2♣ 4♦=6  B:3♦ 9♦ 8♦=0  PLAYER(W)  | +2,000원 → 134,500원  [end_win]
H405 | bet   1,000원 BANKER | P:10♠ 7♦=7  B:7♠ K♣=7  TIE(T)  |     0원 → 134,500원
H406 | bet   1,000원 BANKER | P:4♠ 2♠=6  B:6♥ 7♦ A♥=4  PLAYER(L)  | -1,000원 → 133,500원  [start]
H407 | bet   2,000원 PLAYER | P:2♥ J♦=2  B:6♦ 2♠=8  BANKER(L)  | -2,000원 → 131,500원
H408 | bet   4,000원 PLAYER | P:2♠ A♥ 4♠=7  B:6♣ A♥=7  TIE(T)  |     0원 → 131,500원
H409 | bet   4,000원 PLAYER | P:2♦ 10♦ A♦=3  B:8♦ 6♥=4  BANKER(L)  | -4,000원 → 127,500원
H410 | bet   8,000원 PLAYER | P:2♥ 4♣=6  B:J♦ A♠ 2♦=3  PLAYER(W)  | +8,000원 → 135,500원  [end_win]
H411 | bet   1,000원 BANKER | P:A♥ 8♦=9  B:6♦ 9♣=5  PLAYER(L)  | -1,000원 → 134,500원  [start]
H412 | bet   2,000원 PLAYER | P:4♦ J♥ 7♣=1  B:A♦ 10♦ 3♥=4  BANKER(L)  | -2,000원 → 132,500원
H413 | bet   4,000원 PLAYER | P:7♠ 9♣=6  B:10♦ 4♦ 4♠=8  BANKER(L)  | -4,000원 → 128,500원
H414 | bet   8,000원 PLAYER | P:J♠ 7♥=7  B:Q♠ 3♥ 4♠=7  TIE(T)  |     0원 → 128,500원
H415 | bet   8,000원 PLAYER | P:K♣ A♠ A♥=2  B:3♥ 10♥ 10♣=3  BANKER(L)  | -8,000원 → 120,500원
H416 | bet  16,000원 PLAYER | P:Q♣ 3♥ 8♦=1  B:5♦ 2♣=7  BANKER(L)  | -16,000원 → 104,500원  [end_giveup]
H417 | bet   1,000원 BANKER | P:5♦ 3♦=8  B:4♥ 10♦=4  PLAYER(L)  | -1,000원 → 103,500원  [start]
H418 | bet   2,000원 PLAYER | P:9♠ 4♣ 7♦=0  B:7♦ 6♣ 4♠=7  BANKER(L)  | -2,000원 → 101,500원
H419 | bet   4,000원 PLAYER | P:6♠ 8♦ J♠=4  B:7♥ 4♥ 2♣=3  PLAYER(W)  | +4,000원 → 105,500원  [end_win]
H420 | bet   1,000원 BANKER | P:10♠ 2♥=2  B:8♦ K♥=8  BANKER(W)  | +950원 → 106,450원
H421 | bet   1,000원 BANKER | P:8♣ 9♥=7  B:2♦ 2♣ 7♣=1  PLAYER(L)  | -1,000원 → 105,450원  [start]
H422 | bet   2,000원 PLAYER | P:9♦ 9♥=8  B:2♦ 9♣=1  PLAYER(W)  | +2,000원 → 107,450원  [end_win]
H423 | bet   1,000원 BANKER | P:10♠ 2♥ 7♦=9  B:A♠ 4♠ 10♠=5  PLAYER(L)  | -1,000원 → 106,450원  [start]
H424 | bet   2,000원 PLAYER | P:Q♣ 2♦=2  B:J♦ 8♥=8  BANKER(L)  | -2,000원 → 104,450원
H425 | bet   4,000원 PLAYER | P:10♣ 4♥ 10♥=4  B:7♣ 4♦ A♥=2  PLAYER(W)  | +4,000원 → 108,450원  [end_win]
H426 | bet   1,000원 BANKER | P:Q♦ 6♥=6  B:Q♥ 3♣ J♥=3  PLAYER(L)  | -1,000원 → 107,450원  [start]
H427 | bet   2,000원 PLAYER | P:A♣ A♣ 5♦=7  B:5♦ 5♣ 3♦=3  PLAYER(W)  | +2,000원 → 109,450원  [end_win]
H428 | bet   1,000원 BANKER | P:7♣ 9♥=6  B:5♣ 5♠ Q♥=0  PLAYER(L)  | -1,000원 → 108,450원  [start]
H429 | bet   2,000원 PLAYER | P:4♥ 3♠=7  B:Q♦ 3♥ 2♥=5  PLAYER(W)  | +2,000원 → 110,450원  [end_win]
H430 | bet   1,000원 BANKER | P:6♠ Q♠=6  B:4♠ 9♥ 3♠=6  TIE(T)  |     0원 → 110,450원
H431 | bet   1,000원 BANKER | P:3♦ 6♦=9  B:Q♦ K♣=0  PLAYER(L)  | -1,000원 → 109,450원  [start]
H432 | bet   2,000원 PLAYER | P:J♥ 7♠=7  B:8♥ 3♦ K♣=1  PLAYER(W)  | +2,000원 → 111,450원  [end_win]
H433 | bet   1,000원 BANKER | P:8♠ 7♥=5  B:9♦ 10♦=9  BANKER(W)  | +950원 → 112,400원
H434 | bet   1,000원 BANKER | P:Q♣ 3♦ 8♠=1  B:3♠ 10♣=3  BANKER(W)  | +950원 → 113,350원
H435 | bet   1,000원 BANKER | P:10♦ Q♥ 5♣=5  B:J♦ K♣ 2♠=2  PLAYER(L)  | -1,000원 → 112,350원  [start]
H436 | bet   2,000원 PLAYER | P:J♦ 4♦ J♥=4  B:5♣ 10♦=5  BANKER(L)  | -2,000원 → 110,350원
H437 | bet   4,000원 PLAYER | P:10♥ K♠ Q♥=0  B:Q♥ 5♠=5  BANKER(L)  | -4,000원 → 106,350원
H438 | bet   8,000원 PLAYER | P:4♦ 3♦=7  B:7♠ K♦=7  TIE(T)  |     0원 → 106,350원
H439 | bet   8,000원 PLAYER | P:6♣ 7♠ Q♦=3  B:5♥ K♥=5  BANKER(L)  | -8,000원 → 98,350원
H440 | bet  16,000원 PLAYER | P:8♠ 8♣=6  B:6♣ J♥=6  TIE(T)  |     0원 → 98,350원
H441 | bet  16,000원 PLAYER | P:J♣ K♥ 4♦=4  B:9♦ 4♥ 9♣=2  PLAYER(W)  | +16,000원 → 114,350원  [end_win]
H442 | bet   1,000원 BANKER | P:A♠ 4♥=5  B:10♠ 9♠=9  BANKER(W)  | +950원 → 115,300원
H443 | bet   1,000원 BANKER | P:J♣ 10♠ 6♠=6  B:2♥ K♣ 7♠=9  BANKER(W)  | +950원 → 116,250원
H444 | bet   1,000원 BANKER | P:6♠ 8♣=4  B:2♥ 7♥=9  BANKER(W)  | +950원 → 117,200원
H445 | bet   1,000원 BANKER | P:7♣ 6♦ J♦=3  B:2♣ Q♠ 9♣=1  PLAYER(L)  | -1,000원 → 116,200원  [start]
H446 | bet   2,000원 PLAYER | P:3♣ Q♣ A♥=4  B:4♦ 8♥ 4♠=6  BANKER(L)  | -2,000원 → 114,200원
H447 | bet   4,000원 PLAYER | P:5♣ 9♦ 10♣=4  B:10♥ J♠ 3♥=3  PLAYER(W)  | +4,000원 → 118,200원  [end_win]
H448 | bet   1,000원 BANKER | P:10♠ 5♥ Q♥=5  B:9♠ 5♥=4  PLAYER(L)  | -1,000원 → 117,200원  [start]
H449 | bet   2,000원 PLAYER | P:J♦ J♥=0  B:A♦ 8♣=9  BANKER(L)  | -2,000원 → 115,200원
H450 | bet   4,000원 PLAYER | P:4♠ 5♣=9  B:9♠ 5♣=4  PLAYER(W)  | +4,000원 → 119,200원  [end_win]
H451 | bet   1,000원 BANKER | P:5♥ K♦ A♥=6  B:6♥ A♦=7  BANKER(W)  | +950원 → 120,150원
H452 | bet   1,000원 BANKER | P:K♠ Q♦ 7♦=7  B:A♥ K♥ A♣=2  PLAYER(L)  | -1,000원 → 119,150원  [start]
H453 | bet   2,000원 PLAYER | P:3♦ 5♦=8  B:9♣ 8♦=7  PLAYER(W)  | +2,000원 → 121,150원  [end_win]
H454 | bet   1,000원 BANKER | P:5♠ Q♦ 2♥=7  B:K♠ 2♠ 10♥=2  PLAYER(L)  | -1,000원 → 120,150원  [start]
H455 | bet   2,000원 PLAYER | P:2♠ 5♠=7  B:K♣ A♣ 4♣=5  PLAYER(W)  | +2,000원 → 122,150원  [end_win]
H456 | bet   1,000원 BANKER | P:6♥ Q♠=6  B:K♠ 8♠=8  BANKER(W)  | +950원 → 123,100원
H457 | bet   1,000원 BANKER | P:K♠ J♣ 2♣=2  B:8♥ 8♣=6  BANKER(W)  | +950원 → 124,050원
H458 | bet   1,000원 BANKER | P:6♣ 5♠ 2♦=3  B:7♥ 3♠ Q♣=0  PLAYER(L)  | -1,000원 → 123,050원  [start]
H459 | bet   2,000원 PLAYER | P:A♠ J♣ 8♦=9  B:J♦ 10♦ Q♦=0  PLAYER(W)  | +2,000원 → 125,050원  [end_win]
H460 | bet   1,000원 BANKER | P:7♠ 6♠ 5♥=8  B:6♥ 7♣ K♦=3  PLAYER(L)  | -1,000원 → 124,050원  [start]
H461 | bet   2,000원 PLAYER | P:8♠ 4♣ 5♣=7  B:K♦ J♠ 5♥=5  PLAYER(W)  | +2,000원 → 126,050원  [end_win]
H462 | bet   1,000원 BANKER | P:10♣ 8♥=8  B:Q♠ A♠=1  PLAYER(L)  | -1,000원 → 125,050원  [start]
H463 | bet   2,000원 PLAYER | P:Q♥ 4♣=4  B:7♥ A♠=8  BANKER(L)  | -2,000원 → 123,050원
H464 | bet   4,000원 PLAYER | P:K♥ 6♦=6  B:9♥ J♣=9  BANKER(L)  | -4,000원 → 119,050원
H465 | bet   8,000원 PLAYER | P:A♣ 10♦=1  B:2♠ 6♣=8  BANKER(L)  | -8,000원 → 111,050원
H466 | bet  16,000원 PLAYER | P:9♦ 9♦=8  B:8♦ 3♣=1  PLAYER(W)  | +16,000원 → 127,050원  [end_win]
H467 | bet   1,000원 BANKER | P:6♠ 3♣=9  B:2♠ 6♦=8  PLAYER(L)  | -1,000원 → 126,050원  [start]
H468 | bet   2,000원 PLAYER | P:3♥ A♦ Q♦=4  B:J♦ K♦ 9♠=9  BANKER(L)  | -2,000원 → 124,050원
H469 | bet   4,000원 PLAYER | P:10♣ 3♠=3  B:3♠ 5♠=8  BANKER(L)  | -4,000원 → 120,050원
H470 | bet   8,000원 PLAYER | P:Q♣ 5♠=5  B:A♣ 7♣=8  BANKER(L)  | -8,000원 → 112,050원
H471 | bet  16,000원 PLAYER | P:K♠ 6♥=6  B:9♥ J♥=9  BANKER(L)  | -16,000원 → 96,050원  [end_giveup]
H472 | bet   1,000원 BANKER | P:6♣ 6♥ J♠=2  B:6♥ 5♦ 9♣=0  PLAYER(L)  | -1,000원 → 95,050원  [start]
H473 | bet   2,000원 PLAYER | P:9♠ 9♠=8  B:Q♠ 9♠=9  BANKER(L)  | -2,000원 → 93,050원
H474 | bet   4,000원 PLAYER | P:A♦ 3♣ J♣=4  B:K♣ 5♥=5  BANKER(L)  | -4,000원 → 89,050원
H475 | bet   8,000원 PLAYER | P:5♠ A♥=6  B:7♠ 6♣ 3♥=6  TIE(T)  |     0원 → 89,050원
H476 | bet   8,000원 PLAYER | P:4♠ 7♦ 6♥=7  B:J♠ 5♦ 9♦=4  PLAYER(W)  | +8,000원 → 97,050원  [end_win]
H477 | bet   1,000원 BANKER | P:8♥ 10♥=8  B:K♦ 3♠=3  PLAYER(L)  | -1,000원 → 96,050원  [start]
H478 | bet   2,000원 PLAYER | P:9♥ 7♦=6  B:9♦ 2♦ J♣=1  PLAYER(W)  | +2,000원 → 98,050원  [end_win]
H479 | bet   1,000원 BANKER | P:2♥ A♦ 6♦=9  B:K♠ Q♠ A♥=1  PLAYER(L)  | -1,000원 → 97,050원  [start]
H480 | bet   2,000원 PLAYER | P:4♣ 4♣=8  B:2♣ 8♣=0  PLAYER(W)  | +2,000원 → 99,050원  [end_win]
H481 | bet   1,000원 BANKER | P:3♣ 9♣ A♣=3  B:6♣ A♠=7  BANKER(W)  | +950원 → 100,000원
H482 | bet   1,000원 BANKER | P:10♣ 8♠=8  B:4♦ A♦=5  PLAYER(L)  | -1,000원 → 99,000원  [start]
H483 | bet   2,000원 PLAYER | P:2♠ 2♠ 10♠=4  B:A♦ Q♥ 3♣=4  TIE(T)  |     0원 → 99,000원
H484 | bet   2,000원 PLAYER | P:6♠ 4♥ K♥=0  B:7♣ J♦=7  BANKER(L)  | -2,000원 → 97,000원
H485 | bet   4,000원 PLAYER | P:2♦ J♠=2  B:8♦ K♣=8  BANKER(L)  | -4,000원 → 93,000원
H486 | bet   8,000원 PLAYER | P:6♦ K♥=6  B:K♦ 8♣=8  BANKER(L)  | -8,000원 → 85,000원
H487 | bet  16,000원 PLAYER | P:4♣ 8♣ 8♠=0  B:2♦ A♠=3  BANKER(L)  | -16,000원 → 69,000원  [end_giveup]
H488 | bet   1,000원 BANKER | P:7♥ 6♦=3  B:8♥ K♥=8  BANKER(W)  | +950원 → 69,950원
H489 | bet   1,000원 BANKER | P:2♠ J♣ Q♣=2  B:4♥ 2♣=6  BANKER(W)  | +950원 → 70,900원
H490 | bet   1,000원 BANKER | P:K♠ A♣ 3♠=4  B:4♣ J♠ 5♥=9  BANKER(W)  | +950원 → 71,850원
H491 | bet   1,000원 BANKER | P:2♦ 8♥ 7♥=7  B:3♣ 2♣ 10♥=5  PLAYER(L)  | -1,000원 → 70,850원  [start]
H492 | bet   2,000원 PLAYER | P:Q♠ 5♦ 3♦=8  B:7♦ J♥=7  PLAYER(W)  | +2,000원 → 72,850원  [end_win]
H493 | bet   1,000원 BANKER | P:4♠ 3♣=7  B:4♦ 3♣=7  TIE(T)  |     0원 → 72,850원
H494 | bet   1,000원 BANKER | P:Q♦ 2♦ J♦=2  B:10♣ 3♦ A♦=4  BANKER(W)  | +950원 → 73,800원
H495 | bet   1,000원 BANKER | P:J♥ J♠ 9♣=9  B:8♥ 8♦=6  PLAYER(L)  | -1,000원 → 72,800원  [start]
H496 | bet   2,000원 PLAYER | P:6♠ 10♠=6  B:Q♠ A♦ 4♣=5  PLAYER(W)  | +2,000원 → 74,800원  [end_win]
H497 | bet   1,000원 BANKER | P:8♥ 3♥ K♦=1  B:A♣ 4♦=5  BANKER(W)  | +950원 → 75,750원
H498 | bet   1,000원 BANKER | P:9♥ 5♣ Q♣=4  B:10♥ 6♥=6  BANKER(W)  | +950원 → 76,700원
H499 | bet   1,000원 BANKER | P:9♠ J♥=9  B:3♦ 7♥=0  PLAYER(L)  | -1,000원 → 75,700원  [start]
H500 | bet   2,000원 PLAYER | P:K♥ 10♣=0  B:8♣ A♦=9  BANKER(L)  | -2,000원 → 73,700원
H501 | bet   4,000원 PLAYER | P:J♠ 8♦=8  B:7♣ 10♥=7  PLAYER(W)  | +4,000원 → 77,700원  [end_win]
H502 | bet   1,000원 BANKER | P:K♠ 5♣ 2♦=7  B:10♠ J♣ 7♦=7  TIE(T)  |     0원 → 77,700원
H503 | bet   1,000원 BANKER | P:7♦ 7♣ 2♠=6  B:K♣ A♥ 2♥=3  PLAYER(L)  | -1,000원 → 76,700원  [start]
H504 | bet   2,000원 PLAYER | P:4♣ 6♠=0  B:K♥ 8♣=8  BANKER(L)  | -2,000원 → 74,700원
H505 | bet   4,000원 PLAYER | P:Q♥ A♦ 10♣=1  B:5♠ 10♦=5  BANKER(L)  | -4,000원 → 70,700원
H506 | bet   8,000원 PLAYER | P:6♦ 3♠=9  B:2♠ 2♣=4  PLAYER(W)  | +8,000원 → 78,700원  [end_win]
H507 | bet   1,000원 BANKER | P:Q♣ 4♠ K♣=4  B:10♦ A♠ K♦=1  PLAYER(L)  | -1,000원 → 77,700원  [start]
H508 | bet   2,000원 PLAYER | P:9♣ J♣=9  B:2♥ 7♠=9  TIE(T)  |     0원 → 77,700원
H509 | bet   2,000원 PLAYER | P:Q♦ 3♥=3  B:2♠ 6♦=8  BANKER(L)  | -2,000원 → 75,700원
H510 | bet   4,000원 PLAYER | P:10♠ 6♦=6  B:3♠ 8♣ Q♥=1  PLAYER(W)  | +4,000원 → 79,700원  [end_win]
H511 | bet   1,000원 BANKER | P:5♦ 7♦=2  B:A♣ 8♠=9  BANKER(W)  | +950원 → 80,650원
H512 | bet   1,000원 BANKER | P:9♥ 2♦=1  B:2♣ 6♣=8  BANKER(W)  | +950원 → 81,600원
H513 | bet   1,000원 BANKER | P:3♦ A♥ Q♦=4  B:3♦ 3♠=6  BANKER(W)  | +950원 → 82,550원
H514 | bet   1,000원 BANKER | P:6♥ 7♣ 7♠=0  B:9♦ 8♣=7  BANKER(W)  | +950원 → 83,500원
H515 | bet   1,000원 BANKER | P:5♥ 10♦ 10♦=5  B:6♦ K♠=6  BANKER(W)  | +950원 → 84,450원
H516 | bet   1,000원 BANKER | P:5♠ 3♥=8  B:7♥ 2♦=9  BANKER(W)  | +950원 → 85,400원
H517 | bet   1,000원 BANKER | P:J♦ K♦ 7♣=7  B:3♠ 8♥ K♠=1  PLAYER(L)  | -1,000원 → 84,400원  [start]
H518 | bet   2,000원 PLAYER | P:7♠ 5♣ 4♥=6  B:2♣ Q♥ 5♥=7  BANKER(L)  | -2,000원 → 82,400원
H519 | bet   4,000원 PLAYER | P:6♣ Q♠=6  B:J♠ 5♦ 3♥=8  BANKER(L)  | -4,000원 → 78,400원
H520 | bet   8,000원 PLAYER | P:7♦ 5♠ 3♣=5  B:K♥ J♣ 5♣=5  TIE(T)  |     0원 → 78,400원
H521 | bet   8,000원 PLAYER | P:K♦ 5♣ 7♣=2  B:6♠ 4♣ 6♠=6  BANKER(L)  | -8,000원 → 70,400원
H522 | bet  16,000원 PLAYER | P:3♥ 3♦=6  B:A♣ 4♥ Q♥=5  PLAYER(W)  | +16,000원 → 86,400원  [end_win]
H523 | bet   1,000원 BANKER | P:J♦ 4♠ Q♠=4  B:2♦ 8♣ A♦=1  PLAYER(L)  | -1,000원 → 85,400원  [start]
H524 | bet   2,000원 PLAYER | P:2♣ 4♠=6  B:4♠ 7♦ 6♥=7  BANKER(L)  | -2,000원 → 83,400원
H525 | bet   4,000원 PLAYER | P:7♥ 6♣ 2♠=5  B:8♥ 3♠ 5♥=6  BANKER(L)  | -4,000원 → 79,400원
H526 | bet   8,000원 PLAYER | P:7♠ Q♣=7  B:J♠ K♥ Q♠=0  PLAYER(W)  | +8,000원 → 87,400원  [end_win]
H527 | bet   1,000원 BANKER | P:K♥ 2♠ 10♦=2  B:4♦ 8♠ 3♣=5  BANKER(W)  | +950원 → 88,350원
H528 | bet   1,000원 BANKER | P:J♦ 5♥ 9♥=4  B:K♦ Q♣ 6♣=6  BANKER(W)  | +950원 → 89,300원
H529 | bet   1,000원 BANKER | P:J♥ 10♥ 7♣=7  B:2♠ 9♥ 9♣=0  PLAYER(L)  | -1,000원 → 88,300원  [start]
H530 | bet   2,000원 PLAYER | P:9♠ J♥=9  B:4♣ 10♣=4  PLAYER(W)  | +2,000원 → 90,300원  [end_win]
H531 | bet   1,000원 BANKER | P:10♥ 8♥=8  B:6♠ Q♦=6  PLAYER(L)  | -1,000원 → 89,300원  [start]
H532 | bet   2,000원 PLAYER | P:8♥ 9♦=7  B:4♥ 6♥ 3♥=3  PLAYER(W)  | +2,000원 → 91,300원  [end_win]
H533 | bet   1,000원 BANKER | P:6♣ 5♥ A♠=2  B:Q♠ A♠ A♠=2  TIE(T)  |     0원 → 91,300원
H534 | bet   1,000원 BANKER | P:6♠ J♦=6  B:6♣ 8♠ 10♥=4  PLAYER(L)  | -1,000원 → 90,300원  [start]
H535 | bet   2,000원 PLAYER | P:9♦ K♣=9  B:10♥ K♠=0  PLAYER(W)  | +2,000원 → 92,300원  [end_win]
H536 | bet   1,000원 BANKER | P:10♥ 7♣=7  B:10♦ 10♣ Q♠=0  PLAYER(L)  | -1,000원 → 91,300원  [start]
H537 | bet   2,000원 PLAYER | P:4♥ 9♠ 3♠=6  B:Q♥ 4♠ J♥=4  PLAYER(W)  | +2,000원 → 93,300원  [end_win]
H538 | bet   1,000원 BANKER | P:J♣ 4♦ 7♠=1  B:9♥ 7♦ 5♦=1  TIE(T)  |     0원 → 93,300원
H539 | bet   1,000원 BANKER | P:3♠ J♣ 8♠=1  B:5♦ Q♣=5  BANKER(W)  | +950원 → 94,250원
H540 | bet   1,000원 BANKER | P:4♣ K♥ J♦=4  B:K♦ 3♦ 3♥=6  BANKER(W)  | +950원 → 95,200원
H541 | bet   1,000원 BANKER | P:3♣ 9♦ 7♥=9  B:6♦ J♣ 6♦=2  PLAYER(L)  | -1,000원 → 94,200원  [start]
H542 | bet   2,000원 PLAYER | P:7♦ 9♣=6  B:9♥ K♣=9  BANKER(L)  | -2,000원 → 92,200원
H543 | bet   4,000원 PLAYER | P:10♣ 8♥=8  B:5♥ K♣=5  PLAYER(W)  | +4,000원 → 96,200원  [end_win]
H544 | bet   1,000원 BANKER | P:8♣ 4♥=2  B:7♦ A♠=8  BANKER(W)  | +950원 → 97,150원
H545 | bet   1,000원 BANKER | P:5♠ 2♥=7  B:7♥ 4♦ 3♠=4  PLAYER(L)  | -1,000원 → 96,150원  [start]
H546 | bet   2,000원 PLAYER | P:K♣ 3♣ 2♣=5  B:5♦ 2♣=7  BANKER(L)  | -2,000원 → 94,150원
H547 | bet   4,000원 PLAYER | P:10♣ 8♦=8  B:5♣ Q♠=5  PLAYER(W)  | +4,000원 → 98,150원  [end_win]
H548 | bet   1,000원 BANKER | P:9♠ 10♣=9  B:8♥ Q♥=8  PLAYER(L)  | -1,000원 → 97,150원  [start]
H549 | bet   2,000원 PLAYER | P:4♠ 5♣=9  B:J♠ 2♠=2  PLAYER(W)  | +2,000원 → 99,150원  [end_win]
H550 | bet   1,000원 BANKER | P:Q♣ 3♦ A♣=4  B:10♠ 5♠=5  BANKER(W)  | +950원 → 100,100원
H551 | bet   1,000원 BANKER | P:K♠ 9♥=9  B:2♥ A♣=3  PLAYER(L)  | -1,000원 → 99,100원  [start]
H552 | bet   2,000원 PLAYER | P:2♦ 3♣ K♦=5  B:10♠ 6♠=6  BANKER(L)  | -2,000원 → 97,100원
H553 | bet   4,000원 PLAYER | P:5♠ 4♦=9  B:2♣ 2♣=4  PLAYER(W)  | +4,000원 → 101,100원  [end_win]
H554 | bet   1,000원 BANKER | P:J♥ 2♥ 9♣=1  B:4♣ 2♦=6  BANKER(W)  | +950원 → 102,050원
H555 | bet   1,000원 BANKER | P:Q♥ Q♣ 4♥=4  B:4♥ J♦ 2♠=6  BANKER(W)  | +950원 → 103,000원
H556 | bet   1,000원 BANKER | P:8♣ 8♦=6  B:A♦ 9♥ A♠=1  PLAYER(L)  | -1,000원 → 102,000원  [start]
H557 | bet   2,000원 PLAYER | P:4♦ 8♦ 7♠=9  B:2♥ J♥ 9♠=1  PLAYER(W)  | +2,000원 → 104,000원  [end_win]
H558 | bet   1,000원 BANKER | P:J♥ 3♥ 9♣=2  B:A♣ 5♦=6  BANKER(W)  | +950원 → 104,950원
H559 | bet   1,000원 BANKER | P:4♦ 4♣=8  B:2♥ 10♦=2  PLAYER(L)  | -1,000원 → 103,950원  [start]
H560 | bet   2,000원 PLAYER | P:6♠ 8♠=4  B:9♠ 9♣=8  BANKER(L)  | -2,000원 → 101,950원
H561 | bet   4,000원 PLAYER | P:K♥ 7♥=7  B:6♥ 8♦ 5♥=9  BANKER(L)  | -4,000원 → 97,950원
H562 | bet   8,000원 PLAYER | P:5♣ 9♠ 10♥=4  B:K♠ 3♣ A♥=4  TIE(T)  |     0원 → 97,950원
H563 | bet   8,000원 PLAYER | P:Q♦ 5♠ 9♦=4  B:8♠ 6♥=4  TIE(T)  |     0원 → 97,950원
H564 | bet   8,000원 PLAYER | P:8♦ Q♦=8  B:6♥ K♣=6  PLAYER(W)  | +8,000원 → 105,950원  [end_win]
H565 | bet   1,000원 BANKER | P:A♦ Q♠ 9♣=0  B:5♠ J♣=5  BANKER(W)  | +950원 → 106,900원
H566 | bet   1,000원 BANKER | P:6♦ 6♣ 10♠=2  B:A♥ 9♦ 5♦=5  BANKER(W)  | +950원 → 107,850원
H567 | bet   1,000원 BANKER | P:7♣ A♠=8  B:9♦ 10♠=9  BANKER(W)  | +950원 → 108,800원
H568 | bet   1,000원 BANKER | P:J♦ K♥=0  B:6♥ 2♥=8  BANKER(W)  | +950원 → 109,750원
H569 | bet   1,000원 BANKER | P:A♦ 4♣ A♠=6  B:K♠ 2♦ 8♣=0  PLAYER(L)  | -1,000원 → 108,750원  [start]
H570 | bet   2,000원 PLAYER | P:A♣ A♥ Q♥=2  B:7♥ 8♠=5  BANKER(L)  | -2,000원 → 106,750원
H571 | bet   4,000원 PLAYER | P:7♥ Q♦=7  B:6♦ 9♦ 5♦=0  PLAYER(W)  | +4,000원 → 110,750원  [end_win]
H572 | bet   1,000원 BANKER | P:J♠ 5♥=5  B:8♠ J♠=8  BANKER(W)  | +950원 → 111,700원
H573 | bet   1,000원 BANKER | P:7♠ K♣=7  B:10♦ 10♠ 9♠=9  BANKER(W)  | +950원 → 112,650원
H574 | bet   1,000원 BANKER | P:K♠ Q♦ A♥=1  B:4♠ 7♠ 6♣=7  BANKER(W)  | +950원 → 113,600원
H575 | bet   1,000원 BANKER | P:10♠ 4♣ 9♥=3  B:A♦ Q♦ 2♦=3  TIE(T)  |     0원 → 113,600원
H576 | bet   1,000원 BANKER | P:10♥ A♦ 3♦=4  B:4♥ Q♠ K♦=4  TIE(T)  |     0원 → 113,600원
H577 | bet   1,000원 BANKER | P:6♠ 3♠=9  B:7♥ A♦=8  PLAYER(L)  | -1,000원 → 112,600원  [start]
H578 | bet   2,000원 PLAYER | P:10♠ A♣ J♣=1  B:5♣ 5♥ 9♣=9  BANKER(L)  | -2,000원 → 110,600원
H579 | bet   4,000원 PLAYER | P:6♠ K♥=6  B:Q♣ 7♥=7  BANKER(L)  | -4,000원 → 106,600원
H580 | bet   8,000원 PLAYER | P:4♠ 8♥ 7♣=9  B:J♦ 5♦ 10♣=5  PLAYER(W)  | +8,000원 → 114,600원  [end_win]
H581 | bet   1,000원 BANKER | P:Q♦ A♠=1  B:7♥ A♣=8  BANKER(W)  | +950원 → 115,550원
H582 | bet   1,000원 BANKER | P:8♠ 6♣ 4♠=8  B:5♦ 8♦ 6♥=9  BANKER(W)  | +950원 → 116,500원
H583 | bet   1,000원 BANKER | P:6♥ 3♣=9  B:K♣ K♣=0  PLAYER(L)  | -1,000원 → 115,500원  [start]
H584 | bet   2,000원 PLAYER | P:K♠ 6♠=6  B:A♥ 6♦=7  BANKER(L)  | -2,000원 → 113,500원
H585 | bet   4,000원 PLAYER | P:2♥ 2♣ 7♠=1  B:5♠ A♥ 9♣=5  BANKER(L)  | -4,000원 → 109,500원
H586 | bet   8,000원 PLAYER | P:K♣ 10♣=0  B:Q♥ 8♠=8  BANKER(L)  | -8,000원 → 101,500원
H587 | bet  16,000원 PLAYER | P:2♦ 5♠=7  B:2♣ 5♦=7  TIE(T)  |     0원 → 101,500원
H588 | bet  16,000원 PLAYER | P:2♠ Q♠ J♣=2  B:2♣ J♥ Q♠=2  TIE(T)  |     0원 → 101,500원
H589 | bet  16,000원 PLAYER | P:5♣ K♣ 4♥=9  B:5♥ 8♠ 7♠=0  PLAYER(W)  | +16,000원 → 117,500원  [end_win]
H590 | bet   1,000원 BANKER | P:3♣ K♥ J♥=3  B:6♣ J♥=6  BANKER(W)  | +950원 → 118,450원
H591 | bet   1,000원 BANKER | P:7♠ 7♦ 6♥=0  B:5♥ 9♣ 3♦=7  BANKER(W)  | +950원 → 119,400원
H592 | bet   1,000원 BANKER | P:8♥ 4♥ 2♦=4  B:10♥ J♣ 10♠=0  PLAYER(L)  | -1,000원 → 118,400원  [start]
H593 | bet   2,000원 PLAYER | P:9♥ 2♣ 4♠=5  B:4♣ K♥ 5♣=9  BANKER(L)  | -2,000원 → 116,400원
H594 | bet   4,000원 PLAYER | P:8♦ Q♣=8  B:3♠ 6♥=9  BANKER(L)  | -4,000원 → 112,400원
H595 | bet   8,000원 PLAYER | P:7♠ J♦=7  B:7♦ 6♦ 3♣=6  PLAYER(W)  | +8,000원 → 120,400원  [end_win]
H596 | bet   1,000원 BANKER | P:3♦ K♣ 9♥=2  B:9♠ A♠ K♠=0  PLAYER(L)  | -1,000원 → 119,400원  [start]
H597 | bet   2,000원 PLAYER | P:8♠ K♥=8  B:A♥ Q♣=1  PLAYER(W)  | +2,000원 → 121,400원  [end_win]
H598 | bet   1,000원 BANKER | P:A♦ 10♠ Q♣=1  B:10♠ 2♦ 6♦=8  BANKER(W)  | +950원 → 122,350원
H599 | bet   1,000원 BANKER | P:10♦ 5♦ 6♠=1  B:Q♣ 6♥ 4♦=0  PLAYER(L)  | -1,000원 → 121,350원  [start]
H600 | bet   2,000원 PLAYER | P:8♣ 7♣ J♠=5  B:A♥ 10♠ 8♥=9  BANKER(L)  | -2,000원 → 119,350원
H601 | bet   4,000원 PLAYER | P:9♣ Q♠=9  B:10♣ 3♦=3  PLAYER(W)  | +4,000원 → 123,350원  [end_win]
H602 | bet   1,000원 BANKER | P:Q♠ 7♦=7  B:2♦ 4♣=6  PLAYER(L)  | -1,000원 → 122,350원  [start]
H603 | bet   2,000원 PLAYER | P:K♠ 8♦=8  B:5♠ 10♥=5  PLAYER(W)  | +2,000원 → 124,350원  [end_win]
H604 | bet   1,000원 BANKER | P:5♥ 9♠ 4♥=8  B:3♠ 7♦ 5♣=5  PLAYER(L)  | -1,000원 → 123,350원  [start]
H605 | bet   2,000원 PLAYER | P:8♣ J♥=8  B:5♦ 10♣=5  PLAYER(W)  | +2,000원 → 125,350원  [end_win]
H606 | bet   1,000원 BANKER | P:6♦ 6♠ J♥=2  B:K♣ Q♠ K♠=0  PLAYER(L)  | -1,000원 → 124,350원  [start]
H607 | bet   2,000원 PLAYER | P:10♠ Q♣ 8♠=8  B:A♠ 4♥=5  PLAYER(W)  | +2,000원 → 126,350원  [end_win]
H608 | bet   1,000원 BANKER | P:7♠ 5♠ 9♠=1  B:2♠ K♦ 9♦=1  TIE(T)  |     0원 → 126,350원
H609 | bet   1,000원 BANKER | P:9♠ 10♣=9  B:7♥ 6♦=3  PLAYER(L)  | -1,000원 → 125,350원  [start]
H610 | bet   2,000원 PLAYER | P:10♣ 9♣=9  B:9♠ J♠=9  TIE(T)  |     0원 → 125,350원
H611 | bet   2,000원 PLAYER | P:7♥ 5♣ 3♠=5  B:3♦ A♠ 4♦=8  BANKER(L)  | -2,000원 → 123,350원
H612 | bet   4,000원 PLAYER | P:8♥ 2♦ 4♠=4  B:3♠ 2♥ 9♥=4  TIE(T)  |     0원 → 123,350원
H613 | bet   4,000원 PLAYER | P:4♦ 6♦ J♠=0  B:A♦ 9♣ J♥=0  TIE(T)  |     0원 → 123,350원
H614 | bet   4,000원 PLAYER | P:6♠ 7♠ 6♣=9  B:J♣ 3♥ 4♣=7  PLAYER(W)  | +4,000원 → 127,350원  [end_win]
H615 | bet   1,000원 BANKER | P:8♠ 2♠=0  B:Q♥ 9♥=9  BANKER(W)  | +950원 → 128,300원
H616 | bet   1,000원 BANKER | P:A♠ Q♥=1  B:K♠ 9♣=9  BANKER(W)  | +950원 → 129,250원
H617 | bet   1,000원 BANKER | P:8♠ 8♦=6  B:2♥ 4♦=6  TIE(T)  |     0원 → 129,250원
H618 | bet   1,000원 BANKER | P:A♥ 10♣ J♠=1  B:4♦ 10♦=4  BANKER(W)  | +950원 → 130,200원
H619 | bet   1,000원 BANKER | P:K♦ 5♣ 8♣=3  B:J♦ 2♠ 6♥=8  BANKER(W)  | +950원 → 131,150원
H620 | bet   1,000원 BANKER | P:3♠ 3♥=6  B:K♦ K♥ 2♠=2  PLAYER(L)  | -1,000원 → 130,150원  [start]
H621 | bet   2,000원 PLAYER | P:Q♦ K♥ K♣=0  B:Q♥ 5♠=5  BANKER(L)  | -2,000원 → 128,150원
H622 | bet   4,000원 PLAYER | P:4♣ 2♠=6  B:J♠ K♦ 9♦=9  BANKER(L)  | -4,000원 → 124,150원
H623 | bet   8,000원 PLAYER | P:10♦ A♣ J♥=1  B:5♥ 10♠=5  BANKER(L)  | -8,000원 → 116,150원
H624 | bet  16,000원 PLAYER | P:6♣ 8♣ 6♥=0  B:J♠ 6♣ 2♥=8  BANKER(L)  | -16,000원 → 100,150원  [end_giveup]
H625 | bet   1,000원 BANKER | P:7♣ 3♦ 6♠=6  B:4♣ J♣ 4♠=8  BANKER(W)  | +950원 → 101,100원
H626 | bet   1,000원 BANKER | P:7♣ A♦=8  B:2♥ 8♦=0  PLAYER(L)  | -1,000원 → 100,100원  [start]
H627 | bet   2,000원 PLAYER | P:8♣ 4♠ 7♥=9  B:Q♦ 6♠ 4♦=0  PLAYER(W)  | +2,000원 → 102,100원  [end_win]
H628 | bet   1,000원 BANKER | P:8♥ A♦=9  B:9♥ 7♥=6  PLAYER(L)  | -1,000원 → 101,100원  [start]
H629 | bet   2,000원 PLAYER | P:K♦ 5♦=5  B:9♥ 10♥=9  BANKER(L)  | -2,000원 → 99,100원
H630 | bet   4,000원 PLAYER | P:Q♥ 8♣=8  B:Q♣ 7♦=7  PLAYER(W)  | +4,000원 → 103,100원  [end_win]
H631 | bet   1,000원 BANKER | P:10♦ 9♠=9  B:6♦ 5♥=1  PLAYER(L)  | -1,000원 → 102,100원  [start]
H632 | bet   2,000원 PLAYER | P:3♥ 4♦=7  B:9♦ 2♥ A♠=2  PLAYER(W)  | +2,000원 → 104,100원  [end_win]
H633 | bet   1,000원 BANKER | P:K♥ 4♥ 8♦=2  B:J♠ J♠ 7♣=7  BANKER(W)  | +950원 → 105,050원
H634 | bet   1,000원 BANKER | P:9♦ A♠ 5♣=5  B:K♦ A♣ 9♦=0  PLAYER(L)  | -1,000원 → 104,050원  [start]
H635 | bet   2,000원 PLAYER | P:Q♠ 5♣ A♣=6  B:9♦ 5♠=4  PLAYER(W)  | +2,000원 → 106,050원  [end_win]
H636 | bet   1,000원 BANKER | P:K♠ J♥=0  B:9♦ 10♥=9  BANKER(W)  | +950원 → 107,000원
H637 | bet   1,000원 BANKER | P:A♣ K♠ 8♦=9  B:4♠ 7♦ Q♦=1  PLAYER(L)  | -1,000원 → 106,000원  [start]
H638 | bet   2,000원 PLAYER | P:2♦ Q♥ 5♥=7  B:2♦ Q♥ K♣=2  PLAYER(W)  | +2,000원 → 108,000원  [end_win]
H639 | bet   1,000원 BANKER | P:7♦ 6♥ 7♠=0  B:J♣ A♥ 4♥=5  BANKER(W)  | +950원 → 108,950원
H640 | bet   1,000원 BANKER | P:7♠ A♣=8  B:8♥ 9♠=7  PLAYER(L)  | -1,000원 → 107,950원  [start]
H641 | bet   2,000원 PLAYER | P:A♥ 4♠=5  B:3♠ 5♠=8  BANKER(L)  | -2,000원 → 105,950원
H642 | bet   4,000원 PLAYER | P:10♥ J♦ Q♠=0  B:J♦ 3♥ 7♣=0  TIE(T)  |     0원 → 105,950원
H643 | bet   4,000원 PLAYER | P:3♣ 8♣ 8♣=9  B:3♥ J♦=3  PLAYER(W)  | +4,000원 → 109,950원  [end_win]
H644 | bet   1,000원 BANKER | P:J♣ 4♥ 9♥=3  B:9♣ 3♥ 2♣=4  BANKER(W)  | +950원 → 110,900원
H645 | bet   1,000원 BANKER | P:9♦ 3♣ 3♠=5  B:5♥ 5♦ A♣=1  PLAYER(L)  | -1,000원 → 109,900원  [start]
H646 | bet   2,000원 PLAYER | P:6♣ 7♣ 3♣=6  B:3♦ 4♣=7  BANKER(L)  | -2,000원 → 107,900원
H647 | bet   4,000원 PLAYER | P:10♥ 4♦ 2♣=6  B:3♣ Q♦ 3♣=6  TIE(T)  |     0원 → 107,900원
H648 | bet   4,000원 PLAYER | P:J♦ 9♠=9  B:Q♦ K♥=0  PLAYER(W)  | +4,000원 → 111,900원  [end_win]
H649 | bet   1,000원 BANKER | P:3♦ 7♥=0  B:8♦ J♣=8  BANKER(W)  | +950원 → 112,850원
H650 | bet   1,000원 BANKER | P:10♦ 4♣ 10♦=4  B:10♣ 2♠ 10♦=2  PLAYER(L)  | -1,000원 → 111,850원  [start]
H651 | bet   2,000원 PLAYER | P:8♥ Q♣=8  B:2♥ A♦=3  PLAYER(W)  | +2,000원 → 113,850원  [end_win]
H652 | bet   1,000원 BANKER | P:6♣ 6♦ 7♦=9  B:2♣ 5♦=7  PLAYER(L)  | -1,000원 → 112,850원  [start]
H653 | bet   2,000원 PLAYER | P:6♣ 8♥ 10♦=4  B:K♦ 10♥ A♠=1  PLAYER(W)  | +2,000원 → 114,850원  [end_win]
H654 | bet   1,000원 BANKER | P:9♥ K♠=9  B:K♦ 4♣=4  PLAYER(L)  | -1,000원 → 113,850원  [start]
H655 | bet   2,000원 PLAYER | P:A♣ 8♠=9  B:K♠ 8♦=8  PLAYER(W)  | +2,000원 → 115,850원  [end_win]
H656 | bet   1,000원 BANKER | P:J♦ K♣ 3♦=3  B:A♠ 2♦ 4♠=7  BANKER(W)  | +950원 → 116,800원
H657 | bet   1,000원 BANKER | P:Q♥ 4♥ A♠=5  B:3♠ J♥ 2♥=5  TIE(T)  |     0원 → 116,800원
H658 | bet   1,000원 BANKER | P:K♣ K♠ 8♥=8  B:10♥ 10♠ 10♥=0  PLAYER(L)  | -1,000원 → 115,800원  [start]
H659 | bet   2,000원 PLAYER | P:Q♥ 5♠ 4♥=9  B:8♥ 8♣=6  PLAYER(W)  | +2,000원 → 117,800원  [end_win]
H660 | bet   1,000원 BANKER | P:3♣ 9♣=2  B:2♥ 6♥=8  BANKER(W)  | +950원 → 118,750원
H661 | bet   1,000원 BANKER | P:5♣ 6♥=1  B:9♥ K♦=9  BANKER(W)  | +950원 → 119,700원
H662 | bet   1,000원 BANKER | P:9♦ 7♦=6  B:7♥ Q♠=7  BANKER(W)  | +950원 → 120,650원
H663 | bet   1,000원 BANKER | P:J♣ 8♦=8  B:7♥ 8♥=5  PLAYER(L)  | -1,000원 → 119,650원  [start]
H664 | bet   2,000원 PLAYER | P:J♠ 4♣ 10♣=4  B:9♣ A♥ 6♣=6  BANKER(L)  | -2,000원 → 117,650원
H665 | bet   4,000원 PLAYER | P:Q♦ 8♣=8  B:10♦ 9♥=9  BANKER(L)  | -4,000원 → 113,650원
H666 | bet   8,000원 PLAYER | P:J♥ 5♦ 6♣=1  B:4♠ 6♣ 5♣=5  BANKER(L)  | -8,000원 → 105,650원
H667 | bet  16,000원 PLAYER | P:J♦ 8♠=8  B:Q♦ 3♣=3  PLAYER(W)  | +16,000원 → 121,650원  [end_win]
H668 | bet   1,000원 BANKER | P:4♥ 4♠=8  B:9♠ A♦=0  PLAYER(L)  | -1,000원 → 120,650원  [start]
H669 | bet   2,000원 PLAYER | P:5♦ K♥ 4♦=9  B:10♥ 10♥ 9♣=9  TIE(T)  |     0원 → 120,650원
H670 | bet   2,000원 PLAYER | P:J♠ 5♦ A♣=6  B:K♦ 7♠=7  BANKER(L)  | -2,000원 → 118,650원
H671 | bet   4,000원 PLAYER | P:10♥ A♥ 7♣=8  B:6♥ 10♣ 5♦=1  PLAYER(W)  | +4,000원 → 122,650원  [end_win]
H672 | bet   1,000원 BANKER | P:A♥ 4♥ 4♦=9  B:10♠ K♦ 3♣=3  PLAYER(L)  | -1,000원 → 121,650원  [start]
H673 | bet   2,000원 PLAYER | P:10♦ 5♠=5  B:2♦ 7♠=9  BANKER(L)  | -2,000원 → 119,650원
H674 | bet   4,000원 PLAYER | P:5♣ Q♦=5  B:4♦ 4♦=8  BANKER(L)  | -4,000원 → 115,650원
H675 | bet   8,000원 PLAYER | P:7♣ 5♦ A♥=3  B:J♣ A♣ 8♣=9  BANKER(L)  | -8,000원 → 107,650원
H676 | bet  16,000원 PLAYER | P:J♣ 8♠=8  B:Q♣ 10♠=0  PLAYER(W)  | +16,000원 → 123,650원  [end_win]
H677 | bet   1,000원 BANKER | P:A♦ 6♦=7  B:2♣ 7♠=9  BANKER(W)  | +950원 → 124,600원
H678 | bet   1,000원 BANKER | P:2♥ 4♦=6  B:7♥ J♦=7  BANKER(W)  | +950원 → 125,550원
H679 | bet   1,000원 BANKER | P:9♣ 3♠ 7♠=9  B:8♠ 2♠ J♦=0  PLAYER(L)  | -1,000원 → 124,550원  [start]
H680 | bet   2,000원 PLAYER | P:K♣ Q♥ 3♠=3  B:9♣ 3♦ 5♥=7  BANKER(L)  | -2,000원 → 122,550원
H681 | bet   4,000원 PLAYER | P:10♣ 4♠ K♣=4  B:7♥ 10♠=7  BANKER(L)  | -4,000원 → 118,550원
H682 | bet   8,000원 PLAYER | P:8♦ 5♣ 5♠=8  B:10♣ 2♥ 7♣=9  BANKER(L)  | -8,000원 → 110,550원
H683 | bet  16,000원 PLAYER | P:7♣ 6♣ 3♠=6  B:6♦ 10♦=6  TIE(T)  |     0원 → 110,550원
H684 | bet  16,000원 PLAYER | P:10♣ 6♣=6  B:J♦ 7♥=7  BANKER(L)  | -16,000원 → 94,550원  [end_giveup]
H685 | bet   1,000원 BANKER | P:8♣ 3♥ 9♦=0  B:5♠ 8♣ J♥=3  BANKER(W)  | +950원 → 95,500원
H686 | bet   1,000원 BANKER | P:5♠ J♠ A♣=6  B:A♣ K♥ 6♥=7  BANKER(W)  | +950원 → 96,450원
H687 | bet   1,000원 BANKER | P:3♠ 2♦ Q♣=5  B:A♦ K♦ 2♠=3  PLAYER(L)  | -1,000원 → 95,450원  [start]
H688 | bet   2,000원 PLAYER | P:9♠ Q♦=9  B:5♥ Q♣=5  PLAYER(W)  | +2,000원 → 97,450원  [end_win]
H689 | bet   1,000원 BANKER | P:2♣ 5♠=7  B:A♦ 4♠ K♥=5  PLAYER(L)  | -1,000원 → 96,450원  [start]
H690 | bet   2,000원 PLAYER | P:7♥ A♠=8  B:Q♠ 3♥=3  PLAYER(W)  | +2,000원 → 98,450원  [end_win]
H691 | bet   1,000원 BANKER | P:5♥ 8♦=3  B:9♣ J♣=9  BANKER(W)  | +950원 → 99,400원
H692 | bet   1,000원 BANKER | P:6♠ K♥=6  B:3♣ 10♦ 2♦=5  PLAYER(L)  | -1,000원 → 98,400원  [start]
H693 | bet   2,000원 PLAYER | P:6♣ 7♣ A♠=4  B:A♣ J♣ 7♠=8  BANKER(L)  | -2,000원 → 96,400원
H694 | bet   4,000원 PLAYER | P:7♣ 3♥=0  B:6♠ 2♦=8  BANKER(L)  | -4,000원 → 92,400원
H695 | bet   8,000원 PLAYER | P:5♦ 8♦ 4♦=7  B:Q♥ 4♣ 2♣=6  PLAYER(W)  | +8,000원 → 100,400원  [end_win]
H696 | bet   1,000원 BANKER | P:Q♦ 9♦=9  B:7♣ 5♥=2  PLAYER(L)  | -1,000원 → 99,400원  [start]
H697 | bet   2,000원 PLAYER | P:6♠ K♥=6  B:7♦ Q♦=7  BANKER(L)  | -2,000원 → 97,400원
H698 | bet   4,000원 PLAYER | P:7♦ 4♣ K♦=1  B:10♠ 3♣ 5♥=8  BANKER(L)  | -4,000원 → 93,400원
H699 | bet   8,000원 PLAYER | P:6♦ 8♦ Q♦=4  B:6♠ 6♦ 9♥=1  PLAYER(W)  | +8,000원 → 101,400원  [end_win]
H700 | bet   1,000원 BANKER | P:8♥ 4♥ 7♠=9  B:Q♥ 10♥ A♦=1  PLAYER(L)  | -1,000원 → 100,400원  [start]
H701 | bet   2,000원 PLAYER | P:K♣ 2♠ A♠=3  B:3♥ K♣ 4♥=7  BANKER(L)  | -2,000원 → 98,400원
H702 | bet   4,000원 PLAYER | P:7♦ A♠=8  B:9♠ J♥=9  BANKER(L)  | -4,000원 → 94,400원
H703 | bet   8,000원 PLAYER | P:7♠ 5♣ 5♥=7  B:8♥ 4♦ Q♥=2  PLAYER(W)  | +8,000원 → 102,400원  [end_win]
H704 | bet   1,000원 BANKER | P:3♣ 9♣ 6♦=8  B:6♥ 6♦ 8♣=0  PLAYER(L)  | -1,000원 → 101,400원  [start]
H705 | bet   2,000원 PLAYER | P:Q♦ J♦ 9♥=9  B:3♥ A♦=4  PLAYER(W)  | +2,000원 → 103,400원  [end_win]
H706 | bet   1,000원 BANKER | P:9♠ 4♥ 2♥=5  B:2♦ 9♦ 8♠=9  BANKER(W)  | +950원 → 104,350원
H707 | bet   1,000원 BANKER | P:J♦ 6♣=6  B:10♦ J♦ A♦=1  PLAYER(L)  | -1,000원 → 103,350원  [start]
H708 | bet   2,000원 PLAYER | P:9♠ 9♥=8  B:6♠ Q♥=6  PLAYER(W)  | +2,000원 → 105,350원  [end_win]
H709 | bet   1,000원 BANKER | P:7♦ 9♥=6  B:Q♠ 3♠ 2♦=5  PLAYER(L)  | -1,000원 → 104,350원  [start]
H710 | bet   2,000원 PLAYER | P:6♣ 10♦=6  B:3♥ A♣ 3♦=7  BANKER(L)  | -2,000원 → 102,350원
H711 | bet   4,000원 PLAYER | P:2♣ A♦ 8♠=1  B:2♠ 3♥=5  BANKER(L)  | -4,000원 → 98,350원
H712 | bet   8,000원 PLAYER | P:9♣ K♠=9  B:J♥ 10♥=0  PLAYER(W)  | +8,000원 → 106,350원  [end_win]
H713 | bet   1,000원 BANKER | P:K♠ 10♦ 4♦=4  B:5♣ 6♦ 8♠=9  BANKER(W)  | +950원 → 107,300원
H714 | bet   1,000원 BANKER | P:3♠ 2♦ 2♣=7  B:7♦ Q♠=7  TIE(T)  |     0원 → 107,300원
H715 | bet   1,000원 BANKER | P:6♥ 2♥=8  B:J♣ 5♥=5  PLAYER(L)  | -1,000원 → 106,300원  [start]
H716 | bet   2,000원 PLAYER | P:9♦ A♥ A♥=1  B:8♥ 9♠=7  BANKER(L)  | -2,000원 → 104,300원
H717 | bet   4,000원 PLAYER | P:J♠ 5♦ 10♣=5  B:6♥ Q♠=6  BANKER(L)  | -4,000원 → 100,300원
H718 | bet   8,000원 PLAYER | P:8♠ 5♥=3  B:4♣ 5♣=9  BANKER(L)  | -8,000원 → 92,300원
H719 | bet  16,000원 PLAYER | P:7♥ K♣=7  B:K♥ 9♠=9  BANKER(L)  | -16,000원 → 76,300원  [end_giveup]
H720 | bet   1,000원 BANKER | P:Q♣ J♥ 4♣=4  B:2♠ 10♠ J♥=2  PLAYER(L)  | -1,000원 → 75,300원  [start]
H721 | bet   2,000원 PLAYER | P:8♣ K♠=8  B:8♦ 7♥=5  PLAYER(W)  | +2,000원 → 77,300원  [end_win]
H722 | bet   1,000원 BANKER | P:10♣ A♥ K♠=1  B:A♣ 2♣ Q♠=3  BANKER(W)  | +950원 → 78,250원
H723 | bet   1,000원 BANKER | P:3♣ 3♣=6  B:4♥ 5♣=9  BANKER(W)  | +950원 → 79,200원
H724 | bet   1,000원 BANKER | P:6♦ A♥=7  B:J♠ 10♥ 7♠=7  TIE(T)  |     0원 → 79,200원
H725 | bet   1,000원 BANKER | P:K♠ K♦ 2♥=2  B:Q♥ 2♠ 3♥=5  BANKER(W)  | +950원 → 80,150원
H726 | bet   1,000원 BANKER | P:Q♣ 7♣=7  B:4♠ J♠ 8♥=2  PLAYER(L)  | -1,000원 → 79,150원  [start]
H727 | bet   2,000원 PLAYER | P:10♦ 5♠ 8♥=3  B:2♠ J♠ A♠=3  TIE(T)  |     0원 → 79,150원
H728 | bet   2,000원 PLAYER | P:Q♣ 9♠=9  B:Q♠ 9♦=9  TIE(T)  |     0원 → 79,150원
H729 | bet   2,000원 PLAYER | P:3♦ 6♠=9  B:3♦ 10♠=3  PLAYER(W)  | +2,000원 → 81,150원  [end_win]
H730 | bet   1,000원 BANKER | P:4♠ K♣ Q♣=4  B:7♦ 9♥=6  BANKER(W)  | +950원 → 82,100원
H731 | bet   1,000원 BANKER | P:2♣ 8♦ 2♠=2  B:2♥ J♣ 4♠=6  BANKER(W)  | +950원 → 83,050원
H732 | bet   1,000원 BANKER | P:Q♣ 5♠ 10♠=5  B:Q♠ 2♣ K♥=2  PLAYER(L)  | -1,000원 → 82,050원  [start]
H733 | bet   2,000원 PLAYER | P:3♦ J♥ A♠=4  B:9♦ 3♦ K♦=2  PLAYER(W)  | +2,000원 → 84,050원  [end_win]
H734 | bet   1,000원 BANKER | P:5♦ 3♦=8  B:4♣ 7♦=1  PLAYER(L)  | -1,000원 → 83,050원  [start]
H735 | bet   2,000원 PLAYER | P:K♠ 2♣ J♣=2  B:8♠ 5♠ Q♣=3  BANKER(L)  | -2,000원 → 81,050원
H736 | bet   4,000원 PLAYER | P:7♥ 8♥ 8♦=3  B:K♣ A♥ 9♦=0  PLAYER(W)  | +4,000원 → 85,050원  [end_win]
H737 | bet   1,000원 BANKER | P:Q♠ 5♠ 10♣=5  B:4♦ 7♠ 9♥=0  PLAYER(L)  | -1,000원 → 84,050원  [start]
H738 | bet   2,000원 PLAYER | P:8♣ 5♠ 2♣=5  B:J♥ J♦ J♦=0  PLAYER(W)  | +2,000원 → 86,050원  [end_win]
H739 | bet   1,000원 BANKER | P:7♦ Q♠=7  B:9♦ 5♣ 5♥=9  BANKER(W)  | +950원 → 87,000원
H740 | bet   1,000원 BANKER | P:A♣ 6♣=7  B:4♣ 7♦ 6♠=7  TIE(T)  |     0원 → 87,000원
H741 | bet   1,000원 BANKER | P:4♦ 3♠=7  B:Q♥ 8♦=8  BANKER(W)  | +950원 → 87,950원
H742 | bet   1,000원 BANKER | P:K♠ 2♥=2  B:8♣ K♥=8  BANKER(W)  | +950원 → 88,900원
H743 | bet   1,000원 BANKER | P:A♠ 7♣=8  B:6♠ 3♥=9  BANKER(W)  | +950원 → 89,850원
H744 | bet   1,000원 BANKER | P:7♣ A♦=8  B:J♥ 2♠=2  PLAYER(L)  | -1,000원 → 88,850원  [start]
H745 | bet   2,000원 PLAYER | P:7♣ 10♦=7  B:A♥ 4♣ 7♦=2  PLAYER(W)  | +2,000원 → 90,850원  [end_win]
H746 | bet   1,000원 BANKER | P:Q♦ J♥=0  B:9♥ K♣=9  BANKER(W)  | +950원 → 91,800원
H747 | bet   1,000원 BANKER | P:K♣ 2♦ 2♠=4  B:3♠ 8♥ 10♠=1  PLAYER(L)  | -1,000원 → 90,800원  [start]
H748 | bet   2,000원 PLAYER | P:Q♥ K♣=0  B:3♠ 6♦=9  BANKER(L)  | -2,000원 → 88,800원
H749 | bet   4,000원 PLAYER | P:10♥ K♠=0  B:7♦ 2♦=9  BANKER(L)  | -4,000원 → 84,800원
H750 | bet   8,000원 PLAYER | P:K♣ 3♣ 6♥=9  B:8♥ 3♣ 2♣=3  PLAYER(W)  | +8,000원 → 92,800원  [end_win]
H751 | bet   1,000원 BANKER | P:A♠ 10♠=1  B:J♦ 9♦=9  BANKER(W)  | +950원 → 93,750원
H752 | bet   1,000원 BANKER | P:6♠ 2♥=8  B:2♣ 7♠=9  BANKER(W)  | +950원 → 94,700원
H753 | bet   1,000원 BANKER | P:9♣ 6♥ Q♣=5  B:J♦ 3♥ 8♦=1  PLAYER(L)  | -1,000원 → 93,700원  [start]
H754 | bet   2,000원 PLAYER | P:5♥ A♣=6  B:Q♥ 5♥ 6♦=1  PLAYER(W)  | +2,000원 → 95,700원  [end_win]
H755 | bet   1,000원 BANKER | P:5♥ 6♣ J♥=1  B:2♥ J♥ 10♥=2  BANKER(W)  | +950원 → 96,650원
H756 | bet   1,000원 BANKER | P:Q♠ A♣ 5♦=6  B:10♠ 10♥ 9♣=9  BANKER(W)  | +950원 → 97,600원
H757 | bet   1,000원 BANKER | P:10♠ 6♠=6  B:4♥ 9♥ 8♣=1  PLAYER(L)  | -1,000원 → 96,600원  [start]
H758 | bet   2,000원 PLAYER | P:K♦ 8♥=8  B:A♥ Q♥=1  PLAYER(W)  | +2,000원 → 98,600원  [end_win]
H759 | bet   1,000원 BANKER | P:8♠ 9♦=7  B:K♦ J♣ 6♠=6  PLAYER(L)  | -1,000원 → 97,600원  [start]
H760 | bet   2,000원 PLAYER | P:9♦ Q♦=9  B:3♦ J♣=3  PLAYER(W)  | +2,000원 → 99,600원  [end_win]
H761 | bet   1,000원 BANKER | P:Q♣ J♦ K♣=0  B:3♦ 10♣ 10♠=3  BANKER(W)  | +950원 → 100,550원
H762 | bet   1,000원 BANKER | P:2♥ Q♠ 7♥=9  B:J♥ A♠ 6♥=7  PLAYER(L)  | -1,000원 → 99,550원  [start]
H763 | bet   2,000원 PLAYER | P:Q♥ 4♦ 8♦=2  B:7♦ 7♠=4  BANKER(L)  | -2,000원 → 97,550원
H764 | bet   4,000원 PLAYER | P:3♣ J♠ A♦=4  B:2♣ 9♥ 10♥=1  PLAYER(W)  | +4,000원 → 101,550원  [end_win]
H765 | bet   1,000원 BANKER | P:2♦ A♥ 4♦=7  B:10♥ 6♦=6  PLAYER(L)  | -1,000원 → 100,550원  [start]
H766 | bet   2,000원 PLAYER | P:5♣ 4♥=9  B:K♦ K♠=0  PLAYER(W)  | +2,000원 → 102,550원  [end_win]
H767 | bet   1,000원 BANKER | P:5♣ J♣ 7♣=2  B:2♠ 4♠ 6♦=2  TIE(T)  |     0원 → 102,550원
H768 | bet   1,000원 BANKER | P:7♥ K♠=7  B:9♣ 5♣ 4♦=8  BANKER(W)  | +950원 → 103,500원
H769 | bet   1,000원 BANKER | P:Q♦ J♥ 2♠=2  B:A♥ Q♣ K♦=1  PLAYER(L)  | -1,000원 → 102,500원  [start]
H770 | bet   2,000원 PLAYER | P:K♠ 10♦ 5♠=5  B:5♥ 5♣ 3♥=3  PLAYER(W)  | +2,000원 → 104,500원  [end_win]
H771 | bet   1,000원 BANKER | P:6♠ 9♣ 5♠=0  B:A♣ 2♥ 9♠=2  BANKER(W)  | +950원 → 105,450원
H772 | bet   1,000원 BANKER | P:5♦ 9♥ 9♠=3  B:10♠ 3♠ 7♥=0  PLAYER(L)  | -1,000원 → 104,450원  [start]
H773 | bet   2,000원 PLAYER | P:4♥ 7♥ Q♠=1  B:A♥ 3♠=4  BANKER(L)  | -2,000원 → 102,450원
H774 | bet   4,000원 PLAYER | P:2♦ K♠ 7♥=9  B:Q♣ 3♥ 9♠=2  PLAYER(W)  | +4,000원 → 106,450원  [end_win]
H775 | bet   1,000원 BANKER | P:6♥ 8♥=4  B:9♦ Q♥=9  BANKER(W)  | +950원 → 107,400원
H776 | bet   1,000원 BANKER | P:10♦ 6♥=6  B:7♦ 3♦ 2♦=2  PLAYER(L)  | -1,000원 → 106,400원  [start]
H777 | bet   2,000원 PLAYER | P:5♦ K♦ 10♠=5  B:J♦ A♦ 8♠=9  BANKER(L)  | -2,000원 → 104,400원
H778 | bet   4,000원 PLAYER | P:5♥ K♦ 8♦=3  B:K♥ A♦ 6♥=7  BANKER(L)  | -4,000원 → 100,400원
H779 | bet   8,000원 PLAYER | P:5♣ 7♣ Q♦=2  B:3♠ J♥ K♥=3  BANKER(L)  | -8,000원 → 92,400원
H780 | bet  16,000원 PLAYER | P:9♦ 10♦=9  B:6♣ 4♠=0  PLAYER(W)  | +16,000원 → 108,400원  [end_win]
H781 | bet   1,000원 BANKER | P:8♠ 3♥ 9♠=0  B:5♦ A♠=6  BANKER(W)  | +950원 → 109,350원
H782 | bet   1,000원 BANKER | P:Q♠ 6♣=6  B:6♣ 5♦ 9♣=0  PLAYER(L)  | -1,000원 → 108,350원  [start]
H783 | bet   2,000원 PLAYER | P:5♥ 3♦=8  B:K♠ 7♠=7  PLAYER(W)  | +2,000원 → 110,350원  [end_win]
H784 | bet   1,000원 BANKER | P:4♣ Q♣ 9♦=3  B:10♣ 3♥ 10♠=3  TIE(T)  |     0원 → 110,350원
H785 | bet   1,000원 BANKER | P:J♣ 3♥ 4♥=7  B:A♥ A♠ Q♦=2  PLAYER(L)  | -1,000원 → 109,350원  [start]
H786 | bet   2,000원 PLAYER | P:8♦ 10♣=8  B:6♥ 4♣=0  PLAYER(W)  | +2,000원 → 111,350원  [end_win]
H787 | bet   1,000원 BANKER | P:K♥ 4♥ J♣=4  B:2♠ 4♠=6  BANKER(W)  | +950원 → 112,300원
H788 | bet   1,000원 BANKER | P:5♦ 9♥ 4♥=8  B:6♦ 5♦ J♦=1  PLAYER(L)  | -1,000원 → 111,300원  [start]
H789 | bet   2,000원 PLAYER | P:5♣ 8♣ A♦=4  B:Q♠ Q♥ 5♦=5  BANKER(L)  | -2,000원 → 109,300원
H790 | bet   4,000원 PLAYER | P:6♠ J♠=6  B:7♦ 2♥=9  BANKER(L)  | -4,000원 → 105,300원
H791 | bet   8,000원 PLAYER | P:9♠ 3♣ 10♣=2  B:3♥ Q♥ 2♦=5  BANKER(L)  | -8,000원 → 97,300원
H792 | bet  16,000원 PLAYER | P:8♥ 2♠=0  B:K♥ 8♣=8  BANKER(L)  | -16,000원 → 81,300원  [end_giveup]
H793 | bet   1,000원 BANKER | P:6♣ 4♠ 8♣=8  B:9♣ 3♣ A♦=3  PLAYER(L)  | -1,000원 → 80,300원  [start]
H794 | bet   2,000원 PLAYER | P:Q♦ 10♦ 6♦=6  B:9♠ 7♣ 8♥=4  PLAYER(W)  | +2,000원 → 82,300원  [end_win]
H795 | bet   1,000원 BANKER | P:4♣ A♣ 5♣=0  B:4♣ A♠ 7♦=2  BANKER(W)  | +950원 → 83,250원
H796 | bet   1,000원 BANKER | P:8♠ Q♦=8  B:9♥ J♠=9  BANKER(W)  | +950원 → 84,200원
H797 | bet   1,000원 BANKER | P:5♠ 2♣=7  B:K♣ 5♠ 4♥=9  BANKER(W)  | +950원 → 85,150원
H798 | bet   1,000원 BANKER | P:K♥ A♦ 4♥=5  B:2♥ 2♠ A♦=5  TIE(T)  |     0원 → 85,150원
H799 | bet   1,000원 BANKER | P:A♠ J♠ J♠=1  B:2♠ 10♥ 8♠=0  PLAYER(L)  | -1,000원 → 84,150원  [start]
H800 | bet   2,000원 PLAYER | P:4♠ 10♣ 3♦=7  B:3♠ 9♠ K♦=2  PLAYER(W)  | +2,000원 → 86,150원  [end_win]
H801 | bet   1,000원 BANKER | P:7♥ 7♣ 10♣=4  B:8♥ 4♣ A♥=3  PLAYER(L)  | -1,000원 → 85,150원  [start]
H802 | bet   2,000원 PLAYER | P:3♦ 8♦=1  B:6♦ 2♦=8  BANKER(L)  | -2,000원 → 83,150원
H803 | bet   4,000원 PLAYER | P:7♣ 4♠ Q♠=1  B:J♠ 3♦ A♠=4  BANKER(L)  | -4,000원 → 79,150원
H804 | bet   8,000원 PLAYER | P:4♦ 2♣=6  B:7♠ 5♥ 8♠=0  PLAYER(W)  | +8,000원 → 87,150원  [end_win]
H805 | bet   1,000원 BANKER | P:J♠ 2♥ 3♣=5  B:7♠ 4♠ 8♠=9  BANKER(W)  | +950원 → 88,100원
H806 | bet   1,000원 BANKER | P:9♣ 3♦=2  B:10♦ 8♦=8  BANKER(W)  | +950원 → 89,050원
H807 | bet   1,000원 BANKER | P:3♣ 9♣ 10♥=2  B:K♦ 4♣=4  BANKER(W)  | +950원 → 90,000원
H808 | bet   1,000원 BANKER | P:5♠ Q♣ 10♦=5  B:J♣ 6♠=6  BANKER(W)  | +950원 → 90,950원
H809 | bet   1,000원 BANKER | P:6♣ Q♦=6  B:8♣ K♥=8  BANKER(W)  | +950원 → 91,900원
H810 | bet   1,000원 BANKER | P:10♣ Q♣ K♣=0  B:6♥ A♣=7  BANKER(W)  | +950원 → 92,850원
H811 | bet   1,000원 BANKER | P:A♣ 10♥=1  B:4♦ 4♦=8  BANKER(W)  | +950원 → 93,800원
H812 | bet   1,000원 BANKER | P:3♣ 6♦=9  B:K♥ 8♣=8  PLAYER(L)  | -1,000원 → 92,800원  [start]
H813 | bet   2,000원 PLAYER | P:7♥ 3♠ 9♥=9  B:4♠ 6♣ 10♦=0  PLAYER(W)  | +2,000원 → 94,800원  [end_win]
H814 | bet   1,000원 BANKER | P:K♣ Q♠ J♥=0  B:10♣ 10♥ 9♥=9  BANKER(W)  | +950원 → 95,750원
H815 | bet   1,000원 BANKER | P:6♠ 8♠=4  B:4♦ 4♣=8  BANKER(W)  | +950원 → 96,700원
H816 | bet   1,000원 BANKER | P:3♣ 6♥=9  B:9♣ 2♥=1  PLAYER(L)  | -1,000원 → 95,700원  [start]
H817 | bet   2,000원 PLAYER | P:K♦ 9♣=9  B:7♥ J♦=7  PLAYER(W)  | +2,000원 → 97,700원  [end_win]
H818 | bet   1,000원 BANKER | P:5♥ 6♦ 7♠=8  B:5♥ 9♠ 6♥=0  PLAYER(L)  | -1,000원 → 96,700원  [start]
H819 | bet   2,000원 PLAYER | P:5♦ J♠ 5♦=0  B:K♣ 3♠ 3♦=6  BANKER(L)  | -2,000원 → 94,700원
H820 | bet   4,000원 PLAYER | P:4♠ 4♣=8  B:K♠ 9♦=9  BANKER(L)  | -4,000원 → 90,700원
H821 | bet   8,000원 PLAYER | P:9♣ J♦=9  B:2♣ 2♥=4  PLAYER(W)  | +8,000원 → 98,700원  [end_win]
H822 | bet   1,000원 BANKER | P:2♠ 7♥=9  B:A♦ 6♣=7  PLAYER(L)  | -1,000원 → 97,700원  [start]
H823 | bet   2,000원 PLAYER | P:7♣ 6♦ 7♣=0  B:5♠ K♣ 10♠=5  BANKER(L)  | -2,000원 → 95,700원
H824 | bet   4,000원 PLAYER | P:5♦ 9♦ 10♣=4  B:4♣ 2♥=6  BANKER(L)  | -4,000원 → 91,700원
H825 | bet   8,000원 PLAYER | P:J♦ 9♣=9  B:2♣ A♦=3  PLAYER(W)  | +8,000원 → 99,700원  [end_win]
H826 | bet   1,000원 BANKER | P:Q♣ 7♣=7  B:5♦ 5♣ 4♣=4  PLAYER(L)  | -1,000원 → 98,700원  [start]
H827 | bet   2,000원 PLAYER | P:8♣ 8♦=6  B:10♦ 7♥=7  BANKER(L)  | -2,000원 → 96,700원
H828 | bet   4,000원 PLAYER | P:10♣ 9♦=9  B:6♣ Q♦=6  PLAYER(W)  | +4,000원 → 100,700원  [end_win]
H829 | bet   1,000원 BANKER | P:Q♥ 3♣ 2♣=5  B:2♠ J♦ 9♥=1  PLAYER(L)  | -1,000원 → 99,700원  [start]
H830 | bet   2,000원 PLAYER | P:A♣ K♠=1  B:8♥ A♣=9  BANKER(L)  | -2,000원 → 97,700원
H831 | bet   4,000원 PLAYER | P:8♥ Q♦=8  B:5♥ Q♥=5  PLAYER(W)  | +4,000원 → 101,700원  [end_win]
H832 | bet   1,000원 BANKER | P:7♣ K♣=7  B:J♠ 5♠ J♦=5  PLAYER(L)  | -1,000원 → 100,700원  [start]
H833 | bet   2,000원 PLAYER | P:5♣ 9♦ 10♥=4  B:2♣ 4♠=6  BANKER(L)  | -2,000원 → 98,700원
H834 | bet   4,000원 PLAYER | P:3♥ 2♣ 6♦=1  B:3♣ 9♣ Q♣=2  BANKER(L)  | -4,000원 → 94,700원
H835 | bet   8,000원 PLAYER | P:6♦ 2♥=8  B:3♥ Q♣=3  PLAYER(W)  | +8,000원 → 102,700원  [end_win]
H836 | bet   1,000원 BANKER | P:5♠ 3♣=8  B:A♠ 10♠=1  PLAYER(L)  | -1,000원 → 101,700원  [start]
H837 | bet   2,000원 PLAYER | P:9♠ 8♦=7  B:3♣ 5♥=8  BANKER(L)  | -2,000원 → 99,700원
H838 | bet   4,000원 PLAYER | P:4♠ 6♥ 5♣=5  B:5♣ A♥=6  BANKER(L)  | -4,000원 → 95,700원
H839 | bet   8,000원 PLAYER | P:K♣ Q♥ A♥=1  B:6♦ 7♠ Q♠=3  BANKER(L)  | -8,000원 → 87,700원
H840 | bet  16,000원 PLAYER | P:9♠ 10♣=9  B:6♠ 3♦=9  TIE(T)  |     0원 → 87,700원
H841 | bet  16,000원 PLAYER | P:3♥ 6♠=9  B:9♥ 4♦=3  PLAYER(W)  | +16,000원 → 103,700원  [end_win]
H842 | bet   1,000원 BANKER | P:J♠ J♥ A♥=1  B:4♣ K♦=4  BANKER(W)  | +950원 → 104,650원
H843 | bet   1,000원 BANKER | P:10♦ Q♠ 10♥=0  B:3♦ 7♥ Q♣=0  TIE(T)  |     0원 → 104,650원
H844 | bet   1,000원 BANKER | P:6♦ J♠=6  B:J♠ 4♦ Q♦=4  PLAYER(L)  | -1,000원 → 103,650원  [start]
H845 | bet   2,000원 PLAYER | P:2♠ 4♥=6  B:K♠ 7♠=7  BANKER(L)  | -2,000원 → 101,650원
H846 | bet   4,000원 PLAYER | P:A♣ 10♣=1  B:2♠ 6♣=8  BANKER(L)  | -4,000원 → 97,650원
H847 | bet   8,000원 PLAYER | P:7♣ 9♠=6  B:8♥ K♥=8  BANKER(L)  | -8,000원 → 89,650원
H848 | bet  16,000원 PLAYER | P:6♣ 10♦=6  B:4♥ 5♥=9  BANKER(L)  | -16,000원 → 73,650원  [end_giveup]
H849 | bet   1,000원 BANKER | P:3♣ 5♦=8  B:7♣ 5♠=2  PLAYER(L)  | -1,000원 → 72,650원  [start]
H850 | bet   2,000원 PLAYER | P:8♥ 9♠=7  B:A♦ 3♣ 4♦=8  BANKER(L)  | -2,000원 → 70,650원
H851 | bet   4,000원 PLAYER | P:4♥ A♣ 4♠=9  B:K♥ 3♠ J♣=3  PLAYER(W)  | +4,000원 → 74,650원  [end_win]
H852 | bet   1,000원 BANKER | P:4♦ 8♦ 8♦=0  B:4♥ 6♥ 8♥=8  BANKER(W)  | +950원 → 75,600원
H853 | bet   1,000원 BANKER | P:A♣ A♣ A♣=3  B:6♠ A♠=7  BANKER(W)  | +950원 → 76,550원
H854 | bet   1,000원 BANKER | P:J♣ Q♦ 10♣=0  B:K♦ 10♦ K♠=0  TIE(T)  |     0원 → 76,550원
H855 | bet   1,000원 BANKER | P:10♦ Q♣ K♣=0  B:2♦ K♥ 5♣=7  BANKER(W)  | +950원 → 77,500원
H856 | bet   1,000원 BANKER | P:2♠ A♠=3  B:J♦ 9♥=9  BANKER(W)  | +950원 → 78,450원
H857 | bet   1,000원 BANKER | P:10♥ 6♥=6  B:9♠ K♦=9  BANKER(W)  | +950원 → 79,400원
H858 | bet   1,000원 BANKER | P:9♠ A♦ J♥=0  B:K♠ J♥ 2♣=2  BANKER(W)  | +950원 → 80,350원
H859 | bet   1,000원 BANKER | P:6♣ J♦=6  B:J♥ J♣ 8♦=8  BANKER(W)  | +950원 → 81,300원
H860 | bet   1,000원 BANKER | P:2♠ 5♣=7  B:2♥ 8♣ 7♥=7  TIE(T)  |     0원 → 81,300원
H861 | bet   1,000원 BANKER | P:J♣ 2♦ 6♠=8  B:7♠ 3♠ J♣=0  PLAYER(L)  | -1,000원 → 80,300원  [start]
H862 | bet   2,000원 PLAYER | P:3♠ 7♠ K♣=0  B:A♦ 4♠=5  BANKER(L)  | -2,000원 → 78,300원
H863 | bet   4,000원 PLAYER | P:K♥ Q♦ 5♠=5  B:7♦ K♥=7  BANKER(L)  | -4,000원 → 74,300원
H864 | bet   8,000원 PLAYER | P:4♥ Q♣ K♠=4  B:9♦ 5♦=4  TIE(T)  |     0원 → 74,300원
H865 | bet   8,000원 PLAYER | P:3♥ 10♦=3  B:10♥ 8♠=8  BANKER(L)  | -8,000원 → 66,300원
H866 | bet  16,000원 PLAYER | P:7♣ 5♣ 4♠=6  B:Q♦ 5♥ 10♣=5  PLAYER(W)  | +16,000원 → 82,300원  [end_win]
H867 | bet   1,000원 BANKER | P:J♠ 7♦=7  B:8♣ A♦=9  BANKER(W)  | +950원 → 83,250원
H868 | bet   1,000원 BANKER | P:7♠ J♣=7  B:10♦ A♠ 4♦=5  PLAYER(L)  | -1,000원 → 82,250원  [start]
H869 | bet   2,000원 PLAYER | P:4♥ 10♥ K♦=4  B:3♦ K♣ 9♠=2  PLAYER(W)  | +2,000원 → 84,250원  [end_win]
H870 | bet   1,000원 BANKER | P:7♥ J♠=7  B:Q♥ A♠ J♥=1  PLAYER(L)  | -1,000원 → 83,250원  [start]
H871 | bet   2,000원 PLAYER | P:K♠ Q♥ 7♥=7  B:9♥ 6♠ 8♠=3  PLAYER(W)  | +2,000원 → 85,250원  [end_win]
H872 | bet   1,000원 BANKER | P:4♥ A♥ 7♠=2  B:5♥ 8♥ 2♥=5  BANKER(W)  | +950원 → 86,200원
H873 | bet   1,000원 BANKER | P:7♦ J♣=7  B:6♥ 8♦ A♥=5  PLAYER(L)  | -1,000원 → 85,200원  [start]
H874 | bet   2,000원 PLAYER | P:9♦ 4♠ 3♦=6  B:3♦ 10♠ 5♠=8  BANKER(L)  | -2,000원 → 83,200원
H875 | bet   4,000원 PLAYER | P:5♥ 2♦=7  B:6♠ Q♣=6  PLAYER(W)  | +4,000원 → 87,200원  [end_win]
H876 | bet   1,000원 BANKER | P:Q♥ 9♣=9  B:7♦ K♠=7  PLAYER(L)  | -1,000원 → 86,200원  [start]
H877 | bet   2,000원 PLAYER | P:8♠ 10♥=8  B:8♦ 4♥=2  PLAYER(W)  | +2,000원 → 88,200원  [end_win]
H878 | bet   1,000원 BANKER | P:3♠ A♥ 7♥=1  B:8♠ 7♠ A♥=6  BANKER(W)  | +950원 → 89,150원
H879 | bet   1,000원 BANKER | P:4♣ 8♣ K♥=2  B:4♦ 10♠=4  BANKER(W)  | +950원 → 90,100원
H880 | bet   1,000원 BANKER | P:A♦ 2♦ A♠=4  B:10♠ K♦ 8♠=8  BANKER(W)  | +950원 → 91,050원
H881 | bet   1,000원 BANKER | P:K♦ K♦ 8♣=8  B:6♣ 9♥=5  PLAYER(L)  | -1,000원 → 90,050원  [start]
H882 | bet   2,000원 PLAYER | P:5♠ 5♦ J♥=0  B:5♣ 9♦=4  BANKER(L)  | -2,000원 → 88,050원
H883 | bet   4,000원 PLAYER | P:A♥ 8♦=9  B:A♠ Q♦=1  PLAYER(W)  | +4,000원 → 92,050원  [end_win]
H884 | bet   1,000원 BANKER | P:9♥ 3♦ 8♣=0  B:J♦ 10♣ 2♠=2  BANKER(W)  | +950원 → 93,000원
H885 | bet   1,000원 BANKER | P:9♥ 3♠ 4♠=6  B:3♣ 10♥ 8♥=1  PLAYER(L)  | -1,000원 → 92,000원  [start]
H886 | bet   2,000원 PLAYER | P:7♣ 8♠ 2♠=7  B:6♥ 7♦ 6♦=9  BANKER(L)  | -2,000원 → 90,000원
H887 | bet   4,000원 PLAYER | P:J♣ 8♠=8  B:10♠ 2♣=2  PLAYER(W)  | +4,000원 → 94,000원  [end_win]
H888 | bet   1,000원 BANKER | P:9♣ 6♥ 7♦=2  B:3♠ 3♠ Q♦=6  BANKER(W)  | +950원 → 94,950원
H889 | bet   1,000원 BANKER | P:A♠ 3♥ 2♥=6  B:8♣ 2♣ A♦=1  PLAYER(L)  | -1,000원 → 93,950원  [start]
H890 | bet   2,000원 PLAYER | P:5♦ Q♥ 10♠=5  B:2♦ K♥ 3♥=5  TIE(T)  |     0원 → 93,950원
H891 | bet   2,000원 PLAYER | P:Q♠ 8♥=8  B:2♦ 6♦=8  TIE(T)  |     0원 → 93,950원
H892 | bet   2,000원 PLAYER | P:6♠ 9♦ Q♠=5  B:9♣ 4♣ 3♥=6  BANKER(L)  | -2,000원 → 91,950원
H893 | bet   4,000원 PLAYER | P:7♦ 2♦=9  B:K♥ 10♠=0  PLAYER(W)  | +4,000원 → 95,950원  [end_win]
H894 | bet   1,000원 BANKER | P:Q♠ 2♦ 6♣=8  B:10♦ 3♥ 4♣=7  PLAYER(L)  | -1,000원 → 94,950원  [start]
H895 | bet   2,000원 PLAYER | P:J♥ 4♣=4  B:10♥ 9♠=9  BANKER(L)  | -2,000원 → 92,950원
H896 | bet   4,000원 PLAYER | P:Q♠ 3♦=3  B:2♥ 7♥=9  BANKER(L)  | -4,000원 → 88,950원
H897 | bet   8,000원 PLAYER | P:8♣ Q♥=8  B:8♥ 9♥=7  PLAYER(W)  | +8,000원 → 96,950원  [end_win]
H898 | bet   1,000원 BANKER | P:5♦ 4♦=9  B:9♥ 7♦=6  PLAYER(L)  | -1,000원 → 95,950원  [start]
H899 | bet   2,000원 PLAYER | P:5♥ A♥=6  B:J♠ 7♠=7  BANKER(L)  | -2,000원 → 93,950원
H900 | bet   4,000원 PLAYER | P:2♠ Q♣=2  B:4♥ 4♣=8  BANKER(L)  | -4,000원 → 89,950원
H901 | bet   8,000원 PLAYER | P:J♠ 2♣=2  B:K♣ 8♠=8  BANKER(L)  | -8,000원 → 81,950원
H902 | bet  16,000원 PLAYER | P:4♠ 9♦ J♦=3  B:J♣ Q♦ 3♥=3  TIE(T)  |     0원 → 81,950원
H903 | bet  16,000원 PLAYER | P:3♣ 9♠=2  B:6♥ 2♠=8  BANKER(L)  | -16,000원 → 65,950원  [end_giveup]
H904 | bet   1,000원 BANKER | P:J♥ 7♠=7  B:6♣ 4♠ 2♥=2  PLAYER(L)  | -1,000원 → 64,950원  [start]
H905 | bet   2,000원 PLAYER | P:K♦ 9♠=9  B:9♣ 2♦=1  PLAYER(W)  | +2,000원 → 66,950원  [end_win]
H906 | bet   1,000원 BANKER | P:A♦ 6♠=7  B:K♣ 4♠ 7♥=1  PLAYER(L)  | -1,000원 → 65,950원  [start]
H907 | bet   2,000원 PLAYER | P:6♥ J♠=6  B:7♥ 8♣ Q♣=5  PLAYER(W)  | +2,000원 → 67,950원  [end_win]
H908 | bet   1,000원 BANKER | P:Q♥ Q♥ 4♠=4  B:3♥ 7♠ Q♠=0  PLAYER(L)  | -1,000원 → 66,950원  [start]
H909 | bet   2,000원 PLAYER | P:9♦ J♦=9  B:7♦ 3♣=0  PLAYER(W)  | +2,000원 → 68,950원  [end_win]
H910 | bet   1,000원 BANKER | P:Q♥ 2♣ 10♣=2  B:10♦ 2♣ J♥=2  TIE(T)  |     0원 → 68,950원
H911 | bet   1,000원 BANKER | P:2♣ 2♣ 4♥=8  B:4♥ 3♥=7  PLAYER(L)  | -1,000원 → 67,950원  [start]
H912 | bet   2,000원 PLAYER | P:J♦ 4♣ 3♦=7  B:8♥ 7♣=5  PLAYER(W)  | +2,000원 → 69,950원  [end_win]
H913 | bet   1,000원 BANKER | P:4♦ 10♦ K♥=4  B:A♠ 5♣=6  BANKER(W)  | +950원 → 70,900원
H914 | bet   1,000원 BANKER | P:Q♥ 4♦ 10♦=4  B:5♠ 2♠=7  BANKER(W)  | +950원 → 71,850원
H915 | bet   1,000원 BANKER | P:9♣ 3♠ 4♦=6  B:A♠ K♦ 6♠=7  BANKER(W)  | +950원 → 72,800원
H916 | bet   1,000원 BANKER | P:K♣ 8♠=8  B:J♣ 3♣=3  PLAYER(L)  | -1,000원 → 71,800원  [start]
H917 | bet   2,000원 PLAYER | P:A♠ 2♥ A♥=4  B:3♦ 3♥=6  BANKER(L)  | -2,000원 → 69,800원
H918 | bet   4,000원 PLAYER | P:Q♦ 6♦=6  B:10♠ 8♥=8  BANKER(L)  | -4,000원 → 65,800원
H919 | bet   8,000원 PLAYER | P:6♥ 7♣ 2♠=5  B:2♦ 2♠ 6♦=0  PLAYER(W)  | +8,000원 → 73,800원  [end_win]
H920 | bet   1,000원 BANKER | P:2♦ K♠=2  B:10♦ 9♥=9  BANKER(W)  | +950원 → 74,750원
H921 | bet   1,000원 BANKER | P:J♣ 7♠=7  B:3♠ 3♥=6  PLAYER(L)  | -1,000원 → 73,750원  [start]
H922 | bet   2,000원 PLAYER | P:6♠ 10♣=6  B:3♣ Q♠ 8♥=1  PLAYER(W)  | +2,000원 → 75,750원  [end_win]
H923 | bet   1,000원 BANKER | P:Q♥ 8♦=8  B:Q♥ 9♠=9  BANKER(W)  | +950원 → 76,700원
H924 | bet   1,000원 BANKER | P:4♥ 10♦ 6♠=0  B:10♥ 5♠ 7♦=2  BANKER(W)  | +950원 → 77,650원
H925 | bet   1,000원 BANKER | P:Q♣ 2♦ 9♦=1  B:8♠ 7♠=5  BANKER(W)  | +950원 → 78,600원
H926 | bet   1,000원 BANKER | P:9♠ 4♠ 7♥=0  B:3♠ A♦ K♠=4  BANKER(W)  | +950원 → 79,550원
H927 | bet   1,000원 BANKER | P:10♦ 4♠ 9♥=3  B:7♥ 7♦=4  BANKER(W)  | +950원 → 80,500원
H928 | bet   1,000원 BANKER | P:J♦ 6♣=6  B:9♦ 10♦=9  BANKER(W)  | +950원 → 81,450원
H929 | bet   1,000원 BANKER | P:10♠ 10♠ Q♣=0  B:5♥ 7♠ 2♥=4  BANKER(W)  | +950원 → 82,400원
H930 | bet   1,000원 BANKER | P:3♣ Q♦ 9♣=2  B:A♦ 4♦=5  BANKER(W)  | +950원 → 83,350원
H931 | bet   1,000원 BANKER | P:2♦ 10♠ 8♣=0  B:A♥ 3♦=4  BANKER(W)  | +950원 → 84,300원
H932 | bet   1,000원 BANKER | P:6♠ 4♠=0  B:5♠ 3♣=8  BANKER(W)  | +950원 → 85,250원
H933 | bet   1,000원 BANKER | P:5♠ 5♠ A♣=1  B:9♥ 5♦=4  BANKER(W)  | +950원 → 86,200원
H934 | bet   1,000원 BANKER | P:Q♣ 3♠=3  B:7♥ 2♦=9  BANKER(W)  | +950원 → 87,150원
H935 | bet   1,000원 BANKER | P:J♥ 6♣=6  B:A♦ K♥ 4♥=5  PLAYER(L)  | -1,000원 → 86,150원  [start]
H936 | bet   2,000원 PLAYER | P:K♠ 3♣ K♥=3  B:K♦ 10♠ Q♣=0  PLAYER(W)  | +2,000원 → 88,150원  [end_win]
H937 | bet   1,000원 BANKER | P:7♠ K♥=7  B:6♦ 10♥=6  PLAYER(L)  | -1,000원 → 87,150원  [start]
H938 | bet   2,000원 PLAYER | P:J♠ 5♦ A♠=6  B:A♣ 2♣ 9♥=2  PLAYER(W)  | +2,000원 → 89,150원  [end_win]
H939 | bet   1,000원 BANKER | P:10♣ 5♠ 4♣=9  B:5♦ 9♦ 2♥=6  PLAYER(L)  | -1,000원 → 88,150원  [start]
H940 | bet   2,000원 PLAYER | P:8♦ 2♠ A♣=1  B:10♥ A♥ A♣=2  BANKER(L)  | -2,000원 → 86,150원
H941 | bet   4,000원 PLAYER | P:J♣ K♦ 7♣=7  B:A♦ A♣ 5♦=7  TIE(T)  |     0원 → 86,150원
H942 | bet   4,000원 PLAYER | P:4♦ 10♣ J♣=4  B:Q♥ 6♣=6  BANKER(L)  | -4,000원 → 82,150원
H943 | bet   8,000원 PLAYER | P:4♥ Q♣=4  B:8♦ A♦=9  BANKER(L)  | -8,000원 → 74,150원
H944 | bet  16,000원 PLAYER | P:7♠ 9♣=6  B:5♠ 3♦=8  BANKER(L)  | -16,000원 → 58,150원  [end_giveup]
H945 | bet   1,000원 BANKER | P:5♦ 10♣ 3♥=8  B:4♦ 6♣ 6♠=6  PLAYER(L)  | -1,000원 → 57,150원  [start]
H946 | bet   2,000원 PLAYER | P:2♣ J♠=2  B:J♣ 9♠=9  BANKER(L)  | -2,000원 → 55,150원
H947 | bet   4,000원 PLAYER | P:5♥ 9♣=4  B:J♦ 9♦=9  BANKER(L)  | -4,000원 → 51,150원
H948 | bet   8,000원 PLAYER | P:8♠ 8♣=6  B:A♠ 6♦=7  BANKER(L)  | -8,000원 → 43,150원

Result: RUIN (capital_depleted)
Final: 43,150원  Hands: 948  Bets: 867  Wagered: 2,291,000원  Max losing streak: 9
