=== Session 12 ===
Seed: 7795859673851708282
Initial: 100,000원  Target: 500,000원  Ruin: 50,000원  Table-max: 100,000원
Strategy: martingale (pivot, steps=4)
Base bet: 1,000원  Primary side: BANKER

H001 | bet   1,000원 BANKER | P:7♣ 8♦ 7♣=2  B:3♥ 4♦=7  BANKER(W)  | +950원 → 100,950원
H002 | bet   1,000원 BANKER | P:K♥ 6♦=6  B:Q♠ 3♥ J♦=3  PLAYER(L)  | -1,000원 → 99,950원  [start]
H003 | bet   2,000원 PLAYER | P:7♥ K♠=7  B:8♥ Q♦=8  BANKER(L)  | -2,000원 → 97,950원
H004 | bet   4,000원 PLAYER | P:4♥ K♣ 3♠=7  B:10♦ 10♥ 8♠=8  BANKER(L)  | -4,000원 → 93,950원
H005 | bet   8,000원 PLAYER | P:2♦ 3♠ 6♥=1  B:2♣ A♠ 5♠=8  BANKER(L)  | -8,000원 → 85,950원
H006 | bet  16,000원 PLAYER | P:2♣ 3♦ 7♣=2  B:2♠ 9♦ A♠=2  TIE(T)  |     0원 → 85,950원
H007 | bet  16,000원 PLAYER | P:9♥ 7♦=6  B:8♠ Q♠=8  BANKER(L)  | -16,000원 → 69,950원  [end_giveup]
H008 | bet   1,000원 BANKER | P:Q♥ 4♥ 6♠=0  B:5♠ 2♥=7  BANKER(W)  | +950원 → 70,900원
H009 | bet   1,000원 BANKER | P:8♥ J♠=8  B:3♣ 7♦=0  PLAYER(L)  | -1,000원 → 69,900원  [start]
H010 | bet   2,000원 PLAYER | P:10♠ 4♥=4  B:3♥ 6♠=9  BANKER(L)  | -2,000원 → 67,900원
H011 | bet   4,000원 PLAYER | P:2♦ 9♠ 3♦=4  B:Q♥ Q♦ 4♥=4  TIE(T)  |     0원 → 67,900원
H012 | bet   4,000원 PLAYER | P:K♦ 6♦=6  B:8♣ Q♠=8  BANKER(L)  | -4,000원 → 63,900원
H013 | bet   8,000원 PLAYER | P:6♥ 7♥ A♠=4  B:2♣ 3♣=5  BANKER(L)  | -8,000원 → 55,900원
H014 | bet  16,000원 PLAYER | P:2♠ A♦=3  B:4♥ 4♠=8  BANKER(L)  | -16,000원 → 39,900원  [end_giveup]

Result: RUIN (capital_depleted)
Final: 39,900원  Hands: 14  Bets: 12  Wagered: 64,000원  Max losing streak: 5
