=== Session 48 ===
Seed: 9103760425370013864
Initial: 100,000원  Target: 500,000원  Ruin: 50,000원  Table-max: 100,000원
Strategy: martingale (pivot, steps=5)
Base bet: 1,000원  Primary side: BANKER

H001 | bet   1,000원 BANKER | P:5♠ 2♠=7  B:4♥ 5♦=9  BANKER(W)  | +950원 → 100,950원
H002 | bet   1,000원 BANKER | P:6♦ K♥=6  B:5♠ 10♣ 5♥=0  PLAYER(L)  | -1,000원 → 99,950원  [start]
H003 | bet   2,000원 PLAYER | P:A♠ 5♣=6  B:4♠ 5♥=9  BANKER(L)  | -2,000원 → 97,950원
H004 | bet   4,000원 PLAYER | P:3♥ K♠ 8♠=1  B:7♦ 9♥=6  BANKER(L)  | -4,000원 → 93,950원
H005 | bet   8,000원 PLAYER | P:6♣ 9♦ 5♣=0  B:Q♦ A♥ K♣=1  BANKER(L)  | -8,000원 → 85,950원
H006 | bet  16,000원 PLAYER | P:8♥ A♠=9  B:3♦ Q♦=3  PLAYER(W)  | +16,000원 → 101,950원  [end_win]
H007 | bet   1,000원 BANKER | P:2♣ 2♥ J♣=4  B:3♦ 9♥ 8♥=0  PLAYER(L)  | -1,000원 → 100,950원  [start]
H008 | bet   2,000원 PLAYER | P:8♣ 8♦=6  B:J♣ Q♣ A♦=1  PLAYER(W)  | +2,000원 → 102,950원  [end_win]
H009 | bet   1,000원 BANKER | P:4♠ 10♥ 4♣=8  B:A♥ Q♠ 4♦=5  PLAYER(L)  | -1,000원 → 101,950원  [start]
H010 | bet   2,000원 PLAYER | P:7♠ 10♥=7  B:7♣ A♥=8  BANKER(L)  | -2,000원 → 99,950원
H011 | bet   4,000원 PLAYER | P:2♠ Q♦=2  B:9♥ 10♥=9  BANKER(L)  | -4,000원 → 95,950원
H012 | bet   8,000원 PLAYER | P:3♥ J♠ 6♥=9  B:3♣ 8♣ Q♣=1  PLAYER(W)  | +8,000원 → 103,950원  [end_win]
H013 | bet   1,000원 BANKER | P:8♣ 3♠ 9♠=0  B:10♦ 7♥=7  BANKER(W)  | +950원 → 104,900원
H014 | bet   1,000원 BANKER | P:J♠ 6♥=6  B:2♠ 8♠ 7♦=7  BANKER(W)  | +950원 → 105,850원
H015 | bet   1,000원 BANKER | P:9♣ 4♠ 6♥=9  B:2♣ 9♦ A♦=2  PLAYER(L)  | -1,000원 → 104,850원  [start]
H016 | bet   2,000원 PLAYER | P:5♦ 10♦ Q♣=5  B:3♠ A♥=4  PLAYER(W)  | +2,000원 → 106,850원  [end_win]
H017 | bet   1,000원 BANKER | P:J♦ Q♦ 5♣=5  B:2♥ J♥ A♠=3  PLAYER(L)  | -1,000원 → 105,850원  [start]
H018 | bet   2,000원 PLAYER | P:2♠ Q♣ 3♦=5  B:9♠ 2♦ 2♣=3  PLAYER(W)  | +2,000원 → 107,850원  [end_win]
H019 | bet   1,000원 BANKER | P:4♥ K♦ 9♥=3  B:6♦ 6♣ 4♦=6  BANKER(W)  | +950원 → 108,800원
H020 | bet   1,000원 BANKER | P:10♣ A♣=1  B:Q♥ 8♦=8  BANKER(W)  | +950원 → 109,750원
H021 | bet   1,000원 BANKER | P:9♣ 10♣=9  B:3♣ 6♦=9  TIE(T)  |     0원 → 109,750원
H022 | bet   1,000원 BANKER | P:7♦ 7♥ K♣=4  B:K♠ A♦ 6♦=7  BANKER(W)  | +950원 → 110,700원
H023 | bet   1,000원 BANKER | P:2♣ J♥ 7♠=9  B:A♦ 6♣=7  PLAYER(L)  | -1,000원 → 109,700원  [start]
H024 | bet   2,000원 PLAYER | P:9♦ A♦ 8♣=8  B:7♦ 8♦=5  PLAYER(W)  | +2,000원 → 111,700원  [end_win]
H025 | bet   1,000원 BANKER | P:2♥ 4♠=6  B:5♦ 7♠ J♦=2  PLAYER(L)  | -1,000원 → 110,700원  [start]
H026 | bet   2,000원 PLAYER | P:3♥ 6♠=9  B:Q♠ 7♣=7  PLAYER(W)  | +2,000원 → 112,700원  [end_win]
H027 | bet   1,000원 BANKER | P:K♠ 6♠=6  B:5♠ A♣=6  TIE(T)  |     0원 → 112,700원
H028 | bet   1,000원 BANKER | P:4♣ 2♣=6  B:10♠ 2♣ 4♦=6  TIE(T)  |     0원 → 112,700원
H029 | bet   1,000원 BANKER | P:2♣ 8♣ 2♦=2  B:7♥ 8♥=5  BANKER(W)  | +950원 → 113,650원
H030 | bet   1,000원 BANKER | P:6♦ A♠=7  B:10♠ J♣ 4♠=4  PLAYER(L)  | -1,000원 → 112,650원  [start]
H031 | bet   2,000원 PLAYER | P:7♣ A♣=8  B:A♠ 2♥=3  PLAYER(W)  | +2,000원 → 114,650원  [end_win]
H032 | bet   1,000원 BANKER | P:4♠ 2♠=6  B:6♠ J♠=6  TIE(T)  |     0원 → 114,650원
H033 | bet   1,000원 BANKER | P:8♦ 5♠=3  B:4♣ 5♦=9  BANKER(W)  | +950원 → 115,600원
H034 | bet   1,000원 BANKER | P:K♥ A♠ 6♠=7  B:2♥ J♣ 8♠=0  PLAYER(L)  | -1,000원 → 114,600원  [start]
H035 | bet   2,000원 PLAYER | P:K♥ 9♣=9  B:K♠ 8♦=8  PLAYER(W)  | +2,000원 → 116,600원  [end_win]
H036 | bet   1,000원 BANKER | P:7♥ Q♠=7  B:6♦ A♠=7  TIE(T)  |     0원 → 116,600원
H037 | bet   1,000원 BANKER | P:9♠ 4♦=3  B:10♠ 8♥=8  BANKER(W)  | +950원 → 117,550원
H038 | bet   1,000원 BANKER | P:2♦ 4♥=6  B:K♥ 9♠=9  BANKER(W)  | +950원 → 118,500원
H039 | bet   1,000원 BANKER | P:9♠ 8♠=7  B:J♠ 9♣=9  BANKER(W)  | +950원 → 119,450원
H040 | bet   1,000원 BANKER | P:3♦ 5♥=8  B:4♣ Q♦=4  PLAYER(L)  | -1,000원 → 118,450원  [start]
H041 | bet   2,000원 PLAYER | P:9♠ K♠=9  B:J♠ Q♠=0  PLAYER(W)  | +2,000원 → 120,450원  [end_win]
H042 | bet   1,000원 BANKER | P:K♦ 7♣=7  B:10♦ K♣ J♠=0  PLAYER(L)  | -1,000원 → 119,450원  [start]
H043 | bet   2,000원 PLAYER | P:J♣ A♦ K♦=1  B:6♣ 10♥=6  BANKER(L)  | -2,000원 → 117,450원
H044 | bet   4,000원 PLAYER | P:2♥ K♦ 6♥=8  B:J♥ 5♣ 10♠=5  PLAYER(W)  | +4,000원 → 121,450원  [end_win]
H045 | bet   1,000원 BANKER | P:8♦ 2♠ 2♣=2  B:10♥ 2♦ 9♦=1  PLAYER(L)  | -1,000원 → 120,450원  [start]
H046 | bet   2,000원 PLAYER | P:5♣ 7♥ 5♠=7  B:3♠ 3♣=6  PLAYER(W)  | +2,000원 → 122,450원  [end_win]
H047 | bet   1,000원 BANKER | P:10♥ Q♣ 2♦=2  B:7♦ 5♠ 9♦=1  PLAYER(L)  | -1,000원 → 121,450원  [start]
H048 | bet   2,000원 PLAYER | P:4♥ 8♦ 10♦=2  B:9♦ 3♠ 10♠=2  TIE(T)  |     0원 → 121,450원
H049 | bet   2,000원 PLAYER | P:2♦ 2♦ 2♥=6  B:Q♠ 7♥=7  BANKER(L)  | -2,000원 → 119,450원
H050 | bet   4,000원 PLAYER | P:9♣ Q♦=9  B:8♣ 10♠=8  PLAYER(W)  | +4,000원 → 123,450원  [end_win]
H051 | bet   1,000원 BANKER | P:Q♣ 4♣ J♣=4  B:10♣ K♦ 2♥=2  PLAYER(L)  | -1,000원 → 122,450원  [start]
H052 | bet   2,000원 PLAYER | P:9♥ 9♣=8  B:3♠ 2♠=5  PLAYER(W)  | +2,000원 → 124,450원  [end_win]
H053 | bet   1,000원 BANKER | P:2♠ 4♠=6  B:Q♥ J♦ 7♠=7  BANKER(W)  | +950원 → 125,400원
H054 | bet   1,000원 BANKER | P:7♥ 8♠ 5♦=0  B:10♣ 7♠=7  BANKER(W)  | +950원 → 126,350원
H055 | bet   1,000원 BANKER | P:A♦ Q♣ K♥=1  B:J♥ 3♠ Q♦=3  BANKER(W)  | +950원 → 127,300원
H056 | bet   1,000원 BANKER | P:K♥ 6♣=6  B:5♥ 9♠ 8♣=2  PLAYER(L)  | -1,000원 → 126,300원  [start]
H057 | bet   2,000원 PLAYER | P:Q♣ Q♥ K♦=0  B:Q♠ 3♥ 9♣=2  BANKER(L)  | -2,000원 → 124,300원
H058 | bet   4,000원 PLAYER | P:2♦ 6♠=8  B:6♣ 3♥=9  BANKER(L)  | -4,000원 → 120,300원
H059 | bet   8,000원 PLAYER | P:5♠ 7♣=2  B:8♣ Q♥=8  BANKER(L)  | -8,000원 → 112,300원
H060 | bet  16,000원 PLAYER | P:10♣ 3♣ 4♠=7  B:5♥ K♥ 10♦=5  PLAYER(W)  | +16,000원 → 128,300원  [end_win]
H061 | bet   1,000원 BANKER | P:10♥ 7♣=7  B:3♦ K♣ 8♥=1  PLAYER(L)  | -1,000원 → 127,300원  [start]
H062 | bet   2,000원 PLAYER | P:A♥ 4♦ 6♥=1  B:3♦ Q♠ Q♥=3  BANKER(L)  | -2,000원 → 125,300원
H063 | bet   4,000원 PLAYER | P:4♣ 8♥=2  B:A♠ 8♠=9  BANKER(L)  | -4,000원 → 121,300원
H064 | bet   8,000원 PLAYER | P:7♦ J♦=7  B:3♥ J♣ 10♣=3  PLAYER(W)  | +8,000원 → 129,300원  [end_win]
H065 | bet   1,000원 BANKER | P:3♣ 5♣=8  B:9♠ 10♦=9  BANKER(W)  | +950원 → 130,250원
H066 | bet   1,000원 BANKER | P:5♦ 6♦ 8♥=9  B:A♥ 9♣ 6♦=6  PLAYER(L)  | -1,000원 → 129,250원  [start]
H067 | bet   2,000원 PLAYER | P:4♣ 10♣ 10♠=4  B:3♣ K♦ J♦=3  PLAYER(W)  | +2,000원 → 131,250원  [end_win]
H068 | bet   1,000원 BANKER | P:J♥ 6♠=6  B:7♥ K♣=7  BANKER(W)  | +950원 → 132,200원
H069 | bet   1,000원 BANKER | P:3♦ 7♠ K♣=0  B:A♥ A♥ A♣=3  BANKER(W)  | +950원 → 133,150원
H070 | bet   1,000원 BANKER | P:5♥ 6♥ 8♠=9  B:5♥ 6♣ J♠=1  PLAYER(L)  | -1,000원 → 132,150원  [start]
H071 | bet   2,000원 PLAYER | P:K♠ K♣ 7♣=7  B:6♠ 6♥ J♠=2  PLAYER(W)  | +2,000원 → 134,150원  [end_win]
H072 | bet   1,000원 BANKER | P:7♠ 10♦=7  B:3♠ 5♣=8  BANKER(W)  | +950원 → 135,100원
H073 | bet   1,000원 BANKER | P:J♣ 4♦=4  B:A♦ 7♦=8  BANKER(W)  | +950원 → 136,050원
H074 | bet   1,000원 BANKER | P:8♦ 3♦ Q♠=1  B:4♥ J♥=4  BANKER(W)  | +950원 → 137,000원
H075 | bet   1,000원 BANKER | P:A♣ Q♥ J♦=1  B:3♥ K♥ 3♠=6  BANKER(W)  | +950원 → 137,950원
H076 | bet   1,000원 BANKER | P:9♦ 8♥=7  B:K♣ 6♠=6  PLAYER(L)  | -1,000원 → 136,950원  [start]
H077 | bet   2,000원 PLAYER | P:5♣ 5♠ J♦=0  B:A♣ 9♥ 5♦=5  BANKER(L)  | -2,000원 → 134,950원
H078 | bet   4,000원 PLAYER | P:4♥ 4♥=8  B:9♦ J♥=9  BANKER(L)  | -4,000원 → 130,950원
H079 | bet   8,000원 PLAYER | P:A♣ 3♥ 4♦=8  B:7♣ K♠=7  PLAYER(W)  | +8,000원 → 138,950원  [end_win]
H080 | bet   1,000원 BANKER | P:8♠ 4♥ K♦=2  B:6♣ 4♣ 4♦=4  BANKER(W)  | +950원 → 139,900원
H081 | bet   1,000원 BANKER | P:10♦ J♥ Q♥=0  B:9♥ 3♣ Q♦=2  BANKER(W)  | +950원 → 140,850원
H082 | bet   1,000원 BANKER | P:K♣ 6♠=6  B:8♦ 5♦ 10♣=3  PLAYER(L)  | -1,000원 → 139,850원  [start]
H083 | bet   2,000원 PLAYER | P:3♥ 6♠=9  B:3♥ Q♠=3  PLAYER(W)  | +2,000원 → 141,850원  [end_win]
H084 | bet   1,000원 BANKER | P:6♠ 9♥ 3♥=8  B:9♠ 3♥ K♠=2  PLAYER(L)  | -1,000원 → 140,850원  [start]
H085 | bet   2,000원 PLAYER | P:4♠ 8♠ 5♠=7  B:J♦ 10♦ A♦=1  PLAYER(W)  | +2,000원 → 142,850원  [end_win]
H086 | bet   1,000원 BANKER | P:6♥ 9♣ K♣=5  B:7♦ J♥=7  BANKER(W)  | +950원 → 143,800원
H087 | bet   1,000원 BANKER | P:A♠ 5♠=6  B:J♣ 6♣=6  TIE(T)  |     0원 → 143,800원
H088 | bet   1,000원 BANKER | P:8♣ K♥=8  B:2♥ 8♥=0  PLAYER(L)  | -1,000원 → 142,800원  [start]
H089 | bet   2,000원 PLAYER | P:6♥ Q♣=6  B:7♣ 10♣=7  BANKER(L)  | -2,000원 → 140,800원
H090 | bet   4,000원 PLAYER | P:J♦ 10♥ K♦=0  B:J♠ 3♠ 9♦=2  BANKER(L)  | -4,000원 → 136,800원
H091 | bet   8,000원 PLAYER | P:J♣ Q♣ 2♣=2  B:4♠ 2♠=6  BANKER(L)  | -8,000원 → 128,800원
H092 | bet  16,000원 PLAYER | P:6♣ 6♣ A♣=3  B:8♣ 7♣=5  BANKER(L)  | -16,000원 → 112,800원
H093 | bet  32,000원 PLAYER | P:2♣ 8♦ 6♦=6  B:7♥ 4♣ 3♦=4  PLAYER(W)  | +32,000원 → 144,800원  [end_win]
H094 | bet   1,000원 BANKER | P:Q♣ 3♥ 9♣=2  B:2♦ 5♦=7  BANKER(W)  | +950원 → 145,750원
H095 | bet   1,000원 BANKER | P:5♦ 9♣ 8♦=2  B:7♠ 5♥ 4♦=6  BANKER(W)  | +950원 → 146,700원
H096 | bet   1,000원 BANKER | P:7♣ 10♥=7  B:8♠ 2♥ 7♦=7  TIE(T)  |     0원 → 146,700원
H097 | bet   1,000원 BANKER | P:7♥ 9♥=6  B:10♣ 2♣ 7♦=9  BANKER(W)  | +950원 → 147,650원
H098 | bet   1,000원 BANKER | P:6♣ Q♥=6  B:10♣ 2♣ 4♣=6  TIE(T)  |     0원 → 147,650원
H099 | bet   1,000원 BANKER | P:8♦ J♥=8  B:5♦ 5♦=0  PLAYER(L)  | -1,000원 → 146,650원  [start]
H100 | bet   2,000원 PLAYER | P:K♦ 3♣=3  B:7♠ A♠=8  BANKER(L)  | -2,000원 → 144,650원
H101 | bet   4,000원 PLAYER | P:5♠ A♠=6  B:A♣ K♥ Q♦=1  PLAYER(W)  | +4,000원 → 148,650원  [end_win]
H102 | bet   1,000원 BANKER | P:Q♦ 9♠=9  B:K♦ A♦=1  PLAYER(L)  | -1,000원 → 147,650원  [start]
H103 | bet   2,000원 PLAYER | P:Q♠ 7♠=7  B:J♣ 8♣=8  BANKER(L)  | -2,000원 → 145,650원
H104 | bet   4,000원 PLAYER | P:Q♥ 8♣=8  B:10♠ 5♥=5  PLAYER(W)  | +4,000원 → 149,650원  [end_win]
H105 | bet   1,000원 BANKER | P:5♠ 3♣=8  B:4♠ 4♦=8  TIE(T)  |     0원 → 149,650원
H106 | bet   1,000원 BANKER | P:K♥ Q♠ 7♣=7  B:10♥ 10♦ 7♥=7  TIE(T)  |     0원 → 149,650원
H107 | bet   1,000원 BANKER | P:10♠ A♥ K♠=1  B:2♣ Q♥ 9♦=1  TIE(T)  |     0원 → 149,650원
H108 | bet   1,000원 BANKER | P:7♦ 8♦ J♠=5  B:3♦ 3♣=6  BANKER(W)  | +950원 → 150,600원
H109 | bet   1,000원 BANKER | P:5♠ 5♥ A♠=1  B:Q♠ 3♠ 3♣=6  BANKER(W)  | +950원 → 151,550원
H110 | bet   1,000원 BANKER | P:4♦ 4♦=8  B:8♠ K♣=8  TIE(T)  |     0원 → 151,550원
H111 | bet   1,000원 BANKER | P:7♥ 6♥ 2♠=5  B:Q♠ 6♦=6  BANKER(W)  | +950원 → 152,500원
H112 | bet   1,000원 BANKER | P:3♠ 10♥ 5♠=8  B:8♥ 6♦ 10♣=4  PLAYER(L)  | -1,000원 → 151,500원  [start]
H113 | bet   2,000원 PLAYER | P:J♦ 10♠ K♣=0  B:K♥ 4♥=4  BANKER(L)  | -2,000원 → 149,500원
H114 | bet   4,000원 PLAYER | P:A♣ A♥=2  B:2♣ 6♠=8  BANKER(L)  | -4,000원 → 145,500원
H115 | bet   8,000원 PLAYER | P:3♠ 7♠ K♥=0  B:J♠ 3♥ Q♦=3  BANKER(L)  | -8,000원 → 137,500원
H116 | bet  16,000원 PLAYER | P:9♠ 6♠ 5♣=0  B:A♦ J♥ 8♥=9  BANKER(L)  | -16,000원 → 121,500원
H117 | bet  32,000원 PLAYER | P:Q♦ 10♠=0  B:8♠ Q♦=8  BANKER(L)  | -32,000원 → 89,500원  [end_giveup]
H118 | bet   1,000원 BANKER | P:K♦ 9♠=9  B:J♣ 5♠=5  PLAYER(L)  | -1,000원 → 88,500원  [start]
H119 | bet   2,000원 PLAYER | P:8♥ 8♥=6  B:5♥ 9♦ 5♥=9  BANKER(L)  | -2,000원 → 86,500원
H120 | bet   4,000원 PLAYER | P:K♦ 9♣=9  B:5♣ J♣=5  PLAYER(W)  | +4,000원 → 90,500원  [end_win]
H121 | bet   1,000원 BANKER | P:3♦ 10♣ 10♣=3  B:5♣ 7♣ 2♠=4  BANKER(W)  | +950원 → 91,450원
H122 | bet   1,000원 BANKER | P:Q♥ Q♣=0  B:6♣ 2♥=8  BANKER(W)  | +950원 → 92,400원
H123 | bet   1,000원 BANKER | P:J♦ Q♣=0  B:9♣ Q♥=9  BANKER(W)  | +950원 → 93,350원
H124 | bet   1,000원 BANKER | P:6♠ Q♣=6  B:2♦ A♥ 2♠=5  PLAYER(L)  | -1,000원 → 92,350원  [start]
H125 | bet   2,000원 PLAYER | P:3♥ A♥ J♣=4  B:6♣ J♠=6  BANKER(L)  | -2,000원 → 90,350원
H126 | bet   4,000원 PLAYER | P:10♣ 8♠=8  B:4♥ 5♣=9  BANKER(L)  | -4,000원 → 86,350원
H127 | bet   8,000원 PLAYER | P:J♦ K♦ 9♣=9  B:10♦ 10♦ 8♠=8  PLAYER(W)  | +8,000원 → 94,350원  [end_win]
H128 | bet   1,000원 BANKER | P:J♣ 3♠ 3♥=6  B:9♥ 6♥=5  PLAYER(L)  | -1,000원 → 93,350원  [start]
H129 | bet   2,000원 PLAYER | P:4♥ 9♥ J♦=3  B:7♦ 9♠=6  BANKER(L)  | -2,000원 → 91,350원
H130 | bet   4,000원 PLAYER | P:7♣ 7♦ J♥=4  B:6♥ A♣=7  BANKER(L)  | -4,000원 → 87,350원
H131 | bet   8,000원 PLAYER | P:3♠ 2♦=5  B:J♠ 9♥=9  BANKER(L)  | -8,000원 → 79,350원
H132 | bet  16,000원 PLAYER | P:5♣ 2♦=7  B:6♣ 8♣ J♦=4  PLAYER(W)  | +16,000원 → 95,350원  [end_win]
H133 | bet   1,000원 BANKER | P:J♥ 5♣ 6♠=1  B:Q♥ 5♥ 8♣=3  BANKER(W)  | +950원 → 96,300원
H134 | bet   1,000원 BANKER | P:A♦ 9♦ 7♥=7  B:5♥ 10♦ 8♦=3  PLAYER(L)  | -1,000원 → 95,300원  [start]
H135 | bet   2,000원 PLAYER | P:5♦ A♣=6  B:2♥ 6♥=8  BANKER(L)  | -2,000원 → 93,300원
H136 | bet   4,000원 PLAYER | P:9♥ 9♦=8  B:J♠ 9♣=9  BANKER(L)  | -4,000원 → 89,300원
H137 | bet   8,000원 PLAYER | P:9♥ 2♣=1  B:3♦ 5♥=8  BANKER(L)  | -8,000원 → 81,300원
H138 | bet  16,000원 PLAYER | P:5♣ K♥=5  B:6♥ 2♠=8  BANKER(L)  | -16,000원 → 65,300원
H139 | bet  32,000원 PLAYER | P:10♥ 9♦=9  B:A♦ 4♣=5  PLAYER(W)  | +32,000원 → 97,300원  [end_win]
H140 | bet   1,000원 BANKER | P:2♣ A♠ 4♥=7  B:K♣ K♣ 7♦=7  TIE(T)  |     0원 → 97,300원
H141 | bet   1,000원 BANKER | P:5♦ 2♠=7  B:4♦ 5♦=9  BANKER(W)  | +950원 → 98,250원
H142 | bet   1,000원 BANKER | P:3♦ 8♣ Q♥=1  B:J♠ 6♣=6  BANKER(W)  | +950원 → 99,200원
H143 | bet   1,000원 BANKER | P:J♠ 10♥ 2♥=2  B:4♣ A♥=5  BANKER(W)  | +950원 → 100,150원
H144 | bet   1,000원 BANKER | P:J♦ Q♠ 3♦=3  B:7♠ K♠=7  BANKER(W)  | +950원 → 101,100원
H145 | bet   1,000원 BANKER | P:2♦ 10♠ 4♥=6  B:4♣ 8♠ 8♠=0  PLAYER(L)  | -1,000원 → 100,100원  [start]
H146 | bet   2,000원 PLAYER | P:6♦ 4♠ 2♦=2  B:10♦ A♦ 7♠=8  BANKER(L)  | -2,000원 → 98,100원
H147 | bet   4,000원 PLAYER | P:8♦ J♥=8  B:3♣ 3♣=6  PLAYER(W)  | +4,000원 → 102,100원  [end_win]
H148 | bet   1,000원 BANKER | P:4♠ K♠=4  B:9♠ K♠=9  BANKER(W)  | +950원 → 103,050원
H149 | bet   1,000원 BANKER | P:10♦ K♦ 4♦=4  B:2♠ 2♦ 3♠=7  BANKER(W)  | +950원 → 104,000원
H150 | bet   1,000원 BANKER | P:8♥ A♠=9  B:K♦ 7♦=7  PLAYER(L)  | -1,000원 → 103,000원  [start]
H151 | bet   2,000원 PLAYER | P:Q♠ 9♠=9  B:10♠ 3♦=3  PLAYER(W)  | +2,000원 → 105,000원  [end_win]
H152 | bet   1,000원 BANKER | P:6♠ 8♥ 4♠=8  B:6♦ 4♥ 3♣=3  PLAYER(L)  | -1,000원 → 104,000원  [start]
H153 | bet   2,000원 PLAYER | P:4♦ 4♠=8  B:9♦ 7♣=6  PLAYER(W)  | +2,000원 → 106,000원  [end_win]
H154 | bet   1,000원 BANKER | P:A♥ K♠ 7♠=8  B:Q♥ 2♥ 4♦=6  PLAYER(L)  | -1,000원 → 105,000원  [start]
H155 | bet   2,000원 PLAYER | P:Q♠ J♣ 4♥=4  B:6♥ 9♦ A♣=6  BANKER(L)  | -2,000원 → 103,000원
H156 | bet   4,000원 PLAYER | P:3♦ J♥=3  B:K♣ 9♣=9  BANKER(L)  | -4,000원 → 99,000원
H157 | bet   8,000원 PLAYER | P:7♠ K♥=7  B:9♠ 6♦ 4♠=9  BANKER(L)  | -8,000원 → 91,000원
H158 | bet  16,000원 PLAYER | P:6♦ 2♦=8  B:10♦ 2♥=2  PLAYER(W)  | +16,000원 → 107,000원  [end_win]
H159 | bet   1,000원 BANKER | P:A♣ 6♦=7  B:A♥ K♠ 4♣=5  PLAYER(L)  | -1,000원 → 106,000원  [start]
H160 | bet   2,000원 PLAYER | P:4♣ K♣ 8♣=2  B:10♠ 3♠=3  BANKER(L)  | -2,000원 → 104,000원
H161 | bet   4,000원 PLAYER | P:7♣ A♠=8  B:8♥ 7♥=5  PLAYER(W)  | +4,000원 → 108,000원  [end_win]
H162 | bet   1,000원 BANKER | P:2♠ Q♦ K♠=2  B:2♥ 8♦ 7♥=7  BANKER(W)  | +950원 → 108,950원
H163 | bet   1,000원 BANKER | P:5♠ Q♦ A♠=6  B:5♣ 10♥=5  PLAYER(L)  | -1,000원 → 107,950원  [start]
H164 | bet   2,000원 PLAYER | P:4♥ K♥ A♥=5  B:A♣ Q♣ 7♥=8  BANKER(L)  | -2,000원 → 105,950원
H165 | bet   4,000원 PLAYER | P:2♣ J♠ J♥=2  B:7♠ 4♦ 7♦=8  BANKER(L)  | -4,000원 → 101,950원
H166 | bet   8,000원 PLAYER | P:Q♥ 5♣ 5♦=0  B:Q♦ K♣ 2♦=2  BANKER(L)  | -8,000원 → 93,950원
H167 | bet  16,000원 PLAYER | P:8♦ 3♥ 3♣=4  B:7♦ 7♣ 7♦=1  PLAYER(W)  | +16,000원 → 109,950원  [end_win]
H168 | bet   1,000원 BANKER | P:9♥ 8♥=7  B:7♠ 2♦=9  BANKER(W)  | +950원 → 110,900원
H169 | bet   1,000원 BANKER | P:8♥ 10♦=8  B:Q♦ J♣=0  PLAYER(L)  | -1,000원 → 109,900원  [start]
H170 | bet   2,000원 PLAYER | P:10♥ 7♥=7  B:2♥ 5♠=7  TIE(T)  |     0원 → 109,900원
H171 | bet   2,000원 PLAYER | P:3♥ A♦ 4♥=8  B:5♥ A♣=6  PLAYER(W)  | +2,000원 → 111,900원  [end_win]
H172 | bet   1,000원 BANKER | P:6♠ 4♥ A♦=1  B:A♣ 9♣ Q♠=0  PLAYER(L)  | -1,000원 → 110,900원  [start]
H173 | bet   2,000원 PLAYER | P:5♠ 2♠=7  B:7♣ 6♥ 6♥=9  BANKER(L)  | -2,000원 → 108,900원
H174 | bet   4,000원 PLAYER | P:K♦ 4♦ 10♠=4  B:6♣ 9♦=5  BANKER(L)  | -4,000원 → 104,900원
H175 | bet   8,000원 PLAYER | P:K♦ 6♠=6  B:3♥ 3♣=6  TIE(T)  |     0원 → 104,900원
H176 | bet   8,000원 PLAYER | P:Q♠ 8♠=8  B:5♥ Q♣=5  PLAYER(W)  | +8,000원 → 112,900원  [end_win]
H177 | bet   1,000원 BANKER | P:10♦ 5♦ A♣=6  B:9♥ 3♠ 2♥=4  PLAYER(L)  | -1,000원 → 111,900원  [start]
H178 | bet   2,000원 PLAYER | P:9♠ 8♠=7  B:8♣ 4♣ 9♣=1  PLAYER(W)  | +2,000원 → 113,900원  [end_win]
H179 | bet   1,000원 BANKER | P:7♠ K♠=7  B:8♦ 2♦ K♠=0  PLAYER(L)  | -1,000원 → 112,900원  [start]
H180 | bet   2,000원 PLAYER | P:A♥ 2♣ 8♦=1  B:K♥ Q♣ 6♦=6  BANKER(L)  | -2,000원 → 110,900원
H181 | bet   4,000원 PLAYER | P:9♠ Q♦=9  B:8♠ 4♦=2  PLAYER(W)  | +4,000원 → 114,900원  [end_win]
H182 | bet   1,000원 BANKER | P:10♣ 4♠ 3♠=7  B:6♦ 10♣=6  PLAYER(L)  | -1,000원 → 113,900원  [start]
H183 | bet   2,000원 PLAYER | P:A♣ 2♥ Q♥=3  B:A♠ 5♣=6  BANKER(L)  | -2,000원 → 111,900원
H184 | bet   4,000원 PLAYER | P:4♦ A♠ 6♠=1  B:A♦ K♠ 3♥=4  BANKER(L)  | -4,000원 → 107,900원
H185 | bet   8,000원 PLAYER | P:4♥ 10♦ A♥=5  B:10♦ 7♥=7  BANKER(L)  | -8,000원 → 99,900원
H186 | bet  16,000원 PLAYER | P:5♠ Q♠=5  B:2♣ 6♣=8  BANKER(L)  | -16,000원 → 83,900원
H187 | bet  32,000원 PLAYER | P:10♠ A♣ J♥=1  B:4♦ 2♦=6  BANKER(L)  | -32,000원 → 51,900원  [end_giveup]
H188 | bet   1,000원 BANKER | P:9♣ K♥=9  B:8♣ 3♣=1  PLAYER(L)  | -1,000원 → 50,900원  [start]
H189 | bet   2,000원 PLAYER | P:J♥ Q♠ 6♠=6  B:Q♦ 4♦ Q♥=4  PLAYER(W)  | +2,000원 → 52,900원  [end_win]
H190 | bet   1,000원 BANKER | P:K♣ 10♥ Q♥=0  B:K♠ 6♥=6  BANKER(W)  | +950원 → 53,850원
H191 | bet   1,000원 BANKER | P:10♠ Q♣ 10♦=0  B:2♠ J♦ 3♥=5  BANKER(W)  | +950원 → 54,800원
H192 | bet   1,000원 BANKER | P:6♦ 3♦=9  B:8♦ 4♠=2  PLAYER(L)  | -1,000원 → 53,800원  [start]
H193 | bet   2,000원 PLAYER | P:10♥ 3♣ 2♣=5  B:9♦ 3♠ A♥=3  PLAYER(W)  | +2,000원 → 55,800원  [end_win]
H194 | bet   1,000원 BANKER | P:9♦ 6♠ 9♦=4  B:Q♥ J♦ 2♥=2  PLAYER(L)  | -1,000원 → 54,800원  [start]
H195 | bet   2,000원 PLAYER | P:8♣ 5♦ 5♠=8  B:7♥ 4♠ J♥=1  PLAYER(W)  | +2,000원 → 56,800원  [end_win]
H196 | bet   1,000원 BANKER | P:2♥ 7♠=9  B:5♠ 7♦=2  PLAYER(L)  | -1,000원 → 55,800원  [start]
H197 | bet   2,000원 PLAYER | P:3♠ 8♥=1  B:9♠ J♦=9  BANKER(L)  | -2,000원 → 53,800원
H198 | bet   4,000원 PLAYER | P:K♥ 4♦ K♦=4  B:3♦ 4♥=7  BANKER(L)  | -4,000원 → 49,800원

Result: RUIN (capital_depleted)
Final: 49,800원  Hands: 198  Bets: 182  Wagered: 652,000원  Max losing streak: 8
