=== Session 10 ===
Seed: 5131712758418120108
Initial: 100,000원  Target: 500,000원  Ruin: 50,000원  Table-max: 100,000원
Strategy: martingale (pivot, steps=4)
Base bet: 1,000원  Primary side: BANKER

H001 | bet   1,000원 BANKER | P:4♥ J♠ 2♠=6  B:K♣ 3♣ 7♠=0  PLAYER(L)  | -1,000원 → 99,000원  [start]
H002 | bet   2,000원 PLAYER | P:8♣ A♣=9  B:A♠ 5♦=6  PLAYER(W)  | +2,000원 → 101,000원  [end_win]
H003 | bet   1,000원 BANKER | P:Q♣ 2♦ 4♥=6  B:2♠ J♥ 10♣=2  PLAYER(L)  | -1,000원 → 100,000원  [start]
H004 | bet   2,000원 PLAYER | P:J♦ 2♣ 7♦=9  B:A♦ 2♦ J♥=3  PLAYER(W)  | +2,000원 → 102,000원  [end_win]
H005 | bet   1,000원 BANKER | P:J♣ 3♥ 9♠=2  B:J♣ A♣ 9♥=0  PLAYER(L)  | -1,000원 → 101,000원  [start]
H006 | bet   2,000원 PLAYER | P:6♣ A♠=7  B:8♠ 9♠=7  TIE(T)  |     0원 → 101,000원
H007 | bet   2,000원 PLAYER | P:10♥ 10♥ K♠=0  B:7♦ 8♣=5  BANKER(L)  | -2,000원 → 99,000원
H008 | bet   4,000원 PLAYER | P:K♦ K♥ Q♠=0  B:9♣ 3♠ A♠=3  BANKER(L)  | -4,000원 → 95,000원
H009 | bet   8,000원 PLAYER | P:J♥ A♣ 2♦=3  B:5♣ 7♠ 4♠=6  BANKER(L)  | -8,000원 → 87,000원
H010 | bet  16,000원 PLAYER | P:7♠ 9♥=6  B:6♥ A♦=7  BANKER(L)  | -16,000원 → 71,000원  [end_giveup]
H011 | bet   1,000원 BANKER | P:10♥ K♦ 8♣=8  B:7♦ J♦=7  PLAYER(L)  | -1,000원 → 70,000원  [start]
H012 | bet   2,000원 PLAYER | P:8♠ 10♠=8  B:7♦ 9♥=6  PLAYER(W)  | +2,000원 → 72,000원  [end_win]
H013 | bet   1,000원 BANKER | P:Q♥ 2♦ K♦=2  B:8♦ 7♦=5  BANKER(W)  | +950원 → 72,950원
H014 | bet   1,000원 BANKER | P:9♦ 4♣ 9♣=2  B:J♥ Q♣ Q♦=0  PLAYER(L)  | -1,000원 → 71,950원  [start]
H015 | bet   2,000원 PLAYER | P:A♣ 9♣ 2♦=2  B:Q♦ 3♣ A♠=4  BANKER(L)  | -2,000원 → 69,950원
H016 | bet   4,000원 PLAYER | P:9♦ 8♥=7  B:6♦ 5♣ A♥=2  PLAYER(W)  | +4,000원 → 73,950원  [end_win]
H017 | bet   1,000원 BANKER | P:K♣ J♣ 2♠=2  B:Q♠ K♥ 7♣=7  BANKER(W)  | +950원 → 74,900원
H018 | bet   1,000원 BANKER | P:K♠ 7♣=7  B:5♣ K♥ 5♣=0  PLAYER(L)  | -1,000원 → 73,900원  [start]
H019 | bet   2,000원 PLAYER | P:10♥ A♦ J♠=1  B:5♥ A♦=6  BANKER(L)  | -2,000원 → 71,900원
H020 | bet   4,000원 PLAYER | P:10♦ 6♠=6  B:5♦ 8♣ 6♣=9  BANKER(L)  | -4,000원 → 67,900원
H021 | bet   8,000원 PLAYER | P:Q♠ Q♥=0  B:9♥ J♦=9  BANKER(L)  | -8,000원 → 59,900원
H022 | bet  16,000원 PLAYER | P:8♥ 6♥ Q♠=4  B:5♣ 9♠=4  TIE(T)  |     0원 → 59,900원
H023 | bet  16,000원 PLAYER | P:A♠ 9♦ 3♠=3  B:2♠ Q♦ 5♠=7  BANKER(L)  | -16,000원 → 43,900원  [end_giveup]

Result: RUIN (capital_depleted)
Final: 43,900원  Hands: 23  Bets: 21  Wagered: 80,000원  Max losing streak: 6
