=== Session 30 ===
Seed: 3000438492122948673
Initial: 100,000원  Target: 500,000원  Ruin: 50,000원  Table-max: 100,000원
Strategy: martingale (pivot, steps=4)
Base bet: 1,000원  Primary side: BANKER

H001 | bet   1,000원 BANKER | P:5♠ 5♥ J♣=0  B:2♠ Q♣ A♦=3  BANKER(W)  | +950원 → 100,950원
H002 | bet   1,000원 BANKER | P:9♣ A♣ 4♣=4  B:J♦ 4♠ K♠=4  TIE(T)  |     0원 → 100,950원
H003 | bet   1,000원 BANKER | P:9♣ K♦=9  B:K♣ 9♠=9  TIE(T)  |     0원 → 100,950원
H004 | bet   1,000원 BANKER | P:3♥ 9♠ K♥=2  B:6♣ 5♣ 6♠=7  BANKER(W)  | +950원 → 101,900원
H005 | bet   1,000원 BANKER | P:Q♥ 8♦=8  B:Q♣ 4♦=4  PLAYER(L)  | -1,000원 → 100,900원  [start]
H006 | bet   2,000원 PLAYER | P:5♠ 10♦ 10♠=5  B:3♦ 4♣=7  BANKER(L)  | -2,000원 → 98,900원
H007 | bet   4,000원 PLAYER | P:A♠ 8♣=9  B:6♣ Q♦=6  PLAYER(W)  | +4,000원 → 102,900원  [end_win]
H008 | bet   1,000원 BANKER | P:6♦ 3♠=9  B:6♠ 10♠=6  PLAYER(L)  | -1,000원 → 101,900원  [start]
H009 | bet   2,000원 PLAYER | P:J♣ 5♣ 2♣=7  B:2♦ Q♣ 4♠=6  PLAYER(W)  | +2,000원 → 103,900원  [end_win]
H010 | bet   1,000원 BANKER | P:9♣ 6♣ A♣=6  B:5♣ J♣=5  PLAYER(L)  | -1,000원 → 102,900원  [start]
H011 | bet   2,000원 PLAYER | P:8♠ 7♠ 6♥=1  B:J♠ 6♥ K♥=6  BANKER(L)  | -2,000원 → 100,900원
H012 | bet   4,000원 PLAYER | P:K♣ 5♦ 10♦=5  B:A♠ 3♠=4  PLAYER(W)  | +4,000원 → 104,900원  [end_win]
H013 | bet   1,000원 BANKER | P:9♣ 3♠ J♠=2  B:Q♦ 4♥=4  BANKER(W)  | +950원 → 105,850원
H014 | bet   1,000원 BANKER | P:7♦ 4♥=1  B:8♣ K♦=8  BANKER(W)  | +950원 → 106,800원
H015 | bet   1,000원 BANKER | P:Q♥ 7♠=7  B:8♠ 10♥=8  BANKER(W)  | +950원 → 107,750원
H016 | bet   1,000원 BANKER | P:4♥ 4♥=8  B:3♣ 3♦=6  PLAYER(L)  | -1,000원 → 106,750원  [start]
H017 | bet   2,000원 PLAYER | P:K♦ 4♦ 9♥=3  B:5♦ 10♥=5  BANKER(L)  | -2,000원 → 104,750원
H018 | bet   4,000원 PLAYER | P:Q♣ Q♦ 5♥=5  B:5♦ 2♥=7  BANKER(L)  | -4,000원 → 100,750원
H019 | bet   8,000원 PLAYER | P:7♠ 3♠ 4♦=4  B:A♠ 5♦=6  BANKER(L)  | -8,000원 → 92,750원
H020 | bet  16,000원 PLAYER | P:2♠ 4♦=6  B:A♠ 6♦=7  BANKER(L)  | -16,000원 → 76,750원  [end_giveup]
H021 | bet   1,000원 BANKER | P:4♥ 9♣ K♦=3  B:6♠ Q♠=6  BANKER(W)  | +950원 → 77,700원
H022 | bet   1,000원 BANKER | P:8♣ 8♣=6  B:2♦ A♣ K♣=3  PLAYER(L)  | -1,000원 → 76,700원  [start]
H023 | bet   2,000원 PLAYER | P:2♥ 7♠=9  B:Q♠ 10♣=0  PLAYER(W)  | +2,000원 → 78,700원  [end_win]
H024 | bet   1,000원 BANKER | P:2♦ K♥=2  B:9♠ Q♠=9  BANKER(W)  | +950원 → 79,650원
H025 | bet   1,000원 BANKER | P:9♠ Q♥=9  B:9♠ A♦=0  PLAYER(L)  | -1,000원 → 78,650원  [start]
H026 | bet   2,000원 PLAYER | P:J♣ 7♦=7  B:5♣ 3♣=8  BANKER(L)  | -2,000원 → 76,650원
H027 | bet   4,000원 PLAYER | P:A♦ 10♦ 9♦=0  B:A♥ 4♣=5  BANKER(L)  | -4,000원 → 72,650원
H028 | bet   8,000원 PLAYER | P:6♥ J♣=6  B:8♣ 9♥=7  BANKER(L)  | -8,000원 → 64,650원
H029 | bet  16,000원 PLAYER | P:2♥ Q♠ K♠=2  B:5♥ Q♦=5  BANKER(L)  | -16,000원 → 48,650원  [end_giveup]

Result: RUIN (capital_depleted)
Final: 48,650원  Hands: 29  Bets: 27  Wagered: 89,000원  Max losing streak: 5
