=== Session 20 ===
Seed: 801519116549617023
Initial: 100,000원  Target: 500,000원  Ruin: 50,000원  Table-max: 100,000원
Strategy: martingale (pivot, steps=4)
Base bet: 1,000원  Primary side: BANKER

H001 | bet   1,000원 BANKER | P:K♥ 4♣ J♠=4  B:3♠ 8♠ 3♥=4  TIE(T)  |     0원 → 100,000원
H002 | bet   1,000원 BANKER | P:K♥ J♦ 2♣=2  B:9♠ 3♥ A♣=3  BANKER(W)  | +950원 → 100,950원
H003 | bet   1,000원 BANKER | P:6♦ 10♣=6  B:8♥ 5♠ J♣=3  PLAYER(L)  | -1,000원 → 99,950원  [start]
H004 | bet   2,000원 PLAYER | P:10♥ 2♠ A♠=3  B:K♣ Q♦ 7♦=7  BANKER(L)  | -2,000원 → 97,950원
H005 | bet   4,000원 PLAYER | P:10♣ J♣ 7♣=7  B:J♥ K♦ A♦=1  PLAYER(W)  | +4,000원 → 101,950원  [end_win]
H006 | bet   1,000원 BANKER | P:6♥ Q♣=6  B:4♣ 3♦=7  BANKER(W)  | +950원 → 102,900원
H007 | bet   1,000원 BANKER | P:10♠ 3♥ J♥=3  B:2♦ A♣ 9♥=2  PLAYER(L)  | -1,000원 → 101,900원  [start]
H008 | bet   2,000원 PLAYER | P:4♥ 3♦=7  B:K♦ 2♣ 7♠=9  BANKER(L)  | -2,000원 → 99,900원
H009 | bet   4,000원 PLAYER | P:3♥ A♥=4  B:K♠ 9♠=9  BANKER(L)  | -4,000원 → 95,900원
H010 | bet   8,000원 PLAYER | P:Q♠ 4♥ 3♠=7  B:5♥ 5♠ 7♣=7  TIE(T)  |     0원 → 95,900원
H011 | bet   8,000원 PLAYER | P:10♠ 5♣=5  B:9♥ Q♣=9  BANKER(L)  | -8,000원 → 87,900원
H012 | bet  16,000원 PLAYER | P:A♥ 8♦=9  B:6♦ J♦=6  PLAYER(W)  | +16,000원 → 103,900원  [end_win]
H013 | bet   1,000원 BANKER | P:4♥ Q♥ 6♦=0  B:4♦ Q♣ 4♥=8  BANKER(W)  | +950원 → 104,850원
H014 | bet   1,000원 BANKER | P:5♦ Q♠ 10♥=5  B:3♥ 9♥ 4♣=6  BANKER(W)  | +950원 → 105,800원
H015 | bet   1,000원 BANKER | P:10♦ 6♠=6  B:K♥ K♦ 8♠=8  BANKER(W)  | +950원 → 106,750원
H016 | bet   1,000원 BANKER | P:8♥ 5♥ 2♠=5  B:9♠ 2♦ 8♠=9  BANKER(W)  | +950원 → 107,700원
H017 | bet   1,000원 BANKER | P:J♠ 8♥=8  B:4♠ 4♥=8  TIE(T)  |     0원 → 107,700원
H018 | bet   1,000원 BANKER | P:9♦ 7♠=6  B:6♣ J♥=6  TIE(T)  |     0원 → 107,700원
H019 | bet   1,000원 BANKER | P:J♣ A♠ 8♠=9  B:4♥ 3♥=7  PLAYER(L)  | -1,000원 → 106,700원  [start]
H020 | bet   2,000원 PLAYER | P:K♥ 4♠=4  B:K♦ 9♣=9  BANKER(L)  | -2,000원 → 104,700원
H021 | bet   4,000원 PLAYER | P:4♥ A♥ K♦=5  B:Q♥ J♠ K♥=0  PLAYER(W)  | +4,000원 → 108,700원  [end_win]
H022 | bet   1,000원 BANKER | P:5♥ 6♣ K♠=1  B:6♠ 4♦ 6♣=6  BANKER(W)  | +950원 → 109,650원
H023 | bet   1,000원 BANKER | P:9♣ 7♠=6  B:K♣ A♠ 2♥=3  PLAYER(L)  | -1,000원 → 108,650원  [start]
H024 | bet   2,000원 PLAYER | P:K♠ 6♥=6  B:8♣ 5♥ 7♥=0  PLAYER(W)  | +2,000원 → 110,650원  [end_win]
H025 | bet   1,000원 BANKER | P:K♣ Q♦ 7♠=7  B:10♥ Q♥ 4♠=4  PLAYER(L)  | -1,000원 → 109,650원  [start]
H026 | bet   2,000원 PLAYER | P:2♣ J♥ A♦=3  B:9♣ 8♠=7  BANKER(L)  | -2,000원 → 107,650원
H027 | bet   4,000원 PLAYER | P:6♠ 9♣ 3♦=8  B:K♦ 2♦ 2♣=4  PLAYER(W)  | +4,000원 → 111,650원  [end_win]
H028 | bet   1,000원 BANKER | P:8♥ 7♦ 7♠=2  B:10♠ 6♥ 10♠=6  BANKER(W)  | +950원 → 112,600원
H029 | bet   1,000원 BANKER | P:6♣ 3♦=9  B:5♣ 6♥=1  PLAYER(L)  | -1,000원 → 111,600원  [start]
H030 | bet   2,000원 PLAYER | P:3♣ 7♣ 4♣=4  B:A♣ 4♦ J♦=5  BANKER(L)  | -2,000원 → 109,600원
H031 | bet   4,000원 PLAYER | P:Q♦ K♦=0  B:7♦ A♠=8  BANKER(L)  | -4,000원 → 105,600원
H032 | bet   8,000원 PLAYER | P:6♣ 10♣=6  B:8♣ Q♦=8  BANKER(L)  | -8,000원 → 97,600원
H033 | bet  16,000원 PLAYER | P:A♠ K♠ 9♦=0  B:A♦ K♥ Q♦=1  BANKER(L)  | -16,000원 → 81,600원  [end_giveup]
H034 | bet   1,000원 BANKER | P:A♦ 10♥ 10♠=1  B:8♥ 3♣ 9♥=0  PLAYER(L)  | -1,000원 → 80,600원  [start]
H035 | bet   2,000원 PLAYER | P:K♣ A♠ 8♦=9  B:10♦ A♠ 4♦=5  PLAYER(W)  | +2,000원 → 82,600원  [end_win]
H036 | bet   1,000원 BANKER | P:J♦ 6♦=6  B:7♦ 8♠ 7♣=2  PLAYER(L)  | -1,000원 → 81,600원  [start]
H037 | bet   2,000원 PLAYER | P:6♦ A♣=7  B:4♠ 10♠ 10♦=4  PLAYER(W)  | +2,000원 → 83,600원  [end_win]
H038 | bet   1,000원 BANKER | P:K♣ 9♦=9  B:5♦ 7♠=2  PLAYER(L)  | -1,000원 → 82,600원  [start]
H039 | bet   2,000원 PLAYER | P:Q♠ 5♥ Q♣=5  B:5♣ K♠=5  TIE(T)  |     0원 → 82,600원
H040 | bet   2,000원 PLAYER | P:A♠ 5♥=6  B:Q♠ Q♣ 2♠=2  PLAYER(W)  | +2,000원 → 84,600원  [end_win]
H041 | bet   1,000원 BANKER | P:5♦ A♥=6  B:4♥ 2♥=6  TIE(T)  |     0원 → 84,600원
H042 | bet   1,000원 BANKER | P:2♦ 4♦=6  B:3♦ 5♠=8  BANKER(W)  | +950원 → 85,550원
H043 | bet   1,000원 BANKER | P:A♦ 7♥=8  B:10♥ J♠=0  PLAYER(L)  | -1,000원 → 84,550원  [start]
H044 | bet   2,000원 PLAYER | P:7♥ 8♣ Q♦=5  B:7♦ 5♥ 5♦=7  BANKER(L)  | -2,000원 → 82,550원
H045 | bet   4,000원 PLAYER | P:5♠ 5♠ 9♠=9  B:3♣ 3♣=6  PLAYER(W)  | +4,000원 → 86,550원  [end_win]
H046 | bet   1,000원 BANKER | P:Q♠ 5♠ J♠=5  B:7♥ 6♠ 7♠=0  PLAYER(L)  | -1,000원 → 85,550원  [start]
H047 | bet   2,000원 PLAYER | P:3♠ 8♣ J♦=1  B:8♥ 9♦=7  BANKER(L)  | -2,000원 → 83,550원
H048 | bet   4,000원 PLAYER | P:Q♥ 6♥=6  B:3♦ 4♣=7  BANKER(L)  | -4,000원 → 79,550원
H049 | bet   8,000원 PLAYER | P:10♦ 2♣ J♦=2  B:K♠ 10♥ 5♥=5  BANKER(L)  | -8,000원 → 71,550원
H050 | bet  16,000원 PLAYER | P:6♦ J♣=6  B:7♦ 4♠ 8♣=9  BANKER(L)  | -16,000원 → 55,550원  [end_giveup]
H051 | bet   1,000원 BANKER | P:9♦ 6♥ 5♣=0  B:5♦ 5♦ K♠=0  TIE(T)  |     0원 → 55,550원
H052 | bet   1,000원 BANKER | P:4♦ 2♠=6  B:7♦ 8♣ J♦=5  PLAYER(L)  | -1,000원 → 54,550원  [start]
H053 | bet   2,000원 PLAYER | P:J♥ 5♦ J♥=5  B:6♣ 10♦=6  BANKER(L)  | -2,000원 → 52,550원
H054 | bet   4,000원 PLAYER | P:9♣ J♠=9  B:8♦ J♣=8  PLAYER(W)  | +4,000원 → 56,550원  [end_win]
H055 | bet   1,000원 BANKER | P:7♦ 4♦ 5♠=6  B:A♣ J♣ A♦=2  PLAYER(L)  | -1,000원 → 55,550원  [start]
H056 | bet   2,000원 PLAYER | P:2♥ 8♦ 9♥=9  B:A♦ 10♠ 10♣=1  PLAYER(W)  | +2,000원 → 57,550원  [end_win]
H057 | bet   1,000원 BANKER | P:3♦ Q♠ Q♦=3  B:10♣ 2♠ 10♦=2  PLAYER(L)  | -1,000원 → 56,550원  [start]
H058 | bet   2,000원 PLAYER | P:5♣ 2♦=7  B:4♦ 7♥ 6♣=7  TIE(T)  |     0원 → 56,550원
H059 | bet   2,000원 PLAYER | P:8♠ 9♥=7  B:2♣ 6♣=8  BANKER(L)  | -2,000원 → 54,550원
H060 | bet   4,000원 PLAYER | P:2♥ Q♥ K♥=2  B:6♥ 7♥ 10♠=3  BANKER(L)  | -4,000원 → 50,550원
H061 | bet   8,000원 PLAYER | P:J♦ 9♠=9  B:8♦ K♦=8  PLAYER(W)  | +8,000원 → 58,550원  [end_win]
H062 | bet   1,000원 BANKER | P:4♠ 7♣ 2♦=3  B:2♥ 8♥ 10♥=0  PLAYER(L)  | -1,000원 → 57,550원  [start]
H063 | bet   2,000원 PLAYER | P:K♣ 4♣ 3♥=7  B:A♣ 9♠ J♠=0  PLAYER(W)  | +2,000원 → 59,550원  [end_win]
H064 | bet   1,000원 BANKER | P:4♣ 3♠=7  B:7♣ 6♦ Q♠=3  PLAYER(L)  | -1,000원 → 58,550원  [start]
H065 | bet   2,000원 PLAYER | P:J♣ A♣ 9♠=0  B:J♣ 6♠=6  BANKER(L)  | -2,000원 → 56,550원
H066 | bet   4,000원 PLAYER | P:K♥ K♠ 3♣=3  B:Q♥ A♣ 6♠=7  BANKER(L)  | -4,000원 → 52,550원
H067 | bet   8,000원 PLAYER | P:10♣ 6♠=6  B:6♦ J♥=6  TIE(T)  |     0원 → 52,550원
H068 | bet   8,000원 PLAYER | P:9♣ A♥ 7♥=7  B:8♠ 8♦ 10♣=6  PLAYER(W)  | +8,000원 → 60,550원  [end_win]
H069 | bet   1,000원 BANKER | P:5♦ 8♦=3  B:10♦ 8♥=8  BANKER(W)  | +950원 → 61,500원
H070 | bet   1,000원 BANKER | P:7♣ A♦=8  B:K♣ 3♠=3  PLAYER(L)  | -1,000원 → 60,500원  [start]
H071 | bet   2,000원 PLAYER | P:3♠ 3♦=6  B:A♥ 9♠ Q♦=0  PLAYER(W)  | +2,000원 → 62,500원  [end_win]
H072 | bet   1,000원 BANKER | P:3♠ J♠=3  B:6♠ 2♦=8  BANKER(W)  | +950원 → 63,450원
H073 | bet   1,000원 BANKER | P:4♠ Q♣=4  B:9♥ Q♣=9  BANKER(W)  | +950원 → 64,400원
H074 | bet   1,000원 BANKER | P:7♥ 3♠ 10♣=0  B:4♣ Q♣=4  BANKER(W)  | +950원 → 65,350원
H075 | bet   1,000원 BANKER | P:7♠ 8♦ 8♣=3  B:Q♥ J♥ 2♦=2  PLAYER(L)  | -1,000원 → 64,350원  [start]
H076 | bet   2,000원 PLAYER | P:2♥ 5♣=7  B:10♦ 3♣ 9♦=2  PLAYER(W)  | +2,000원 → 66,350원  [end_win]
H077 | bet   1,000원 BANKER | P:2♣ 2♠ 5♠=9  B:7♣ 5♣ A♥=3  PLAYER(L)  | -1,000원 → 65,350원  [start]
H078 | bet   2,000원 PLAYER | P:2♥ 9♦ 9♣=0  B:Q♥ 2♠ 9♥=1  BANKER(L)  | -2,000원 → 63,350원
H079 | bet   4,000원 PLAYER | P:A♥ 4♠ 3♣=8  B:2♣ 5♣=7  PLAYER(W)  | +4,000원 → 67,350원  [end_win]
H080 | bet   1,000원 BANKER | P:9♦ 7♣=6  B:10♠ J♥ 9♦=9  BANKER(W)  | +950원 → 68,300원
H081 | bet   1,000원 BANKER | P:7♥ 5♦ K♥=2  B:8♥ 5♦ 8♦=1  PLAYER(L)  | -1,000원 → 67,300원  [start]
H082 | bet   2,000원 PLAYER | P:9♦ 10♣=9  B:K♣ 4♥=4  PLAYER(W)  | +2,000원 → 69,300원  [end_win]
H083 | bet   1,000원 BANKER | P:7♦ 3♠ J♦=0  B:7♣ 3♣ 8♠=8  BANKER(W)  | +950원 → 70,250원
H084 | bet   1,000원 BANKER | P:3♠ 4♠=7  B:4♠ 10♠ K♥=4  PLAYER(L)  | -1,000원 → 69,250원  [start]
H085 | bet   2,000원 PLAYER | P:A♦ 2♦ J♣=3  B:4♦ 6♥ Q♣=0  PLAYER(W)  | +2,000원 → 71,250원  [end_win]
H086 | bet   1,000원 BANKER | P:3♠ 2♥=5  B:A♣ 7♠=8  BANKER(W)  | +950원 → 72,200원
H087 | bet   1,000원 BANKER | P:8♦ K♥=8  B:K♥ 8♠=8  TIE(T)  |     0원 → 72,200원
H088 | bet   1,000원 BANKER | P:A♣ 4♣ 10♠=5  B:Q♥ K♠ 5♦=5  TIE(T)  |     0원 → 72,200원
H089 | bet   1,000원 BANKER | P:2♣ 4♠=6  B:8♦ 4♣ 7♠=9  BANKER(W)  | +950원 → 73,150원
H090 | bet   1,000원 BANKER | P:10♥ 9♣=9  B:8♣ 8♠=6  PLAYER(L)  | -1,000원 → 72,150원  [start]
H091 | bet   2,000원 PLAYER | P:9♦ 4♣ J♠=3  B:9♥ 7♣=6  BANKER(L)  | -2,000원 → 70,150원
H092 | bet   4,000원 PLAYER | P:J♣ 4♦=4  B:2♠ 7♣=9  BANKER(L)  | -4,000원 → 66,150원
H093 | bet   8,000원 PLAYER | P:9♥ 10♠=9  B:5♦ K♦=5  PLAYER(W)  | +8,000원 → 74,150원  [end_win]
H094 | bet   1,000원 BANKER | P:2♥ 8♥ 10♦=0  B:A♠ 3♥=4  BANKER(W)  | +950원 → 75,100원
H095 | bet   1,000원 BANKER | P:2♦ 4♥=6  B:8♠ K♣=8  BANKER(W)  | +950원 → 76,050원
H096 | bet   1,000원 BANKER | P:9♠ 10♥=9  B:10♦ J♦=0  PLAYER(L)  | -1,000원 → 75,050원  [start]
H097 | bet   2,000원 PLAYER | P:9♠ 5♠ 2♥=6  B:4♠ A♦=5  PLAYER(W)  | +2,000원 → 77,050원  [end_win]
H098 | bet   1,000원 BANKER | P:J♦ Q♦ Q♣=0  B:5♣ K♦=5  BANKER(W)  | +950원 → 78,000원
H099 | bet   1,000원 BANKER | P:9♥ Q♣=9  B:Q♦ A♠=1  PLAYER(L)  | -1,000원 → 77,000원  [start]
H100 | bet   2,000원 PLAYER | P:9♣ 4♦ 8♥=1  B:7♥ Q♦=7  BANKER(L)  | -2,000원 → 75,000원
H101 | bet   4,000원 PLAYER | P:9♦ K♣=9  B:A♠ A♣=2  PLAYER(W)  | +4,000원 → 79,000원  [end_win]
H102 | bet   1,000원 BANKER | P:J♠ 6♠=6  B:J♦ 4♦ Q♦=4  PLAYER(L)  | -1,000원 → 78,000원  [start]
H103 | bet   2,000원 PLAYER | P:Q♣ 10♣ 8♦=8  B:A♥ 6♠=7  PLAYER(W)  | +2,000원 → 80,000원  [end_win]
H104 | bet   1,000원 BANKER | P:5♠ 9♣ 2♠=6  B:5♠ A♠=6  TIE(T)  |     0원 → 80,000원
H105 | bet   1,000원 BANKER | P:7♥ 3♥ A♦=1  B:7♠ 6♥ 10♦=3  BANKER(W)  | +950원 → 80,950원
H106 | bet   1,000원 BANKER | P:2♦ 2♦ 3♣=7  B:5♠ 8♣ K♣=3  PLAYER(L)  | -1,000원 → 79,950원  [start]
H107 | bet   2,000원 PLAYER | P:6♥ 4♣ 7♦=7  B:A♥ A♣ 4♥=6  PLAYER(W)  | +2,000원 → 81,950원  [end_win]
H108 | bet   1,000원 BANKER | P:10♥ 6♦=6  B:8♦ 3♠ 5♠=6  TIE(T)  |     0원 → 81,950원
H109 | bet   1,000원 BANKER | P:8♣ 6♣ A♥=5  B:7♠ 10♥=7  BANKER(W)  | +950원 → 82,900원
H110 | bet   1,000원 BANKER | P:4♥ J♠ 3♣=7  B:Q♣ 2♠ 6♣=8  BANKER(W)  | +950원 → 83,850원
H111 | bet   1,000원 BANKER | P:3♦ 4♣=7  B:K♣ 3♠ 5♦=8  BANKER(W)  | +950원 → 84,800원
H112 | bet   1,000원 BANKER | P:K♦ 3♠ 3♣=6  B:Q♠ Q♥ 2♣=2  PLAYER(L)  | -1,000원 → 83,800원  [start]
H113 | bet   2,000원 PLAYER | P:6♦ 7♣ 7♥=0  B:3♣ 2♣ K♠=5  BANKER(L)  | -2,000원 → 81,800원
H114 | bet   4,000원 PLAYER | P:3♠ 10♥=3  B:Q♦ 9♥=9  BANKER(L)  | -4,000원 → 77,800원
H115 | bet   8,000원 PLAYER | P:6♥ 7♣ 6♠=9  B:6♠ 10♣ Q♦=6  PLAYER(W)  | +8,000원 → 85,800원  [end_win]
H116 | bet   1,000원 BANKER | P:A♥ Q♠ 7♠=8  B:7♦ 7♦ 9♥=3  PLAYER(L)  | -1,000원 → 84,800원  [start]
H117 | bet   2,000원 PLAYER | P:K♣ 4♦ 2♥=6  B:5♣ 8♥ K♥=3  PLAYER(W)  | +2,000원 → 86,800원  [end_win]
H118 | bet   1,000원 BANKER | P:2♥ 6♦=8  B:4♦ 3♥=7  PLAYER(L)  | -1,000원 → 85,800원  [start]
H119 | bet   2,000원 PLAYER | P:J♣ 5♥ 2♥=7  B:J♥ J♠ 2♣=2  PLAYER(W)  | +2,000원 → 87,800원  [end_win]
H120 | bet   1,000원 BANKER | P:4♥ 8♠ 7♦=9  B:7♥ 6♠ Q♥=3  PLAYER(L)  | -1,000원 → 86,800원  [start]
H121 | bet   2,000원 PLAYER | P:J♥ 4♠ K♥=4  B:J♣ 3♠ K♠=3  PLAYER(W)  | +2,000원 → 88,800원  [end_win]
H122 | bet   1,000원 BANKER | P:3♥ J♥ 5♣=8  B:9♦ 2♦ 3♦=4  PLAYER(L)  | -1,000원 → 87,800원  [start]
H123 | bet   2,000원 PLAYER | P:3♦ A♣=4  B:10♣ 9♠=9  BANKER(L)  | -2,000원 → 85,800원
H124 | bet   4,000원 PLAYER | P:4♥ 3♥=7  B:9♦ 10♣=9  BANKER(L)  | -4,000원 → 81,800원
H125 | bet   8,000원 PLAYER | P:A♦ 5♥=6  B:10♣ 4♠ Q♣=4  PLAYER(W)  | +8,000원 → 89,800원  [end_win]
H126 | bet   1,000원 BANKER | P:K♦ J♠ K♦=0  B:J♥ A♣ 5♠=6  BANKER(W)  | +950원 → 90,750원
H127 | bet   1,000원 BANKER | P:3♦ 5♣=8  B:8♣ 6♣=4  PLAYER(L)  | -1,000원 → 89,750원  [start]
H128 | bet   2,000원 PLAYER | P:2♠ 10♦ 10♠=2  B:A♦ 6♥=7  BANKER(L)  | -2,000원 → 87,750원
H129 | bet   4,000원 PLAYER | P:6♥ 7♦ K♦=3  B:5♥ 6♣ 5♠=6  BANKER(L)  | -4,000원 → 83,750원
H130 | bet   8,000원 PLAYER | P:A♥ 10♠ Q♥=1  B:10♠ Q♠ 3♦=3  BANKER(L)  | -8,000원 → 75,750원
H131 | bet  16,000원 PLAYER | P:6♣ A♥=7  B:K♦ 2♣ 10♥=2  PLAYER(W)  | +16,000원 → 91,750원  [end_win]
H132 | bet   1,000원 BANKER | P:7♥ 10♦=7  B:K♥ 9♠=9  BANKER(W)  | +950원 → 92,700원
H133 | bet   1,000원 BANKER | P:8♦ 10♦=8  B:8♥ 4♣=2  PLAYER(L)  | -1,000원 → 91,700원  [start]
H134 | bet   2,000원 PLAYER | P:8♣ K♠=8  B:9♣ 9♠=8  TIE(T)  |     0원 → 91,700원
H135 | bet   2,000원 PLAYER | P:4♣ K♠ 8♥=2  B:6♠ 10♥=6  BANKER(L)  | -2,000원 → 89,700원
H136 | bet   4,000원 PLAYER | P:6♦ 2♠=8  B:2♦ J♦=2  PLAYER(W)  | +4,000원 → 93,700원  [end_win]
H137 | bet   1,000원 BANKER | P:5♣ 10♣=5  B:J♥ 9♦=9  BANKER(W)  | +950원 → 94,650원
H138 | bet   1,000원 BANKER | P:5♦ 8♦ 8♦=1  B:6♦ K♠=6  BANKER(W)  | +950원 → 95,600원
H139 | bet   1,000원 BANKER | P:4♦ K♦ 5♥=9  B:6♦ 7♥ Q♣=3  PLAYER(L)  | -1,000원 → 94,600원  [start]
H140 | bet   2,000원 PLAYER | P:Q♦ Q♠ J♥=0  B:5♣ 2♦=7  BANKER(L)  | -2,000원 → 92,600원
H141 | bet   4,000원 PLAYER | P:J♠ 7♠=7  B:K♠ 10♥ Q♠=0  PLAYER(W)  | +4,000원 → 96,600원  [end_win]
H142 | bet   1,000원 BANKER | P:3♥ 2♠ 5♣=0  B:8♠ 8♣=6  BANKER(W)  | +950원 → 97,550원
H143 | bet   1,000원 BANKER | P:10♦ 5♠ 6♣=1  B:J♣ 3♥ 7♣=0  PLAYER(L)  | -1,000원 → 96,550원  [start]
H144 | bet   2,000원 PLAYER | P:7♣ 3♣ Q♠=0  B:J♠ J♦ 5♥=5  BANKER(L)  | -2,000원 → 94,550원
H145 | bet   4,000원 PLAYER | P:4♥ 5♣=9  B:A♥ 3♣=4  PLAYER(W)  | +4,000원 → 98,550원  [end_win]
H146 | bet   1,000원 BANKER | P:9♥ A♠ 9♣=9  B:8♠ 8♥=6  PLAYER(L)  | -1,000원 → 97,550원  [start]
H147 | bet   2,000원 PLAYER | P:9♥ 7♦=6  B:3♦ 9♣ A♣=3  PLAYER(W)  | +2,000원 → 99,550원  [end_win]
H148 | bet   1,000원 BANKER | P:A♥ 4♣ 3♣=8  B:Q♥ A♠ 2♥=3  PLAYER(L)  | -1,000원 → 98,550원  [start]
H149 | bet   2,000원 PLAYER | P:10♠ 2♥ 9♣=1  B:3♦ 9♠ 9♣=1  TIE(T)  |     0원 → 98,550원
H150 | bet   2,000원 PLAYER | P:8♣ A♦=9  B:J♦ Q♠=0  PLAYER(W)  | +2,000원 → 100,550원  [end_win]
H151 | bet   1,000원 BANKER | P:K♥ K♣ Q♥=0  B:J♣ 6♠=6  BANKER(W)  | +950원 → 101,500원
H152 | bet   1,000원 BANKER | P:6♦ 7♥=3  B:4♦ 5♥=9  BANKER(W)  | +950원 → 102,450원
H153 | bet   1,000원 BANKER | P:Q♥ 10♦ J♣=0  B:Q♣ 7♠=7  BANKER(W)  | +950원 → 103,400원
H154 | bet   1,000원 BANKER | P:4♥ 4♠=8  B:6♣ 9♠=5  PLAYER(L)  | -1,000원 → 102,400원  [start]
H155 | bet   2,000원 PLAYER | P:Q♦ 8♥=8  B:6♦ A♣=7  PLAYER(W)  | +2,000원 → 104,400원  [end_win]
H156 | bet   1,000원 BANKER | P:6♣ A♦=7  B:7♦ A♠=8  BANKER(W)  | +950원 → 105,350원
H157 | bet   1,000원 BANKER | P:K♣ 9♠=9  B:J♦ 5♦=5  PLAYER(L)  | -1,000원 → 104,350원  [start]
H158 | bet   2,000원 PLAYER | P:10♣ Q♥=0  B:2♣ 7♠=9  BANKER(L)  | -2,000원 → 102,350원
H159 | bet   4,000원 PLAYER | P:2♣ Q♠ 9♥=1  B:8♠ 5♦ 6♥=9  BANKER(L)  | -4,000원 → 98,350원
H160 | bet   8,000원 PLAYER | P:3♥ 4♠=7  B:J♥ 2♣ K♠=2  PLAYER(W)  | +8,000원 → 106,350원  [end_win]
H161 | bet   1,000원 BANKER | P:Q♠ 8♠=8  B:3♣ 3♣=6  PLAYER(L)  | -1,000원 → 105,350원  [start]
H162 | bet   2,000원 PLAYER | P:A♣ 5♣=6  B:3♠ J♥ A♥=4  PLAYER(W)  | +2,000원 → 107,350원  [end_win]
H163 | bet   1,000원 BANKER | P:5♥ 9♣ 10♥=4  B:J♣ A♠ 3♠=4  TIE(T)  |     0원 → 107,350원
H164 | bet   1,000원 BANKER | P:8♣ 5♠ 2♠=5  B:9♦ 8♥=7  BANKER(W)  | +950원 → 108,300원
H165 | bet   1,000원 BANKER | P:10♣ 6♦=6  B:7♣ 2♠=9  BANKER(W)  | +950원 → 109,250원
H166 | bet   1,000원 BANKER | P:3♦ 10♦=3  B:5♣ 3♠=8  BANKER(W)  | +950원 → 110,200원
H167 | bet   1,000원 BANKER | P:9♥ K♣=9  B:4♠ 5♦=9  TIE(T)  |     0원 → 110,200원
H168 | bet   1,000원 BANKER | P:A♠ 3♥ 7♣=1  B:10♦ K♠ 7♠=7  BANKER(W)  | +950원 → 111,150원
H169 | bet   1,000원 BANKER | P:2♣ 5♠=7  B:6♠ J♠=6  PLAYER(L)  | -1,000원 → 110,150원  [start]
H170 | bet   2,000원 PLAYER | P:8♣ 10♠=8  B:K♥ K♦=0  PLAYER(W)  | +2,000원 → 112,150원  [end_win]
H171 | bet   1,000원 BANKER | P:J♦ 4♦ 4♣=8  B:8♠ 3♣ 5♣=6  PLAYER(L)  | -1,000원 → 111,150원  [start]
H172 | bet   2,000원 PLAYER | P:3♥ 6♥=9  B:9♦ 5♣=4  PLAYER(W)  | +2,000원 → 113,150원  [end_win]
H173 | bet   1,000원 BANKER | P:J♣ K♣=0  B:3♠ 5♥=8  BANKER(W)  | +950원 → 114,100원
H174 | bet   1,000원 BANKER | P:9♥ 9♠=8  B:4♠ 2♠=6  PLAYER(L)  | -1,000원 → 113,100원  [start]
H175 | bet   2,000원 PLAYER | P:A♦ 2♦ K♥=3  B:7♥ Q♥=7  BANKER(L)  | -2,000원 → 111,100원
H176 | bet   4,000원 PLAYER | P:K♥ Q♦ 4♥=4  B:5♥ K♣ Q♣=5  BANKER(L)  | -4,000원 → 107,100원
H177 | bet   8,000원 PLAYER | P:7♦ A♥=8  B:2♠ 8♦=0  PLAYER(W)  | +8,000원 → 115,100원  [end_win]
H178 | bet   1,000원 BANKER | P:6♦ 6♥ 8♠=0  B:A♥ 9♥ 10♠=0  TIE(T)  |     0원 → 115,100원
H179 | bet   1,000원 BANKER | P:4♣ 2♠=6  B:10♠ 4♠ Q♥=4  PLAYER(L)  | -1,000원 → 114,100원  [start]
H180 | bet   2,000원 PLAYER | P:3♣ J♦ 9♣=2  B:7♣ J♠=7  BANKER(L)  | -2,000원 → 112,100원
H181 | bet   4,000원 PLAYER | P:J♥ 8♦=8  B:10♥ 5♥=5  PLAYER(W)  | +4,000원 → 116,100원  [end_win]
H182 | bet   1,000원 BANKER | P:A♦ J♣ 6♠=7  B:8♣ 7♣ A♠=6  PLAYER(L)  | -1,000원 → 115,100원  [start]
H183 | bet   2,000원 PLAYER | P:7♦ 4♥ K♠=1  B:6♦ 7♥ 9♦=2  BANKER(L)  | -2,000원 → 113,100원
H184 | bet   4,000원 PLAYER | P:2♣ 3♣ A♠=6  B:J♦ 5♣=5  PLAYER(W)  | +4,000원 → 117,100원  [end_win]
H185 | bet   1,000원 BANKER | P:7♠ 8♠ 2♥=7  B:6♥ 7♥ J♦=3  PLAYER(L)  | -1,000원 → 116,100원  [start]
H186 | bet   2,000원 PLAYER | P:A♠ 6♣=7  B:Q♦ 4♠ K♠=4  PLAYER(W)  | +2,000원 → 118,100원  [end_win]
H187 | bet   1,000원 BANKER | P:2♠ 3♦ 4♠=9  B:Q♥ A♣ 10♠=1  PLAYER(L)  | -1,000원 → 117,100원  [start]
H188 | bet   2,000원 PLAYER | P:6♥ Q♦=6  B:7♥ 6♥ 9♣=2  PLAYER(W)  | +2,000원 → 119,100원  [end_win]
H189 | bet   1,000원 BANKER | P:9♦ 10♥=9  B:8♦ 9♦=7  PLAYER(L)  | -1,000원 → 118,100원  [start]
H190 | bet   2,000원 PLAYER | P:Q♥ 9♥=9  B:8♥ Q♦=8  PLAYER(W)  | +2,000원 → 120,100원  [end_win]
H191 | bet   1,000원 BANKER | P:7♦ 4♦ 3♦=4  B:K♠ Q♠ 6♠=6  BANKER(W)  | +950원 → 121,050원
H192 | bet   1,000원 BANKER | P:2♦ 4♣=6  B:7♠ A♦=8  BANKER(W)  | +950원 → 122,000원
H193 | bet   1,000원 BANKER | P:2♣ 2♥ 4♦=8  B:K♥ A♥ 3♠=4  PLAYER(L)  | -1,000원 → 121,000원  [start]
H194 | bet   2,000원 PLAYER | P:Q♣ 5♠=5  B:7♦ 2♠=9  BANKER(L)  | -2,000원 → 119,000원
H195 | bet   4,000원 PLAYER | P:A♠ Q♣=1  B:J♦ 8♥=8  BANKER(L)  | -4,000원 → 115,000원
H196 | bet   8,000원 PLAYER | P:10♣ 3♦ 5♦=8  B:2♣ 8♠ K♠=0  PLAYER(W)  | +8,000원 → 123,000원  [end_win]
H197 | bet   1,000원 BANKER | P:5♦ 7♣=2  B:3♥ 5♦=8  BANKER(W)  | +950원 → 123,950원
H198 | bet   1,000원 BANKER | P:2♥ 2♥ 5♠=9  B:Q♣ 10♥ 9♥=9  TIE(T)  |     0원 → 123,950원
H199 | bet   1,000원 BANKER | P:3♥ 2♦ J♣=5  B:2♦ 9♠ 3♦=4  PLAYER(L)  | -1,000원 → 122,950원  [start]
H200 | bet   2,000원 PLAYER | P:A♣ 7♥=8  B:9♣ Q♠=9  BANKER(L)  | -2,000원 → 120,950원
H201 | bet   4,000원 PLAYER | P:10♥ 8♥=8  B:3♣ 10♣=3  PLAYER(W)  | +4,000원 → 124,950원  [end_win]
H202 | bet   1,000원 BANKER | P:4♥ A♦ 2♥=7  B:Q♥ A♦ 5♠=6  PLAYER(L)  | -1,000원 → 123,950원  [start]
H203 | bet   2,000원 PLAYER | P:6♦ A♥=7  B:2♥ 8♠ Q♣=0  PLAYER(W)  | +2,000원 → 125,950원  [end_win]
H204 | bet   1,000원 BANKER | P:Q♣ 2♦ 4♦=6  B:Q♥ 2♠ 6♦=8  BANKER(W)  | +950원 → 126,900원
H205 | bet   1,000원 BANKER | P:2♦ J♠ 5♣=7  B:9♠ 6♣ A♦=6  PLAYER(L)  | -1,000원 → 125,900원  [start]
H206 | bet   2,000원 PLAYER | P:6♥ 8♦ A♣=5  B:9♣ 3♦ A♣=3  PLAYER(W)  | +2,000원 → 127,900원  [end_win]
H207 | bet   1,000원 BANKER | P:7♣ 10♣=7  B:8♦ Q♠=8  BANKER(W)  | +950원 → 128,850원
H208 | bet   1,000원 BANKER | P:6♠ 6♥ J♦=2  B:J♠ 10♦ 4♣=4  BANKER(W)  | +950원 → 129,800원
H209 | bet   1,000원 BANKER | P:J♣ 8♥=8  B:2♣ 8♦=0  PLAYER(L)  | -1,000원 → 128,800원  [start]
H210 | bet   2,000원 PLAYER | P:7♥ 9♦=6  B:K♦ 10♣ 4♠=4  PLAYER(W)  | +2,000원 → 130,800원  [end_win]
H211 | bet   1,000원 BANKER | P:8♥ 9♥=7  B:K♣ 8♣=8  BANKER(W)  | +950원 → 131,750원
H212 | bet   1,000원 BANKER | P:3♠ 5♣=8  B:8♣ J♥=8  TIE(T)  |     0원 → 131,750원
H213 | bet   1,000원 BANKER | P:8♦ A♣=9  B:K♦ Q♠=0  PLAYER(L)  | -1,000원 → 130,750원  [start]
H214 | bet   2,000원 PLAYER | P:9♠ 9♠=8  B:3♥ 8♠=1  PLAYER(W)  | +2,000원 → 132,750원  [end_win]
H215 | bet   1,000원 BANKER | P:7♠ 9♣=6  B:6♣ K♥=6  TIE(T)  |     0원 → 132,750원
H216 | bet   1,000원 BANKER | P:3♥ 10♠ 6♣=9  B:Q♦ Q♣ 2♣=2  PLAYER(L)  | -1,000원 → 131,750원  [start]
H217 | bet   2,000원 PLAYER | P:Q♥ 5♠ A♠=6  B:J♠ 10♦ 10♠=0  PLAYER(W)  | +2,000원 → 133,750원  [end_win]
H218 | bet   1,000원 BANKER | P:Q♥ 4♥=4  B:9♣ Q♠=9  BANKER(W)  | +950원 → 134,700원
H219 | bet   1,000원 BANKER | P:5♥ 10♦ 4♣=9  B:7♠ K♠=7  PLAYER(L)  | -1,000원 → 133,700원  [start]
H220 | bet   2,000원 PLAYER | P:4♥ 7♥=1  B:4♦ 4♦=8  BANKER(L)  | -2,000원 → 131,700원
H221 | bet   4,000원 PLAYER | P:J♦ J♣ J♠=0  B:4♣ 7♣ J♥=1  BANKER(L)  | -4,000원 → 127,700원
H222 | bet   8,000원 PLAYER | P:4♥ 6♦ 10♠=0  B:7♠ J♦=7  BANKER(L)  | -8,000원 → 119,700원
H223 | bet  16,000원 PLAYER | P:A♦ A♣ 7♦=9  B:J♥ 7♣=7  PLAYER(W)  | +16,000원 → 135,700원  [end_win]
H224 | bet   1,000원 BANKER | P:4♠ K♣ K♣=4  B:J♥ K♥ 6♠=6  BANKER(W)  | +950원 → 136,650원
H225 | bet   1,000원 BANKER | P:K♦ Q♦=0  B:9♦ 9♦=8  BANKER(W)  | +950원 → 137,600원
H226 | bet   1,000원 BANKER | P:2♦ 10♣=2  B:4♣ 5♥=9  BANKER(W)  | +950원 → 138,550원
H227 | bet   1,000원 BANKER | P:5♠ 8♥ 10♣=3  B:3♣ 7♠ 6♦=6  BANKER(W)  | +950원 → 139,500원
H228 | bet   1,000원 BANKER | P:8♣ 6♥ J♥=4  B:10♦ A♥ 5♥=6  BANKER(W)  | +950원 → 140,450원
H229 | bet   1,000원 BANKER | P:4♦ 2♥=6  B:10♥ 4♥ 9♠=3  PLAYER(L)  | -1,000원 → 139,450원  [start]
H230 | bet   2,000원 PLAYER | P:8♣ J♥=8  B:Q♣ 5♥=5  PLAYER(W)  | +2,000원 → 141,450원  [end_win]
H231 | bet   1,000원 BANKER | P:A♥ 5♦=6  B:K♥ 6♦=6  TIE(T)  |     0원 → 141,450원
H232 | bet   1,000원 BANKER | P:J♠ 3♣ 9♣=2  B:7♥ K♠=7  BANKER(W)  | +950원 → 142,400원
H233 | bet   1,000원 BANKER | P:4♦ 10♣ Q♠=4  B:K♦ 3♦ 5♣=8  BANKER(W)  | +950원 → 143,350원
H234 | bet   1,000원 BANKER | P:K♣ K♥ J♣=0  B:J♠ J♣ 5♦=5  BANKER(W)  | +950원 → 144,300원
H235 | bet   1,000원 BANKER | P:5♦ 4♣=9  B:K♦ 2♦=2  PLAYER(L)  | -1,000원 → 143,300원  [start]
H236 | bet   2,000원 PLAYER | P:7♦ 6♠ A♠=4  B:6♠ 6♣ 6♣=8  BANKER(L)  | -2,000원 → 141,300원
H237 | bet   4,000원 PLAYER | P:5♦ 4♠=9  B:2♣ 3♥=5  PLAYER(W)  | +4,000원 → 145,300원  [end_win]
H238 | bet   1,000원 BANKER | P:6♠ 10♦=6  B:K♦ 3♠ 3♥=6  TIE(T)  |     0원 → 145,300원
H239 | bet   1,000원 BANKER | P:6♣ 8♠ A♣=5  B:6♣ K♠=6  BANKER(W)  | +950원 → 146,250원
H240 | bet   1,000원 BANKER | P:10♥ A♥=1  B:7♠ 2♣=9  BANKER(W)  | +950원 → 147,200원
H241 | bet   1,000원 BANKER | P:8♦ 10♥=8  B:10♦ K♣=0  PLAYER(L)  | -1,000원 → 146,200원  [start]
H242 | bet   2,000원 PLAYER | P:8♥ 7♦ 4♥=9  B:7♦ Q♦=7  PLAYER(W)  | +2,000원 → 148,200원  [end_win]
H243 | bet   1,000원 BANKER | P:8♠ 5♥ 7♠=0  B:Q♦ 2♥ 7♣=9  BANKER(W)  | +950원 → 149,150원
H244 | bet   1,000원 BANKER | P:6♠ 8♦ 7♦=1  B:4♣ 3♦=7  BANKER(W)  | +950원 → 150,100원
H245 | bet   1,000원 BANKER | P:3♣ 6♦=9  B:8♥ 3♣=1  PLAYER(L)  | -1,000원 → 149,100원  [start]
H246 | bet   2,000원 PLAYER | P:Q♦ 2♠ 8♦=0  B:2♣ 3♣=5  BANKER(L)  | -2,000원 → 147,100원
H247 | bet   4,000원 PLAYER | P:6♣ 9♥ A♣=6  B:9♣ 4♠ 2♣=5  PLAYER(W)  | +4,000원 → 151,100원  [end_win]
H248 | bet   1,000원 BANKER | P:J♦ 2♠ 5♠=7  B:2♠ 3♠ K♦=5  PLAYER(L)  | -1,000원 → 150,100원  [start]
H249 | bet   2,000원 PLAYER | P:6♥ J♠=6  B:3♦ 3♠=6  TIE(T)  |     0원 → 150,100원
H250 | bet   2,000원 PLAYER | P:K♥ 6♠=6  B:A♦ Q♦ 3♥=4  PLAYER(W)  | +2,000원 → 152,100원  [end_win]
H251 | bet   1,000원 BANKER | P:9♠ 4♥ K♦=3  B:K♦ J♣ 6♣=6  BANKER(W)  | +950원 → 153,050원
H252 | bet   1,000원 BANKER | P:Q♦ 9♠=9  B:5♥ J♥=5  PLAYER(L)  | -1,000원 → 152,050원  [start]
H253 | bet   2,000원 PLAYER | P:7♥ 8♥ A♥=6  B:Q♦ 6♣=6  TIE(T)  |     0원 → 152,050원
H254 | bet   2,000원 PLAYER | P:2♠ 7♣=9  B:6♥ 4♠=0  PLAYER(W)  | +2,000원 → 154,050원  [end_win]
H255 | bet   1,000원 BANKER | P:7♥ 8♣ 4♥=9  B:A♣ 10♠ 10♥=1  PLAYER(L)  | -1,000원 → 153,050원  [start]
H256 | bet   2,000원 PLAYER | P:J♣ 7♥=7  B:8♣ J♦=8  BANKER(L)  | -2,000원 → 151,050원
H257 | bet   4,000원 PLAYER | P:10♥ K♦ 8♦=8  B:K♠ 4♥=4  PLAYER(W)  | +4,000원 → 155,050원  [end_win]
H258 | bet   1,000원 BANKER | P:4♣ K♠ 4♦=8  B:K♥ J♠ 3♣=3  PLAYER(L)  | -1,000원 → 154,050원  [start]
H259 | bet   2,000원 PLAYER | P:J♦ Q♠ 7♥=7  B:7♣ 8♦ 6♠=1  PLAYER(W)  | +2,000원 → 156,050원  [end_win]
H260 | bet   1,000원 BANKER | P:10♠ A♠ 7♣=8  B:3♥ 10♦ 7♠=0  PLAYER(L)  | -1,000원 → 155,050원  [start]
H261 | bet   2,000원 PLAYER | P:A♦ A♥ Q♦=2  B:7♥ Q♣=7  BANKER(L)  | -2,000원 → 153,050원
H262 | bet   4,000원 PLAYER | P:4♥ 10♠ 5♦=9  B:7♦ 10♠=7  PLAYER(W)  | +4,000원 → 157,050원  [end_win]
H263 | bet   1,000원 BANKER | P:5♠ Q♠ K♣=5  B:6♣ Q♣=6  BANKER(W)  | +950원 → 158,000원
H264 | bet   1,000원 BANKER | P:A♥ K♥ 2♠=3  B:A♠ 5♠=6  BANKER(W)  | +950원 → 158,950원
H265 | bet   1,000원 BANKER | P:3♠ 7♠=0  B:5♣ 3♥=8  BANKER(W)  | +950원 → 159,900원
H266 | bet   1,000원 BANKER | P:6♠ Q♥=6  B:K♥ 4♦ 8♥=2  PLAYER(L)  | -1,000원 → 158,900원  [start]
H267 | bet   2,000원 PLAYER | P:6♦ 8♥ 3♦=7  B:J♥ Q♣ 3♦=3  PLAYER(W)  | +2,000원 → 160,900원  [end_win]
H268 | bet   1,000원 BANKER | P:3♥ 9♣ A♣=3  B:3♠ 7♥ K♦=0  PLAYER(L)  | -1,000원 → 159,900원  [start]
H269 | bet   2,000원 PLAYER | P:9♥ 2♣ 2♣=3  B:J♣ K♣ 8♣=8  BANKER(L)  | -2,000원 → 157,900원
H270 | bet   4,000원 PLAYER | P:6♣ 9♣ Q♦=5  B:Q♣ 7♦=7  BANKER(L)  | -4,000원 → 153,900원
H271 | bet   8,000원 PLAYER | P:7♠ 5♣ 5♠=7  B:6♠ J♦=6  PLAYER(W)  | +8,000원 → 161,900원  [end_win]
H272 | bet   1,000원 BANKER | P:8♥ 6♥ 3♦=7  B:8♠ 5♠ A♥=4  PLAYER(L)  | -1,000원 → 160,900원  [start]
H273 | bet   2,000원 PLAYER | P:10♦ Q♠ 10♣=0  B:4♦ 7♠ 4♠=5  BANKER(L)  | -2,000원 → 158,900원
H274 | bet   4,000원 PLAYER | P:6♦ 4♣ Q♥=0  B:4♥ 9♥ 2♠=5  BANKER(L)  | -4,000원 → 154,900원
H275 | bet   8,000원 PLAYER | P:7♦ 4♦ 7♥=8  B:9♥ 4♥ 6♥=9  BANKER(L)  | -8,000원 → 146,900원
H276 | bet  16,000원 PLAYER | P:3♠ K♥ A♥=4  B:3♦ 4♥=7  BANKER(L)  | -16,000원 → 130,900원  [end_giveup]
H277 | bet   1,000원 BANKER | P:10♦ A♥ 8♠=9  B:6♣ 8♣=4  PLAYER(L)  | -1,000원 → 129,900원  [start]
H278 | bet   2,000원 PLAYER | P:2♦ 3♣ Q♥=5  B:2♥ J♠ K♣=2  PLAYER(W)  | +2,000원 → 131,900원  [end_win]
H279 | bet   1,000원 BANKER | P:5♦ J♥ 5♣=0  B:3♥ 7♣ J♦=0  TIE(T)  |     0원 → 131,900원
H280 | bet   1,000원 BANKER | P:Q♦ A♠ 10♠=1  B:J♥ 10♥ 4♣=4  BANKER(W)  | +950원 → 132,850원
H281 | bet   1,000원 BANKER | P:6♣ 7♦ 8♦=1  B:A♣ J♦ 5♦=6  BANKER(W)  | +950원 → 133,800원
H282 | bet   1,000원 BANKER | P:6♣ 6♦=2  B:A♥ 7♣=8  BANKER(W)  | +950원 → 134,750원
H283 | bet   1,000원 BANKER | P:10♣ 6♦=6  B:2♦ 6♥=8  BANKER(W)  | +950원 → 135,700원
H284 | bet   1,000원 BANKER | P:7♣ K♥=7  B:4♦ 9♠ A♦=4  PLAYER(L)  | -1,000원 → 134,700원  [start]
H285 | bet   2,000원 PLAYER | P:2♦ 4♥=6  B:10♥ J♥ Q♠=0  PLAYER(W)  | +2,000원 → 136,700원  [end_win]
H286 | bet   1,000원 BANKER | P:9♣ Q♣=9  B:2♦ 3♠=5  PLAYER(L)  | -1,000원 → 135,700원  [start]
H287 | bet   2,000원 PLAYER | P:K♥ A♥ 5♣=6  B:9♦ A♠ Q♠=0  PLAYER(W)  | +2,000원 → 137,700원  [end_win]
H288 | bet   1,000원 BANKER | P:9♠ 8♦=7  B:5♥ J♠ 2♥=7  TIE(T)  |     0원 → 137,700원
H289 | bet   1,000원 BANKER | P:3♠ 2♥=5  B:5♠ 4♠=9  BANKER(W)  | +950원 → 138,650원
H290 | bet   1,000원 BANKER | P:10♣ 5♦ 8♦=3  B:K♦ A♦ Q♥=1  PLAYER(L)  | -1,000원 → 137,650원  [start]
H291 | bet   2,000원 PLAYER | P:K♣ 5♣ 2♠=7  B:5♦ 2♦=7  TIE(T)  |     0원 → 137,650원
H292 | bet   2,000원 PLAYER | P:9♥ 9♥=8  B:J♥ K♠=0  PLAYER(W)  | +2,000원 → 139,650원  [end_win]
H293 | bet   1,000원 BANKER | P:K♠ 10♦ 7♠=7  B:4♣ 8♣ 10♣=2  PLAYER(L)  | -1,000원 → 138,650원  [start]
H294 | bet   2,000원 PLAYER | P:K♠ Q♠ 10♦=0  B:J♣ K♣ 2♥=2  BANKER(L)  | -2,000원 → 136,650원
H295 | bet   4,000원 PLAYER | P:2♥ 8♠ 2♣=2  B:J♥ 5♥=5  BANKER(L)  | -4,000원 → 132,650원
H296 | bet   8,000원 PLAYER | P:10♣ 10♦ 5♣=5  B:6♠ 10♠=6  BANKER(L)  | -8,000원 → 124,650원
H297 | bet  16,000원 PLAYER | P:5♥ 9♦ A♣=5  B:6♦ A♦=7  BANKER(L)  | -16,000원 → 108,650원  [end_giveup]
H298 | bet   1,000원 BANKER | P:Q♥ 10♠ A♠=1  B:5♣ 8♣ 10♦=3  BANKER(W)  | +950원 → 109,600원
H299 | bet   1,000원 BANKER | P:6♠ K♣=6  B:Q♣ 8♣=8  BANKER(W)  | +950원 → 110,550원
H300 | bet   1,000원 BANKER | P:9♣ 7♠=6  B:9♦ 4♠ 4♠=7  BANKER(W)  | +950원 → 111,500원
H301 | bet   1,000원 BANKER | P:10♥ 9♦=9  B:J♣ 8♣=8  PLAYER(L)  | -1,000원 → 110,500원  [start]
H302 | bet   2,000원 PLAYER | P:Q♣ 2♣ 9♥=1  B:6♥ Q♣=6  BANKER(L)  | -2,000원 → 108,500원
H303 | bet   4,000원 PLAYER | P:3♣ A♣ 8♠=2  B:6♠ 5♦ J♣=1  PLAYER(W)  | +4,000원 → 112,500원  [end_win]
H304 | bet   1,000원 BANKER | P:Q♠ K♠ Q♥=0  B:4♦ 7♦ 4♠=5  BANKER(W)  | +950원 → 113,450원
H305 | bet   1,000원 BANKER | P:A♣ 6♥=7  B:9♦ 2♥ J♠=1  PLAYER(L)  | -1,000원 → 112,450원  [start]
H306 | bet   2,000원 PLAYER | P:2♦ A♠ 9♦=2  B:7♦ 10♥=7  BANKER(L)  | -2,000원 → 110,450원
H307 | bet   4,000원 PLAYER | P:9♦ 4♦ K♦=3  B:2♦ 9♠ J♠=1  PLAYER(W)  | +4,000원 → 114,450원  [end_win]
H308 | bet   1,000원 BANKER | P:2♣ 4♣=6  B:5♦ J♣ Q♥=5  PLAYER(L)  | -1,000원 → 113,450원  [start]
H309 | bet   2,000원 PLAYER | P:Q♠ 8♠=8  B:J♠ J♦=0  PLAYER(W)  | +2,000원 → 115,450원  [end_win]
H310 | bet   1,000원 BANKER | P:2♣ 2♠=4  B:A♠ 7♠=8  BANKER(W)  | +950원 → 116,400원
H311 | bet   1,000원 BANKER | P:Q♥ 5♦ 4♣=9  B:10♣ 10♦ 9♣=9  TIE(T)  |     0원 → 116,400원
H312 | bet   1,000원 BANKER | P:8♥ 5♥=3  B:K♠ 9♣=9  BANKER(W)  | +950원 → 117,350원
H313 | bet   1,000원 BANKER | P:6♦ 3♦=9  B:A♣ K♣=1  PLAYER(L)  | -1,000원 → 116,350원  [start]
H314 | bet   2,000원 PLAYER | P:2♥ 10♣ 3♠=5  B:5♣ 10♥=5  TIE(T)  |     0원 → 116,350원
H315 | bet   2,000원 PLAYER | P:9♠ A♦ 7♥=7  B:9♠ 4♠ A♦=4  PLAYER(W)  | +2,000원 → 118,350원  [end_win]
H316 | bet   1,000원 BANKER | P:5♠ 3♦=8  B:8♥ J♦=8  TIE(T)  |     0원 → 118,350원
H317 | bet   1,000원 BANKER | P:10♣ 5♥ 3♣=8  B:J♠ 7♦=7  PLAYER(L)  | -1,000원 → 117,350원  [start]
H318 | bet   2,000원 PLAYER | P:9♠ 4♣ 9♦=2  B:10♠ 4♦=4  BANKER(L)  | -2,000원 → 115,350원
H319 | bet   4,000원 PLAYER | P:9♥ 3♥=2  B:3♣ 5♥=8  BANKER(L)  | -4,000원 → 111,350원
H320 | bet   8,000원 PLAYER | P:A♦ 3♥ 8♠=2  B:J♥ 3♥=3  BANKER(L)  | -8,000원 → 103,350원
H321 | bet  16,000원 PLAYER | P:8♠ 2♦ K♦=0  B:9♣ A♠ 8♦=8  BANKER(L)  | -16,000원 → 87,350원  [end_giveup]
H322 | bet   1,000원 BANKER | P:Q♥ A♥ A♥=2  B:5♦ 9♥=4  BANKER(W)  | +950원 → 88,300원
H323 | bet   1,000원 BANKER | P:Q♦ 3♠=3  B:6♥ 2♥=8  BANKER(W)  | +950원 → 89,250원
H324 | bet   1,000원 BANKER | P:A♦ Q♥ 3♣=4  B:4♣ J♠ 4♣=8  BANKER(W)  | +950원 → 90,200원
H325 | bet   1,000원 BANKER | P:5♥ 4♦=9  B:J♥ A♥=1  PLAYER(L)  | -1,000원 → 89,200원  [start]
H326 | bet   2,000원 PLAYER | P:4♠ K♦ 7♥=1  B:J♥ J♥ 8♥=8  BANKER(L)  | -2,000원 → 87,200원
H327 | bet   4,000원 PLAYER | P:Q♠ 6♠=6  B:9♣ 3♥ K♦=2  PLAYER(W)  | +4,000원 → 91,200원  [end_win]
H328 | bet   1,000원 BANKER | P:8♥ 2♣=0  B:7♥ A♦=8  BANKER(W)  | +950원 → 92,150원
H329 | bet   1,000원 BANKER | P:9♠ K♦=9  B:J♥ 9♦=9  TIE(T)  |     0원 → 92,150원
H330 | bet   1,000원 BANKER | P:Q♥ A♠ K♥=1  B:10♥ 7♦=7  BANKER(W)  | +950원 → 93,100원
H331 | bet   1,000원 BANKER | P:6♥ K♠=6  B:10♦ 5♦ 8♠=3  PLAYER(L)  | -1,000원 → 92,100원  [start]
H332 | bet   2,000원 PLAYER | P:2♣ 6♠=8  B:2♠ J♣=2  PLAYER(W)  | +2,000원 → 94,100원  [end_win]
H333 | bet   1,000원 BANKER | P:5♣ J♦ 6♦=1  B:Q♦ 3♣ 7♥=0  PLAYER(L)  | -1,000원 → 93,100원  [start]
H334 | bet   2,000원 PLAYER | P:6♠ 6♠ A♦=3  B:2♣ 3♠=5  BANKER(L)  | -2,000원 → 91,100원
H335 | bet   4,000원 PLAYER | P:9♥ 2♥ 8♣=9  B:J♣ 6♣=6  PLAYER(W)  | +4,000원 → 95,100원  [end_win]
H336 | bet   1,000원 BANKER | P:2♣ 9♥ Q♥=1  B:6♦ 8♥=4  BANKER(W)  | +950원 → 96,050원
H337 | bet   1,000원 BANKER | P:J♣ A♣ 10♦=1  B:3♦ A♣=4  BANKER(W)  | +950원 → 97,000원
H338 | bet   1,000원 BANKER | P:9♥ 10♣=9  B:Q♠ J♠=0  PLAYER(L)  | -1,000원 → 96,000원  [start]
H339 | bet   2,000원 PLAYER | P:J♠ 6♣=6  B:10♠ 4♠ 5♠=9  BANKER(L)  | -2,000원 → 94,000원
H340 | bet   4,000원 PLAYER | P:8♣ Q♣=8  B:J♥ 6♣=6  PLAYER(W)  | +4,000원 → 98,000원  [end_win]
H341 | bet   1,000원 BANKER | P:4♥ 8♥ K♦=2  B:7♠ 4♠ K♣=1  PLAYER(L)  | -1,000원 → 97,000원  [start]
H342 | bet   2,000원 PLAYER | P:Q♠ 2♦=2  B:6♥ 2♠=8  BANKER(L)  | -2,000원 → 95,000원
H343 | bet   4,000원 PLAYER | P:6♦ Q♦=6  B:3♥ 5♣=8  BANKER(L)  | -4,000원 → 91,000원
H344 | bet   8,000원 PLAYER | P:10♦ 3♣=3  B:4♣ 5♦=9  BANKER(L)  | -8,000원 → 83,000원
H345 | bet  16,000원 PLAYER | P:6♥ K♥=6  B:Q♥ 2♠ 10♣=2  PLAYER(W)  | +16,000원 → 99,000원  [end_win]
H346 | bet   1,000원 BANKER | P:6♠ 3♥=9  B:A♦ 8♥=9  TIE(T)  |     0원 → 99,000원
H347 | bet   1,000원 BANKER | P:3♦ 3♠=6  B:7♣ Q♠=7  BANKER(W)  | +950원 → 99,950원
H348 | bet   1,000원 BANKER | P:8♦ 4♠=2  B:A♠ 7♣=8  BANKER(W)  | +950원 → 100,900원
H349 | bet   1,000원 BANKER | P:10♥ J♣ 3♠=3  B:J♣ A♣ A♦=2  PLAYER(L)  | -1,000원 → 99,900원  [start]
H350 | bet   2,000원 PLAYER | P:Q♣ 4♣ 6♣=0  B:2♠ 8♠ 5♠=5  BANKER(L)  | -2,000원 → 97,900원
H351 | bet   4,000원 PLAYER | P:10♠ 4♦=4  B:9♦ K♠=9  BANKER(L)  | -4,000원 → 93,900원
H352 | bet   8,000원 PLAYER | P:9♣ 5♦ 9♥=3  B:K♥ 2♣ 4♥=6  BANKER(L)  | -8,000원 → 85,900원
H353 | bet  16,000원 PLAYER | P:9♣ 9♣=8  B:8♥ 6♠=4  PLAYER(W)  | +16,000원 → 101,900원  [end_win]
H354 | bet   1,000원 BANKER | P:Q♥ 7♦=7  B:A♠ K♦ 6♦=7  TIE(T)  |     0원 → 101,900원
H355 | bet   1,000원 BANKER | P:5♥ 5♥ Q♠=0  B:7♥ 7♥=4  BANKER(W)  | +950원 → 102,850원
H356 | bet   1,000원 BANKER | P:5♥ 7♠ 5♣=7  B:9♦ 3♣ K♣=2  PLAYER(L)  | -1,000원 → 101,850원  [start]
H357 | bet   2,000원 PLAYER | P:4♥ 6♥ 6♠=6  B:9♠ 2♦ Q♦=1  PLAYER(W)  | +2,000원 → 103,850원  [end_win]
H358 | bet   1,000원 BANKER | P:K♦ 5♣ 3♦=8  B:5♠ 9♥ 9♦=3  PLAYER(L)  | -1,000원 → 102,850원  [start]
H359 | bet   2,000원 PLAYER | P:5♠ A♠=6  B:6♥ 3♥=9  BANKER(L)  | -2,000원 → 100,850원
H360 | bet   4,000원 PLAYER | P:6♦ 7♦ 3♥=6  B:10♥ J♠ Q♣=0  PLAYER(W)  | +4,000원 → 104,850원  [end_win]
H361 | bet   1,000원 BANKER | P:A♠ 4♥ J♠=5  B:7♣ Q♦=7  BANKER(W)  | +950원 → 105,800원
H362 | bet   1,000원 BANKER | P:7♣ 8♦=5  B:2♠ 7♦=9  BANKER(W)  | +950원 → 106,750원
H363 | bet   1,000원 BANKER | P:10♠ 8♥=8  B:6♦ J♣=6  PLAYER(L)  | -1,000원 → 105,750원  [start]
H364 | bet   2,000원 PLAYER | P:J♠ 8♥=8  B:2♦ 2♦=4  PLAYER(W)  | +2,000원 → 107,750원  [end_win]
H365 | bet   1,000원 BANKER | P:5♥ 7♣ 4♦=6  B:5♠ 7♦ 5♠=7  BANKER(W)  | +950원 → 108,700원
H366 | bet   1,000원 BANKER | P:K♣ 4♦ Q♦=4  B:2♣ 8♣ K♥=0  PLAYER(L)  | -1,000원 → 107,700원  [start]
H367 | bet   2,000원 PLAYER | P:J♠ 10♥ 5♠=5  B:4♥ Q♦ J♦=4  PLAYER(W)  | +2,000원 → 109,700원  [end_win]
H368 | bet   1,000원 BANKER | P:10♥ 3♥ Q♥=3  B:4♣ 9♣ 4♣=7  BANKER(W)  | +950원 → 110,650원
H369 | bet   1,000원 BANKER | P:10♣ K♠ J♥=0  B:Q♣ 3♦ 7♠=0  TIE(T)  |     0원 → 110,650원
H370 | bet   1,000원 BANKER | P:K♠ J♣ J♣=0  B:K♥ 2♦ 5♥=7  BANKER(W)  | +950원 → 111,600원
H371 | bet   1,000원 BANKER | P:J♦ K♣ 8♣=8  B:7♠ K♠=7  PLAYER(L)  | -1,000원 → 110,600원  [start]
H372 | bet   2,000원 PLAYER | P:2♦ 9♦=1  B:Q♦ 9♣=9  BANKER(L)  | -2,000원 → 108,600원
H373 | bet   4,000원 PLAYER | P:10♠ K♥ 3♦=3  B:5♠ A♦=6  BANKER(L)  | -4,000원 → 104,600원
H374 | bet   8,000원 PLAYER | P:10♥ 2♠ 4♦=6  B:10♠ 6♥=6  TIE(T)  |     0원 → 104,600원
H375 | bet   8,000원 PLAYER | P:7♠ A♣=8  B:A♣ 9♠=0  PLAYER(W)  | +8,000원 → 112,600원  [end_win]
H376 | bet   1,000원 BANKER | P:7♦ 7♠ Q♣=4  B:9♠ 4♦ A♥=4  TIE(T)  |     0원 → 112,600원
H377 | bet   1,000원 BANKER | P:A♣ 9♥=0  B:3♠ 5♥=8  BANKER(W)  | +950원 → 113,550원
H378 | bet   1,000원 BANKER | P:J♦ Q♠ 6♣=6  B:3♥ 2♦ 10♦=5  PLAYER(L)  | -1,000원 → 112,550원  [start]
H379 | bet   2,000원 PLAYER | P:A♣ J♥=1  B:J♦ 8♦=8  BANKER(L)  | -2,000원 → 110,550원
H380 | bet   4,000원 PLAYER | P:2♣ 4♣=6  B:K♣ 8♦=8  BANKER(L)  | -4,000원 → 106,550원
H381 | bet   8,000원 PLAYER | P:K♠ 7♣=7  B:7♠ 8♠ 10♣=5  PLAYER(W)  | +8,000원 → 114,550원  [end_win]
H382 | bet   1,000원 BANKER | P:J♦ 8♣=8  B:5♥ 9♦=4  PLAYER(L)  | -1,000원 → 113,550원  [start]
H383 | bet   2,000원 PLAYER | P:10♣ 10♦ A♠=1  B:4♦ K♦=4  BANKER(L)  | -2,000원 → 111,550원
H384 | bet   4,000원 PLAYER | P:J♦ K♠ K♦=0  B:4♦ 10♦=4  BANKER(L)  | -4,000원 → 107,550원
H385 | bet   8,000원 PLAYER | P:3♦ 9♥ 6♥=8  B:6♣ A♥=7  PLAYER(W)  | +8,000원 → 115,550원  [end_win]
H386 | bet   1,000원 BANKER | P:2♥ J♠ 8♠=0  B:5♦ A♥=6  BANKER(W)  | +950원 → 116,500원
H387 | bet   1,000원 BANKER | P:Q♣ 3♠ 3♣=6  B:J♦ 3♦ 4♠=7  BANKER(W)  | +950원 → 117,450원
H388 | bet   1,000원 BANKER | P:10♠ 2♦ 10♥=2  B:7♣ 5♣ 8♣=0  PLAYER(L)  | -1,000원 → 116,450원  [start]
H389 | bet   2,000원 PLAYER | P:8♠ 8♠=6  B:7♥ 3♦ 5♣=5  PLAYER(W)  | +2,000원 → 118,450원  [end_win]
H390 | bet   1,000원 BANKER | P:9♦ 10♥=9  B:10♠ 9♣=9  TIE(T)  |     0원 → 118,450원
H391 | bet   1,000원 BANKER | P:A♥ J♥ 4♥=5  B:10♣ 7♥=7  BANKER(W)  | +950원 → 119,400원
H392 | bet   1,000원 BANKER | P:A♠ 9♠ 3♠=3  B:A♥ 6♦=7  BANKER(W)  | +950원 → 120,350원
H393 | bet   1,000원 BANKER | P:3♣ 7♥ 4♠=4  B:8♠ 6♠ 3♥=7  BANKER(W)  | +950원 → 121,300원
H394 | bet   1,000원 BANKER | P:5♦ Q♣ Q♠=5  B:10♠ 5♣=5  TIE(T)  |     0원 → 121,300원
H395 | bet   1,000원 BANKER | P:K♥ 2♠ 2♣=4  B:8♠ 3♣ 5♦=6  BANKER(W)  | +950원 → 122,250원
H396 | bet   1,000원 BANKER | P:4♠ 3♣=7  B:4♣ Q♠ 3♠=7  TIE(T)  |     0원 → 122,250원
H397 | bet   1,000원 BANKER | P:7♠ 8♦ 2♥=7  B:8♦ 5♣ 7♦=0  PLAYER(L)  | -1,000원 → 121,250원  [start]
H398 | bet   2,000원 PLAYER | P:10♦ 4♥=4  B:9♣ 9♠=8  BANKER(L)  | -2,000원 → 119,250원
H399 | bet   4,000원 PLAYER | P:2♥ 8♦ 9♦=9  B:5♦ A♦=6  PLAYER(W)  | +4,000원 → 123,250원  [end_win]
H400 | bet   1,000원 BANKER | P:K♣ 6♣=6  B:2♥ 10♣ 10♦=2  PLAYER(L)  | -1,000원 → 122,250원  [start]
H401 | bet   2,000원 PLAYER | P:A♦ 9♠=0  B:2♠ 7♣=9  BANKER(L)  | -2,000원 → 120,250원
H402 | bet   4,000원 PLAYER | P:2♥ 8♣ 7♦=7  B:A♣ A♠ Q♥=2  PLAYER(W)  | +4,000원 → 124,250원  [end_win]
H403 | bet   1,000원 BANKER | P:7♠ 2♥=9  B:A♠ 9♥=0  PLAYER(L)  | -1,000원 → 123,250원  [start]
H404 | bet   2,000원 PLAYER | P:9♣ 9♦=8  B:Q♠ A♣=1  PLAYER(W)  | +2,000원 → 125,250원  [end_win]
H405 | bet   1,000원 BANKER | P:4♦ J♦=4  B:6♠ 3♦=9  BANKER(W)  | +950원 → 126,200원
H406 | bet   1,000원 BANKER | P:4♥ 5♦=9  B:4♠ A♠=5  PLAYER(L)  | -1,000원 → 125,200원  [start]
H407 | bet   2,000원 PLAYER | P:5♣ 8♦=3  B:5♥ 4♠=9  BANKER(L)  | -2,000원 → 123,200원
H408 | bet   4,000원 PLAYER | P:A♥ K♥ 8♦=9  B:9♥ 2♦ K♠=1  PLAYER(W)  | +4,000원 → 127,200원  [end_win]
H409 | bet   1,000원 BANKER | P:5♦ A♠=6  B:8♣ K♥=8  BANKER(W)  | +950원 → 128,150원
H410 | bet   1,000원 BANKER | P:K♦ 8♣=8  B:J♠ 7♣=7  PLAYER(L)  | -1,000원 → 127,150원  [start]
H411 | bet   2,000원 PLAYER | P:4♣ 2♦=6  B:9♣ 9♠=8  BANKER(L)  | -2,000원 → 125,150원
H412 | bet   4,000원 PLAYER | P:3♥ K♣=3  B:4♦ 4♥=8  BANKER(L)  | -4,000원 → 121,150원
H413 | bet   8,000원 PLAYER | P:6♣ K♠=6  B:Q♦ A♥ J♥=1  PLAYER(W)  | +8,000원 → 129,150원  [end_win]
H414 | bet   1,000원 BANKER | P:9♠ A♣ 5♣=5  B:10♣ 6♦=6  BANKER(W)  | +950원 → 130,100원
H415 | bet   1,000원 BANKER | P:4♣ 5♦=9  B:7♦ 6♦=3  PLAYER(L)  | -1,000원 → 129,100원  [start]
H416 | bet   2,000원 PLAYER | P:9♦ 7♠=6  B:A♦ J♦ 6♣=7  BANKER(L)  | -2,000원 → 127,100원
H417 | bet   4,000원 PLAYER | P:Q♥ 7♦=7  B:J♣ 9♥=9  BANKER(L)  | -4,000원 → 123,100원
H418 | bet   8,000원 PLAYER | P:3♥ 3♠=6  B:8♥ 4♠ 5♥=7  BANKER(L)  | -8,000원 → 115,100원
H419 | bet  16,000원 PLAYER | P:6♦ 10♦=6  B:3♦ Q♦ A♥=4  PLAYER(W)  | +16,000원 → 131,100원  [end_win]
H420 | bet   1,000원 BANKER | P:7♥ 4♥ 9♦=0  B:K♠ 7♥=7  BANKER(W)  | +950원 → 132,050원
H421 | bet   1,000원 BANKER | P:K♣ J♦ J♠=0  B:2♥ 10♠ 2♥=4  BANKER(W)  | +950원 → 133,000원
H422 | bet   1,000원 BANKER | P:7♥ 7♠ 8♣=2  B:3♥ 7♠ J♠=0  PLAYER(L)  | -1,000원 → 132,000원  [start]
H423 | bet   2,000원 PLAYER | P:Q♥ 3♠ K♦=3  B:10♣ Q♥ 4♣=4  BANKER(L)  | -2,000원 → 130,000원
H424 | bet   4,000원 PLAYER | P:6♠ K♥=6  B:A♦ 9♠ 5♦=5  PLAYER(W)  | +4,000원 → 134,000원  [end_win]
H425 | bet   1,000원 BANKER | P:9♠ Q♠=9  B:4♣ A♦=5  PLAYER(L)  | -1,000원 → 133,000원  [start]
H426 | bet   2,000원 PLAYER | P:9♣ K♦=9  B:6♣ 6♦=2  PLAYER(W)  | +2,000원 → 135,000원  [end_win]
H427 | bet   1,000원 BANKER | P:3♠ 7♥ 3♦=3  B:5♦ 5♣ 10♣=0  PLAYER(L)  | -1,000원 → 134,000원  [start]
H428 | bet   2,000원 PLAYER | P:5♦ A♦=6  B:7♣ 10♥=7  BANKER(L)  | -2,000원 → 132,000원
H429 | bet   4,000원 PLAYER | P:4♣ 4♦=8  B:8♥ 8♠=6  PLAYER(W)  | +4,000원 → 136,000원  [end_win]
H430 | bet   1,000원 BANKER | P:3♠ 5♠=8  B:6♣ Q♣=6  PLAYER(L)  | -1,000원 → 135,000원  [start]
H431 | bet   2,000원 PLAYER | P:K♥ A♣ 7♣=8  B:10♥ 4♥ Q♥=4  PLAYER(W)  | +2,000원 → 137,000원  [end_win]
H432 | bet   1,000원 BANKER | P:2♦ 10♦ 5♣=7  B:10♣ J♠ 3♥=3  PLAYER(L)  | -1,000원 → 136,000원  [start]
H433 | bet   2,000원 PLAYER | P:Q♣ Q♦ 9♣=9  B:2♦ A♥ 6♣=9  TIE(T)  |     0원 → 136,000원
H434 | bet   2,000원 PLAYER | P:6♥ A♦=7  B:9♠ J♠=9  BANKER(L)  | -2,000원 → 134,000원
H435 | bet   4,000원 PLAYER | P:Q♠ 3♣=3  B:10♣ 8♣=8  BANKER(L)  | -4,000원 → 130,000원
H436 | bet   8,000원 PLAYER | P:2♦ 10♣ 10♣=2  B:8♥ 7♥=5  BANKER(L)  | -8,000원 → 122,000원
H437 | bet  16,000원 PLAYER | P:7♠ 4♠ 10♠=1  B:10♦ J♦ 6♠=6  BANKER(L)  | -16,000원 → 106,000원  [end_giveup]
H438 | bet   1,000원 BANKER | P:A♠ 2♥ 9♦=2  B:K♣ 7♣=7  BANKER(W)  | +950원 → 106,950원
H439 | bet   1,000원 BANKER | P:8♣ 6♥ 7♦=1  B:2♠ 8♦ 3♦=3  BANKER(W)  | +950원 → 107,900원
H440 | bet   1,000원 BANKER | P:8♦ 6♣ 10♠=4  B:3♦ 4♦=7  BANKER(W)  | +950원 → 108,850원
H441 | bet   1,000원 BANKER | P:7♦ K♦=7  B:8♠ 6♣ A♥=5  PLAYER(L)  | -1,000원 → 107,850원  [start]
H442 | bet   2,000원 PLAYER | P:K♦ 2♠ J♠=2  B:2♠ 4♠=6  BANKER(L)  | -2,000원 → 105,850원
H443 | bet   4,000원 PLAYER | P:3♥ 5♣=8  B:6♠ A♣=7  PLAYER(W)  | +4,000원 → 109,850원  [end_win]
H444 | bet   1,000원 BANKER | P:K♠ 3♣ Q♣=3  B:A♣ 5♥=6  BANKER(W)  | +950원 → 110,800원
H445 | bet   1,000원 BANKER | P:7♠ J♣=7  B:4♦ 4♥=8  BANKER(W)  | +950원 → 111,750원
H446 | bet   1,000원 BANKER | P:2♣ A♦ 2♥=5  B:10♥ 5♥=5  TIE(T)  |     0원 → 111,750원
H447 | bet   1,000원 BANKER | P:3♥ 5♠=8  B:5♣ 6♥=1  PLAYER(L)  | -1,000원 → 110,750원  [start]
H448 | bet   2,000원 PLAYER | P:4♠ 7♣ A♠=2  B:3♥ 7♣ 10♥=0  PLAYER(W)  | +2,000원 → 112,750원  [end_win]
H449 | bet   1,000원 BANKER | P:A♥ 7♣=8  B:10♥ J♦=0  PLAYER(L)  | -1,000원 → 111,750원  [start]
H450 | bet   2,000원 PLAYER | P:7♥ 3♦ 6♥=6  B:K♠ 3♣ 6♠=9  BANKER(L)  | -2,000원 → 109,750원
H451 | bet   4,000원 PLAYER | P:10♣ 7♥=7  B:J♦ K♦ K♣=0  PLAYER(W)  | +4,000원 → 113,750원  [end_win]
H452 | bet   1,000원 BANKER | P:J♣ 7♣=7  B:10♥ 4♣ 10♥=4  PLAYER(L)  | -1,000원 → 112,750원  [start]
H453 | bet   2,000원 PLAYER | P:2♠ K♣ 8♠=0  B:7♦ Q♦=7  BANKER(L)  | -2,000원 → 110,750원
H454 | bet   4,000원 PLAYER | P:4♠ Q♦=4  B:10♦ 9♥=9  BANKER(L)  | -4,000원 → 106,750원
H455 | bet   8,000원 PLAYER | P:9♥ 6♥ 9♣=4  B:6♥ J♥=6  BANKER(L)  | -8,000원 → 98,750원
H456 | bet  16,000원 PLAYER | P:A♠ 2♥ Q♣=3  B:2♦ 9♥ 7♠=8  BANKER(L)  | -16,000원 → 82,750원  [end_giveup]
H457 | bet   1,000원 BANKER | P:J♣ 4♥=4  B:3♣ 5♥=8  BANKER(W)  | +950원 → 83,700원
H458 | bet   1,000원 BANKER | P:8♦ J♦=8  B:2♦ A♦=3  PLAYER(L)  | -1,000원 → 82,700원  [start]
H459 | bet   2,000원 PLAYER | P:A♣ 4♥ 2♦=7  B:K♥ 10♠ 3♠=3  PLAYER(W)  | +2,000원 → 84,700원  [end_win]
H460 | bet   1,000원 BANKER | P:10♠ 5♦ 2♣=7  B:4♠ 9♥ 9♠=2  PLAYER(L)  | -1,000원 → 83,700원  [start]
H461 | bet   2,000원 PLAYER | P:Q♠ 9♠=9  B:Q♥ 5♠=5  PLAYER(W)  | +2,000원 → 85,700원  [end_win]
H462 | bet   1,000원 BANKER | P:Q♣ A♣ 5♠=6  B:8♥ 3♠ K♥=1  PLAYER(L)  | -1,000원 → 84,700원  [start]
H463 | bet   2,000원 PLAYER | P:K♠ J♦ 7♥=7  B:7♠ 10♠=7  TIE(T)  |     0원 → 84,700원
H464 | bet   2,000원 PLAYER | P:K♣ 6♦=6  B:Q♠ 8♠=8  BANKER(L)  | -2,000원 → 82,700원
H465 | bet   4,000원 PLAYER | P:Q♥ Q♦ 3♣=3  B:A♥ 3♣ 9♣=3  TIE(T)  |     0원 → 82,700원
H466 | bet   4,000원 PLAYER | P:A♦ 2♠ 10♠=3  B:9♦ 5♠=4  BANKER(L)  | -4,000원 → 78,700원
H467 | bet   8,000원 PLAYER | P:6♠ J♣=6  B:3♣ J♣ Q♣=3  PLAYER(W)  | +8,000원 → 86,700원  [end_win]
H468 | bet   1,000원 BANKER | P:10♦ K♠ 8♥=8  B:2♣ K♣ 2♣=4  PLAYER(L)  | -1,000원 → 85,700원  [start]
H469 | bet   2,000원 PLAYER | P:5♦ K♦ 4♣=9  B:J♣ 4♥ Q♥=4  PLAYER(W)  | +2,000원 → 87,700원  [end_win]
H470 | bet   1,000원 BANKER | P:6♠ J♥=6  B:8♥ 2♣ 5♠=5  PLAYER(L)  | -1,000원 → 86,700원  [start]
H471 | bet   2,000원 PLAYER | P:8♠ 5♥ K♥=3  B:Q♠ J♠ 3♦=3  TIE(T)  |     0원 → 86,700원
H472 | bet   2,000원 PLAYER | P:6♦ J♥=6  B:2♣ 6♦=8  BANKER(L)  | -2,000원 → 84,700원
H473 | bet   4,000원 PLAYER | P:7♦ 3♣ 8♥=8  B:A♠ 6♦=7  PLAYER(W)  | +4,000원 → 88,700원  [end_win]
H474 | bet   1,000원 BANKER | P:8♠ 8♣=6  B:Q♥ 9♠=9  BANKER(W)  | +950원 → 89,650원
H475 | bet   1,000원 BANKER | P:7♦ 5♠ 4♦=6  B:4♦ Q♠ Q♦=4  PLAYER(L)  | -1,000원 → 88,650원  [start]
H476 | bet   2,000원 PLAYER | P:10♦ 8♠=8  B:7♦ 10♠=7  PLAYER(W)  | +2,000원 → 90,650원  [end_win]
H477 | bet   1,000원 BANKER | P:Q♠ 4♦=4  B:8♦ J♥=8  BANKER(W)  | +950원 → 91,600원
H478 | bet   1,000원 BANKER | P:3♥ 9♣=2  B:J♥ 9♥=9  BANKER(W)  | +950원 → 92,550원
H479 | bet   1,000원 BANKER | P:K♥ 9♦=9  B:2♠ 2♣=4  PLAYER(L)  | -1,000원 → 91,550원  [start]
H480 | bet   2,000원 PLAYER | P:8♦ 9♦=7  B:A♠ 9♦ K♠=0  PLAYER(W)  | +2,000원 → 93,550원  [end_win]
H481 | bet   1,000원 BANKER | P:J♥ 3♦ 5♥=8  B:10♦ Q♦ 8♣=8  TIE(T)  |     0원 → 93,550원
H482 | bet   1,000원 BANKER | P:J♣ J♠=0  B:8♦ K♣=8  BANKER(W)  | +950원 → 94,500원
H483 | bet   1,000원 BANKER | P:Q♣ 2♠ 6♥=8  B:9♣ 6♣ 6♥=1  PLAYER(L)  | -1,000원 → 93,500원  [start]
H484 | bet   2,000원 PLAYER | P:2♥ 10♥ 8♥=0  B:Q♣ 2♠ 5♥=7  BANKER(L)  | -2,000원 → 91,500원
H485 | bet   4,000원 PLAYER | P:4♣ 8♣=2  B:A♥ 8♠=9  BANKER(L)  | -4,000원 → 87,500원
H486 | bet   8,000원 PLAYER | P:2♠ K♦ K♥=2  B:7♦ 7♥=4  BANKER(L)  | -8,000원 → 79,500원
H487 | bet  16,000원 PLAYER | P:7♠ 8♠ 6♣=1  B:Q♦ 3♦ Q♣=3  BANKER(L)  | -16,000원 → 63,500원  [end_giveup]
H488 | bet   1,000원 BANKER | P:6♠ 2♠=8  B:9♦ 6♠=5  PLAYER(L)  | -1,000원 → 62,500원  [start]
H489 | bet   2,000원 PLAYER | P:10♥ A♦ 6♠=7  B:9♣ 6♠ J♦=5  PLAYER(W)  | +2,000원 → 64,500원  [end_win]
H490 | bet   1,000원 BANKER | P:7♣ 9♦=6  B:8♥ 9♥=7  BANKER(W)  | +950원 → 65,450원
H491 | bet   1,000원 BANKER | P:Q♥ 8♣=8  B:8♣ 4♦=2  PLAYER(L)  | -1,000원 → 64,450원  [start]
H492 | bet   2,000원 PLAYER | P:4♥ Q♠ 7♣=1  B:5♦ 6♦ 8♦=9  BANKER(L)  | -2,000원 → 62,450원
H493 | bet   4,000원 PLAYER | P:7♣ 5♦ 2♠=4  B:J♠ 10♣ 3♣=3  PLAYER(W)  | +4,000원 → 66,450원  [end_win]
H494 | bet   1,000원 BANKER | P:9♣ 10♣=9  B:2♠ Q♠=2  PLAYER(L)  | -1,000원 → 65,450원  [start]
H495 | bet   2,000원 PLAYER | P:3♠ 7♣ K♣=0  B:K♠ K♠ J♠=0  TIE(T)  |     0원 → 65,450원
H496 | bet   2,000원 PLAYER | P:A♠ 4♠ 10♥=5  B:2♣ 2♥=4  PLAYER(W)  | +2,000원 → 67,450원  [end_win]
H497 | bet   1,000원 BANKER | P:K♣ 9♠=9  B:9♠ A♣=0  PLAYER(L)  | -1,000원 → 66,450원  [start]
H498 | bet   2,000원 PLAYER | P:4♥ 9♥ Q♥=3  B:K♥ A♥ 7♥=8  BANKER(L)  | -2,000원 → 64,450원
H499 | bet   4,000원 PLAYER | P:10♥ 2♦ 8♥=0  B:10♠ 10♦ 9♣=9  BANKER(L)  | -4,000원 → 60,450원
H500 | bet   8,000원 PLAYER | P:5♣ 5♥ 5♣=5  B:A♠ 6♥=7  BANKER(L)  | -8,000원 → 52,450원
H501 | bet  16,000원 PLAYER | P:A♦ 6♣=7  B:7♠ 3♠ Q♣=0  PLAYER(W)  | +16,000원 → 68,450원  [end_win]
H502 | bet   1,000원 BANKER | P:K♥ 10♠ 5♠=5  B:9♣ 3♠ 6♦=8  BANKER(W)  | +950원 → 69,400원
H503 | bet   1,000원 BANKER | P:3♣ 10♥ 5♦=8  B:4♥ J♥ 4♦=8  TIE(T)  |     0원 → 69,400원
H504 | bet   1,000원 BANKER | P:9♥ 5♦ 4♥=8  B:J♦ 6♦=6  PLAYER(L)  | -1,000원 → 68,400원  [start]
H505 | bet   2,000원 PLAYER | P:K♠ K♣ 2♣=2  B:7♦ 9♠=6  BANKER(L)  | -2,000원 → 66,400원
H506 | bet   4,000원 PLAYER | P:8♠ A♦=9  B:4♦ Q♥=4  PLAYER(W)  | +4,000원 → 70,400원  [end_win]
H507 | bet   1,000원 BANKER | P:7♠ 3♥=0  B:6♣ 3♣=9  BANKER(W)  | +950원 → 71,350원
H508 | bet   1,000원 BANKER | P:10♦ 2♥ A♦=3  B:J♥ A♥ 9♥=0  PLAYER(L)  | -1,000원 → 70,350원  [start]
H509 | bet   2,000원 PLAYER | P:8♠ Q♠=8  B:A♦ 5♣=6  PLAYER(W)  | +2,000원 → 72,350원  [end_win]
H510 | bet   1,000원 BANKER | P:5♠ 3♥=8  B:K♦ 9♣=9  BANKER(W)  | +950원 → 73,300원
H511 | bet   1,000원 BANKER | P:J♣ 4♠ 7♦=1  B:10♦ 7♦=7  BANKER(W)  | +950원 → 74,250원
H512 | bet   1,000원 BANKER | P:7♠ Q♥=7  B:J♠ J♥ A♠=1  PLAYER(L)  | -1,000원 → 73,250원  [start]
H513 | bet   2,000원 PLAYER | P:10♦ K♣ Q♥=0  B:2♣ 10♣ K♦=2  BANKER(L)  | -2,000원 → 71,250원
H514 | bet   4,000원 PLAYER | P:A♠ 7♠=8  B:9♦ 2♦=1  PLAYER(W)  | +4,000원 → 75,250원  [end_win]
H515 | bet   1,000원 BANKER | P:7♥ 3♠ J♥=0  B:3♠ J♣ 8♥=1  BANKER(W)  | +950원 → 76,200원
H516 | bet   1,000원 BANKER | P:5♥ 6♣ 2♣=3  B:3♥ 9♥ A♥=3  TIE(T)  |     0원 → 76,200원
H517 | bet   1,000원 BANKER | P:10♦ 3♦ K♦=3  B:10♠ 2♦ 4♠=6  BANKER(W)  | +950원 → 77,150원
H518 | bet   1,000원 BANKER | P:4♣ 4♥=8  B:3♥ 6♥=9  BANKER(W)  | +950원 → 78,100원
H519 | bet   1,000원 BANKER | P:9♠ 9♦=8  B:J♦ K♠=0  PLAYER(L)  | -1,000원 → 77,100원  [start]
H520 | bet   2,000원 PLAYER | P:A♣ Q♦ K♥=1  B:7♦ 5♠ 2♣=4  BANKER(L)  | -2,000원 → 75,100원
H521 | bet   4,000원 PLAYER | P:4♦ 3♣=7  B:10♦ 7♠=7  TIE(T)  |     0원 → 75,100원
H522 | bet   4,000원 PLAYER | P:2♠ 7♥=9  B:8♠ 6♠=4  PLAYER(W)  | +4,000원 → 79,100원  [end_win]
H523 | bet   1,000원 BANKER | P:10♦ A♣ 7♠=8  B:A♥ 9♦ 2♠=2  PLAYER(L)  | -1,000원 → 78,100원  [start]
H524 | bet   2,000원 PLAYER | P:J♣ 8♥=8  B:3♣ 3♣=6  PLAYER(W)  | +2,000원 → 80,100원  [end_win]
H525 | bet   1,000원 BANKER | P:9♣ 8♦=7  B:Q♠ 7♥=7  TIE(T)  |     0원 → 80,100원
H526 | bet   1,000원 BANKER | P:2♥ 6♥=8  B:Q♣ 4♥=4  PLAYER(L)  | -1,000원 → 79,100원  [start]
H527 | bet   2,000원 PLAYER | P:9♠ 8♣=7  B:6♠ A♣=7  TIE(T)  |     0원 → 79,100원
H528 | bet   2,000원 PLAYER | P:2♦ 4♠=6  B:10♣ 10♣ 4♣=4  PLAYER(W)  | +2,000원 → 81,100원  [end_win]
H529 | bet   1,000원 BANKER | P:5♣ A♦=6  B:7♣ A♣=8  BANKER(W)  | +950원 → 82,050원
H530 | bet   1,000원 BANKER | P:Q♦ A♠ 2♦=3  B:K♦ 2♥ 4♦=6  BANKER(W)  | +950원 → 83,000원
H531 | bet   1,000원 BANKER | P:Q♠ 6♦=6  B:8♦ K♠=8  BANKER(W)  | +950원 → 83,950원
H532 | bet   1,000원 BANKER | P:10♠ A♠ 6♥=7  B:6♦ J♣ 3♦=9  BANKER(W)  | +950원 → 84,900원
H533 | bet   1,000원 BANKER | P:5♦ 8♣ 5♥=8  B:5♥ 9♠ 9♥=3  PLAYER(L)  | -1,000원 → 83,900원  [start]
H534 | bet   2,000원 PLAYER | P:6♥ 5♥=1  B:9♦ K♦=9  BANKER(L)  | -2,000원 → 81,900원
H535 | bet   4,000원 PLAYER | P:5♥ 2♣=7  B:6♣ K♣=6  PLAYER(W)  | +4,000원 → 85,900원  [end_win]
H536 | bet   1,000원 BANKER | P:2♥ 5♣=7  B:4♣ 2♠=6  PLAYER(L)  | -1,000원 → 84,900원  [start]
H537 | bet   2,000원 PLAYER | P:J♦ 3♦=3  B:8♦ Q♦=8  BANKER(L)  | -2,000원 → 82,900원
H538 | bet   4,000원 PLAYER | P:9♥ 4♠=3  B:9♥ 10♥=9  BANKER(L)  | -4,000원 → 78,900원
H539 | bet   8,000원 PLAYER | P:8♦ 3♦ K♠=1  B:10♣ 7♣=7  BANKER(L)  | -8,000원 → 70,900원
H540 | bet  16,000원 PLAYER | P:K♣ 10♦=0  B:9♠ Q♣=9  BANKER(L)  | -16,000원 → 54,900원  [end_giveup]
H541 | bet   1,000원 BANKER | P:Q♣ 9♠=9  B:5♠ 10♠=5  PLAYER(L)  | -1,000원 → 53,900원  [start]
H542 | bet   2,000원 PLAYER | P:6♣ 5♠ 4♣=5  B:Q♠ 2♥ A♥=3  PLAYER(W)  | +2,000원 → 55,900원  [end_win]
H543 | bet   1,000원 BANKER | P:2♣ 5♦=7  B:J♣ K♥ 6♣=6  PLAYER(L)  | -1,000원 → 54,900원  [start]
H544 | bet   2,000원 PLAYER | P:3♣ 8♦ 6♥=7  B:J♦ 6♦ Q♠=6  PLAYER(W)  | +2,000원 → 56,900원  [end_win]
H545 | bet   1,000원 BANKER | P:6♠ 4♣ J♠=0  B:6♥ Q♥=6  BANKER(W)  | +950원 → 57,850원
H546 | bet   1,000원 BANKER | P:7♥ 8♠ A♦=6  B:A♦ 3♠=4  PLAYER(L)  | -1,000원 → 56,850원  [start]
H547 | bet   2,000원 PLAYER | P:2♠ K♥=2  B:8♣ A♣=9  BANKER(L)  | -2,000원 → 54,850원
H548 | bet   4,000원 PLAYER | P:3♣ Q♦ J♠=3  B:8♦ 5♠ K♣=3  TIE(T)  |     0원 → 54,850원
H549 | bet   4,000원 PLAYER | P:9♦ A♥=0  B:8♠ J♠=8  BANKER(L)  | -4,000원 → 50,850원
H550 | bet   8,000원 PLAYER | P:J♠ 3♦=3  B:2♥ 6♣=8  BANKER(L)  | -8,000원 → 42,850원

Result: RUIN (capital_depleted)
Final: 42,850원  Hands: 550  Bets: 497  Wagered: 1,285,000원  Max losing streak: 7
