=== Session 42 ===
Seed: 9209191298904019989
Initial: 100,000원  Target: 500,000원  Ruin: 50,000원  Table-max: 100,000원
Strategy: martingale (pivot, steps=4)
Base bet: 1,000원  Primary side: BANKER

H001 | bet   1,000원 BANKER | P:2♠ 3♦ A♥=6  B:6♥ J♦=6  TIE(T)  |     0원 → 100,000원
H002 | bet   1,000원 BANKER | P:A♣ A♣=2  B:A♠ 8♠=9  BANKER(W)  | +950원 → 100,950원
H003 | bet   1,000원 BANKER | P:9♣ Q♣=9  B:10♠ 3♠=3  PLAYER(L)  | -1,000원 → 99,950원  [start]
H004 | bet   2,000원 PLAYER | P:10♦ J♦ 10♠=0  B:6♠ K♠=6  BANKER(L)  | -2,000원 → 97,950원
H005 | bet   4,000원 PLAYER | P:Q♥ 7♥=7  B:6♥ 7♥ 9♥=2  PLAYER(W)  | +4,000원 → 101,950원  [end_win]
H006 | bet   1,000원 BANKER | P:Q♣ 4♦ K♣=4  B:2♣ 9♠ 10♣=1  PLAYER(L)  | -1,000원 → 100,950원  [start]
H007 | bet   2,000원 PLAYER | P:10♥ K♠ 2♥=2  B:2♥ 4♠=6  BANKER(L)  | -2,000원 → 98,950원
H008 | bet   4,000원 PLAYER | P:2♦ K♣=2  B:9♦ J♣=9  BANKER(L)  | -4,000원 → 94,950원
H009 | bet   8,000원 PLAYER | P:4♣ 4♦=8  B:6♣ K♠=6  PLAYER(W)  | +8,000원 → 102,950원  [end_win]
H010 | bet   1,000원 BANKER | P:K♦ 5♣ 8♣=3  B:2♠ 4♣=6  BANKER(W)  | +950원 → 103,900원
H011 | bet   1,000원 BANKER | P:8♠ 8♦=6  B:5♣ 2♠=7  BANKER(W)  | +950원 → 104,850원
H012 | bet   1,000원 BANKER | P:9♣ 9♣=8  B:7♣ A♦=8  TIE(T)  |     0원 → 104,850원
H013 | bet   1,000원 BANKER | P:A♥ A♣ A♦=3  B:3♦ Q♦ 4♥=7  BANKER(W)  | +950원 → 105,800원
H014 | bet   1,000원 BANKER | P:8♥ J♦=8  B:Q♥ K♥=0  PLAYER(L)  | -1,000원 → 104,800원  [start]
H015 | bet   2,000원 PLAYER | P:9♥ 5♦ 3♣=7  B:10♦ 3♣ Q♥=3  PLAYER(W)  | +2,000원 → 106,800원  [end_win]
H016 | bet   1,000원 BANKER | P:9♠ 9♥=8  B:J♣ 7♥=7  PLAYER(L)  | -1,000원 → 105,800원  [start]
H017 | bet   2,000원 PLAYER | P:A♦ Q♦ Q♠=1  B:J♥ Q♣ 2♥=2  BANKER(L)  | -2,000원 → 103,800원
H018 | bet   4,000원 PLAYER | P:5♠ 3♠=8  B:5♥ 9♠=4  PLAYER(W)  | +4,000원 → 107,800원  [end_win]
H019 | bet   1,000원 BANKER | P:4♣ J♠ 4♥=8  B:Q♦ 4♣ 9♠=3  PLAYER(L)  | -1,000원 → 106,800원  [start]
H020 | bet   2,000원 PLAYER | P:2♣ 10♥=2  B:9♣ 10♠=9  BANKER(L)  | -2,000원 → 104,800원
H021 | bet   4,000원 PLAYER | P:A♠ 5♠=6  B:10♥ 6♦=6  TIE(T)  |     0원 → 104,800원
H022 | bet   4,000원 PLAYER | P:K♦ 2♦=2  B:2♦ 7♥=9  BANKER(L)  | -4,000원 → 100,800원
H023 | bet   8,000원 PLAYER | P:J♠ 9♦=9  B:2♠ 3♣=5  PLAYER(W)  | +8,000원 → 108,800원  [end_win]
H024 | bet   1,000원 BANKER | P:A♠ 5♦=6  B:Q♣ 5♦ 2♣=7  BANKER(W)  | +950원 → 109,750원
H025 | bet   1,000원 BANKER | P:5♣ K♠ 2♣=7  B:4♦ J♣ 5♦=9  BANKER(W)  | +950원 → 110,700원
H026 | bet   1,000원 BANKER | P:7♥ 4♣ K♣=1  B:5♠ 9♥=4  BANKER(W)  | +950원 → 111,650원
H027 | bet   1,000원 BANKER | P:10♣ 8♠=8  B:A♠ A♦=2  PLAYER(L)  | -1,000원 → 110,650원  [start]
H028 | bet   2,000원 PLAYER | P:Q♥ A♣ 3♣=4  B:K♦ K♠ 3♦=3  PLAYER(W)  | +2,000원 → 112,650원  [end_win]
H029 | bet   1,000원 BANKER | P:J♠ 6♥=6  B:8♥ Q♥=8  BANKER(W)  | +950원 → 113,600원
H030 | bet   1,000원 BANKER | P:Q♥ Q♦ 6♦=6  B:4♠ K♥ 10♦=4  PLAYER(L)  | -1,000원 → 112,600원  [start]
H031 | bet   2,000원 PLAYER | P:4♠ 6♠ K♥=0  B:8♥ 5♣ J♥=3  BANKER(L)  | -2,000원 → 110,600원
H032 | bet   4,000원 PLAYER | P:3♥ 10♠=3  B:K♠ 9♦=9  BANKER(L)  | -4,000원 → 106,600원
H033 | bet   8,000원 PLAYER | P:6♣ 4♥ Q♦=0  B:A♥ 9♥ 8♦=8  BANKER(L)  | -8,000원 → 98,600원
H034 | bet  16,000원 PLAYER | P:Q♣ 2♠ 6♦=8  B:4♥ 6♦ 9♥=9  BANKER(L)  | -16,000원 → 82,600원  [end_giveup]
H035 | bet   1,000원 BANKER | P:Q♠ 8♠=8  B:2♥ 5♥=7  PLAYER(L)  | -1,000원 → 81,600원  [start]
H036 | bet   2,000원 PLAYER | P:A♥ K♣ 2♣=3  B:2♣ K♦ 8♦=0  PLAYER(W)  | +2,000원 → 83,600원  [end_win]
H037 | bet   1,000원 BANKER | P:9♠ 6♥ J♠=5  B:6♣ 7♠ 10♠=3  PLAYER(L)  | -1,000원 → 82,600원  [start]
H038 | bet   2,000원 PLAYER | P:7♦ 6♦=3  B:A♠ 7♣=8  BANKER(L)  | -2,000원 → 80,600원
H039 | bet   4,000원 PLAYER | P:Q♥ 3♠=3  B:9♥ Q♠=9  BANKER(L)  | -4,000원 → 76,600원
H040 | bet   8,000원 PLAYER | P:Q♠ J♦ 2♥=2  B:6♠ 5♦ 8♠=9  BANKER(L)  | -8,000원 → 68,600원
H041 | bet  16,000원 PLAYER | P:7♦ 8♠ 6♥=1  B:7♠ 5♦ 4♣=6  BANKER(L)  | -16,000원 → 52,600원  [end_giveup]
H042 | bet   1,000원 BANKER | P:7♠ 6♠ 4♥=7  B:7♦ 10♦=7  TIE(T)  |     0원 → 52,600원
H043 | bet   1,000원 BANKER | P:7♣ 6♥ Q♣=3  B:9♦ 7♠=6  BANKER(W)  | +950원 → 53,550원
H044 | bet   1,000원 BANKER | P:3♥ K♥ 9♣=2  B:K♥ J♦ Q♣=0  PLAYER(L)  | -1,000원 → 52,550원  [start]
H045 | bet   2,000원 PLAYER | P:2♠ 9♥ Q♥=1  B:5♣ J♥=5  BANKER(L)  | -2,000원 → 50,550원
H046 | bet   4,000원 PLAYER | P:5♣ 5♦=0  B:3♦ 6♣=9  BANKER(L)  | -4,000원 → 46,550원

Result: RUIN (capital_depleted)
Final: 46,550원  Hands: 46  Bets: 42  Wagered: 131,000원  Max losing streak: 6
