=== Session 58 ===
Seed: 59865493798337699
Initial: 100,000원  Target: 500,000원  Ruin: 50,000원  Table-max: 100,000원
Strategy: martingale (pivot, steps=5)
Base bet: 1,000원  Primary side: BANKER

H001 | bet   1,000원 BANKER | P:Q♥ 9♠=9  B:J♣ K♥=0  PLAYER(L)  | -1,000원 → 99,000원  [start]
H002 | bet   2,000원 PLAYER | P:9♦ 10♥=9  B:A♥ 8♣=9  TIE(T)  |     0원 → 99,000원
H003 | bet   2,000원 PLAYER | P:A♠ 2♥ 4♥=7  B:6♠ K♣=6  PLAYER(W)  | +2,000원 → 101,000원  [end_win]
H004 | bet   1,000원 BANKER | P:7♠ 5♣=2  B:4♠ 5♦=9  BANKER(W)  | +950원 → 101,950원
H005 | bet   1,000원 BANKER | P:3♦ 3♥=6  B:6♣ K♣=6  TIE(T)  |     0원 → 101,950원
H006 | bet   1,000원 BANKER | P:K♠ J♥ K♥=0  B:4♥ 6♣ 4♦=4  BANKER(W)  | +950원 → 102,900원
H007 | bet   1,000원 BANKER | P:Q♠ 10♦=0  B:J♣ 9♥=9  BANKER(W)  | +950원 → 103,850원
H008 | bet   1,000원 BANKER | P:Q♠ J♦=0  B:Q♥ 9♥=9  BANKER(W)  | +950원 → 104,800원
H009 | bet   1,000원 BANKER | P:2♥ 3♥ K♣=5  B:A♣ 9♠ 3♠=3  PLAYER(L)  | -1,000원 → 103,800원  [start]
H010 | bet   2,000원 PLAYER | P:2♦ A♥ 3♠=6  B:5♠ 10♣=5  PLAYER(W)  | +2,000원 → 105,800원  [end_win]
H011 | bet   1,000원 BANKER | P:6♦ J♦=6  B:Q♦ 7♠=7  BANKER(W)  | +950원 → 106,750원
H012 | bet   1,000원 BANKER | P:4♦ 2♠=6  B:7♠ 2♣=9  BANKER(W)  | +950원 → 107,700원
H013 | bet   1,000원 BANKER | P:K♦ 4♣ 4♦=8  B:2♠ Q♣ 8♥=0  PLAYER(L)  | -1,000원 → 106,700원  [start]
H014 | bet   2,000원 PLAYER | P:6♦ 3♣=9  B:9♠ 10♠=9  TIE(T)  |     0원 → 106,700원
H015 | bet   2,000원 PLAYER | P:Q♣ 3♠ 9♣=2  B:8♠ 6♥=4  BANKER(L)  | -2,000원 → 104,700원
H016 | bet   4,000원 PLAYER | P:7♣ 10♣=7  B:4♦ 10♦ 3♠=7  TIE(T)  |     0원 → 104,700원
H017 | bet   4,000원 PLAYER | P:7♥ 3♠ 5♦=5  B:A♠ 9♦ 7♦=7  BANKER(L)  | -4,000원 → 100,700원
H018 | bet   8,000원 PLAYER | P:4♣ 2♥=6  B:5♥ A♥=6  TIE(T)  |     0원 → 100,700원
H019 | bet   8,000원 PLAYER | P:10♣ 8♦=8  B:5♥ 10♠=5  PLAYER(W)  | +8,000원 → 108,700원  [end_win]
H020 | bet   1,000원 BANKER | P:8♥ 7♠ 3♥=8  B:3♦ A♥ 4♦=8  TIE(T)  |     0원 → 108,700원
H021 | bet   1,000원 BANKER | P:Q♦ J♠ 7♦=7  B:A♠ 2♦ 3♣=6  PLAYER(L)  | -1,000원 → 107,700원  [start]
H022 | bet   2,000원 PLAYER | P:J♦ K♥ 10♥=0  B:7♣ 10♣=7  BANKER(L)  | -2,000원 → 105,700원
H023 | bet   4,000원 PLAYER | P:J♣ Q♠ 2♠=2  B:A♣ J♥ 6♣=7  BANKER(L)  | -4,000원 → 101,700원
H024 | bet   8,000원 PLAYER | P:7♦ 3♠ 5♣=5  B:2♥ 5♦=7  BANKER(L)  | -8,000원 → 93,700원
H025 | bet  16,000원 PLAYER | P:4♣ A♠ K♣=5  B:Q♣ 2♣ 4♠=6  BANKER(L)  | -16,000원 → 77,700원
H026 | bet  32,000원 PLAYER | P:K♠ 10♠ 6♥=6  B:4♥ Q♥ 2♥=6  TIE(T)  |     0원 → 77,700원
H027 | bet  32,000원 PLAYER | P:8♠ 4♣=2  B:3♦ 5♠=8  BANKER(L)  | -32,000원 → 45,700원  [end_giveup]

Result: RUIN (capital_depleted)
Final: 45,700원  Hands: 27  Bets: 20  Wagered: 90,000원  Max losing streak: 6
