=== Session 49 ===
Seed: 2819424749284882229
Initial: 100,000원  Target: 500,000원  Ruin: 50,000원  Table-max: 100,000원
Strategy: martingale (pivot, steps=5)
Base bet: 1,000원  Primary side: BANKER

H001 | bet   1,000원 BANKER | P:Q♥ Q♥ Q♦=0  B:K♠ 10♠ 3♣=3  BANKER(W)  | +950원 → 100,950원
H002 | bet   1,000원 BANKER | P:8♥ 9♦=7  B:K♠ 2♠ J♣=2  PLAYER(L)  | -1,000원 → 99,950원  [start]
H003 | bet   2,000원 PLAYER | P:Q♥ 2♣ 6♠=8  B:3♦ 2♦ 7♣=2  PLAYER(W)  | +2,000원 → 101,950원  [end_win]
H004 | bet   1,000원 BANKER | P:8♣ 7♣ 9♣=4  B:2♦ 3♦=5  BANKER(W)  | +950원 → 102,900원
H005 | bet   1,000원 BANKER | P:Q♦ 4♦ 10♥=4  B:9♠ A♣ 3♥=3  PLAYER(L)  | -1,000원 → 101,900원  [start]
H006 | bet   2,000원 PLAYER | P:7♠ A♣=8  B:3♣ 8♦=1  PLAYER(W)  | +2,000원 → 103,900원  [end_win]
H007 | bet   1,000원 BANKER | P:10♥ 10♠ 4♦=4  B:5♠ K♦ 7♦=2  PLAYER(L)  | -1,000원 → 102,900원  [start]
H008 | bet   2,000원 PLAYER | P:6♦ 8♥ J♥=4  B:3♠ 7♣ 9♦=9  BANKER(L)  | -2,000원 → 100,900원
H009 | bet   4,000원 PLAYER | P:10♣ K♠ Q♣=0  B:2♥ Q♠ 8♠=0  TIE(T)  |     0원 → 100,900원
H010 | bet   4,000원 PLAYER | P:K♥ 9♠=9  B:3♠ 10♥=3  PLAYER(W)  | +4,000원 → 104,900원  [end_win]
H011 | bet   1,000원 BANKER | P:2♠ A♦ Q♥=3  B:3♥ J♠ 9♥=2  PLAYER(L)  | -1,000원 → 103,900원  [start]
H012 | bet   2,000원 PLAYER | P:9♠ 9♣=8  B:J♠ 8♠=8  TIE(T)  |     0원 → 103,900원
H013 | bet   2,000원 PLAYER | P:7♠ 8♠=5  B:9♠ Q♣=9  BANKER(L)  | -2,000원 → 101,900원
H014 | bet   4,000원 PLAYER | P:9♣ 7♣=6  B:4♦ 2♣=6  TIE(T)  |     0원 → 101,900원
H015 | bet   4,000원 PLAYER | P:5♣ A♥=6  B:4♣ K♥ 5♣=9  BANKER(L)  | -4,000원 → 97,900원
H016 | bet   8,000원 PLAYER | P:J♥ Q♥ 6♠=6  B:K♥ 10♣ K♥=0  PLAYER(W)  | +8,000원 → 105,900원  [end_win]
H017 | bet   1,000원 BANKER | P:7♦ 6♣ 10♥=3  B:Q♣ A♠ 6♠=7  BANKER(W)  | +950원 → 106,850원
H018 | bet   1,000원 BANKER | P:6♦ 7♦=3  B:7♠ A♦=8  BANKER(W)  | +950원 → 107,800원
H019 | bet   1,000원 BANKER | P:2♣ A♣ 7♦=0  B:4♦ 7♣ 3♦=4  BANKER(W)  | +950원 → 108,750원
H020 | bet   1,000원 BANKER | P:K♦ A♠ 10♦=1  B:4♠ K♣=4  BANKER(W)  | +950원 → 109,700원
H021 | bet   1,000원 BANKER | P:3♥ Q♠ 8♦=1  B:J♠ 4♣=4  BANKER(W)  | +950원 → 110,650원
H022 | bet   1,000원 BANKER | P:A♦ 10♦=1  B:9♠ J♠=9  BANKER(W)  | +950원 → 111,600원
H023 | bet   1,000원 BANKER | P:8♠ 7♥ 6♣=1  B:7♦ 10♠=7  BANKER(W)  | +950원 → 112,550원
H024 | bet   1,000원 BANKER | P:K♠ 10♦ K♦=0  B:10♠ 2♣ 8♣=0  TIE(T)  |     0원 → 112,550원
H025 | bet   1,000원 BANKER | P:Q♥ K♥ K♦=0  B:5♦ 8♦ 3♥=6  BANKER(W)  | +950원 → 113,500원
H026 | bet   1,000원 BANKER | P:5♥ K♥=5  B:K♣ 8♣=8  BANKER(W)  | +950원 → 114,450원
H027 | bet   1,000원 BANKER | P:3♥ 6♦=9  B:5♦ 4♥=9  TIE(T)  |     0원 → 114,450원
H028 | bet   1,000원 BANKER | P:6♥ 10♦=6  B:3♦ 10♦ 10♦=3  PLAYER(L)  | -1,000원 → 113,450원  [start]
H029 | bet   2,000원 PLAYER | P:J♣ Q♦ 10♣=0  B:4♥ 2♥=6  BANKER(L)  | -2,000원 → 111,450원
H030 | bet   4,000원 PLAYER | P:8♥ 4♠ A♥=3  B:9♣ 7♠=6  BANKER(L)  | -4,000원 → 107,450원
H031 | bet   8,000원 PLAYER | P:J♣ 3♣ 9♣=2  B:9♦ 4♠ 9♦=2  TIE(T)  |     0원 → 107,450원
H032 | bet   8,000원 PLAYER | P:Q♣ J♣=0  B:5♦ 3♠=8  BANKER(L)  | -8,000원 → 99,450원
H033 | bet  16,000원 PLAYER | P:A♣ 8♠=9  B:10♣ 7♠=7  PLAYER(W)  | +16,000원 → 115,450원  [end_win]
H034 | bet   1,000원 BANKER | P:10♦ 6♣=6  B:8♣ 4♣ 8♣=0  PLAYER(L)  | -1,000원 → 114,450원  [start]
H035 | bet   2,000원 PLAYER | P:A♥ 2♦ 4♦=7  B:J♠ 2♣ 5♥=7  TIE(T)  |     0원 → 114,450원
H036 | bet   2,000원 PLAYER | P:5♠ 5♦ Q♣=0  B:4♥ 10♣=4  BANKER(L)  | -2,000원 → 112,450원
H037 | bet   4,000원 PLAYER | P:5♣ 6♥=1  B:9♥ J♥=9  BANKER(L)  | -4,000원 → 108,450원
H038 | bet   8,000원 PLAYER | P:2♥ 7♣=9  B:J♦ 5♣=5  PLAYER(W)  | +8,000원 → 116,450원  [end_win]
H039 | bet   1,000원 BANKER | P:7♦ 9♣=6  B:5♦ 7♥ 5♣=7  BANKER(W)  | +950원 → 117,400원
H040 | bet   1,000원 BANKER | P:Q♣ 10♣ 8♦=8  B:6♣ A♥=7  PLAYER(L)  | -1,000원 → 116,400원  [start]
H041 | bet   2,000원 PLAYER | P:2♠ 4♥=6  B:9♠ 5♠ K♣=4  PLAYER(W)  | +2,000원 → 118,400원  [end_win]
H042 | bet   1,000원 BANKER | P:9♦ 7♦=6  B:6♦ 5♥ K♠=1  PLAYER(L)  | -1,000원 → 117,400원  [start]
H043 | bet   2,000원 PLAYER | P:3♥ K♥ A♦=4  B:5♣ 5♥ 2♥=2  PLAYER(W)  | +2,000원 → 119,400원  [end_win]
H044 | bet   1,000원 BANKER | P:7♦ 3♣ A♠=1  B:8♣ 4♠ 6♥=8  BANKER(W)  | +950원 → 120,350원
H045 | bet   1,000원 BANKER | P:A♦ K♦ J♠=1  B:6♦ 5♣ 9♥=0  PLAYER(L)  | -1,000원 → 119,350원  [start]
H046 | bet   2,000원 PLAYER | P:10♥ A♥ 4♠=5  B:9♦ 8♥=7  BANKER(L)  | -2,000원 → 117,350원
H047 | bet   4,000원 PLAYER | P:6♣ K♦=6  B:Q♠ 3♣ 8♠=1  PLAYER(W)  | +4,000원 → 121,350원  [end_win]
H048 | bet   1,000원 BANKER | P:Q♣ J♣=0  B:4♣ 4♣=8  BANKER(W)  | +950원 → 122,300원
H049 | bet   1,000원 BANKER | P:6♣ A♠=7  B:2♠ 6♦=8  BANKER(W)  | +950원 → 123,250원
H050 | bet   1,000원 BANKER | P:K♣ 2♥ 9♥=1  B:Q♦ 7♥=7  BANKER(W)  | +950원 → 124,200원
H051 | bet   1,000원 BANKER | P:3♠ 2♦=5  B:A♠ 8♥=9  BANKER(W)  | +950원 → 125,150원
H052 | bet   1,000원 BANKER | P:8♦ 4♠ J♥=2  B:J♥ 6♦=6  BANKER(W)  | +950원 → 126,100원
H053 | bet   1,000원 BANKER | P:7♥ 9♠=6  B:3♣ J♥ 9♥=2  PLAYER(L)  | -1,000원 → 125,100원  [start]
H054 | bet   2,000원 PLAYER | P:8♣ 5♦ 2♣=5  B:3♣ K♣ 6♥=9  BANKER(L)  | -2,000원 → 123,100원
H055 | bet   4,000원 PLAYER | P:10♠ K♦ 5♥=5  B:4♥ 7♥ 10♥=1  PLAYER(W)  | +4,000원 → 127,100원  [end_win]
H056 | bet   1,000원 BANKER | P:8♠ 2♥ 5♠=5  B:J♥ 3♣ 4♠=7  BANKER(W)  | +950원 → 128,050원
H057 | bet   1,000원 BANKER | P:7♥ 4♣=1  B:J♦ 8♥=8  BANKER(W)  | +950원 → 129,000원
H058 | bet   1,000원 BANKER | P:9♠ 2♠ 3♠=4  B:Q♥ J♦ A♦=1  PLAYER(L)  | -1,000원 → 128,000원  [start]
H059 | bet   2,000원 PLAYER | P:6♠ Q♦=6  B:3♠ 6♠=9  BANKER(L)  | -2,000원 → 126,000원
H060 | bet   4,000원 PLAYER | P:10♦ A♦ 6♣=7  B:2♥ K♠ 6♥=8  BANKER(L)  | -4,000원 → 122,000원
H061 | bet   8,000원 PLAYER | P:3♥ 4♠=7  B:J♣ K♣ Q♠=0  PLAYER(W)  | +8,000원 → 130,000원  [end_win]
H062 | bet   1,000원 BANKER | P:2♦ 2♦ 8♦=2  B:6♥ 4♦ 2♠=2  TIE(T)  |     0원 → 130,000원
H063 | bet   1,000원 BANKER | P:A♣ K♣ J♣=1  B:10♣ 10♣ 5♥=5  BANKER(W)  | +950원 → 130,950원
H064 | bet   1,000원 BANKER | P:6♠ Q♠=6  B:5♠ Q♠ J♦=5  PLAYER(L)  | -1,000원 → 129,950원  [start]
H065 | bet   2,000원 PLAYER | P:10♠ 6♦=6  B:A♥ 7♠=8  BANKER(L)  | -2,000원 → 127,950원
H066 | bet   4,000원 PLAYER | P:5♣ 8♣=3  B:9♦ J♦=9  BANKER(L)  | -4,000원 → 123,950원
H067 | bet   8,000원 PLAYER | P:9♥ J♦=9  B:9♥ 2♥=1  PLAYER(W)  | +8,000원 → 131,950원  [end_win]
H068 | bet   1,000원 BANKER | P:10♥ 3♥ J♦=3  B:A♣ Q♦ 7♥=8  BANKER(W)  | +950원 → 132,900원
H069 | bet   1,000원 BANKER | P:8♠ 7♠ 10♥=5  B:3♠ A♠=4  PLAYER(L)  | -1,000원 → 131,900원  [start]
H070 | bet   2,000원 PLAYER | P:5♥ 4♦=9  B:A♠ 10♠=1  PLAYER(W)  | +2,000원 → 133,900원  [end_win]
H071 | bet   1,000원 BANKER | P:4♥ 6♠ Q♥=0  B:J♣ 4♣=4  BANKER(W)  | +950원 → 134,850원
H072 | bet   1,000원 BANKER | P:K♠ 7♠=7  B:7♥ K♦=7  TIE(T)  |     0원 → 134,850원
H073 | bet   1,000원 BANKER | P:3♦ 2♠ J♠=5  B:6♥ 4♦ Q♠=0  PLAYER(L)  | -1,000원 → 133,850원  [start]
H074 | bet   2,000원 PLAYER | P:3♦ 8♦ Q♦=1  B:A♠ A♦ 7♣=9  BANKER(L)  | -2,000원 → 131,850원
H075 | bet   4,000원 PLAYER | P:5♦ 5♥ 10♠=0  B:2♣ J♥ 2♦=4  BANKER(L)  | -4,000원 → 127,850원
H076 | bet   8,000원 PLAYER | P:3♠ 6♠=9  B:6♣ 2♣=8  PLAYER(W)  | +8,000원 → 135,850원  [end_win]
H077 | bet   1,000원 BANKER | P:2♦ 9♣=1  B:A♣ 8♥=9  BANKER(W)  | +950원 → 136,800원
H078 | bet   1,000원 BANKER | P:6♥ 3♦=9  B:7♣ 4♥=1  PLAYER(L)  | -1,000원 → 135,800원  [start]
H079 | bet   2,000원 PLAYER | P:5♠ Q♦=5  B:9♦ K♠=9  BANKER(L)  | -2,000원 → 133,800원
H080 | bet   4,000원 PLAYER | P:5♠ 2♠=7  B:8♦ A♣=9  BANKER(L)  | -4,000원 → 129,800원
H081 | bet   8,000원 PLAYER | P:4♣ 5♠=9  B:5♦ 9♣=4  PLAYER(W)  | +8,000원 → 137,800원  [end_win]
H082 | bet   1,000원 BANKER | P:6♠ 7♥ 10♠=3  B:7♦ 3♠ 7♠=7  BANKER(W)  | +950원 → 138,750원
H083 | bet   1,000원 BANKER | P:4♠ 9♦ 9♦=2  B:4♥ K♥=4  BANKER(W)  | +950원 → 139,700원
H084 | bet   1,000원 BANKER | P:6♦ Q♥=6  B:7♠ 10♥=7  BANKER(W)  | +950원 → 140,650원
H085 | bet   1,000원 BANKER | P:9♣ 10♦=9  B:6♦ A♥=7  PLAYER(L)  | -1,000원 → 139,650원  [start]
H086 | bet   2,000원 PLAYER | P:A♦ K♣ 8♣=9  B:7♥ 10♣=7  PLAYER(W)  | +2,000원 → 141,650원  [end_win]
H087 | bet   1,000원 BANKER | P:8♠ 7♠ 2♥=7  B:J♣ 2♥ 2♠=4  PLAYER(L)  | -1,000원 → 140,650원  [start]
H088 | bet   2,000원 PLAYER | P:J♦ 10♦=0  B:J♥ 9♦=9  BANKER(L)  | -2,000원 → 138,650원
H089 | bet   4,000원 PLAYER | P:10♥ 6♠=6  B:2♠ Q♥ Q♦=2  PLAYER(W)  | +4,000원 → 142,650원  [end_win]
H090 | bet   1,000원 BANKER | P:J♥ 8♣=8  B:8♦ 9♦=7  PLAYER(L)  | -1,000원 → 141,650원  [start]
H091 | bet   2,000원 PLAYER | P:8♠ A♦=9  B:3♠ 5♦=8  PLAYER(W)  | +2,000원 → 143,650원  [end_win]
H092 | bet   1,000원 BANKER | P:J♥ 9♦=9  B:5♥ 2♠=7  PLAYER(L)  | -1,000원 → 142,650원  [start]
H093 | bet   2,000원 PLAYER | P:4♦ 2♣=6  B:2♥ K♦ 10♣=2  PLAYER(W)  | +2,000원 → 144,650원  [end_win]
H094 | bet   1,000원 BANKER | P:A♣ 4♦ Q♥=5  B:A♥ 3♥=4  PLAYER(L)  | -1,000원 → 143,650원  [start]
H095 | bet   2,000원 PLAYER | P:Q♥ Q♣ 3♦=3  B:9♦ 3♥ 9♣=1  PLAYER(W)  | +2,000원 → 145,650원  [end_win]
H096 | bet   1,000원 BANKER | P:2♣ 4♦=6  B:7♥ 9♥=6  TIE(T)  |     0원 → 145,650원
H097 | bet   1,000원 BANKER | P:Q♣ 6♦=6  B:10♦ 9♥=9  BANKER(W)  | +950원 → 146,600원
H098 | bet   1,000원 BANKER | P:Q♣ 2♠ A♠=3  B:6♣ 4♣ 10♣=0  PLAYER(L)  | -1,000원 → 145,600원  [start]
H099 | bet   2,000원 PLAYER | P:6♠ 6♣ A♣=3  B:4♠ Q♦=4  BANKER(L)  | -2,000원 → 143,600원
H100 | bet   4,000원 PLAYER | P:5♣ 5♥ 9♠=9  B:5♣ 8♦ 6♠=9  TIE(T)  |     0원 → 143,600원
H101 | bet   4,000원 PLAYER | P:9♣ 8♣=7  B:6♣ 7♥ 3♠=6  PLAYER(W)  | +4,000원 → 147,600원  [end_win]
H102 | bet   1,000원 BANKER | P:7♥ 3♠ 4♣=4  B:Q♠ 3♥ 5♠=8  BANKER(W)  | +950원 → 148,550원
H103 | bet   1,000원 BANKER | P:A♥ 3♥ 8♥=2  B:7♣ 6♣=3  BANKER(W)  | +950원 → 149,500원
H104 | bet   1,000원 BANKER | P:J♥ 7♦=7  B:7♠ J♦=7  TIE(T)  |     0원 → 149,500원
H105 | bet   1,000원 BANKER | P:3♦ A♦ 5♣=9  B:A♦ K♦ K♠=1  PLAYER(L)  | -1,000원 → 148,500원  [start]
H106 | bet   2,000원 PLAYER | P:10♠ Q♦ Q♣=0  B:5♦ 7♦ 6♥=8  BANKER(L)  | -2,000원 → 146,500원
H107 | bet   4,000원 PLAYER | P:4♦ K♣ Q♣=4  B:7♠ 6♥ 7♠=0  PLAYER(W)  | +4,000원 → 150,500원  [end_win]
H108 | bet   1,000원 BANKER | P:3♠ 5♥=8  B:3♣ 5♦=8  TIE(T)  |     0원 → 150,500원
H109 | bet   1,000원 BANKER | P:J♥ 5♠=5  B:K♦ 9♥=9  BANKER(W)  | +950원 → 151,450원
H110 | bet   1,000원 BANKER | P:7♥ 4♦ 10♦=1  B:7♣ K♦=7  BANKER(W)  | +950원 → 152,400원
H111 | bet   1,000원 BANKER | P:3♠ 4♣=7  B:6♣ 10♠=6  PLAYER(L)  | -1,000원 → 151,400원  [start]
H112 | bet   2,000원 PLAYER | P:8♠ 6♠ 9♠=3  B:A♥ 5♠=6  BANKER(L)  | -2,000원 → 149,400원
H113 | bet   4,000원 PLAYER | P:J♠ K♥ K♠=0  B:2♦ K♠ 5♥=7  BANKER(L)  | -4,000원 → 145,400원
H114 | bet   8,000원 PLAYER | P:8♥ 5♠ 7♣=0  B:8♦ 4♥ 8♣=0  TIE(T)  |     0원 → 145,400원
H115 | bet   8,000원 PLAYER | P:10♠ J♠ A♥=1  B:6♣ K♦=6  BANKER(L)  | -8,000원 → 137,400원
H116 | bet  16,000원 PLAYER | P:10♥ 5♥ 4♣=9  B:10♣ 6♠=6  PLAYER(W)  | +16,000원 → 153,400원  [end_win]
H117 | bet   1,000원 BANKER | P:Q♥ 2♠=2  B:K♣ 9♣=9  BANKER(W)  | +950원 → 154,350원
H118 | bet   1,000원 BANKER | P:2♦ 2♦ 4♠=8  B:9♠ 2♣ 8♥=9  BANKER(W)  | +950원 → 155,300원
H119 | bet   1,000원 BANKER | P:Q♠ 5♥ Q♠=5  B:9♣ 7♣=6  BANKER(W)  | +950원 → 156,250원
H120 | bet   1,000원 BANKER | P:A♦ Q♠ 10♣=1  B:Q♦ 7♥=7  BANKER(W)  | +950원 → 157,200원
H121 | bet   1,000원 BANKER | P:J♥ 5♣=5  B:8♦ A♦=9  BANKER(W)  | +950원 → 158,150원
H122 | bet   1,000원 BANKER | P:4♦ 9♥ 5♥=8  B:J♥ 6♥=6  PLAYER(L)  | -1,000원 → 157,150원  [start]
H123 | bet   2,000원 PLAYER | P:7♣ 5♣ 8♥=0  B:5♠ 2♣=7  BANKER(L)  | -2,000원 → 155,150원
H124 | bet   4,000원 PLAYER | P:J♦ 2♣ A♠=3  B:8♦ 2♣ 6♠=6  BANKER(L)  | -4,000원 → 151,150원
H125 | bet   8,000원 PLAYER | P:Q♠ 8♥=8  B:10♠ 7♦=7  PLAYER(W)  | +8,000원 → 159,150원  [end_win]
H126 | bet   1,000원 BANKER | P:6♥ K♥=6  B:K♥ 7♣=7  BANKER(W)  | +950원 → 160,100원
H127 | bet   1,000원 BANKER | P:3♣ 6♥=9  B:5♣ 7♦=2  PLAYER(L)  | -1,000원 → 159,100원  [start]
H128 | bet   2,000원 PLAYER | P:J♣ 4♥ K♥=4  B:4♦ Q♦=4  TIE(T)  |     0원 → 159,100원
H129 | bet   2,000원 PLAYER | P:K♥ Q♠ 4♠=4  B:2♦ 10♣ 10♦=2  PLAYER(W)  | +2,000원 → 161,100원  [end_win]
H130 | bet   1,000원 BANKER | P:4♣ 8♥=2  B:4♠ 4♠=8  BANKER(W)  | +950원 → 162,050원
H131 | bet   1,000원 BANKER | P:9♠ 7♦=6  B:3♣ Q♥ 6♦=9  BANKER(W)  | +950원 → 163,000원
H132 | bet   1,000원 BANKER | P:A♠ 9♣=0  B:Q♣ 9♥=9  BANKER(W)  | +950원 → 163,950원
H133 | bet   1,000원 BANKER | P:J♣ 4♥ A♥=5  B:9♥ 8♦=7  BANKER(W)  | +950원 → 164,900원
H134 | bet   1,000원 BANKER | P:2♦ 6♥=8  B:Q♣ 2♥=2  PLAYER(L)  | -1,000원 → 163,900원  [start]
H135 | bet   2,000원 PLAYER | P:6♠ J♠=6  B:J♦ Q♥ 6♦=6  TIE(T)  |     0원 → 163,900원
H136 | bet   2,000원 PLAYER | P:9♥ A♣ 8♣=8  B:J♣ 2♦ A♦=3  PLAYER(W)  | +2,000원 → 165,900원  [end_win]
H137 | bet   1,000원 BANKER | P:10♦ Q♦ K♥=0  B:J♦ 6♣=6  BANKER(W)  | +950원 → 166,850원
H138 | bet   1,000원 BANKER | P:K♦ 8♠=8  B:K♠ 2♦=2  PLAYER(L)  | -1,000원 → 165,850원  [start]
H139 | bet   2,000원 PLAYER | P:5♠ K♠ 5♦=0  B:4♣ 7♥ 5♠=6  BANKER(L)  | -2,000원 → 163,850원
H140 | bet   4,000원 PLAYER | P:3♦ 10♥ 3♣=6  B:J♦ 10♠ 5♠=5  PLAYER(W)  | +4,000원 → 167,850원  [end_win]
H141 | bet   1,000원 BANKER | P:3♥ 4♠=7  B:6♥ 3♣=9  BANKER(W)  | +950원 → 168,800원
H142 | bet   1,000원 BANKER | P:Q♦ J♠=0  B:9♠ 10♥=9  BANKER(W)  | +950원 → 169,750원
H143 | bet   1,000원 BANKER | P:9♦ 8♣=7  B:9♠ 9♠=8  BANKER(W)  | +950원 → 170,700원
H144 | bet   1,000원 BANKER | P:A♣ 8♥=9  B:J♠ K♣=0  PLAYER(L)  | -1,000원 → 169,700원  [start]
H145 | bet   2,000원 PLAYER | P:9♠ A♠ 8♣=8  B:K♣ 10♠ 9♥=9  BANKER(L)  | -2,000원 → 167,700원
H146 | bet   4,000원 PLAYER | P:7♣ 5♣ 6♦=8  B:K♦ Q♠ 10♥=0  PLAYER(W)  | +4,000원 → 171,700원  [end_win]
H147 | bet   1,000원 BANKER | P:10♣ 10♠ J♣=0  B:J♦ 6♥=6  BANKER(W)  | +950원 → 172,650원
H148 | bet   1,000원 BANKER | P:J♠ 6♣=6  B:2♠ 4♥=6  TIE(T)  |     0원 → 172,650원
H149 | bet   1,000원 BANKER | P:2♥ 10♥ 5♦=7  B:4♣ A♠ 2♣=7  TIE(T)  |     0원 → 172,650원
H150 | bet   1,000원 BANKER | P:8♦ 3♦ 4♠=5  B:J♠ A♣ A♣=2  PLAYER(L)  | -1,000원 → 171,650원  [start]
H151 | bet   2,000원 PLAYER | P:3♣ A♣ Q♦=4  B:J♠ 5♦=5  BANKER(L)  | -2,000원 → 169,650원
H152 | bet   4,000원 PLAYER | P:3♥ J♦=3  B:8♠ K♣=8  BANKER(L)  | -4,000원 → 165,650원
H153 | bet   8,000원 PLAYER | P:8♠ A♥=9  B:3♣ 4♥=7  PLAYER(W)  | +8,000원 → 173,650원  [end_win]
H154 | bet   1,000원 BANKER | P:5♥ K♣=5  B:6♦ 3♦=9  BANKER(W)  | +950원 → 174,600원
H155 | bet   1,000원 BANKER | P:7♠ 3♣ 3♦=3  B:8♠ 9♦=7  BANKER(W)  | +950원 → 175,550원
H156 | bet   1,000원 BANKER | P:2♥ A♣ K♠=3  B:9♣ 4♥ 7♠=0  PLAYER(L)  | -1,000원 → 174,550원  [start]
H157 | bet   2,000원 PLAYER | P:Q♣ Q♥=0  B:2♣ 6♦=8  BANKER(L)  | -2,000원 → 172,550원
H158 | bet   4,000원 PLAYER | P:2♠ 7♦=9  B:K♠ A♠=1  PLAYER(W)  | +4,000원 → 176,550원  [end_win]
H159 | bet   1,000원 BANKER | P:8♠ 2♦ 3♠=3  B:A♥ A♠ J♥=2  PLAYER(L)  | -1,000원 → 175,550원  [start]
H160 | bet   2,000원 PLAYER | P:3♥ 10♦ K♠=3  B:K♦ 5♦=5  BANKER(L)  | -2,000원 → 173,550원
H161 | bet   4,000원 PLAYER | P:4♦ 7♣ 5♣=6  B:3♦ A♠ 4♣=8  BANKER(L)  | -4,000원 → 169,550원
H162 | bet   8,000원 PLAYER | P:10♣ 4♥ 8♣=2  B:Q♠ 5♦=5  BANKER(L)  | -8,000원 → 161,550원
H163 | bet  16,000원 PLAYER | P:3♥ J♣ 10♦=3  B:9♣ 8♥=7  BANKER(L)  | -16,000원 → 145,550원
H164 | bet  32,000원 PLAYER | P:3♥ K♠ A♥=4  B:10♦ A♠ J♠=1  PLAYER(W)  | +32,000원 → 177,550원  [end_win]
H165 | bet   1,000원 BANKER | P:2♥ 4♣=6  B:4♥ 6♥ K♣=0  PLAYER(L)  | -1,000원 → 176,550원  [start]
H166 | bet   2,000원 PLAYER | P:K♣ 7♣=7  B:K♣ A♣ 7♦=8  BANKER(L)  | -2,000원 → 174,550원
H167 | bet   4,000원 PLAYER | P:9♦ A♠=0  B:8♥ J♦=8  BANKER(L)  | -4,000원 → 170,550원
H168 | bet   8,000원 PLAYER | P:10♠ 7♣=7  B:5♣ 6♣ 8♠=9  BANKER(L)  | -8,000원 → 162,550원
H169 | bet  16,000원 PLAYER | P:9♠ 5♦ Q♣=4  B:6♣ 5♥ 6♠=7  BANKER(L)  | -16,000원 → 146,550원
H170 | bet  32,000원 PLAYER | P:2♣ J♦ Q♦=2  B:2♦ 2♥=4  BANKER(L)  | -32,000원 → 114,550원  [end_giveup]
H171 | bet   1,000원 BANKER | P:8♥ Q♦=8  B:K♣ 3♥=3  PLAYER(L)  | -1,000원 → 113,550원  [start]
H172 | bet   2,000원 PLAYER | P:Q♦ 7♦=7  B:5♣ 5♥ 10♥=0  PLAYER(W)  | +2,000원 → 115,550원  [end_win]
H173 | bet   1,000원 BANKER | P:8♥ 4♥ J♣=2  B:Q♦ K♠ 10♣=0  PLAYER(L)  | -1,000원 → 114,550원  [start]
H174 | bet   2,000원 PLAYER | P:3♥ 9♦ 7♥=9  B:2♦ 10♠ 8♦=0  PLAYER(W)  | +2,000원 → 116,550원  [end_win]
H175 | bet   1,000원 BANKER | P:2♦ 5♠=7  B:4♦ 8♠ 8♦=0  PLAYER(L)  | -1,000원 → 115,550원  [start]
H176 | bet   2,000원 PLAYER | P:10♦ 10♠ 3♦=3  B:Q♥ 6♥=6  BANKER(L)  | -2,000원 → 113,550원
H177 | bet   4,000원 PLAYER | P:8♦ 3♦=1  B:3♠ 6♠=9  BANKER(L)  | -4,000원 → 109,550원
H178 | bet   8,000원 PLAYER | P:9♣ A♦ J♥=0  B:Q♥ 5♣=5  BANKER(L)  | -8,000원 → 101,550원
H179 | bet  16,000원 PLAYER | P:8♠ 2♥=0  B:5♦ 3♦=8  BANKER(L)  | -16,000원 → 85,550원
H180 | bet  32,000원 PLAYER | P:3♣ 2♠ 9♥=4  B:8♣ 9♣=7  BANKER(L)  | -32,000원 → 53,550원  [end_giveup]
H181 | bet   1,000원 BANKER | P:K♦ Q♠ J♠=0  B:8♠ 6♥=4  BANKER(W)  | +950원 → 54,500원
H182 | bet   1,000원 BANKER | P:7♣ 3♣ 10♣=0  B:Q♣ J♠ J♥=0  TIE(T)  |     0원 → 54,500원
H183 | bet   1,000원 BANKER | P:9♠ 10♠=9  B:K♥ 2♠=2  PLAYER(L)  | -1,000원 → 53,500원  [start]
H184 | bet   2,000원 PLAYER | P:A♦ 2♥ 7♥=0  B:7♣ 4♥ Q♣=1  BANKER(L)  | -2,000원 → 51,500원
H185 | bet   4,000원 PLAYER | P:10♦ 5♦ 10♦=5  B:K♠ 10♥ Q♠=0  PLAYER(W)  | +4,000원 → 55,500원  [end_win]
H186 | bet   1,000원 BANKER | P:A♣ 7♦=8  B:8♣ 3♦=1  PLAYER(L)  | -1,000원 → 54,500원  [start]
H187 | bet   2,000원 PLAYER | P:8♥ K♠=8  B:3♣ 8♦=1  PLAYER(W)  | +2,000원 → 56,500원  [end_win]
H188 | bet   1,000원 BANKER | P:7♠ 2♣=9  B:3♣ Q♣=3  PLAYER(L)  | -1,000원 → 55,500원  [start]
H189 | bet   2,000원 PLAYER | P:Q♠ 7♥=7  B:7♠ 7♦ 2♥=6  PLAYER(W)  | +2,000원 → 57,500원  [end_win]
H190 | bet   1,000원 BANKER | P:3♥ 9♣ 8♥=0  B:7♣ 8♠=5  BANKER(W)  | +950원 → 58,450원
H191 | bet   1,000원 BANKER | P:5♦ A♠=6  B:9♥ 7♥=6  TIE(T)  |     0원 → 58,450원
H192 | bet   1,000원 BANKER | P:2♥ 10♦=2  B:9♦ Q♣=9  BANKER(W)  | +950원 → 59,400원
H193 | bet   1,000원 BANKER | P:6♥ Q♥=6  B:K♥ 5♠ 10♠=5  PLAYER(L)  | -1,000원 → 58,400원  [start]
H194 | bet   2,000원 PLAYER | P:A♣ A♦ A♥=3  B:4♠ K♠=4  BANKER(L)  | -2,000원 → 56,400원
H195 | bet   4,000원 PLAYER | P:K♥ 5♣ Q♣=5  B:7♠ J♣=7  BANKER(L)  | -4,000원 → 52,400원
H196 | bet   8,000원 PLAYER | P:6♦ 4♠ A♦=1  B:2♠ A♣ J♦=3  BANKER(L)  | -8,000원 → 44,400원

Result: RUIN (capital_depleted)
Final: 44,400원  Hands: 196  Bets: 176  Wagered: 553,000원  Max losing streak: 7
