=== Session 46 ===
Seed: 6677655823134432407
Initial: 100,000원  Target: 500,000원  Ruin: 50,000원  Table-max: 100,000원
Strategy: martingale (pivot, steps=4)
Base bet: 1,000원  Primary side: BANKER

H001 | bet   1,000원 BANKER | P:5♦ 10♦ 6♠=1  B:5♦ 7♥ 5♣=7  BANKER(W)  | +950원 → 100,950원
H002 | bet   1,000원 BANKER | P:A♥ J♦ A♣=2  B:K♣ K♥ 8♣=8  BANKER(W)  | +950원 → 101,900원
H003 | bet   1,000원 BANKER | P:Q♣ 5♥ 9♦=4  B:6♠ A♣=7  BANKER(W)  | +950원 → 102,850원
H004 | bet   1,000원 BANKER | P:8♦ A♥=9  B:4♥ 2♦=6  PLAYER(L)  | -1,000원 → 101,850원  [start]
H005 | bet   2,000원 PLAYER | P:A♣ 7♣=8  B:K♦ 3♠=3  PLAYER(W)  | +2,000원 → 103,850원  [end_win]
H006 | bet   1,000원 BANKER | P:9♣ K♦=9  B:9♣ 4♠=3  PLAYER(L)  | -1,000원 → 102,850원  [start]
H007 | bet   2,000원 PLAYER | P:A♠ A♠ 8♥=0  B:5♣ 6♣ 5♥=6  BANKER(L)  | -2,000원 → 100,850원
H008 | bet   4,000원 PLAYER | P:10♦ 2♦ 6♦=8  B:K♥ 10♥ K♥=0  PLAYER(W)  | +4,000원 → 104,850원  [end_win]
H009 | bet   1,000원 BANKER | P:3♣ 4♣=7  B:9♣ 9♠=8  BANKER(W)  | +950원 → 105,800원
H010 | bet   1,000원 BANKER | P:3♠ 3♣=6  B:2♣ 5♠=7  BANKER(W)  | +950원 → 106,750원
H011 | bet   1,000원 BANKER | P:5♥ Q♦ 9♥=4  B:Q♣ Q♦ 3♥=3  PLAYER(L)  | -1,000원 → 105,750원  [start]
H012 | bet   2,000원 PLAYER | P:7♦ 6♥ 4♣=7  B:4♠ 8♦ 5♦=7  TIE(T)  |     0원 → 105,750원
H013 | bet   2,000원 PLAYER | P:K♣ 7♣=7  B:4♣ A♣ 2♦=7  TIE(T)  |     0원 → 105,750원
H014 | bet   2,000원 PLAYER | P:A♥ 3♦ 8♥=2  B:4♠ 10♠=4  BANKER(L)  | -2,000원 → 103,750원
H015 | bet   4,000원 PLAYER | P:7♥ 2♥=9  B:8♣ 10♥=8  PLAYER(W)  | +4,000원 → 107,750원  [end_win]
H016 | bet   1,000원 BANKER | P:Q♥ J♥ 4♦=4  B:7♥ 4♠ 2♠=3  PLAYER(L)  | -1,000원 → 106,750원  [start]
H017 | bet   2,000원 PLAYER | P:9♥ 4♥ 9♦=2  B:9♠ A♠ 4♦=4  BANKER(L)  | -2,000원 → 104,750원
H018 | bet   4,000원 PLAYER | P:9♦ 6♣ 2♦=7  B:7♦ 3♥ 10♣=0  PLAYER(W)  | +4,000원 → 108,750원  [end_win]
H019 | bet   1,000원 BANKER | P:8♦ 6♥=4  B:Q♠ 9♠=9  BANKER(W)  | +950원 → 109,700원
H020 | bet   1,000원 BANKER | P:10♦ 9♠=9  B:10♣ K♠=0  PLAYER(L)  | -1,000원 → 108,700원  [start]
H021 | bet   2,000원 PLAYER | P:7♠ Q♠=7  B:10♦ 2♦ Q♠=2  PLAYER(W)  | +2,000원 → 110,700원  [end_win]
H022 | bet   1,000원 BANKER | P:J♥ 9♠=9  B:9♠ 2♥=1  PLAYER(L)  | -1,000원 → 109,700원  [start]
H023 | bet   2,000원 PLAYER | P:10♣ J♦=0  B:J♠ 9♠=9  BANKER(L)  | -2,000원 → 107,700원
H024 | bet   4,000원 PLAYER | P:A♦ Q♥ 3♣=4  B:5♥ 5♠ 2♣=2  PLAYER(W)  | +4,000원 → 111,700원  [end_win]
H025 | bet   1,000원 BANKER | P:K♠ 4♣=4  B:6♦ 3♦=9  BANKER(W)  | +950원 → 112,650원
H026 | bet   1,000원 BANKER | P:A♣ Q♥ 4♦=5  B:6♦ 7♠ 5♠=8  BANKER(W)  | +950원 → 113,600원
H027 | bet   1,000원 BANKER | P:A♦ 9♣ A♥=1  B:J♠ 4♣=4  BANKER(W)  | +950원 → 114,550원
H028 | bet   1,000원 BANKER | P:2♥ 4♦=6  B:8♦ A♠=9  BANKER(W)  | +950원 → 115,500원
H029 | bet   1,000원 BANKER | P:Q♠ 7♦=7  B:Q♠ 3♣ 10♥=3  PLAYER(L)  | -1,000원 → 114,500원  [start]
H030 | bet   2,000원 PLAYER | P:Q♠ 7♥=7  B:5♣ 2♣=7  TIE(T)  |     0원 → 114,500원
H031 | bet   2,000원 PLAYER | P:5♣ 4♥=9  B:K♠ A♥=1  PLAYER(W)  | +2,000원 → 116,500원  [end_win]
H032 | bet   1,000원 BANKER | P:8♦ 5♠=3  B:8♠ 10♠=8  BANKER(W)  | +950원 → 117,450원
H033 | bet   1,000원 BANKER | P:10♣ Q♥ A♥=1  B:7♣ 5♠ 10♦=2  BANKER(W)  | +950원 → 118,400원
H034 | bet   1,000원 BANKER | P:7♠ Q♦=7  B:6♦ 8♠ K♣=4  PLAYER(L)  | -1,000원 → 117,400원  [start]
H035 | bet   2,000원 PLAYER | P:K♠ 4♠=4  B:8♥ J♣=8  BANKER(L)  | -2,000원 → 115,400원
H036 | bet   4,000원 PLAYER | P:A♠ 7♠=8  B:7♠ 6♠=3  PLAYER(W)  | +4,000원 → 119,400원  [end_win]
H037 | bet   1,000원 BANKER | P:8♣ J♥=8  B:3♣ 9♣=2  PLAYER(L)  | -1,000원 → 118,400원  [start]
H038 | bet   2,000원 PLAYER | P:4♦ 5♥=9  B:2♣ 5♠=7  PLAYER(W)  | +2,000원 → 120,400원  [end_win]
H039 | bet   1,000원 BANKER | P:5♦ Q♠ K♦=5  B:7♦ 10♥=7  BANKER(W)  | +950원 → 121,350원
H040 | bet   1,000원 BANKER | P:J♦ 7♠=7  B:3♠ 2♣ A♦=6  PLAYER(L)  | -1,000원 → 120,350원  [start]
H041 | bet   2,000원 PLAYER | P:8♣ 2♠ 8♣=8  B:4♠ Q♣=4  PLAYER(W)  | +2,000원 → 122,350원  [end_win]
H042 | bet   1,000원 BANKER | P:7♣ 10♥=7  B:10♦ J♣ 8♠=8  BANKER(W)  | +950원 → 123,300원
H043 | bet   1,000원 BANKER | P:8♥ J♣=8  B:6♠ 4♣=0  PLAYER(L)  | -1,000원 → 122,300원  [start]
H044 | bet   2,000원 PLAYER | P:J♠ K♥ J♠=0  B:A♥ 3♠=4  BANKER(L)  | -2,000원 → 120,300원
H045 | bet   4,000원 PLAYER | P:3♦ K♦ 10♣=3  B:10♣ 5♦=5  BANKER(L)  | -4,000원 → 116,300원
H046 | bet   8,000원 PLAYER | P:8♣ 6♠ J♣=4  B:5♦ 9♣=4  TIE(T)  |     0원 → 116,300원
H047 | bet   8,000원 PLAYER | P:J♥ A♥ 4♣=5  B:3♦ 8♥ 8♠=9  BANKER(L)  | -8,000원 → 108,300원
H048 | bet  16,000원 PLAYER | P:Q♥ 3♦ 3♥=6  B:7♣ 6♥ 7♠=0  PLAYER(W)  | +16,000원 → 124,300원  [end_win]
H049 | bet   1,000원 BANKER | P:A♦ 8♥=9  B:7♦ 7♣=4  PLAYER(L)  | -1,000원 → 123,300원  [start]
H050 | bet   2,000원 PLAYER | P:2♥ K♠ 7♥=9  B:6♣ 5♦ 6♥=7  PLAYER(W)  | +2,000원 → 125,300원  [end_win]
H051 | bet   1,000원 BANKER | P:8♠ 8♥=6  B:10♠ 9♦=9  BANKER(W)  | +950원 → 126,250원
H052 | bet   1,000원 BANKER | P:8♣ K♥=8  B:9♣ 3♣=2  PLAYER(L)  | -1,000원 → 125,250원  [start]
H053 | bet   2,000원 PLAYER | P:J♣ K♠ 9♥=9  B:5♠ 7♦ 2♣=4  PLAYER(W)  | +2,000원 → 127,250원  [end_win]
H054 | bet   1,000원 BANKER | P:K♠ 10♦ A♠=1  B:J♦ 3♥ K♦=3  BANKER(W)  | +950원 → 128,200원
H055 | bet   1,000원 BANKER | P:4♠ 6♦ 3♠=3  B:2♥ K♣ 3♦=5  BANKER(W)  | +950원 → 129,150원
H056 | bet   1,000원 BANKER | P:2♠ J♥ 8♠=0  B:K♦ K♥ 8♦=8  BANKER(W)  | +950원 → 130,100원
H057 | bet   1,000원 BANKER | P:2♠ Q♦ K♥=2  B:9♥ 3♦ A♦=3  BANKER(W)  | +950원 → 131,050원
H058 | bet   1,000원 BANKER | P:7♠ 2♥=9  B:6♣ Q♦=6  PLAYER(L)  | -1,000원 → 130,050원  [start]
H059 | bet   2,000원 PLAYER | P:7♥ 8♥ 6♠=1  B:A♠ 3♥ K♥=4  BANKER(L)  | -2,000원 → 128,050원
H060 | bet   4,000원 PLAYER | P:K♠ A♣ 4♣=5  B:6♦ K♣=6  BANKER(L)  | -4,000원 → 124,050원
H061 | bet   8,000원 PLAYER | P:6♣ 6♣ 2♠=4  B:Q♦ Q♣ 10♠=0  PLAYER(W)  | +8,000원 → 132,050원  [end_win]
H062 | bet   1,000원 BANKER | P:J♠ A♣ 8♣=9  B:Q♦ J♠ A♦=1  PLAYER(L)  | -1,000원 → 131,050원  [start]
H063 | bet   2,000원 PLAYER | P:9♦ 10♣=9  B:2♦ 4♦=6  PLAYER(W)  | +2,000원 → 133,050원  [end_win]
H064 | bet   1,000원 BANKER | P:K♣ K♣ 9♠=9  B:5♥ 6♣ 10♣=1  PLAYER(L)  | -1,000원 → 132,050원  [start]
H065 | bet   2,000원 PLAYER | P:2♠ 9♦ J♥=1  B:9♦ 2♣ 2♠=3  BANKER(L)  | -2,000원 → 130,050원
H066 | bet   4,000원 PLAYER | P:6♥ 7♦=3  B:8♦ Q♥=8  BANKER(L)  | -4,000원 → 126,050원
H067 | bet   8,000원 PLAYER | P:5♥ J♣=5  B:3♣ 6♠=9  BANKER(L)  | -8,000원 → 118,050원
H068 | bet  16,000원 PLAYER | P:J♠ J♦ 10♠=0  B:8♠ 3♣ 10♠=1  BANKER(L)  | -16,000원 → 102,050원  [end_giveup]
H069 | bet   1,000원 BANKER | P:7♣ 3♥=0  B:9♥ Q♣=9  BANKER(W)  | +950원 → 103,000원
H070 | bet   1,000원 BANKER | P:2♠ 10♥ 6♦=8  B:Q♦ 4♦ J♦=4  PLAYER(L)  | -1,000원 → 102,000원  [start]
H071 | bet   2,000원 PLAYER | P:8♠ 3♠=1  B:8♦ 10♠=8  BANKER(L)  | -2,000원 → 100,000원
H072 | bet   4,000원 PLAYER | P:6♠ J♠=6  B:10♠ Q♠ 6♣=6  TIE(T)  |     0원 → 100,000원
H073 | bet   4,000원 PLAYER | P:Q♣ 6♥=6  B:5♥ 9♥ 5♣=9  BANKER(L)  | -4,000원 → 96,000원
H074 | bet   8,000원 PLAYER | P:9♦ J♣=9  B:7♥ J♥=7  PLAYER(W)  | +8,000원 → 104,000원  [end_win]
H075 | bet   1,000원 BANKER | P:4♠ K♦ 3♥=7  B:4♥ 7♥ 4♥=5  PLAYER(L)  | -1,000원 → 103,000원  [start]
H076 | bet   2,000원 PLAYER | P:4♦ Q♥ 9♥=3  B:7♣ 3♠ 6♥=6  BANKER(L)  | -2,000원 → 101,000원
H077 | bet   4,000원 PLAYER | P:3♠ 2♣ 4♥=9  B:5♦ 6♦ 2♦=3  PLAYER(W)  | +4,000원 → 105,000원  [end_win]
H078 | bet   1,000원 BANKER | P:J♣ 5♣ 6♥=1  B:3♦ Q♥ 5♣=8  BANKER(W)  | +950원 → 105,950원
H079 | bet   1,000원 BANKER | P:10♥ 5♠ 10♥=5  B:K♣ 2♥ J♦=2  PLAYER(L)  | -1,000원 → 104,950원  [start]
H080 | bet   2,000원 PLAYER | P:Q♣ 9♥=9  B:Q♣ A♣=1  PLAYER(W)  | +2,000원 → 106,950원  [end_win]
H081 | bet   1,000원 BANKER | P:10♦ A♦ 5♣=6  B:2♥ K♦ 4♥=6  TIE(T)  |     0원 → 106,950원
H082 | bet   1,000원 BANKER | P:A♥ K♥ Q♠=1  B:Q♠ 3♦ 10♥=3  BANKER(W)  | +950원 → 107,900원
H083 | bet   1,000원 BANKER | P:5♦ A♠=6  B:A♦ 3♣ 9♠=3  PLAYER(L)  | -1,000원 → 106,900원  [start]
H084 | bet   2,000원 PLAYER | P:4♣ 9♣ 6♣=9  B:2♥ J♠ 9♥=1  PLAYER(W)  | +2,000원 → 108,900원  [end_win]
H085 | bet   1,000원 BANKER | P:4♦ 10♦ 10♣=4  B:A♦ 4♠=5  BANKER(W)  | +950원 → 109,850원
H086 | bet   1,000원 BANKER | P:10♦ 8♠=8  B:J♠ J♥=0  PLAYER(L)  | -1,000원 → 108,850원  [start]
H087 | bet   2,000원 PLAYER | P:4♠ 8♠ 4♥=6  B:Q♠ 3♣ 6♠=9  BANKER(L)  | -2,000원 → 106,850원
H088 | bet   4,000원 PLAYER | P:7♥ 9♣=6  B:6♠ 5♥ 10♠=1  PLAYER(W)  | +4,000원 → 110,850원  [end_win]
H089 | bet   1,000원 BANKER | P:3♥ 10♥=3  B:8♦ A♣=9  BANKER(W)  | +950원 → 111,800원
H090 | bet   1,000원 BANKER | P:7♠ 7♣ 9♠=3  B:4♦ J♦=4  BANKER(W)  | +950원 → 112,750원
H091 | bet   1,000원 BANKER | P:3♣ K♥ K♦=3  B:A♥ 2♠ 10♣=3  TIE(T)  |     0원 → 112,750원
H092 | bet   1,000원 BANKER | P:3♦ 8♦ 4♥=5  B:7♠ 3♠ 3♠=3  PLAYER(L)  | -1,000원 → 111,750원  [start]
H093 | bet   2,000원 PLAYER | P:9♦ 6♦=5  B:5♥ 3♣=8  BANKER(L)  | -2,000원 → 109,750원
H094 | bet   4,000원 PLAYER | P:A♣ 3♥ 2♠=6  B:J♦ 3♥ K♠=3  PLAYER(W)  | +4,000원 → 113,750원  [end_win]
H095 | bet   1,000원 BANKER | P:10♠ 2♦=2  B:8♣ 10♠=8  BANKER(W)  | +950원 → 114,700원
H096 | bet   1,000원 BANKER | P:Q♦ A♣=1  B:A♦ 7♥=8  BANKER(W)  | +950원 → 115,650원
H097 | bet   1,000원 BANKER | P:4♥ 6♥ K♣=0  B:A♦ K♠ 4♣=5  BANKER(W)  | +950원 → 116,600원
H098 | bet   1,000원 BANKER | P:2♠ J♥ A♣=3  B:7♠ 8♥=5  BANKER(W)  | +950원 → 117,550원
H099 | bet   1,000원 BANKER | P:2♣ 7♥=9  B:4♠ J♦=4  PLAYER(L)  | -1,000원 → 116,550원  [start]
H100 | bet   2,000원 PLAYER | P:9♣ 9♦=8  B:9♣ 9♥=8  TIE(T)  |     0원 → 116,550원
H101 | bet   2,000원 PLAYER | P:6♦ A♠=7  B:6♦ Q♣=6  PLAYER(W)  | +2,000원 → 118,550원  [end_win]
H102 | bet   1,000원 BANKER | P:3♠ Q♣ A♥=4  B:J♠ 2♠ K♥=2  PLAYER(L)  | -1,000원 → 117,550원  [start]
H103 | bet   2,000원 PLAYER | P:3♥ 5♣=8  B:4♣ 9♦=3  PLAYER(W)  | +2,000원 → 119,550원  [end_win]
H104 | bet   1,000원 BANKER | P:J♦ 6♣=6  B:6♦ 6♣ K♠=2  PLAYER(L)  | -1,000원 → 118,550원  [start]
H105 | bet   2,000원 PLAYER | P:7♥ 5♠ 7♠=9  B:4♥ 9♦ 5♦=8  PLAYER(W)  | +2,000원 → 120,550원  [end_win]
H106 | bet   1,000원 BANKER | P:6♥ 8♠=4  B:Q♣ 9♣=9  BANKER(W)  | +950원 → 121,500원
H107 | bet   1,000원 BANKER | P:2♦ 5♦=7  B:9♥ 2♦ 4♥=5  PLAYER(L)  | -1,000원 → 120,500원  [start]
H108 | bet   2,000원 PLAYER | P:6♥ 6♦ 4♠=6  B:J♥ 10♣ 7♦=7  BANKER(L)  | -2,000원 → 118,500원
H109 | bet   4,000원 PLAYER | P:2♦ 7♥=9  B:4♦ 3♣=7  PLAYER(W)  | +4,000원 → 122,500원  [end_win]
H110 | bet   1,000원 BANKER | P:J♣ 3♦ Q♣=3  B:7♣ 7♠=4  BANKER(W)  | +950원 → 123,450원
H111 | bet   1,000원 BANKER | P:4♦ 4♦=8  B:3♥ 3♣=6  PLAYER(L)  | -1,000원 → 122,450원  [start]
H112 | bet   2,000원 PLAYER | P:10♥ 7♣=7  B:2♠ A♠ 7♦=0  PLAYER(W)  | +2,000원 → 124,450원  [end_win]
H113 | bet   1,000원 BANKER | P:Q♦ 9♣=9  B:K♥ A♣=1  PLAYER(L)  | -1,000원 → 123,450원  [start]
H114 | bet   2,000원 PLAYER | P:2♥ Q♥ 7♦=9  B:5♦ A♦ 10♦=6  PLAYER(W)  | +2,000원 → 125,450원  [end_win]
H115 | bet   1,000원 BANKER | P:J♠ A♦ Q♥=1  B:8♠ 6♥=4  BANKER(W)  | +950원 → 126,400원
H116 | bet   1,000원 BANKER | P:6♠ K♠=6  B:K♠ 9♥=9  BANKER(W)  | +950원 → 127,350원
H117 | bet   1,000원 BANKER | P:K♣ 2♠=2  B:5♦ 3♦=8  BANKER(W)  | +950원 → 128,300원
H118 | bet   1,000원 BANKER | P:4♥ 3♥=7  B:8♥ J♠=8  BANKER(W)  | +950원 → 129,250원
H119 | bet   1,000원 BANKER | P:3♦ 10♠ 8♣=1  B:Q♥ 2♥ 2♦=4  BANKER(W)  | +950원 → 130,200원
H120 | bet   1,000원 BANKER | P:10♦ Q♥ A♣=1  B:4♥ 8♠ 2♣=4  BANKER(W)  | +950원 → 131,150원
H121 | bet   1,000원 BANKER | P:A♠ 9♦ 7♦=7  B:9♣ A♥ 10♣=0  PLAYER(L)  | -1,000원 → 130,150원  [start]
H122 | bet   2,000원 PLAYER | P:5♣ 6♥=1  B:10♣ 8♥=8  BANKER(L)  | -2,000원 → 128,150원
H123 | bet   4,000원 PLAYER | P:K♦ 6♠=6  B:K♠ 7♣=7  BANKER(L)  | -4,000원 → 124,150원
H124 | bet   8,000원 PLAYER | P:3♠ 4♣=7  B:5♣ K♦ 2♥=7  TIE(T)  |     0원 → 124,150원
H125 | bet   8,000원 PLAYER | P:A♦ 10♥ K♦=1  B:5♦ 7♥ 7♦=9  BANKER(L)  | -8,000원 → 116,150원
H126 | bet  16,000원 PLAYER | P:J♣ 5♠ 4♥=9  B:5♥ 6♦ K♦=1  PLAYER(W)  | +16,000원 → 132,150원  [end_win]
H127 | bet   1,000원 BANKER | P:J♥ 8♥=8  B:3♠ J♣=3  PLAYER(L)  | -1,000원 → 131,150원  [start]
H128 | bet   2,000원 PLAYER | P:Q♦ 2♣=2  B:7♦ 2♣=9  BANKER(L)  | -2,000원 → 129,150원
H129 | bet   4,000원 PLAYER | P:9♠ 5♠=4  B:Q♦ 9♦=9  BANKER(L)  | -4,000원 → 125,150원
H130 | bet   8,000원 PLAYER | P:5♥ 9♠ 6♠=0  B:7♠ K♦=7  BANKER(L)  | -8,000원 → 117,150원
H131 | bet  16,000원 PLAYER | P:5♦ 5♣=0  B:4♠ 4♠=8  BANKER(L)  | -16,000원 → 101,150원  [end_giveup]
H132 | bet   1,000원 BANKER | P:Q♠ 8♣=8  B:3♦ 6♥=9  BANKER(W)  | +950원 → 102,100원
H133 | bet   1,000원 BANKER | P:10♠ A♥ 7♣=8  B:K♣ 5♥ 6♦=1  PLAYER(L)  | -1,000원 → 101,100원  [start]
H134 | bet   2,000원 PLAYER | P:K♣ J♣ 3♠=3  B:6♣ 4♦ 9♣=9  BANKER(L)  | -2,000원 → 99,100원
H135 | bet   4,000원 PLAYER | P:Q♦ 2♣ 8♦=0  B:6♣ 4♠ 9♠=9  BANKER(L)  | -4,000원 → 95,100원
H136 | bet   8,000원 PLAYER | P:A♠ 9♦ J♥=0  B:4♣ 8♥ 5♠=7  BANKER(L)  | -8,000원 → 87,100원
H137 | bet  16,000원 PLAYER | P:2♦ 8♥ 2♥=2  B:9♥ A♠ 6♠=6  BANKER(L)  | -16,000원 → 71,100원  [end_giveup]
H138 | bet   1,000원 BANKER | P:8♣ 10♣=8  B:K♥ 2♥=2  PLAYER(L)  | -1,000원 → 70,100원  [start]
H139 | bet   2,000원 PLAYER | P:3♣ 6♥=9  B:Q♠ 8♦=8  PLAYER(W)  | +2,000원 → 72,100원  [end_win]
H140 | bet   1,000원 BANKER | P:10♦ 5♣ 3♦=8  B:J♣ 4♦ 8♠=2  PLAYER(L)  | -1,000원 → 71,100원  [start]
H141 | bet   2,000원 PLAYER | P:8♠ 10♣=8  B:9♥ 5♠=4  PLAYER(W)  | +2,000원 → 73,100원  [end_win]
H142 | bet   1,000원 BANKER | P:8♥ 10♦=8  B:9♠ 7♠=6  PLAYER(L)  | -1,000원 → 72,100원  [start]
H143 | bet   2,000원 PLAYER | P:Q♣ A♣ J♦=1  B:J♦ 10♣ 4♦=4  BANKER(L)  | -2,000원 → 70,100원
H144 | bet   4,000원 PLAYER | P:4♠ Q♣=4  B:5♠ 3♦=8  BANKER(L)  | -4,000원 → 66,100원
H145 | bet   8,000원 PLAYER | P:8♠ 7♠ 5♥=0  B:J♥ J♠ 8♦=8  BANKER(L)  | -8,000원 → 58,100원
H146 | bet  16,000원 PLAYER | P:A♠ 2♦ 6♠=9  B:J♣ A♦ 9♥=0  PLAYER(W)  | +16,000원 → 74,100원  [end_win]
H147 | bet   1,000원 BANKER | P:J♣ 3♠ 3♥=6  B:6♦ Q♠=6  TIE(T)  |     0원 → 74,100원
H148 | bet   1,000원 BANKER | P:7♦ 10♠=7  B:J♠ 2♣ K♣=2  PLAYER(L)  | -1,000원 → 73,100원  [start]
H149 | bet   2,000원 PLAYER | P:3♣ 9♠ 10♠=2  B:A♥ 5♥=6  BANKER(L)  | -2,000원 → 71,100원
H150 | bet   4,000원 PLAYER | P:3♥ 2♣ 10♦=5  B:10♥ Q♦ 8♣=8  BANKER(L)  | -4,000원 → 67,100원
H151 | bet   8,000원 PLAYER | P:Q♦ Q♣ 8♣=8  B:2♥ K♦ 2♣=4  PLAYER(W)  | +8,000원 → 75,100원  [end_win]
H152 | bet   1,000원 BANKER | P:5♠ 6♣ A♠=2  B:5♣ J♦=5  BANKER(W)  | +950원 → 76,050원
H153 | bet   1,000원 BANKER | P:6♥ 10♥=6  B:Q♠ 9♦=9  BANKER(W)  | +950원 → 77,000원
H154 | bet   1,000원 BANKER | P:7♣ 8♣ 8♦=3  B:Q♥ K♣ 4♣=4  BANKER(W)  | +950원 → 77,950원
H155 | bet   1,000원 BANKER | P:10♦ 8♦=8  B:J♠ 2♦=2  PLAYER(L)  | -1,000원 → 76,950원  [start]
H156 | bet   2,000원 PLAYER | P:2♥ J♥ 8♣=0  B:J♥ 10♠ 5♦=5  BANKER(L)  | -2,000원 → 74,950원
H157 | bet   4,000원 PLAYER | P:2♠ 6♣=8  B:K♥ 7♣=7  PLAYER(W)  | +4,000원 → 78,950원  [end_win]
H158 | bet   1,000원 BANKER | P:K♠ 4♣ 6♠=0  B:K♥ 7♦=7  BANKER(W)  | +950원 → 79,900원
H159 | bet   1,000원 BANKER | P:2♠ 10♥ 8♥=0  B:K♣ 10♥ Q♠=0  TIE(T)  |     0원 → 79,900원
H160 | bet   1,000원 BANKER | P:5♣ 9♠ 5♣=9  B:4♣ Q♥ K♦=4  PLAYER(L)  | -1,000원 → 78,900원  [start]
H161 | bet   2,000원 PLAYER | P:7♣ 7♥ J♣=4  B:5♠ 5♥ 3♠=3  PLAYER(W)  | +2,000원 → 80,900원  [end_win]
H162 | bet   1,000원 BANKER | P:K♠ 7♥=7  B:Q♦ 6♣=6  PLAYER(L)  | -1,000원 → 79,900원  [start]
H163 | bet   2,000원 PLAYER | P:2♠ A♥ 4♦=7  B:9♥ 4♠ Q♥=3  PLAYER(W)  | +2,000원 → 81,900원  [end_win]
H164 | bet   1,000원 BANKER | P:5♥ J♠ 6♣=1  B:K♣ 4♦ 10♥=4  BANKER(W)  | +950원 → 82,850원
H165 | bet   1,000원 BANKER | P:6♠ 8♠ 10♥=4  B:7♠ 4♥ Q♠=1  PLAYER(L)  | -1,000원 → 81,850원  [start]
H166 | bet   2,000원 PLAYER | P:8♦ 10♥=8  B:9♥ 7♣=6  PLAYER(W)  | +2,000원 → 83,850원  [end_win]
H167 | bet   1,000원 BANKER | P:6♥ A♥=7  B:9♦ 8♥=7  TIE(T)  |     0원 → 83,850원
H168 | bet   1,000원 BANKER | P:6♣ 6♣ 10♣=2  B:8♠ 3♣ 6♣=7  BANKER(W)  | +950원 → 84,800원
H169 | bet   1,000원 BANKER | P:4♠ Q♣ Q♣=4  B:2♦ 8♥ 6♥=6  BANKER(W)  | +950원 → 85,750원
H170 | bet   1,000원 BANKER | P:6♦ J♥=6  B:8♦ 4♦ 7♦=9  BANKER(W)  | +950원 → 86,700원
H171 | bet   1,000원 BANKER | P:5♦ 5♣ 8♦=8  B:A♦ 10♠ 10♦=1  PLAYER(L)  | -1,000원 → 85,700원  [start]
H172 | bet   2,000원 PLAYER | P:Q♦ J♥ 9♣=9  B:K♥ 6♣=6  PLAYER(W)  | +2,000원 → 87,700원  [end_win]
H173 | bet   1,000원 BANKER | P:2♦ 9♦ 2♥=3  B:5♥ 7♦ 5♥=7  BANKER(W)  | +950원 → 88,650원
H174 | bet   1,000원 BANKER | P:K♥ 4♣ 9♦=3  B:6♦ 7♠ 4♣=7  BANKER(W)  | +950원 → 89,600원
H175 | bet   1,000원 BANKER | P:2♠ 4♣=6  B:K♠ 5♦ 8♦=3  PLAYER(L)  | -1,000원 → 88,600원  [start]
H176 | bet   2,000원 PLAYER | P:10♦ 6♣=6  B:J♣ A♦ 9♠=0  PLAYER(W)  | +2,000원 → 90,600원  [end_win]
H177 | bet   1,000원 BANKER | P:Q♦ 4♣=4  B:3♠ 5♦=8  BANKER(W)  | +950원 → 91,550원
H178 | bet   1,000원 BANKER | P:K♠ 7♣=7  B:7♠ 10♣=7  TIE(T)  |     0원 → 91,550원
H179 | bet   1,000원 BANKER | P:5♠ 2♥=7  B:8♠ 9♣=7  TIE(T)  |     0원 → 91,550원
H180 | bet   1,000원 BANKER | P:8♣ 7♥ 5♦=0  B:5♥ Q♠ 3♠=8  BANKER(W)  | +950원 → 92,500원
H181 | bet   1,000원 BANKER | P:K♦ 10♠=0  B:7♠ A♥=8  BANKER(W)  | +950원 → 93,450원
H182 | bet   1,000원 BANKER | P:6♦ K♥=6  B:J♦ 5♦ 3♦=8  BANKER(W)  | +950원 → 94,400원
H183 | bet   1,000원 BANKER | P:J♠ 10♠ 3♦=3  B:Q♦ 3♣ 6♥=9  BANKER(W)  | +950원 → 95,350원
H184 | bet   1,000원 BANKER | P:J♠ 10♠ 8♥=8  B:5♥ Q♠=5  PLAYER(L)  | -1,000원 → 94,350원  [start]
H185 | bet   2,000원 PLAYER | P:6♦ 5♠ 7♠=8  B:J♣ 7♣=7  PLAYER(W)  | +2,000원 → 96,350원  [end_win]
H186 | bet   1,000원 BANKER | P:4♠ K♠ 2♥=6  B:10♦ Q♦ 4♣=4  PLAYER(L)  | -1,000원 → 95,350원  [start]
H187 | bet   2,000원 PLAYER | P:A♠ 7♦=8  B:2♦ 8♠=0  PLAYER(W)  | +2,000원 → 97,350원  [end_win]
H188 | bet   1,000원 BANKER | P:K♣ 4♦=4  B:4♥ 5♠=9  BANKER(W)  | +950원 → 98,300원
H189 | bet   1,000원 BANKER | P:A♠ 2♣ 4♦=7  B:3♣ 4♠=7  TIE(T)  |     0원 → 98,300원
H190 | bet   1,000원 BANKER | P:A♦ 6♣=7  B:2♦ J♥ 3♥=5  PLAYER(L)  | -1,000원 → 97,300원  [start]
H191 | bet   2,000원 PLAYER | P:4♥ 10♠=4  B:J♠ 9♣=9  BANKER(L)  | -2,000원 → 95,300원
H192 | bet   4,000원 PLAYER | P:A♠ 2♣ 6♠=9  B:5♦ 8♣ 10♦=3  PLAYER(W)  | +4,000원 → 99,300원  [end_win]
H193 | bet   1,000원 BANKER | P:K♠ 7♦=7  B:2♦ 9♥ J♣=1  PLAYER(L)  | -1,000원 → 98,300원  [start]
H194 | bet   2,000원 PLAYER | P:K♦ 6♣=6  B:K♦ 7♥=7  BANKER(L)  | -2,000원 → 96,300원
H195 | bet   4,000원 PLAYER | P:A♣ J♦ 3♥=4  B:9♠ 6♦=5  BANKER(L)  | -4,000원 → 92,300원
H196 | bet   8,000원 PLAYER | P:2♣ 10♣ 3♥=5  B:5♥ Q♥=5  TIE(T)  |     0원 → 92,300원
H197 | bet   8,000원 PLAYER | P:Q♣ 9♠=9  B:7♠ 4♥=1  PLAYER(W)  | +8,000원 → 100,300원  [end_win]
H198 | bet   1,000원 BANKER | P:9♥ 8♣=7  B:3♦ Q♠ A♣=4  PLAYER(L)  | -1,000원 → 99,300원  [start]
H199 | bet   2,000원 PLAYER | P:6♠ 4♠ K♥=0  B:2♥ 9♦ Q♦=1  BANKER(L)  | -2,000원 → 97,300원
H200 | bet   4,000원 PLAYER | P:10♥ J♠ 3♣=3  B:7♣ Q♦=7  BANKER(L)  | -4,000원 → 93,300원
H201 | bet   8,000원 PLAYER | P:5♠ 3♦=8  B:K♦ 6♥=6  PLAYER(W)  | +8,000원 → 101,300원  [end_win]
H202 | bet   1,000원 BANKER | P:2♥ K♣ 3♠=5  B:A♠ J♥ 10♣=1  PLAYER(L)  | -1,000원 → 100,300원  [start]
H203 | bet   2,000원 PLAYER | P:A♠ 2♠ 10♣=3  B:4♠ A♥=5  BANKER(L)  | -2,000원 → 98,300원
H204 | bet   4,000원 PLAYER | P:6♥ Q♣=6  B:J♣ 10♥ 10♠=0  PLAYER(W)  | +4,000원 → 102,300원  [end_win]
H205 | bet   1,000원 BANKER | P:6♠ K♥=6  B:2♣ 8♦ 6♠=6  TIE(T)  |     0원 → 102,300원
H206 | bet   1,000원 BANKER | P:9♥ 4♣ 6♠=9  B:7♥ 7♥ 10♦=4  PLAYER(L)  | -1,000원 → 101,300원  [start]
H207 | bet   2,000원 PLAYER | P:J♦ K♥=0  B:10♦ 8♠=8  BANKER(L)  | -2,000원 → 99,300원
H208 | bet   4,000원 PLAYER | P:Q♣ 2♣=2  B:9♥ J♠=9  BANKER(L)  | -4,000원 → 95,300원
H209 | bet   8,000원 PLAYER | P:8♣ K♣=8  B:9♦ 7♥=6  PLAYER(W)  | +8,000원 → 103,300원  [end_win]
H210 | bet   1,000원 BANKER | P:8♣ Q♣=8  B:3♣ 7♠=0  PLAYER(L)  | -1,000원 → 102,300원  [start]
H211 | bet   2,000원 PLAYER | P:6♦ J♣=6  B:2♠ 3♠ K♠=5  PLAYER(W)  | +2,000원 → 104,300원  [end_win]
H212 | bet   1,000원 BANKER | P:2♥ K♠ 4♦=6  B:K♠ A♦ 8♥=9  BANKER(W)  | +950원 → 105,250원
H213 | bet   1,000원 BANKER | P:3♥ 5♠=8  B:3♦ 7♥=0  PLAYER(L)  | -1,000원 → 104,250원  [start]
H214 | bet   2,000원 PLAYER | P:5♣ 2♠=7  B:A♦ J♣ 10♥=1  PLAYER(W)  | +2,000원 → 106,250원  [end_win]
H215 | bet   1,000원 BANKER | P:3♠ A♣ Q♥=4  B:Q♥ 7♥=7  BANKER(W)  | +950원 → 107,200원
H216 | bet   1,000원 BANKER | P:3♠ 9♦=2  B:8♥ 10♥=8  BANKER(W)  | +950원 → 108,150원
H217 | bet   1,000원 BANKER | P:K♠ 9♠=9  B:A♥ K♦=1  PLAYER(L)  | -1,000원 → 107,150원  [start]
H218 | bet   2,000원 PLAYER | P:8♠ 9♠=7  B:10♣ J♥ 6♠=6  PLAYER(W)  | +2,000원 → 109,150원  [end_win]
H219 | bet   1,000원 BANKER | P:A♣ K♣ 6♦=7  B:8♦ 2♣ J♥=0  PLAYER(L)  | -1,000원 → 108,150원  [start]
H220 | bet   2,000원 PLAYER | P:9♣ 8♥=7  B:3♦ 9♣ J♠=2  PLAYER(W)  | +2,000원 → 110,150원  [end_win]
H221 | bet   1,000원 BANKER | P:3♦ 10♣ 5♦=8  B:3♠ 9♠ 8♠=0  PLAYER(L)  | -1,000원 → 109,150원  [start]
H222 | bet   2,000원 PLAYER | P:8♦ 9♠=7  B:4♥ 5♥=9  BANKER(L)  | -2,000원 → 107,150원
H223 | bet   4,000원 PLAYER | P:9♠ Q♠=9  B:3♥ K♦=3  PLAYER(W)  | +4,000원 → 111,150원  [end_win]
H224 | bet   1,000원 BANKER | P:5♣ 8♠ 2♦=5  B:K♦ 3♥ 2♣=5  TIE(T)  |     0원 → 111,150원
H225 | bet   1,000원 BANKER | P:8♣ 5♦ 7♣=0  B:4♥ 6♠ Q♣=0  TIE(T)  |     0원 → 111,150원
H226 | bet   1,000원 BANKER | P:J♦ K♦ Q♥=0  B:Q♥ 6♦=6  BANKER(W)  | +950원 → 112,100원
H227 | bet   1,000원 BANKER | P:10♣ 10♦ J♥=0  B:5♣ 9♦=4  BANKER(W)  | +950원 → 113,050원
H228 | bet   1,000원 BANKER | P:6♥ 3♣=9  B:Q♣ 10♠=0  PLAYER(L)  | -1,000원 → 112,050원  [start]
H229 | bet   2,000원 PLAYER | P:10♥ 7♣=7  B:4♠ 2♦=6  PLAYER(W)  | +2,000원 → 114,050원  [end_win]
H230 | bet   1,000원 BANKER | P:A♣ Q♦=1  B:J♥ 8♣=8  BANKER(W)  | +950원 → 115,000원
H231 | bet   1,000원 BANKER | P:Q♠ 3♥ A♣=4  B:A♦ J♦ 3♦=4  TIE(T)  |     0원 → 115,000원
H232 | bet   1,000원 BANKER | P:9♥ J♣=9  B:J♦ A♥=1  PLAYER(L)  | -1,000원 → 114,000원  [start]
H233 | bet   2,000원 PLAYER | P:7♦ K♥=7  B:4♥ 4♦=8  BANKER(L)  | -2,000원 → 112,000원
H234 | bet   4,000원 PLAYER | P:A♦ 5♣=6  B:5♥ 2♠=7  BANKER(L)  | -4,000원 → 108,000원
H235 | bet   8,000원 PLAYER | P:6♥ Q♥=6  B:4♠ J♠ 2♥=6  TIE(T)  |     0원 → 108,000원
H236 | bet   8,000원 PLAYER | P:Q♠ 8♣=8  B:5♣ A♣=6  PLAYER(W)  | +8,000원 → 116,000원  [end_win]
H237 | bet   1,000원 BANKER | P:A♣ 9♣ A♠=1  B:7♣ 4♦ 5♠=6  BANKER(W)  | +950원 → 116,950원
H238 | bet   1,000원 BANKER | P:J♦ 2♠ 9♣=1  B:Q♥ 6♥=6  BANKER(W)  | +950원 → 117,900원
H239 | bet   1,000원 BANKER | P:7♦ 2♦=9  B:5♣ 10♠=5  PLAYER(L)  | -1,000원 → 116,900원  [start]
H240 | bet   2,000원 PLAYER | P:10♦ 8♥=8  B:3♠ 5♣=8  TIE(T)  |     0원 → 116,900원
H241 | bet   2,000원 PLAYER | P:K♣ Q♠=0  B:8♦ A♥=9  BANKER(L)  | -2,000원 → 114,900원
H242 | bet   4,000원 PLAYER | P:K♥ 7♦=7  B:7♠ Q♦=7  TIE(T)  |     0원 → 114,900원
H243 | bet   4,000원 PLAYER | P:3♣ K♣ 2♣=5  B:3♥ J♦ 4♣=7  BANKER(L)  | -4,000원 → 110,900원
H244 | bet   8,000원 PLAYER | P:5♠ J♣=5  B:4♥ 4♣=8  BANKER(L)  | -8,000원 → 102,900원
H245 | bet  16,000원 PLAYER | P:5♠ A♦=6  B:2♠ 7♥=9  BANKER(L)  | -16,000원 → 86,900원  [end_giveup]
H246 | bet   1,000원 BANKER | P:5♣ Q♠=5  B:9♥ K♦=9  BANKER(W)  | +950원 → 87,850원
H247 | bet   1,000원 BANKER | P:9♠ 7♣=6  B:8♥ 10♣=8  BANKER(W)  | +950원 → 88,800원
H248 | bet   1,000원 BANKER | P:2♣ 9♠ K♣=1  B:2♦ A♠ 6♠=9  BANKER(W)  | +950원 → 89,750원
H249 | bet   1,000원 BANKER | P:J♣ 7♥=7  B:4♠ 10♦ 8♠=2  PLAYER(L)  | -1,000원 → 88,750원  [start]
H250 | bet   2,000원 PLAYER | P:J♦ J♠ 8♦=8  B:2♠ 4♦=6  PLAYER(W)  | +2,000원 → 90,750원  [end_win]
H251 | bet   1,000원 BANKER | P:9♦ J♦=9  B:8♥ 6♣=4  PLAYER(L)  | -1,000원 → 89,750원  [start]
H252 | bet   2,000원 PLAYER | P:10♣ 5♦ 4♠=9  B:10♥ 7♥=7  PLAYER(W)  | +2,000원 → 91,750원  [end_win]
H253 | bet   1,000원 BANKER | P:7♥ 9♣=6  B:3♣ Q♥ A♥=4  PLAYER(L)  | -1,000원 → 90,750원  [start]
H254 | bet   2,000원 PLAYER | P:Q♦ 10♠=0  B:Q♠ 8♠=8  BANKER(L)  | -2,000원 → 88,750원
H255 | bet   4,000원 PLAYER | P:Q♠ Q♣=0  B:7♠ 2♦=9  BANKER(L)  | -4,000원 → 84,750원
H256 | bet   8,000원 PLAYER | P:9♣ 6♦=5  B:9♥ Q♠=9  BANKER(L)  | -8,000원 → 76,750원
H257 | bet  16,000원 PLAYER | P:9♦ Q♥=9  B:7♥ 7♣=4  PLAYER(W)  | +16,000원 → 92,750원  [end_win]
H258 | bet   1,000원 BANKER | P:7♣ K♣=7  B:A♠ 3♥ 8♦=2  PLAYER(L)  | -1,000원 → 91,750원  [start]
H259 | bet   2,000원 PLAYER | P:Q♥ 5♠ 6♥=1  B:K♦ 4♦ 10♣=4  BANKER(L)  | -2,000원 → 89,750원
H260 | bet   4,000원 PLAYER | P:9♦ A♣ K♣=0  B:10♦ 3♦ 8♥=1  BANKER(L)  | -4,000원 → 85,750원
H261 | bet   8,000원 PLAYER | P:10♥ 10♦ 3♠=3  B:Q♦ Q♦ 8♥=8  BANKER(L)  | -8,000원 → 77,750원
H262 | bet  16,000원 PLAYER | P:7♠ J♦=7  B:6♠ 9♦ 6♠=1  PLAYER(W)  | +16,000원 → 93,750원  [end_win]
H263 | bet   1,000원 BANKER | P:K♥ K♦ 3♦=3  B:4♦ K♥ J♦=4  BANKER(W)  | +950원 → 94,700원
H264 | bet   1,000원 BANKER | P:3♣ J♦ A♥=4  B:5♠ J♠=5  BANKER(W)  | +950원 → 95,650원
H265 | bet   1,000원 BANKER | P:7♦ 2♠=9  B:3♥ 5♣=8  PLAYER(L)  | -1,000원 → 94,650원  [start]
H266 | bet   2,000원 PLAYER | P:A♦ 4♥ 10♦=5  B:10♥ 2♣ 3♣=5  TIE(T)  |     0원 → 94,650원
H267 | bet   2,000원 PLAYER | P:8♦ 6♥ 5♠=9  B:J♠ 2♠ A♣=3  PLAYER(W)  | +2,000원 → 96,650원  [end_win]
H268 | bet   1,000원 BANKER | P:2♦ A♥ 4♠=7  B:3♥ 2♦ 6♥=1  PLAYER(L)  | -1,000원 → 95,650원  [start]
H269 | bet   2,000원 PLAYER | P:3♠ 6♦=9  B:2♥ 3♣=5  PLAYER(W)  | +2,000원 → 97,650원  [end_win]
H270 | bet   1,000원 BANKER | P:9♥ 3♣ 8♣=0  B:J♥ 3♦=3  BANKER(W)  | +950원 → 98,600원
H271 | bet   1,000원 BANKER | P:10♠ 5♦=5  B:8♠ J♥=8  BANKER(W)  | +950원 → 99,550원
H272 | bet   1,000원 BANKER | P:7♦ 3♠ 2♠=2  B:5♥ 2♥=7  BANKER(W)  | +950원 → 100,500원
H273 | bet   1,000원 BANKER | P:3♠ 6♠=9  B:7♦ 7♠=4  PLAYER(L)  | -1,000원 → 99,500원  [start]
H274 | bet   2,000원 PLAYER | P:9♥ 7♣=6  B:A♣ 3♠ 4♣=8  BANKER(L)  | -2,000원 → 97,500원
H275 | bet   4,000원 PLAYER | P:Q♣ 10♣=0  B:9♣ 9♦=8  BANKER(L)  | -4,000원 → 93,500원
H276 | bet   8,000원 PLAYER | P:Q♣ 9♥=9  B:4♣ 2♥=6  PLAYER(W)  | +8,000원 → 101,500원  [end_win]
H277 | bet   1,000원 BANKER | P:5♣ K♥ 9♥=4  B:A♠ 2♣ 10♠=3  PLAYER(L)  | -1,000원 → 100,500원  [start]
H278 | bet   2,000원 PLAYER | P:5♣ 5♣ 6♥=6  B:9♦ 8♣=7  BANKER(L)  | -2,000원 → 98,500원
H279 | bet   4,000원 PLAYER | P:4♦ 7♣=1  B:K♦ 8♦=8  BANKER(L)  | -4,000원 → 94,500원
H280 | bet   8,000원 PLAYER | P:J♥ J♣ 8♥=8  B:3♠ 8♥ 3♦=4  PLAYER(W)  | +8,000원 → 102,500원  [end_win]
H281 | bet   1,000원 BANKER | P:K♠ J♣ 7♥=7  B:4♠ Q♣ Q♦=4  PLAYER(L)  | -1,000원 → 101,500원  [start]
H282 | bet   2,000원 PLAYER | P:K♣ 8♠=8  B:J♣ Q♠=0  PLAYER(W)  | +2,000원 → 103,500원  [end_win]
H283 | bet   1,000원 BANKER | P:K♥ 4♥ K♣=4  B:7♦ J♥=7  BANKER(W)  | +950원 → 104,450원
H284 | bet   1,000원 BANKER | P:A♠ 5♠=6  B:A♥ K♥ 8♣=9  BANKER(W)  | +950원 → 105,400원
H285 | bet   1,000원 BANKER | P:4♣ 7♦ 10♦=1  B:6♠ 4♣ 4♥=4  BANKER(W)  | +950원 → 106,350원
H286 | bet   1,000원 BANKER | P:7♠ 2♦=9  B:7♠ 8♠=5  PLAYER(L)  | -1,000원 → 105,350원  [start]
H287 | bet   2,000원 PLAYER | P:2♥ J♠ 8♦=0  B:5♠ A♣=6  BANKER(L)  | -2,000원 → 103,350원
H288 | bet   4,000원 PLAYER | P:3♥ A♣ 10♥=4  B:4♥ 8♠ 6♥=8  BANKER(L)  | -4,000원 → 99,350원
H289 | bet   8,000원 PLAYER | P:2♠ 8♣ 8♣=8  B:10♠ 5♥=5  PLAYER(W)  | +8,000원 → 107,350원  [end_win]
H290 | bet   1,000원 BANKER | P:4♣ 2♠=6  B:2♠ K♥ 3♥=5  PLAYER(L)  | -1,000원 → 106,350원  [start]
H291 | bet   2,000원 PLAYER | P:4♥ 6♥ K♠=0  B:K♠ 3♠ 7♥=0  TIE(T)  |     0원 → 106,350원
H292 | bet   2,000원 PLAYER | P:Q♥ A♦ K♦=1  B:K♣ 7♠=7  BANKER(L)  | -2,000원 → 104,350원
H293 | bet   4,000원 PLAYER | P:9♣ A♠ 4♦=4  B:9♠ 8♠=7  BANKER(L)  | -4,000원 → 100,350원
H294 | bet   8,000원 PLAYER | P:Q♣ A♥ 7♦=8  B:Q♣ 6♣ A♦=7  PLAYER(W)  | +8,000원 → 108,350원  [end_win]
H295 | bet   1,000원 BANKER | P:8♦ 8♠=6  B:J♣ 6♠=6  TIE(T)  |     0원 → 108,350원
H296 | bet   1,000원 BANKER | P:9♥ 3♠ A♠=3  B:5♦ 7♠ Q♥=2  PLAYER(L)  | -1,000원 → 107,350원  [start]
H297 | bet   2,000원 PLAYER | P:8♣ 2♠ 6♣=6  B:4♣ Q♠ 3♦=7  BANKER(L)  | -2,000원 → 105,350원
H298 | bet   4,000원 PLAYER | P:10♥ Q♦ 9♠=9  B:A♦ 6♣=7  PLAYER(W)  | +4,000원 → 109,350원  [end_win]
H299 | bet   1,000원 BANKER | P:Q♠ J♠=0  B:4♣ 5♥=9  BANKER(W)  | +950원 → 110,300원
H300 | bet   1,000원 BANKER | P:A♥ A♠=2  B:5♦ 3♥=8  BANKER(W)  | +950원 → 111,250원
H301 | bet   1,000원 BANKER | P:J♥ Q♦ 4♠=4  B:10♥ Q♦ 2♦=2  PLAYER(L)  | -1,000원 → 110,250원  [start]
H302 | bet   2,000원 PLAYER | P:6♣ 10♠=6  B:3♥ 8♣ Q♥=1  PLAYER(W)  | +2,000원 → 112,250원  [end_win]
H303 | bet   1,000원 BANKER | P:3♦ 9♣ 10♣=2  B:8♦ 6♣=4  BANKER(W)  | +950원 → 113,200원
H304 | bet   1,000원 BANKER | P:5♠ 4♦=9  B:K♠ A♦=1  PLAYER(L)  | -1,000원 → 112,200원  [start]
H305 | bet   2,000원 PLAYER | P:8♥ 10♠=8  B:10♠ J♥=0  PLAYER(W)  | +2,000원 → 114,200원  [end_win]
H306 | bet   1,000원 BANKER | P:10♦ J♦=0  B:6♦ 3♣=9  BANKER(W)  | +950원 → 115,150원
H307 | bet   1,000원 BANKER | P:J♦ 7♣=7  B:A♣ 10♥ 8♣=9  BANKER(W)  | +950원 → 116,100원
H308 | bet   1,000원 BANKER | P:J♠ J♦ A♥=1  B:10♣ 6♥=6  BANKER(W)  | +950원 → 117,050원
H309 | bet   1,000원 BANKER | P:5♦ J♥=5  B:K♠ 8♦=8  BANKER(W)  | +950원 → 118,000원
H310 | bet   1,000원 BANKER | P:6♠ A♣=7  B:Q♣ A♦ 2♦=3  PLAYER(L)  | -1,000원 → 117,000원  [start]
H311 | bet   2,000원 PLAYER | P:Q♥ 5♠=5  B:9♠ K♠=9  BANKER(L)  | -2,000원 → 115,000원
H312 | bet   4,000원 PLAYER | P:9♦ 6♦ Q♥=5  B:2♣ J♣ 9♥=1  PLAYER(W)  | +4,000원 → 119,000원  [end_win]
H313 | bet   1,000원 BANKER | P:2♣ K♦ 5♣=7  B:2♣ K♣ 2♥=4  PLAYER(L)  | -1,000원 → 118,000원  [start]
H314 | bet   2,000원 PLAYER | P:3♦ Q♦ 7♠=0  B:2♣ 9♠ 8♥=9  BANKER(L)  | -2,000원 → 116,000원
H315 | bet   4,000원 PLAYER | P:10♣ K♣ 4♦=4  B:2♦ A♦ 5♥=8  BANKER(L)  | -4,000원 → 112,000원
H316 | bet   8,000원 PLAYER | P:5♥ 4♣=9  B:4♥ J♣=4  PLAYER(W)  | +8,000원 → 120,000원  [end_win]
H317 | bet   1,000원 BANKER | P:9♠ 4♦ 3♦=6  B:5♥ K♥=5  PLAYER(L)  | -1,000원 → 119,000원  [start]
H318 | bet   2,000원 PLAYER | P:7♦ 5♠=2  B:9♣ 10♣=9  BANKER(L)  | -2,000원 → 117,000원
H319 | bet   4,000원 PLAYER | P:4♥ Q♣ Q♠=4  B:7♥ 3♣ 6♦=6  BANKER(L)  | -4,000원 → 113,000원
H320 | bet   8,000원 PLAYER | P:2♥ 9♣=1  B:5♦ 3♥=8  BANKER(L)  | -8,000원 → 105,000원
H321 | bet  16,000원 PLAYER | P:4♠ 5♥=9  B:J♠ 2♥=2  PLAYER(W)  | +16,000원 → 121,000원  [end_win]
H322 | bet   1,000원 BANKER | P:J♥ 4♠=4  B:9♦ J♠=9  BANKER(W)  | +950원 → 121,950원
H323 | bet   1,000원 BANKER | P:6♣ K♠=6  B:6♥ A♥=7  BANKER(W)  | +950원 → 122,900원
H324 | bet   1,000원 BANKER | P:J♣ 5♦ 6♦=1  B:10♦ A♠ A♣=2  BANKER(W)  | +950원 → 123,850원
H325 | bet   1,000원 BANKER | P:2♣ 9♣ 7♦=8  B:4♥ 3♣=7  PLAYER(L)  | -1,000원 → 122,850원  [start]
H326 | bet   2,000원 PLAYER | P:6♦ 5♦ K♦=1  B:4♠ 7♣ 10♠=1  TIE(T)  |     0원 → 122,850원
H327 | bet   2,000원 PLAYER | P:K♠ K♥ 6♠=6  B:6♦ K♦ 7♥=3  PLAYER(W)  | +2,000원 → 124,850원  [end_win]
H328 | bet   1,000원 BANKER | P:5♣ 10♦ 2♦=7  B:9♠ 8♠=7  TIE(T)  |     0원 → 124,850원
H329 | bet   1,000원 BANKER | P:6♦ Q♣=6  B:Q♣ 4♥ 3♣=7  BANKER(W)  | +950원 → 125,800원
H330 | bet   1,000원 BANKER | P:Q♥ 2♦ 3♠=5  B:A♦ 6♥=7  BANKER(W)  | +950원 → 126,750원
H331 | bet   1,000원 BANKER | P:4♠ 6♦=0  B:8♠ 10♠=8  BANKER(W)  | +950원 → 127,700원
H332 | bet   1,000원 BANKER | P:A♣ A♥ A♠=3  B:K♦ K♥ 9♥=9  BANKER(W)  | +950원 → 128,650원
H333 | bet   1,000원 BANKER | P:A♣ K♥ A♠=2  B:A♦ 2♥ 8♣=1  PLAYER(L)  | -1,000원 → 127,650원  [start]
H334 | bet   2,000원 PLAYER | P:5♣ K♦ 10♦=5  B:7♥ 3♠ K♣=0  PLAYER(W)  | +2,000원 → 129,650원  [end_win]
H335 | bet   1,000원 BANKER | P:9♦ Q♠=9  B:2♥ 9♥=1  PLAYER(L)  | -1,000원 → 128,650원  [start]
H336 | bet   2,000원 PLAYER | P:4♦ 3♦=7  B:Q♦ 6♥=6  PLAYER(W)  | +2,000원 → 130,650원  [end_win]
H337 | bet   1,000원 BANKER | P:2♥ 5♣=7  B:9♦ 6♣ 3♣=8  BANKER(W)  | +950원 → 131,600원
H338 | bet   1,000원 BANKER | P:9♠ 2♦ 8♥=9  B:10♦ J♣ 4♠=4  PLAYER(L)  | -1,000원 → 130,600원  [start]
H339 | bet   2,000원 PLAYER | P:A♥ 6♣=7  B:A♦ A♦ 10♣=2  PLAYER(W)  | +2,000원 → 132,600원  [end_win]
H340 | bet   1,000원 BANKER | P:2♦ 10♣ 8♣=0  B:9♥ 2♣ 7♠=8  BANKER(W)  | +950원 → 133,550원
H341 | bet   1,000원 BANKER | P:10♣ 4♣ K♦=4  B:2♥ 9♠ 9♣=0  PLAYER(L)  | -1,000원 → 132,550원  [start]
H342 | bet   2,000원 PLAYER | P:5♣ Q♠ 4♣=9  B:5♦ 2♣=7  PLAYER(W)  | +2,000원 → 134,550원  [end_win]
H343 | bet   1,000원 BANKER | P:8♦ Q♣=8  B:K♣ K♠=0  PLAYER(L)  | -1,000원 → 133,550원  [start]
H344 | bet   2,000원 PLAYER | P:4♦ 5♥=9  B:K♣ Q♥=0  PLAYER(W)  | +2,000원 → 135,550원  [end_win]
H345 | bet   1,000원 BANKER | P:2♣ A♦ 4♥=7  B:10♠ 4♠ 4♣=8  BANKER(W)  | +950원 → 136,500원
H346 | bet   1,000원 BANKER | P:8♥ 2♥ 7♦=7  B:4♥ A♣ Q♣=5  PLAYER(L)  | -1,000원 → 135,500원  [start]
H347 | bet   2,000원 PLAYER | P:5♦ 5♠ 7♦=7  B:4♥ 3♥=7  TIE(T)  |     0원 → 135,500원
H348 | bet   2,000원 PLAYER | P:5♦ 3♠=8  B:6♦ 4♥=0  PLAYER(W)  | +2,000원 → 137,500원  [end_win]
H349 | bet   1,000원 BANKER | P:7♠ 6♣ 2♣=5  B:A♣ J♣ 4♥=5  TIE(T)  |     0원 → 137,500원
H350 | bet   1,000원 BANKER | P:8♥ A♠=9  B:10♦ 8♦=8  PLAYER(L)  | -1,000원 → 136,500원  [start]
H351 | bet   2,000원 PLAYER | P:J♥ 4♦ 10♥=4  B:J♦ 7♣=7  BANKER(L)  | -2,000원 → 134,500원
H352 | bet   4,000원 PLAYER | P:10♣ 3♦ 6♦=9  B:7♣ 3♠ 3♥=3  PLAYER(W)  | +4,000원 → 138,500원  [end_win]
H353 | bet   1,000원 BANKER | P:K♠ Q♦=0  B:8♣ K♣=8  BANKER(W)  | +950원 → 139,450원
H354 | bet   1,000원 BANKER | P:4♣ 2♠=6  B:2♥ J♥ 7♦=9  BANKER(W)  | +950원 → 140,400원
H355 | bet   1,000원 BANKER | P:K♥ K♣=0  B:8♠ Q♦=8  BANKER(W)  | +950원 → 141,350원
H356 | bet   1,000원 BANKER | P:Q♣ 3♥ 2♣=5  B:Q♠ 5♣=5  TIE(T)  |     0원 → 141,350원
H357 | bet   1,000원 BANKER | P:6♣ 10♠=6  B:Q♠ A♥ 4♦=5  PLAYER(L)  | -1,000원 → 140,350원  [start]
H358 | bet   2,000원 PLAYER | P:7♣ 6♥ 9♠=2  B:Q♥ 6♠=6  BANKER(L)  | -2,000원 → 138,350원
H359 | bet   4,000원 PLAYER | P:10♠ A♥ K♦=1  B:7♥ 4♠ J♦=1  TIE(T)  |     0원 → 138,350원
H360 | bet   4,000원 PLAYER | P:10♥ Q♠ J♠=0  B:10♣ 7♠=7  BANKER(L)  | -4,000원 → 134,350원
H361 | bet   8,000원 PLAYER | P:K♦ K♠ 4♦=4  B:5♦ 8♦ K♣=3  PLAYER(W)  | +8,000원 → 142,350원  [end_win]
H362 | bet   1,000원 BANKER | P:J♦ 6♣=6  B:2♥ 6♠=8  BANKER(W)  | +950원 → 143,300원
H363 | bet   1,000원 BANKER | P:10♣ 9♦=9  B:2♠ 8♦=0  PLAYER(L)  | -1,000원 → 142,300원  [start]
H364 | bet   2,000원 PLAYER | P:K♥ 5♣ J♣=5  B:J♥ 5♠=5  TIE(T)  |     0원 → 142,300원
H365 | bet   2,000원 PLAYER | P:9♥ 4♣ A♦=4  B:A♦ 10♦ 9♠=0  PLAYER(W)  | +2,000원 → 144,300원  [end_win]
H366 | bet   1,000원 BANKER | P:7♥ 9♣=6  B:9♣ 8♥=7  BANKER(W)  | +950원 → 145,250원
H367 | bet   1,000원 BANKER | P:2♠ 2♦ 3♥=7  B:9♣ A♦ 8♥=8  BANKER(W)  | +950원 → 146,200원
H368 | bet   1,000원 BANKER | P:10♠ A♣ 3♣=4  B:9♦ 7♥=6  BANKER(W)  | +950원 → 147,150원
H369 | bet   1,000원 BANKER | P:9♠ J♦=9  B:4♠ Q♥=4  PLAYER(L)  | -1,000원 → 146,150원  [start]
H370 | bet   2,000원 PLAYER | P:5♥ 10♥ J♥=5  B:K♣ 5♦=5  TIE(T)  |     0원 → 146,150원
H371 | bet   2,000원 PLAYER | P:8♣ 3♠ 2♣=3  B:J♦ 10♦ 5♠=5  BANKER(L)  | -2,000원 → 144,150원
H372 | bet   4,000원 PLAYER | P:A♣ A♣ 10♣=2  B:9♦ 4♣ K♠=3  BANKER(L)  | -4,000원 → 140,150원
H373 | bet   8,000원 PLAYER | P:4♥ 7♥=1  B:2♠ 6♦=8  BANKER(L)  | -8,000원 → 132,150원
H374 | bet  16,000원 PLAYER | P:7♠ 8♠=5  B:K♠ 8♠=8  BANKER(L)  | -16,000원 → 116,150원  [end_giveup]
H375 | bet   1,000원 BANKER | P:5♠ 3♦=8  B:K♠ A♣=1  PLAYER(L)  | -1,000원 → 115,150원  [start]
H376 | bet   2,000원 PLAYER | P:7♣ 4♠ A♠=2  B:3♥ 10♣ J♠=3  BANKER(L)  | -2,000원 → 113,150원
H377 | bet   4,000원 PLAYER | P:J♠ 5♦ 8♥=3  B:J♥ 4♦=4  BANKER(L)  | -4,000원 → 109,150원
H378 | bet   8,000원 PLAYER | P:K♠ 6♦=6  B:J♠ J♠ 2♠=2  PLAYER(W)  | +8,000원 → 117,150원  [end_win]
H379 | bet   1,000원 BANKER | P:2♠ J♠ A♥=3  B:5♥ 7♦ K♥=2  PLAYER(L)  | -1,000원 → 116,150원  [start]
H380 | bet   2,000원 PLAYER | P:6♦ 7♦ 7♠=0  B:7♦ 5♥ 2♦=4  BANKER(L)  | -2,000원 → 114,150원
H381 | bet   4,000원 PLAYER | P:10♠ 3♦ J♣=3  B:A♠ A♠ 9♦=1  PLAYER(W)  | +4,000원 → 118,150원  [end_win]
H382 | bet   1,000원 BANKER | P:8♥ 3♣ 6♦=7  B:4♣ 10♦ 3♥=7  TIE(T)  |     0원 → 118,150원
H383 | bet   1,000원 BANKER | P:4♥ 6♣ 8♣=8  B:7♣ 10♥=7  PLAYER(L)  | -1,000원 → 117,150원  [start]
H384 | bet   2,000원 PLAYER | P:9♣ 6♠ 9♠=4  B:J♥ 10♦ 9♣=9  BANKER(L)  | -2,000원 → 115,150원
H385 | bet   4,000원 PLAYER | P:7♠ 10♠=7  B:7♣ 5♣ 3♠=5  PLAYER(W)  | +4,000원 → 119,150원  [end_win]
H386 | bet   1,000원 BANKER | P:Q♣ K♦ J♣=0  B:8♦ 5♥ 10♥=3  BANKER(W)  | +950원 → 120,100원
H387 | bet   1,000원 BANKER | P:7♠ 10♠=7  B:8♦ Q♥=8  BANKER(W)  | +950원 → 121,050원
H388 | bet   1,000원 BANKER | P:6♣ 4♣ A♠=1  B:6♥ 8♠=4  BANKER(W)  | +950원 → 122,000원
H389 | bet   1,000원 BANKER | P:8♦ 2♦ 2♥=2  B:9♥ 5♣ 2♣=6  BANKER(W)  | +950원 → 122,950원
H390 | bet   1,000원 BANKER | P:10♥ Q♦ A♥=1  B:Q♣ 7♣=7  BANKER(W)  | +950원 → 123,900원
H391 | bet   1,000원 BANKER | P:6♥ 10♥=6  B:K♦ 6♣=6  TIE(T)  |     0원 → 123,900원
H392 | bet   1,000원 BANKER | P:3♣ 6♥=9  B:5♠ Q♦=5  PLAYER(L)  | -1,000원 → 122,900원  [start]
H393 | bet   2,000원 PLAYER | P:J♥ 8♠=8  B:8♥ 5♠=3  PLAYER(W)  | +2,000원 → 124,900원  [end_win]
H394 | bet   1,000원 BANKER | P:Q♥ J♥ 6♠=6  B:6♠ J♣ 4♠=0  PLAYER(L)  | -1,000원 → 123,900원  [start]
H395 | bet   2,000원 PLAYER | P:5♠ K♠ 7♦=2  B:Q♠ 6♠ 9♦=5  BANKER(L)  | -2,000원 → 121,900원
H396 | bet   4,000원 PLAYER | P:K♣ 3♠ 8♣=1  B:3♥ 4♦=7  BANKER(L)  | -4,000원 → 117,900원
H397 | bet   8,000원 PLAYER | P:3♦ Q♦ 5♦=8  B:2♣ J♦ 7♠=9  BANKER(L)  | -8,000원 → 109,900원
H398 | bet  16,000원 PLAYER | P:7♥ 9♥=6  B:4♦ J♣ Q♦=4  PLAYER(W)  | +16,000원 → 125,900원  [end_win]
H399 | bet   1,000원 BANKER | P:5♥ 9♠ A♥=5  B:2♠ 8♠ 9♣=9  BANKER(W)  | +950원 → 126,850원
H400 | bet   1,000원 BANKER | P:5♠ 9♥ 5♥=9  B:7♦ 3♣ 8♦=8  PLAYER(L)  | -1,000원 → 125,850원  [start]
H401 | bet   2,000원 PLAYER | P:J♠ Q♠ Q♥=0  B:6♥ Q♥=6  BANKER(L)  | -2,000원 → 123,850원
H402 | bet   4,000원 PLAYER | P:6♠ 2♠=8  B:A♥ 9♣=0  PLAYER(W)  | +4,000원 → 127,850원  [end_win]
H403 | bet   1,000원 BANKER | P:Q♣ 8♣=8  B:4♠ 9♥=3  PLAYER(L)  | -1,000원 → 126,850원  [start]
H404 | bet   2,000원 PLAYER | P:A♠ 7♣=8  B:9♦ 2♦=1  PLAYER(W)  | +2,000원 → 128,850원  [end_win]
H405 | bet   1,000원 BANKER | P:6♠ 3♥=9  B:10♥ J♦=0  PLAYER(L)  | -1,000원 → 127,850원  [start]
H406 | bet   2,000원 PLAYER | P:Q♠ 3♣ 5♥=8  B:J♦ 7♥=7  PLAYER(W)  | +2,000원 → 129,850원  [end_win]
H407 | bet   1,000원 BANKER | P:K♥ 3♦=3  B:J♠ 8♣=8  BANKER(W)  | +950원 → 130,800원
H408 | bet   1,000원 BANKER | P:6♣ 2♠=8  B:Q♥ 2♥=2  PLAYER(L)  | -1,000원 → 129,800원  [start]
H409 | bet   2,000원 PLAYER | P:9♦ 4♠ 3♥=6  B:J♥ A♦ 6♥=7  BANKER(L)  | -2,000원 → 127,800원
H410 | bet   4,000원 PLAYER | P:A♥ 3♦ 3♠=7  B:3♥ 9♦ A♠=3  PLAYER(W)  | +4,000원 → 131,800원  [end_win]
H411 | bet   1,000원 BANKER | P:2♠ 10♦ 2♠=4  B:8♣ 6♦ Q♠=4  TIE(T)  |     0원 → 131,800원
H412 | bet   1,000원 BANKER | P:7♠ 2♠=9  B:4♦ 2♣=6  PLAYER(L)  | -1,000원 → 130,800원  [start]
H413 | bet   2,000원 PLAYER | P:3♥ 4♣=7  B:2♥ 6♠=8  BANKER(L)  | -2,000원 → 128,800원
H414 | bet   4,000원 PLAYER | P:A♥ A♣=2  B:Q♦ 8♣=8  BANKER(L)  | -4,000원 → 124,800원
H415 | bet   8,000원 PLAYER | P:K♠ 8♠=8  B:9♦ 7♦=6  PLAYER(W)  | +8,000원 → 132,800원  [end_win]
H416 | bet   1,000원 BANKER | P:5♥ 3♠=8  B:K♥ 3♥=3  PLAYER(L)  | -1,000원 → 131,800원  [start]
H417 | bet   2,000원 PLAYER | P:2♣ A♠=3  B:K♠ 9♥=9  BANKER(L)  | -2,000원 → 129,800원
H418 | bet   4,000원 PLAYER | P:10♣ J♦ 9♠=9  B:8♦ 7♦=5  PLAYER(W)  | +4,000원 → 133,800원  [end_win]
H419 | bet   1,000원 BANKER | P:4♠ 10♦ Q♦=4  B:9♠ 5♦=4  TIE(T)  |     0원 → 133,800원
H420 | bet   1,000원 BANKER | P:9♥ 6♥ K♥=5  B:6♦ J♦=6  BANKER(W)  | +950원 → 134,750원
H421 | bet   1,000원 BANKER | P:2♠ K♥=2  B:8♠ K♠=8  BANKER(W)  | +950원 → 135,700원
H422 | bet   1,000원 BANKER | P:Q♠ 3♦ 6♠=9  B:10♣ A♣ 10♥=1  PLAYER(L)  | -1,000원 → 134,700원  [start]
H423 | bet   2,000원 PLAYER | P:Q♥ Q♥ 4♣=4  B:8♦ 6♠ 8♠=2  PLAYER(W)  | +2,000원 → 136,700원  [end_win]
H424 | bet   1,000원 BANKER | P:3♦ A♦=4  B:Q♠ 9♠=9  BANKER(W)  | +950원 → 137,650원
H425 | bet   1,000원 BANKER | P:4♠ K♣ 8♥=2  B:9♥ 4♦=3  BANKER(W)  | +950원 → 138,600원
H426 | bet   1,000원 BANKER | P:J♠ J♠ 9♦=9  B:2♦ Q♠ 5♥=7  PLAYER(L)  | -1,000원 → 137,600원  [start]
H427 | bet   2,000원 PLAYER | P:J♥ 4♥ 9♥=3  B:6♣ 10♣=6  BANKER(L)  | -2,000원 → 135,600원
H428 | bet   4,000원 PLAYER | P:K♦ J♥ 2♣=2  B:J♣ 10♠ 5♠=5  BANKER(L)  | -4,000원 → 131,600원
H429 | bet   8,000원 PLAYER | P:3♦ 7♣=0  B:9♦ Q♣=9  BANKER(L)  | -8,000원 → 123,600원
H430 | bet  16,000원 PLAYER | P:7♣ A♠=8  B:A♠ 8♦=9  BANKER(L)  | -16,000원 → 107,600원  [end_giveup]
H431 | bet   1,000원 BANKER | P:7♦ 9♦=6  B:6♦ 3♠=9  BANKER(W)  | +950원 → 108,550원
H432 | bet   1,000원 BANKER | P:Q♣ 10♥ K♥=0  B:Q♦ 5♦=5  BANKER(W)  | +950원 → 109,500원
H433 | bet   1,000원 BANKER | P:7♣ 8♣ 10♥=5  B:9♣ 5♣=4  PLAYER(L)  | -1,000원 → 108,500원  [start]
H434 | bet   2,000원 PLAYER | P:7♥ 5♠=2  B:4♥ 4♠=8  BANKER(L)  | -2,000원 → 106,500원
H435 | bet   4,000원 PLAYER | P:K♣ 8♠=8  B:3♥ 8♠=1  PLAYER(W)  | +4,000원 → 110,500원  [end_win]
H436 | bet   1,000원 BANKER | P:10♦ 6♠=6  B:K♠ K♦ 4♣=4  PLAYER(L)  | -1,000원 → 109,500원  [start]
H437 | bet   2,000원 PLAYER | P:Q♥ 6♣=6  B:Q♣ Q♠ K♣=0  PLAYER(W)  | +2,000원 → 111,500원  [end_win]
H438 | bet   1,000원 BANKER | P:J♦ K♥ 4♦=4  B:3♥ 7♣ 7♠=7  BANKER(W)  | +950원 → 112,450원
H439 | bet   1,000원 BANKER | P:K♦ J♥ Q♣=0  B:10♠ 3♦ J♦=3  BANKER(W)  | +950원 → 113,400원
H440 | bet   1,000원 BANKER | P:7♥ 4♠ J♦=1  B:5♥ 6♥ 8♥=9  BANKER(W)  | +950원 → 114,350원
H441 | bet   1,000원 BANKER | P:3♣ A♠ 9♥=3  B:4♣ 10♦=4  BANKER(W)  | +950원 → 115,300원
H442 | bet   1,000원 BANKER | P:J♥ A♥ K♣=1  B:K♦ J♣ Q♥=0  PLAYER(L)  | -1,000원 → 114,300원  [start]
H443 | bet   2,000원 PLAYER | P:6♠ 7♠ 6♦=9  B:9♠ 7♦ 8♥=4  PLAYER(W)  | +2,000원 → 116,300원  [end_win]
H444 | bet   1,000원 BANKER | P:8♥ 4♥ 7♥=9  B:4♦ 2♦ Q♦=6  PLAYER(L)  | -1,000원 → 115,300원  [start]
H445 | bet   2,000원 PLAYER | P:K♣ 10♣ J♣=0  B:J♠ K♣ 10♥=0  TIE(T)  |     0원 → 115,300원
H446 | bet   2,000원 PLAYER | P:10♦ 9♠=9  B:7♠ 7♣=4  PLAYER(W)  | +2,000원 → 117,300원  [end_win]
H447 | bet   1,000원 BANKER | P:6♦ A♥=7  B:A♣ 7♠=8  BANKER(W)  | +950원 → 118,250원
H448 | bet   1,000원 BANKER | P:6♦ 7♥ 7♠=0  B:A♥ 6♦=7  BANKER(W)  | +950원 → 119,200원
H449 | bet   1,000원 BANKER | P:6♥ 2♥=8  B:5♣ 7♠=2  PLAYER(L)  | -1,000원 → 118,200원  [start]
H450 | bet   2,000원 PLAYER | P:10♦ 7♣=7  B:5♠ A♣=6  PLAYER(W)  | +2,000원 → 120,200원  [end_win]
H451 | bet   1,000원 BANKER | P:8♥ 4♣ J♣=2  B:10♥ A♣ A♣=2  TIE(T)  |     0원 → 120,200원
H452 | bet   1,000원 BANKER | P:K♦ 3♦=3  B:J♦ 9♣=9  BANKER(W)  | +950원 → 121,150원
H453 | bet   1,000원 BANKER | P:2♥ A♣=3  B:A♦ 8♥=9  BANKER(W)  | +950원 → 122,100원
H454 | bet   1,000원 BANKER | P:7♠ 3♣ 2♣=2  B:A♦ Q♣ 9♣=0  PLAYER(L)  | -1,000원 → 121,100원  [start]
H455 | bet   2,000원 PLAYER | P:3♦ 5♦=8  B:A♦ 3♣=4  PLAYER(W)  | +2,000원 → 123,100원  [end_win]
H456 | bet   1,000원 BANKER | P:2♣ 8♠ 7♦=7  B:5♣ A♠ J♦=6  PLAYER(L)  | -1,000원 → 122,100원  [start]
H457 | bet   2,000원 PLAYER | P:5♥ 4♥=9  B:Q♠ 2♥=2  PLAYER(W)  | +2,000원 → 124,100원  [end_win]
H458 | bet   1,000원 BANKER | P:10♠ 9♦=9  B:Q♣ 6♣=6  PLAYER(L)  | -1,000원 → 123,100원  [start]
H459 | bet   2,000원 PLAYER | P:J♠ 10♦ 8♦=8  B:K♦ A♠ 2♦=3  PLAYER(W)  | +2,000원 → 125,100원  [end_win]
H460 | bet   1,000원 BANKER | P:J♠ 10♥ 4♠=4  B:3♥ Q♥ 9♣=2  PLAYER(L)  | -1,000원 → 124,100원  [start]
H461 | bet   2,000원 PLAYER | P:4♦ 10♠ J♥=4  B:K♠ 2♦ K♠=2  PLAYER(W)  | +2,000원 → 126,100원  [end_win]
H462 | bet   1,000원 BANKER | P:5♦ 5♦ A♥=1  B:2♥ 5♥=7  BANKER(W)  | +950원 → 127,050원
H463 | bet   1,000원 BANKER | P:8♣ J♠=8  B:10♦ 8♦=8  TIE(T)  |     0원 → 127,050원
H464 | bet   1,000원 BANKER | P:3♠ 2♥ 6♥=1  B:Q♥ K♣ 8♦=8  BANKER(W)  | +950원 → 128,000원
H465 | bet   1,000원 BANKER | P:4♣ Q♠ 7♦=1  B:Q♣ 2♣ 3♠=5  BANKER(W)  | +950원 → 128,950원
H466 | bet   1,000원 BANKER | P:K♠ 9♣=9  B:3♠ 5♠=8  PLAYER(L)  | -1,000원 → 127,950원  [start]
H467 | bet   2,000원 PLAYER | P:2♦ 4♣=6  B:K♦ 9♦=9  BANKER(L)  | -2,000원 → 125,950원
H468 | bet   4,000원 PLAYER | P:5♦ 10♠ 7♣=2  B:4♠ 2♥ 8♣=4  BANKER(L)  | -4,000원 → 121,950원
H469 | bet   8,000원 PLAYER | P:5♠ 7♥=2  B:9♣ Q♦=9  BANKER(L)  | -8,000원 → 113,950원
H470 | bet  16,000원 PLAYER | P:10♠ 5♦ 9♥=4  B:2♠ 9♣ K♦=1  PLAYER(W)  | +16,000원 → 129,950원  [end_win]
H471 | bet   1,000원 BANKER | P:6♦ J♣=6  B:2♣ J♣ 8♥=0  PLAYER(L)  | -1,000원 → 128,950원  [start]
H472 | bet   2,000원 PLAYER | P:9♠ Q♦=9  B:J♣ A♣=1  PLAYER(W)  | +2,000원 → 130,950원  [end_win]
H473 | bet   1,000원 BANKER | P:10♥ 6♥=6  B:6♠ K♥=6  TIE(T)  |     0원 → 130,950원
H474 | bet   1,000원 BANKER | P:8♣ 5♥ 5♠=8  B:10♠ 6♣=6  PLAYER(L)  | -1,000원 → 129,950원  [start]
H475 | bet   2,000원 PLAYER | P:4♦ 2♦=6  B:5♦ 4♥=9  BANKER(L)  | -2,000원 → 127,950원
H476 | bet   4,000원 PLAYER | P:2♠ 8♦ 10♥=0  B:9♠ 6♣=5  BANKER(L)  | -4,000원 → 123,950원
H477 | bet   8,000원 PLAYER | P:Q♠ J♠ 4♦=4  B:10♣ 4♣ 5♣=9  BANKER(L)  | -8,000원 → 115,950원
H478 | bet  16,000원 PLAYER | P:K♣ Q♥ Q♦=0  B:10♠ 6♣=6  BANKER(L)  | -16,000원 → 99,950원  [end_giveup]
H479 | bet   1,000원 BANKER | P:5♣ K♥=5  B:8♣ Q♣=8  BANKER(W)  | +950원 → 100,900원
H480 | bet   1,000원 BANKER | P:7♦ 7♥ J♥=4  B:6♥ 9♠=5  BANKER(W)  | +950원 → 101,850원
H481 | bet   1,000원 BANKER | P:3♦ 6♥=9  B:2♦ 5♥=7  PLAYER(L)  | -1,000원 → 100,850원  [start]
H482 | bet   2,000원 PLAYER | P:J♠ 5♣ 10♣=5  B:9♣ 4♠ 3♣=6  BANKER(L)  | -2,000원 → 98,850원
H483 | bet   4,000원 PLAYER | P:7♥ 3♠ 10♣=0  B:Q♦ J♦ J♣=0  TIE(T)  |     0원 → 98,850원
H484 | bet   4,000원 PLAYER | P:A♠ 3♣ 5♣=9  B:10♣ 5♠ 6♣=1  PLAYER(W)  | +4,000원 → 102,850원  [end_win]
H485 | bet   1,000원 BANKER | P:5♣ 6♠ K♠=1  B:2♠ A♥ 8♣=1  TIE(T)  |     0원 → 102,850원
H486 | bet   1,000원 BANKER | P:8♥ A♥=9  B:2♣ 9♥=1  PLAYER(L)  | -1,000원 → 101,850원  [start]
H487 | bet   2,000원 PLAYER | P:4♦ 8♠ 2♦=4  B:J♥ 4♥ 3♣=7  BANKER(L)  | -2,000원 → 99,850원
H488 | bet   4,000원 PLAYER | P:3♣ 3♥=6  B:4♥ 5♠=9  BANKER(L)  | -4,000원 → 95,850원
H489 | bet   8,000원 PLAYER | P:8♦ A♦=9  B:9♥ K♥=9  TIE(T)  |     0원 → 95,850원
H490 | bet   8,000원 PLAYER | P:10♣ 4♣ 8♣=2  B:2♦ 10♦ 8♥=0  PLAYER(W)  | +8,000원 → 103,850원  [end_win]
H491 | bet   1,000원 BANKER | P:A♦ Q♥ K♥=1  B:A♠ 5♦=6  BANKER(W)  | +950원 → 104,800원
H492 | bet   1,000원 BANKER | P:7♦ 3♥ J♠=0  B:7♦ 5♣ 9♠=1  BANKER(W)  | +950원 → 105,750원
H493 | bet   1,000원 BANKER | P:10♣ 2♣ A♣=3  B:4♥ J♣=4  BANKER(W)  | +950원 → 106,700원
H494 | bet   1,000원 BANKER | P:8♦ 6♥ 10♠=4  B:8♣ 7♥=5  BANKER(W)  | +950원 → 107,650원
H495 | bet   1,000원 BANKER | P:2♣ Q♦ 4♠=6  B:3♦ 7♠ 6♥=6  TIE(T)  |     0원 → 107,650원
H496 | bet   1,000원 BANKER | P:9♥ 5♠ 8♠=2  B:7♦ 10♣=7  BANKER(W)  | +950원 → 108,600원
H497 | bet   1,000원 BANKER | P:5♦ 3♣=8  B:3♣ 8♥=1  PLAYER(L)  | -1,000원 → 107,600원  [start]
H498 | bet   2,000원 PLAYER | P:3♥ J♣ 6♣=9  B:7♥ K♦=7  PLAYER(W)  | +2,000원 → 109,600원  [end_win]
H499 | bet   1,000원 BANKER | P:7♣ K♥=7  B:5♦ Q♦ Q♥=5  PLAYER(L)  | -1,000원 → 108,600원  [start]
H500 | bet   2,000원 PLAYER | P:10♥ K♥ 8♦=8  B:4♥ Q♣=4  PLAYER(W)  | +2,000원 → 110,600원  [end_win]
H501 | bet   1,000원 BANKER | P:J♦ A♣ 4♦=5  B:A♦ 10♥ 5♠=6  BANKER(W)  | +950원 → 111,550원
H502 | bet   1,000원 BANKER | P:J♦ 7♠=7  B:Q♥ 8♠=8  BANKER(W)  | +950원 → 112,500원
H503 | bet   1,000원 BANKER | P:Q♦ 9♥=9  B:6♦ A♠=7  PLAYER(L)  | -1,000원 → 111,500원  [start]
H504 | bet   2,000원 PLAYER | P:8♣ J♦=8  B:10♥ 9♥=9  BANKER(L)  | -2,000원 → 109,500원
H505 | bet   4,000원 PLAYER | P:7♠ 7♠ J♦=4  B:A♣ K♣ 9♠=0  PLAYER(W)  | +4,000원 → 113,500원  [end_win]
H506 | bet   1,000원 BANKER | P:10♣ A♦ A♦=2  B:4♦ 10♣=4  BANKER(W)  | +950원 → 114,450원
H507 | bet   1,000원 BANKER | P:K♣ 6♣=6  B:6♦ 10♥=6  TIE(T)  |     0원 → 114,450원
H508 | bet   1,000원 BANKER | P:Q♣ 10♠ 5♥=5  B:8♦ 4♥ 5♠=7  BANKER(W)  | +950원 → 115,400원
H509 | bet   1,000원 BANKER | P:5♦ 8♦=3  B:9♣ J♦=9  BANKER(W)  | +950원 → 116,350원
H510 | bet   1,000원 BANKER | P:7♠ 2♥=9  B:6♥ 9♣=5  PLAYER(L)  | -1,000원 → 115,350원  [start]
H511 | bet   2,000원 PLAYER | P:K♦ 3♦ Q♥=3  B:J♠ 4♠=4  BANKER(L)  | -2,000원 → 113,350원
H512 | bet   4,000원 PLAYER | P:10♣ Q♣ 2♣=2  B:2♠ 8♠ 7♣=7  BANKER(L)  | -4,000원 → 109,350원
H513 | bet   8,000원 PLAYER | P:5♥ 3♦=8  B:3♦ 10♠=3  PLAYER(W)  | +8,000원 → 117,350원  [end_win]
H514 | bet   1,000원 BANKER | P:5♥ J♠ 4♦=9  B:2♠ A♥ K♠=3  PLAYER(L)  | -1,000원 → 116,350원  [start]
H515 | bet   2,000원 PLAYER | P:A♦ 7♣=8  B:J♦ K♥=0  PLAYER(W)  | +2,000원 → 118,350원  [end_win]
H516 | bet   1,000원 BANKER | P:4♣ 3♠=7  B:Q♠ 6♠=6  PLAYER(L)  | -1,000원 → 117,350원  [start]
H517 | bet   2,000원 PLAYER | P:2♥ J♠ J♥=2  B:9♣ 3♦ 2♣=4  BANKER(L)  | -2,000원 → 115,350원
H518 | bet   4,000원 PLAYER | P:2♠ 9♠ 7♦=8  B:A♦ 3♠ Q♠=4  PLAYER(W)  | +4,000원 → 119,350원  [end_win]
H519 | bet   1,000원 BANKER | P:K♦ 2♠ 4♦=6  B:5♠ K♠ K♣=5  PLAYER(L)  | -1,000원 → 118,350원  [start]
H520 | bet   2,000원 PLAYER | P:A♣ 2♦ 6♠=9  B:K♥ Q♣ 10♦=0  PLAYER(W)  | +2,000원 → 120,350원  [end_win]
H521 | bet   1,000원 BANKER | P:5♣ 10♠ J♥=5  B:6♦ A♠=7  BANKER(W)  | +950원 → 121,300원
H522 | bet   1,000원 BANKER | P:K♣ 8♠=8  B:6♥ 3♥=9  BANKER(W)  | +950원 → 122,250원
H523 | bet   1,000원 BANKER | P:8♣ 9♦=7  B:9♠ 7♥=6  PLAYER(L)  | -1,000원 → 121,250원  [start]
H524 | bet   2,000원 PLAYER | P:4♣ 6♥ J♦=0  B:3♣ 7♦ Q♦=0  TIE(T)  |     0원 → 121,250원
H525 | bet   2,000원 PLAYER | P:8♣ A♥=9  B:7♥ A♣=8  PLAYER(W)  | +2,000원 → 123,250원  [end_win]
H526 | bet   1,000원 BANKER | P:2♣ A♣ Q♣=3  B:5♣ K♠=5  BANKER(W)  | +950원 → 124,200원
H527 | bet   1,000원 BANKER | P:3♦ 2♦ 3♠=8  B:6♣ 7♠ J♠=3  PLAYER(L)  | -1,000원 → 123,200원  [start]
H528 | bet   2,000원 PLAYER | P:8♣ 6♦ 6♥=0  B:6♠ Q♦ 3♥=9  BANKER(L)  | -2,000원 → 121,200원
H529 | bet   4,000원 PLAYER | P:Q♣ 8♦=8  B:5♣ 5♣=0  PLAYER(W)  | +4,000원 → 125,200원  [end_win]
H530 | bet   1,000원 BANKER | P:Q♣ 5♥=5  B:8♥ 10♥=8  BANKER(W)  | +950원 → 126,150원
H531 | bet   1,000원 BANKER | P:7♣ Q♣=7  B:10♥ 4♦ 5♥=9  BANKER(W)  | +950원 → 127,100원
H532 | bet   1,000원 BANKER | P:2♦ 6♣=8  B:K♠ 9♥=9  BANKER(W)  | +950원 → 128,050원
H533 | bet   1,000원 BANKER | P:4♦ 9♠ 9♥=2  B:8♦ 6♥=4  BANKER(W)  | +950원 → 129,000원
H534 | bet   1,000원 BANKER | P:K♥ A♣ Q♥=1  B:A♠ 5♠=6  BANKER(W)  | +950원 → 129,950원
H535 | bet   1,000원 BANKER | P:3♣ 4♥=7  B:9♥ 6♦ 6♠=1  PLAYER(L)  | -1,000원 → 128,950원  [start]
H536 | bet   2,000원 PLAYER | P:J♥ Q♠ 8♥=8  B:2♦ K♠ 9♣=1  PLAYER(W)  | +2,000원 → 130,950원  [end_win]
H537 | bet   1,000원 BANKER | P:6♠ 5♦ 5♠=6  B:J♣ K♠ Q♦=0  PLAYER(L)  | -1,000원 → 129,950원  [start]
H538 | bet   2,000원 PLAYER | P:8♥ 3♣ 2♦=3  B:5♣ 5♦ 3♣=3  TIE(T)  |     0원 → 129,950원
H539 | bet   2,000원 PLAYER | P:3♠ 3♣=6  B:K♦ 2♣ 5♦=7  BANKER(L)  | -2,000원 → 127,950원
H540 | bet   4,000원 PLAYER | P:8♦ 3♠ Q♠=1  B:3♥ 2♦=5  BANKER(L)  | -4,000원 → 123,950원
H541 | bet   8,000원 PLAYER | P:4♣ 9♣ 5♥=8  B:7♥ 8♣ 4♣=9  BANKER(L)  | -8,000원 → 115,950원
H542 | bet  16,000원 PLAYER | P:J♣ 10♦ K♥=0  B:4♣ 3♥=7  BANKER(L)  | -16,000원 → 99,950원  [end_giveup]
H543 | bet   1,000원 BANKER | P:4♠ 8♠ J♥=2  B:J♣ 4♠=4  BANKER(W)  | +950원 → 100,900원
H544 | bet   1,000원 BANKER | P:6♠ 4♦ 4♥=4  B:8♥ 6♦ 8♥=2  PLAYER(L)  | -1,000원 → 99,900원  [start]
H545 | bet   2,000원 PLAYER | P:2♣ 8♣ Q♦=0  B:A♠ 9♣ J♥=0  TIE(T)  |     0원 → 99,900원
H546 | bet   2,000원 PLAYER | P:10♣ K♠ A♥=1  B:J♣ 10♥ 2♠=2  BANKER(L)  | -2,000원 → 97,900원
H547 | bet   4,000원 PLAYER | P:K♣ 8♠=8  B:7♥ 6♣=3  PLAYER(W)  | +4,000원 → 101,900원  [end_win]
H548 | bet   1,000원 BANKER | P:2♥ 9♣ 10♦=1  B:Q♥ 2♥ 10♠=2  BANKER(W)  | +950원 → 102,850원
H549 | bet   1,000원 BANKER | P:5♣ 9♦ A♠=5  B:Q♥ 6♣=6  BANKER(W)  | +950원 → 103,800원
H550 | bet   1,000원 BANKER | P:6♠ 6♥ 3♥=5  B:4♠ 7♣ 5♣=6  BANKER(W)  | +950원 → 104,750원
H551 | bet   1,000원 BANKER | P:Q♦ K♦ 4♥=4  B:K♦ 5♦ 3♦=8  BANKER(W)  | +950원 → 105,700원
H552 | bet   1,000원 BANKER | P:4♥ 9♦ K♠=3  B:6♠ 7♥ 7♠=0  PLAYER(L)  | -1,000원 → 104,700원  [start]
H553 | bet   2,000원 PLAYER | P:2♥ 3♠ 4♣=9  B:9♣ 3♠ 10♦=2  PLAYER(W)  | +2,000원 → 106,700원  [end_win]
H554 | bet   1,000원 BANKER | P:J♠ 10♠ 10♣=0  B:10♠ 3♦ A♥=4  BANKER(W)  | +950원 → 107,650원
H555 | bet   1,000원 BANKER | P:10♥ 8♠=8  B:4♥ A♠=5  PLAYER(L)  | -1,000원 → 106,650원  [start]
H556 | bet   2,000원 PLAYER | P:6♦ 9♠=5  B:7♦ A♥=8  BANKER(L)  | -2,000원 → 104,650원
H557 | bet   4,000원 PLAYER | P:K♣ 10♦ A♦=1  B:10♦ 7♦=7  BANKER(L)  | -4,000원 → 100,650원
H558 | bet   8,000원 PLAYER | P:9♥ J♥=9  B:K♣ J♦=0  PLAYER(W)  | +8,000원 → 108,650원  [end_win]
H559 | bet   1,000원 BANKER | P:2♣ A♥=3  B:7♣ A♥=8  BANKER(W)  | +950원 → 109,600원
H560 | bet   1,000원 BANKER | P:5♥ 3♣=8  B:9♦ 6♣=5  PLAYER(L)  | -1,000원 → 108,600원  [start]
H561 | bet   2,000원 PLAYER | P:2♠ J♣ 9♦=1  B:8♦ 2♠ 3♥=3  BANKER(L)  | -2,000원 → 106,600원
H562 | bet   4,000원 PLAYER | P:9♠ 3♠ 8♥=0  B:A♣ Q♠ K♦=1  BANKER(L)  | -4,000원 → 102,600원
H563 | bet   8,000원 PLAYER | P:4♦ 7♥ 4♣=5  B:7♦ 6♦ J♥=3  PLAYER(W)  | +8,000원 → 110,600원  [end_win]
H564 | bet   1,000원 BANKER | P:Q♥ 9♦=9  B:7♣ J♥=7  PLAYER(L)  | -1,000원 → 109,600원  [start]
H565 | bet   2,000원 PLAYER | P:K♣ A♠=1  B:J♠ 9♥=9  BANKER(L)  | -2,000원 → 107,600원
H566 | bet   4,000원 PLAYER | P:7♣ 4♠=1  B:7♠ 2♥=9  BANKER(L)  | -4,000원 → 103,600원
H567 | bet   8,000원 PLAYER | P:9♦ 4♠=3  B:K♥ 9♦=9  BANKER(L)  | -8,000원 → 95,600원
H568 | bet  16,000원 PLAYER | P:Q♠ 5♥=5  B:Q♠ 9♠=9  BANKER(L)  | -16,000원 → 79,600원  [end_giveup]
H569 | bet   1,000원 BANKER | P:2♥ A♥ 5♠=8  B:2♠ 2♦ 5♠=9  BANKER(W)  | +950원 → 80,550원
H570 | bet   1,000원 BANKER | P:10♠ 4♦ 6♣=0  B:K♣ 6♥ 4♦=0  TIE(T)  |     0원 → 80,550원
H571 | bet   1,000원 BANKER | P:8♠ 10♦=8  B:2♣ 7♦=9  BANKER(W)  | +950원 → 81,500원
H572 | bet   1,000원 BANKER | P:7♠ 6♣ K♦=3  B:2♦ 5♣=7  BANKER(W)  | +950원 → 82,450원
H573 | bet   1,000원 BANKER | P:A♥ 6♠=7  B:3♦ K♠ 6♣=9  BANKER(W)  | +950원 → 83,400원
H574 | bet   1,000원 BANKER | P:7♥ 3♣ A♥=1  B:K♥ 4♦=4  BANKER(W)  | +950원 → 84,350원
H575 | bet   1,000원 BANKER | P:J♣ 6♠=6  B:K♠ K♠ 8♣=8  BANKER(W)  | +950원 → 85,300원
H576 | bet   1,000원 BANKER | P:K♣ J♦ 7♦=7  B:9♣ 4♣ 4♣=7  TIE(T)  |     0원 → 85,300원
H577 | bet   1,000원 BANKER | P:3♦ 7♥ 6♦=6  B:4♦ 9♥ J♦=3  PLAYER(L)  | -1,000원 → 84,300원  [start]
H578 | bet   2,000원 PLAYER | P:9♦ Q♠=9  B:J♠ 7♥=7  PLAYER(W)  | +2,000원 → 86,300원  [end_win]
H579 | bet   1,000원 BANKER | P:5♣ 8♦=3  B:Q♥ 8♦=8  BANKER(W)  | +950원 → 87,250원
H580 | bet   1,000원 BANKER | P:9♠ 9♣=8  B:3♠ 8♣=1  PLAYER(L)  | -1,000원 → 86,250원  [start]
H581 | bet   2,000원 PLAYER | P:J♠ 8♦=8  B:4♠ 4♠=8  TIE(T)  |     0원 → 86,250원
H582 | bet   2,000원 PLAYER | P:J♣ 5♦ 10♥=5  B:5♦ A♠=6  BANKER(L)  | -2,000원 → 84,250원
H583 | bet   4,000원 PLAYER | P:2♦ 10♥ 4♣=6  B:7♠ J♥=7  BANKER(L)  | -4,000원 → 80,250원
H584 | bet   8,000원 PLAYER | P:2♠ 8♥ 2♦=2  B:Q♠ 3♣ K♠=3  BANKER(L)  | -8,000원 → 72,250원
H585 | bet  16,000원 PLAYER | P:3♦ 4♥=7  B:8♠ 7♣ Q♠=5  PLAYER(W)  | +16,000원 → 88,250원  [end_win]
H586 | bet   1,000원 BANKER | P:Q♠ 5♠=5  B:8♠ J♥=8  BANKER(W)  | +950원 → 89,200원
H587 | bet   1,000원 BANKER | P:9♦ 3♠ K♦=2  B:9♣ 3♥ 5♣=7  BANKER(W)  | +950원 → 90,150원
H588 | bet   1,000원 BANKER | P:9♠ 6♦=5  B:2♦ 7♣=9  BANKER(W)  | +950원 → 91,100원
H589 | bet   1,000원 BANKER | P:8♦ 7♥ 5♣=0  B:Q♣ Q♣ A♠=1  BANKER(W)  | +950원 → 92,050원
H590 | bet   1,000원 BANKER | P:9♠ 5♦ 10♠=4  B:K♣ Q♥ K♥=0  PLAYER(L)  | -1,000원 → 91,050원  [start]
H591 | bet   2,000원 PLAYER | P:4♥ 9♦ 7♥=0  B:7♣ 3♥ 9♦=9  BANKER(L)  | -2,000원 → 89,050원
H592 | bet   4,000원 PLAYER | P:3♠ 6♣=9  B:10♥ K♦=0  PLAYER(W)  | +4,000원 → 93,050원  [end_win]
H593 | bet   1,000원 BANKER | P:3♣ Q♣ Q♦=3  B:9♠ 8♥=7  BANKER(W)  | +950원 → 94,000원
H594 | bet   1,000원 BANKER | P:9♥ 6♠ 3♦=8  B:K♥ J♦ 3♥=3  PLAYER(L)  | -1,000원 → 93,000원  [start]
H595 | bet   2,000원 PLAYER | P:10♥ A♦=1  B:K♣ 9♣=9  BANKER(L)  | -2,000원 → 91,000원
H596 | bet   4,000원 PLAYER | P:K♦ J♠ 10♣=0  B:6♣ A♥=7  BANKER(L)  | -4,000원 → 87,000원
H597 | bet   8,000원 PLAYER | P:6♠ 8♣ 8♠=2  B:2♥ J♦ 5♠=7  BANKER(L)  | -8,000원 → 79,000원
H598 | bet  16,000원 PLAYER | P:10♠ 10♠ 5♥=5  B:J♦ 10♥ 10♣=0  PLAYER(W)  | +16,000원 → 95,000원  [end_win]
H599 | bet   1,000원 BANKER | P:J♠ K♥=0  B:8♥ A♣=9  BANKER(W)  | +950원 → 95,950원
H600 | bet   1,000원 BANKER | P:A♥ 4♣=5  B:A♦ 8♠=9  BANKER(W)  | +950원 → 96,900원
H601 | bet   1,000원 BANKER | P:6♠ 6♥=2  B:2♥ 7♣=9  BANKER(W)  | +950원 → 97,850원
H602 | bet   1,000원 BANKER | P:A♥ 8♣=9  B:7♦ 2♠=9  TIE(T)  |     0원 → 97,850원
H603 | bet   1,000원 BANKER | P:Q♦ Q♠ Q♦=0  B:8♦ 4♠ K♥=2  BANKER(W)  | +950원 → 98,800원
H604 | bet   1,000원 BANKER | P:2♣ 9♥ K♠=1  B:4♥ Q♠=4  BANKER(W)  | +950원 → 99,750원
H605 | bet   1,000원 BANKER | P:4♠ 9♣ 4♠=7  B:8♣ 7♣ K♠=5  PLAYER(L)  | -1,000원 → 98,750원  [start]
H606 | bet   2,000원 PLAYER | P:3♦ 7♣ A♠=1  B:J♣ A♣ J♥=1  TIE(T)  |     0원 → 98,750원
H607 | bet   2,000원 PLAYER | P:K♣ 2♥ 2♦=4  B:10♣ J♦ 9♦=9  BANKER(L)  | -2,000원 → 96,750원
H608 | bet   4,000원 PLAYER | P:2♠ Q♥ 7♦=9  B:5♥ Q♥ Q♦=5  PLAYER(W)  | +4,000원 → 100,750원  [end_win]
H609 | bet   1,000원 BANKER | P:2♠ 3♣ 2♣=7  B:A♦ K♦ J♥=1  PLAYER(L)  | -1,000원 → 99,750원  [start]
H610 | bet   2,000원 PLAYER | P:5♥ J♠ 10♠=5  B:10♥ 10♠ 3♠=3  PLAYER(W)  | +2,000원 → 101,750원  [end_win]
H611 | bet   1,000원 BANKER | P:3♥ 6♥=9  B:10♣ 6♦=6  PLAYER(L)  | -1,000원 → 100,750원  [start]
H612 | bet   2,000원 PLAYER | P:2♣ A♣ 9♠=2  B:A♦ 10♠ 4♣=5  BANKER(L)  | -2,000원 → 98,750원
H613 | bet   4,000원 PLAYER | P:10♥ 5♠ J♠=5  B:7♠ 4♦ 4♥=5  TIE(T)  |     0원 → 98,750원
H614 | bet   4,000원 PLAYER | P:J♣ 2♦=2  B:3♠ 6♥=9  BANKER(L)  | -4,000원 → 94,750원
H615 | bet   8,000원 PLAYER | P:Q♣ J♦ A♣=1  B:10♦ A♣ 9♦=0  PLAYER(W)  | +8,000원 → 102,750원  [end_win]
H616 | bet   1,000원 BANKER | P:5♦ A♦=6  B:5♣ J♣ 9♠=4  PLAYER(L)  | -1,000원 → 101,750원  [start]
H617 | bet   2,000원 PLAYER | P:4♦ 6♥=0  B:2♥ 7♦=9  BANKER(L)  | -2,000원 → 99,750원
H618 | bet   4,000원 PLAYER | P:Q♦ 5♦ 4♣=9  B:6♠ Q♥=6  PLAYER(W)  | +4,000원 → 103,750원  [end_win]
H619 | bet   1,000원 BANKER | P:4♠ 7♠ 6♠=7  B:A♠ 6♥=7  TIE(T)  |     0원 → 103,750원
H620 | bet   1,000원 BANKER | P:7♠ 2♠=9  B:8♠ 8♠=6  PLAYER(L)  | -1,000원 → 102,750원  [start]
H621 | bet   2,000원 PLAYER | P:6♠ 3♣=9  B:K♥ 5♠=5  PLAYER(W)  | +2,000원 → 104,750원  [end_win]
H622 | bet   1,000원 BANKER | P:K♦ 5♠=5  B:Q♠ 9♣=9  BANKER(W)  | +950원 → 105,700원
H623 | bet   1,000원 BANKER | P:8♥ J♦=8  B:7♦ 2♥=9  BANKER(W)  | +950원 → 106,650원
H624 | bet   1,000원 BANKER | P:9♥ Q♣=9  B:Q♣ 7♣=7  PLAYER(L)  | -1,000원 → 105,650원  [start]
H625 | bet   2,000원 PLAYER | P:J♥ A♠ 8♣=9  B:10♦ 10♣ 7♠=7  PLAYER(W)  | +2,000원 → 107,650원  [end_win]
H626 | bet   1,000원 BANKER | P:2♥ A♥ 10♦=3  B:K♦ 5♦=5  BANKER(W)  | +950원 → 108,600원
H627 | bet   1,000원 BANKER | P:9♥ 2♣ 5♠=6  B:A♦ Q♠ 10♦=1  PLAYER(L)  | -1,000원 → 107,600원  [start]
H628 | bet   2,000원 PLAYER | P:5♠ 7♥ 5♠=7  B:5♥ J♠ 5♥=0  PLAYER(W)  | +2,000원 → 109,600원  [end_win]
H629 | bet   1,000원 BANKER | P:3♥ 8♥=1  B:7♠ A♠=8  BANKER(W)  | +950원 → 110,550원
H630 | bet   1,000원 BANKER | P:8♣ Q♣=8  B:K♣ 4♦=4  PLAYER(L)  | -1,000원 → 109,550원  [start]
H631 | bet   2,000원 PLAYER | P:3♥ 5♥=8  B:Q♥ 6♣=6  PLAYER(W)  | +2,000원 → 111,550원  [end_win]
H632 | bet   1,000원 BANKER | P:2♠ 10♦ 6♣=8  B:2♦ 3♠ 9♥=4  PLAYER(L)  | -1,000원 → 110,550원  [start]
H633 | bet   2,000원 PLAYER | P:5♣ 8♥ 4♣=7  B:3♦ A♠ 4♦=8  BANKER(L)  | -2,000원 → 108,550원
H634 | bet   4,000원 PLAYER | P:8♦ 10♦=8  B:6♦ 8♣=4  PLAYER(W)  | +4,000원 → 112,550원  [end_win]
H635 | bet   1,000원 BANKER | P:Q♥ A♣ 2♥=3  B:6♦ K♣=6  BANKER(W)  | +950원 → 113,500원
H636 | bet   1,000원 BANKER | P:5♣ J♣ 6♦=1  B:6♦ J♥ 3♥=9  BANKER(W)  | +950원 → 114,450원
H637 | bet   1,000원 BANKER | P:4♥ 10♦ 9♠=3  B:4♥ 10♠=4  BANKER(W)  | +950원 → 115,400원
H638 | bet   1,000원 BANKER | P:A♣ J♥ 8♦=9  B:4♥ 6♥ 9♣=9  TIE(T)  |     0원 → 115,400원
H639 | bet   1,000원 BANKER | P:9♥ 3♣ 3♦=5  B:4♥ K♥ 3♣=7  BANKER(W)  | +950원 → 116,350원
H640 | bet   1,000원 BANKER | P:3♦ 7♦ Q♥=0  B:9♥ 7♥=6  BANKER(W)  | +950원 → 117,300원
H641 | bet   1,000원 BANKER | P:7♣ 8♦ 3♠=8  B:9♦ 4♠ K♣=3  PLAYER(L)  | -1,000원 → 116,300원  [start]
H642 | bet   2,000원 PLAYER | P:A♥ J♣ K♠=1  B:3♥ 2♣=5  BANKER(L)  | -2,000원 → 114,300원
H643 | bet   4,000원 PLAYER | P:6♥ Q♣=6  B:J♠ J♥ 6♦=6  TIE(T)  |     0원 → 114,300원
H644 | bet   4,000원 PLAYER | P:6♣ 5♥ Q♦=1  B:3♠ 2♣=5  BANKER(L)  | -4,000원 → 110,300원
H645 | bet   8,000원 PLAYER | P:A♠ A♦ 7♦=9  B:K♦ A♣ A♦=2  PLAYER(W)  | +8,000원 → 118,300원  [end_win]
H646 | bet   1,000원 BANKER | P:2♠ 2♣ 9♦=3  B:7♥ 10♥=7  BANKER(W)  | +950원 → 119,250원
H647 | bet   1,000원 BANKER | P:5♦ K♠ 4♠=9  B:8♠ 7♠ 2♦=7  PLAYER(L)  | -1,000원 → 118,250원  [start]
H648 | bet   2,000원 PLAYER | P:5♣ 4♣=9  B:10♣ 2♠=2  PLAYER(W)  | +2,000원 → 120,250원  [end_win]
H649 | bet   1,000원 BANKER | P:K♥ J♣=0  B:10♣ 9♠=9  BANKER(W)  | +950원 → 121,200원
H650 | bet   1,000원 BANKER | P:K♠ 4♥ 7♣=1  B:2♠ 5♠=7  BANKER(W)  | +950원 → 122,150원
H651 | bet   1,000원 BANKER | P:9♦ 5♠ 6♦=0  B:7♥ 3♣ K♣=0  TIE(T)  |     0원 → 122,150원
H652 | bet   1,000원 BANKER | P:4♦ 2♠=6  B:5♣ K♣ 7♣=2  PLAYER(L)  | -1,000원 → 121,150원  [start]
H653 | bet   2,000원 PLAYER | P:Q♥ A♥ 10♥=1  B:J♦ A♦ A♦=2  BANKER(L)  | -2,000원 → 119,150원
H654 | bet   4,000원 PLAYER | P:2♣ J♠=2  B:9♦ J♣=9  BANKER(L)  | -4,000원 → 115,150원
H655 | bet   8,000원 PLAYER | P:J♠ J♣ 2♥=2  B:3♥ 4♥=7  BANKER(L)  | -8,000원 → 107,150원
H656 | bet  16,000원 PLAYER | P:A♣ J♥ Q♠=1  B:10♥ Q♣ 2♠=2  BANKER(L)  | -16,000원 → 91,150원  [end_giveup]
H657 | bet   1,000원 BANKER | P:Q♦ 9♠=9  B:Q♦ 5♣=5  PLAYER(L)  | -1,000원 → 90,150원  [start]
H658 | bet   2,000원 PLAYER | P:2♣ 9♣ 10♥=1  B:9♣ 3♥ K♠=2  BANKER(L)  | -2,000원 → 88,150원
H659 | bet   4,000원 PLAYER | P:10♦ K♦ 10♠=0  B:A♣ J♦ A♠=2  BANKER(L)  | -4,000원 → 84,150원
H660 | bet   8,000원 PLAYER | P:J♠ 7♣=7  B:8♠ K♥=8  BANKER(L)  | -8,000원 → 76,150원
H661 | bet  16,000원 PLAYER | P:8♥ J♦=8  B:J♥ 10♠=0  PLAYER(W)  | +16,000원 → 92,150원  [end_win]
H662 | bet   1,000원 BANKER | P:7♠ J♥=7  B:9♣ 6♠ J♥=5  PLAYER(L)  | -1,000원 → 91,150원  [start]
H663 | bet   2,000원 PLAYER | P:Q♦ J♦ K♠=0  B:7♦ 8♦=5  BANKER(L)  | -2,000원 → 89,150원
H664 | bet   4,000원 PLAYER | P:8♣ K♣=8  B:6♦ 10♣=6  PLAYER(W)  | +4,000원 → 93,150원  [end_win]
H665 | bet   1,000원 BANKER | P:8♦ 2♠=0  B:4♦ 4♠=8  BANKER(W)  | +950원 → 94,100원
H666 | bet   1,000원 BANKER | P:2♣ 9♦=1  B:9♣ 9♦=8  BANKER(W)  | +950원 → 95,050원
H667 | bet   1,000원 BANKER | P:7♦ A♦=8  B:7♥ J♥=7  PLAYER(L)  | -1,000원 → 94,050원  [start]
H668 | bet   2,000원 PLAYER | P:K♣ 10♠ 10♥=0  B:2♥ 8♥ 8♣=8  BANKER(L)  | -2,000원 → 92,050원
H669 | bet   4,000원 PLAYER | P:9♥ K♦=9  B:A♦ K♠=1  PLAYER(W)  | +4,000원 → 96,050원  [end_win]
H670 | bet   1,000원 BANKER | P:6♥ A♣=7  B:7♣ 3♦ 4♠=4  PLAYER(L)  | -1,000원 → 95,050원  [start]
H671 | bet   2,000원 PLAYER | P:3♣ Q♦ K♥=3  B:3♠ 7♣ 4♥=4  BANKER(L)  | -2,000원 → 93,050원
H672 | bet   4,000원 PLAYER | P:J♣ 7♥=7  B:3♥ 8♦ 6♠=7  TIE(T)  |     0원 → 93,050원
H673 | bet   4,000원 PLAYER | P:5♣ 9♦ A♠=5  B:2♥ Q♥ A♠=3  PLAYER(W)  | +4,000원 → 97,050원  [end_win]
H674 | bet   1,000원 BANKER | P:9♥ 2♥ 7♠=8  B:10♦ 5♥ 2♠=7  PLAYER(L)  | -1,000원 → 96,050원  [start]
H675 | bet   2,000원 PLAYER | P:8♥ 9♣=7  B:3♥ 4♥=7  TIE(T)  |     0원 → 96,050원
H676 | bet   2,000원 PLAYER | P:6♦ 4♦ K♣=0  B:9♠ 5♣=4  BANKER(L)  | -2,000원 → 94,050원
H677 | bet   4,000원 PLAYER | P:10♠ 4♠=4  B:6♥ 3♥=9  BANKER(L)  | -4,000원 → 90,050원
H678 | bet   8,000원 PLAYER | P:A♥ 4♠ 5♦=0  B:Q♠ 6♠=6  BANKER(L)  | -8,000원 → 82,050원
H679 | bet  16,000원 PLAYER | P:2♣ 5♥=7  B:8♣ 8♠=6  PLAYER(W)  | +16,000원 → 98,050원  [end_win]
H680 | bet   1,000원 BANKER | P:3♠ Q♦ 4♠=7  B:10♣ 7♦=7  TIE(T)  |     0원 → 98,050원
H681 | bet   1,000원 BANKER | P:3♣ 8♦ 9♠=0  B:6♣ A♥=7  BANKER(W)  | +950원 → 99,000원
H682 | bet   1,000원 BANKER | P:7♥ 6♠=3  B:7♦ 2♠=9  BANKER(W)  | +950원 → 99,950원
H683 | bet   1,000원 BANKER | P:2♥ K♠ 8♠=0  B:4♣ K♣=4  BANKER(W)  | +950원 → 100,900원
H684 | bet   1,000원 BANKER | P:K♦ 4♣ 5♣=9  B:7♦ 10♦=7  PLAYER(L)  | -1,000원 → 99,900원  [start]
H685 | bet   2,000원 PLAYER | P:5♠ 2♦=7  B:6♠ 6♦ 6♥=8  BANKER(L)  | -2,000원 → 97,900원
H686 | bet   4,000원 PLAYER | P:K♥ 7♠=7  B:9♥ 3♠ 9♠=1  PLAYER(W)  | +4,000원 → 101,900원  [end_win]
H687 | bet   1,000원 BANKER | P:4♥ 3♦=7  B:3♦ 10♥ A♦=4  PLAYER(L)  | -1,000원 → 100,900원  [start]
H688 | bet   2,000원 PLAYER | P:J♣ 10♣ 3♥=3  B:6♥ 10♥=6  BANKER(L)  | -2,000원 → 98,900원
H689 | bet   4,000원 PLAYER | P:10♣ 10♣ A♥=1  B:10♦ K♥ A♣=1  TIE(T)  |     0원 → 98,900원
H690 | bet   4,000원 PLAYER | P:Q♥ 8♠=8  B:2♥ K♠=2  PLAYER(W)  | +4,000원 → 102,900원  [end_win]
H691 | bet   1,000원 BANKER | P:5♦ 10♦ 4♣=9  B:6♦ K♦=6  PLAYER(L)  | -1,000원 → 101,900원  [start]
H692 | bet   2,000원 PLAYER | P:3♦ Q♣=3  B:10♦ 8♣=8  BANKER(L)  | -2,000원 → 99,900원
H693 | bet   4,000원 PLAYER | P:A♠ Q♠ 9♦=0  B:5♥ A♠=6  BANKER(L)  | -4,000원 → 95,900원
H694 | bet   8,000원 PLAYER | P:7♣ 2♣=9  B:5♠ J♦=5  PLAYER(W)  | +8,000원 → 103,900원  [end_win]
H695 | bet   1,000원 BANKER | P:7♦ 9♠=6  B:8♥ Q♦=8  BANKER(W)  | +950원 → 104,850원
H696 | bet   1,000원 BANKER | P:4♥ A♣=5  B:7♦ A♠=8  BANKER(W)  | +950원 → 105,800원
H697 | bet   1,000원 BANKER | P:Q♥ 8♥=8  B:2♥ 5♠=7  PLAYER(L)  | -1,000원 → 104,800원  [start]
H698 | bet   2,000원 PLAYER | P:6♣ 8♠ 5♦=9  B:Q♣ 4♠ 6♠=0  PLAYER(W)  | +2,000원 → 106,800원  [end_win]
H699 | bet   1,000원 BANKER | P:5♦ Q♦=5  B:2♦ 7♠=9  BANKER(W)  | +950원 → 107,750원
H700 | bet   1,000원 BANKER | P:2♦ 6♣=8  B:10♦ 9♠=9  BANKER(W)  | +950원 → 108,700원
H701 | bet   1,000원 BANKER | P:Q♠ 8♥=8  B:K♣ 9♥=9  BANKER(W)  | +950원 → 109,650원
H702 | bet   1,000원 BANKER | P:Q♥ 6♣=6  B:3♥ 7♥ J♦=0  PLAYER(L)  | -1,000원 → 108,650원  [start]
H703 | bet   2,000원 PLAYER | P:10♣ A♣ 9♠=0  B:10♠ 3♣ 10♣=3  BANKER(L)  | -2,000원 → 106,650원
H704 | bet   4,000원 PLAYER | P:3♥ J♣ K♦=3  B:Q♥ 3♦ K♥=3  TIE(T)  |     0원 → 106,650원
H705 | bet   4,000원 PLAYER | P:8♥ 2♦ 4♦=4  B:3♦ 8♦ 8♠=9  BANKER(L)  | -4,000원 → 102,650원
H706 | bet   8,000원 PLAYER | P:7♠ 10♠=7  B:8♠ 4♣ 8♣=0  PLAYER(W)  | +8,000원 → 110,650원  [end_win]
H707 | bet   1,000원 BANKER | P:5♣ 10♣=5  B:4♣ 5♦=9  BANKER(W)  | +950원 → 111,600원
H708 | bet   1,000원 BANKER | P:8♣ 8♦=6  B:4♠ 4♦=8  BANKER(W)  | +950원 → 112,550원
H709 | bet   1,000원 BANKER | P:K♠ 5♥ J♠=5  B:5♠ K♥=5  TIE(T)  |     0원 → 112,550원
H710 | bet   1,000원 BANKER | P:9♣ 5♥ Q♣=4  B:6♣ Q♣=6  BANKER(W)  | +950원 → 113,500원
H711 | bet   1,000원 BANKER | P:6♣ 8♥ 2♦=6  B:9♣ 7♦=6  TIE(T)  |     0원 → 113,500원
H712 | bet   1,000원 BANKER | P:K♥ A♣ A♦=2  B:2♠ K♦ 10♥=2  TIE(T)  |     0원 → 113,500원
H713 | bet   1,000원 BANKER | P:9♣ J♣=9  B:9♥ 4♦=3  PLAYER(L)  | -1,000원 → 112,500원  [start]
H714 | bet   2,000원 PLAYER | P:7♠ 6♦ A♥=4  B:A♥ K♣ 6♣=7  BANKER(L)  | -2,000원 → 110,500원
H715 | bet   4,000원 PLAYER | P:J♠ 8♣=8  B:J♠ 6♦=6  PLAYER(W)  | +4,000원 → 114,500원  [end_win]
H716 | bet   1,000원 BANKER | P:7♣ 7♥ 8♦=2  B:4♥ 2♣=6  BANKER(W)  | +950원 → 115,450원
H717 | bet   1,000원 BANKER | P:5♦ Q♠ K♦=5  B:6♠ 10♦=6  BANKER(W)  | +950원 → 116,400원
H718 | bet   1,000원 BANKER | P:A♠ 3♠=4  B:5♥ 3♦=8  BANKER(W)  | +950원 → 117,350원
H719 | bet   1,000원 BANKER | P:8♠ Q♥=8  B:J♠ K♠=0  PLAYER(L)  | -1,000원 → 116,350원  [start]
H720 | bet   2,000원 PLAYER | P:A♣ 6♦=7  B:6♥ 7♠ Q♥=3  PLAYER(W)  | +2,000원 → 118,350원  [end_win]
H721 | bet   1,000원 BANKER | P:A♠ 3♠=4  B:J♠ 8♣=8  BANKER(W)  | +950원 → 119,300원
H722 | bet   1,000원 BANKER | P:7♥ A♥=8  B:5♥ J♣=5  PLAYER(L)  | -1,000원 → 118,300원  [start]
H723 | bet   2,000원 PLAYER | P:Q♣ 3♠ 4♦=7  B:7♠ Q♦=7  TIE(T)  |     0원 → 118,300원
H724 | bet   2,000원 PLAYER | P:Q♠ 6♠=6  B:4♠ 6♥ 2♣=2  PLAYER(W)  | +2,000원 → 120,300원  [end_win]
H725 | bet   1,000원 BANKER | P:2♣ A♦=3  B:9♠ J♦=9  BANKER(W)  | +950원 → 121,250원
H726 | bet   1,000원 BANKER | P:6♣ 2♥=8  B:A♥ Q♠=1  PLAYER(L)  | -1,000원 → 120,250원  [start]
H727 | bet   2,000원 PLAYER | P:6♥ 4♣ 10♥=0  B:2♦ 9♥ 4♦=5  BANKER(L)  | -2,000원 → 118,250원
H728 | bet   4,000원 PLAYER | P:J♥ 5♣=5  B:4♣ 4♣=8  BANKER(L)  | -4,000원 → 114,250원
H729 | bet   8,000원 PLAYER | P:3♣ 9♥ J♣=2  B:5♥ 7♥ 3♣=5  BANKER(L)  | -8,000원 → 106,250원
H730 | bet  16,000원 PLAYER | P:3♦ 5♠=8  B:Q♣ 6♥=6  PLAYER(W)  | +16,000원 → 122,250원  [end_win]
H731 | bet   1,000원 BANKER | P:J♥ 3♣ 3♠=6  B:Q♠ J♦ K♥=0  PLAYER(L)  | -1,000원 → 121,250원  [start]
H732 | bet   2,000원 PLAYER | P:A♦ 2♦ 8♦=1  B:9♥ 7♣=6  BANKER(L)  | -2,000원 → 119,250원
H733 | bet   4,000원 PLAYER | P:5♦ 5♣=0  B:10♠ 9♦=9  BANKER(L)  | -4,000원 → 115,250원
H734 | bet   8,000원 PLAYER | P:8♠ 6♠=4  B:7♦ 2♠=9  BANKER(L)  | -8,000원 → 107,250원
H735 | bet  16,000원 PLAYER | P:J♦ 4♦ 6♦=0  B:J♣ A♥ 8♦=9  BANKER(L)  | -16,000원 → 91,250원  [end_giveup]
H736 | bet   1,000원 BANKER | P:A♦ K♣ 5♠=6  B:7♥ K♦=7  BANKER(W)  | +950원 → 92,200원
H737 | bet   1,000원 BANKER | P:3♠ 8♥ 10♣=1  B:6♥ A♠=7  BANKER(W)  | +950원 → 93,150원
H738 | bet   1,000원 BANKER | P:2♣ 6♣=8  B:4♣ 5♥=9  BANKER(W)  | +950원 → 94,100원
H739 | bet   1,000원 BANKER | P:2♣ K♦ 7♥=9  B:5♣ 7♠ 8♥=0  PLAYER(L)  | -1,000원 → 93,100원  [start]
H740 | bet   2,000원 PLAYER | P:10♦ 3♣ 7♥=0  B:3♣ 10♥ K♣=3  BANKER(L)  | -2,000원 → 91,100원
H741 | bet   4,000원 PLAYER | P:Q♣ 2♥ 7♦=9  B:8♠ 8♥ K♥=6  PLAYER(W)  | +4,000원 → 95,100원  [end_win]
H742 | bet   1,000원 BANKER | P:10♥ 10♦=0  B:6♣ 3♥=9  BANKER(W)  | +950원 → 96,050원
H743 | bet   1,000원 BANKER | P:5♦ 2♦=7  B:5♣ A♣=6  PLAYER(L)  | -1,000원 → 95,050원  [start]
H744 | bet   2,000원 PLAYER | P:4♠ 4♥=8  B:5♥ A♦=6  PLAYER(W)  | +2,000원 → 97,050원  [end_win]
H745 | bet   1,000원 BANKER | P:3♥ 6♠=9  B:2♠ 7♥=9  TIE(T)  |     0원 → 97,050원
H746 | bet   1,000원 BANKER | P:Q♠ A♠ 7♣=8  B:2♥ J♥ 5♥=7  PLAYER(L)  | -1,000원 → 96,050원  [start]
H747 | bet   2,000원 PLAYER | P:A♠ J♦=1  B:Q♣ 8♠=8  BANKER(L)  | -2,000원 → 94,050원
H748 | bet   4,000원 PLAYER | P:Q♦ 7♠=7  B:5♠ K♥ A♥=6  PLAYER(W)  | +4,000원 → 98,050원  [end_win]
H749 | bet   1,000원 BANKER | P:10♦ 9♦=9  B:A♥ A♥=2  PLAYER(L)  | -1,000원 → 97,050원  [start]
H750 | bet   2,000원 PLAYER | P:K♥ Q♦ 9♠=9  B:8♣ 4♥ K♦=2  PLAYER(W)  | +2,000원 → 99,050원  [end_win]
H751 | bet   1,000원 BANKER | P:K♠ 9♥=9  B:6♥ 3♣=9  TIE(T)  |     0원 → 99,050원
H752 | bet   1,000원 BANKER | P:A♥ 6♥=7  B:5♦ 10♣ 5♠=0  PLAYER(L)  | -1,000원 → 98,050원  [start]
H753 | bet   2,000원 PLAYER | P:8♠ 8♥=6  B:K♥ 8♣=8  BANKER(L)  | -2,000원 → 96,050원
H754 | bet   4,000원 PLAYER | P:9♣ 6♥ 7♣=2  B:2♦ J♠ 7♦=9  BANKER(L)  | -4,000원 → 92,050원
H755 | bet   8,000원 PLAYER | P:9♠ 7♥=6  B:2♣ K♠ 8♠=0  PLAYER(W)  | +8,000원 → 100,050원  [end_win]
H756 | bet   1,000원 BANKER | P:9♣ 9♣=8  B:2♥ 5♦=7  PLAYER(L)  | -1,000원 → 99,050원  [start]
H757 | bet   2,000원 PLAYER | P:K♦ 3♥=3  B:Q♣ 9♦=9  BANKER(L)  | -2,000원 → 97,050원
H758 | bet   4,000원 PLAYER | P:Q♠ 10♠ 7♠=7  B:9♠ 4♥ 5♠=8  BANKER(L)  | -4,000원 → 93,050원
H759 | bet   8,000원 PLAYER | P:A♠ 4♠ 10♥=5  B:4♣ J♥=4  PLAYER(W)  | +8,000원 → 101,050원  [end_win]
H760 | bet   1,000원 BANKER | P:A♠ 3♦ Q♣=4  B:Q♦ 5♥=5  BANKER(W)  | +950원 → 102,000원
H761 | bet   1,000원 BANKER | P:10♥ 7♠=7  B:Q♦ A♠ A♥=2  PLAYER(L)  | -1,000원 → 101,000원  [start]
H762 | bet   2,000원 PLAYER | P:6♦ A♣=7  B:J♠ 3♠ A♦=4  PLAYER(W)  | +2,000원 → 103,000원  [end_win]
H763 | bet   1,000원 BANKER | P:3♣ J♥=3  B:10♥ 8♦=8  BANKER(W)  | +950원 → 103,950원
H764 | bet   1,000원 BANKER | P:6♠ 5♠=1  B:J♦ 9♠=9  BANKER(W)  | +950원 → 104,900원
H765 | bet   1,000원 BANKER | P:9♠ Q♠=9  B:K♠ 3♦=3  PLAYER(L)  | -1,000원 → 103,900원  [start]
H766 | bet   2,000원 PLAYER | P:4♣ 9♦ 7♠=0  B:5♣ 6♣ 8♣=9  BANKER(L)  | -2,000원 → 101,900원
H767 | bet   4,000원 PLAYER | P:Q♠ 8♥=8  B:Q♠ 2♥=2  PLAYER(W)  | +4,000원 → 105,900원  [end_win]
H768 | bet   1,000원 BANKER | P:K♣ K♠ 6♠=6  B:J♠ 4♣ 9♥=3  PLAYER(L)  | -1,000원 → 104,900원  [start]
H769 | bet   2,000원 PLAYER | P:A♥ J♣ 7♦=8  B:10♥ 3♠ K♣=3  PLAYER(W)  | +2,000원 → 106,900원  [end_win]
H770 | bet   1,000원 BANKER | P:A♦ J♠ K♦=1  B:Q♣ 4♦=4  BANKER(W)  | +950원 → 107,850원
H771 | bet   1,000원 BANKER | P:3♥ J♣ J♥=3  B:6♥ 9♦=5  BANKER(W)  | +950원 → 108,800원
H772 | bet   1,000원 BANKER | P:9♣ 7♣=6  B:4♠ 4♠=8  BANKER(W)  | +950원 → 109,750원
H773 | bet   1,000원 BANKER | P:7♥ 2♣=9  B:10♠ 7♦=7  PLAYER(L)  | -1,000원 → 108,750원  [start]
H774 | bet   2,000원 PLAYER | P:6♦ 8♦ J♠=4  B:7♥ 6♠ 10♦=3  PLAYER(W)  | +2,000원 → 110,750원  [end_win]
H775 | bet   1,000원 BANKER | P:2♥ Q♣ 9♥=1  B:3♠ 10♣ 10♦=3  BANKER(W)  | +950원 → 111,700원
H776 | bet   1,000원 BANKER | P:J♣ 4♥ 2♣=6  B:A♣ 4♥=5  PLAYER(L)  | -1,000원 → 110,700원  [start]
H777 | bet   2,000원 PLAYER | P:7♣ 6♥ 5♣=8  B:10♣ 3♠ Q♥=3  PLAYER(W)  | +2,000원 → 112,700원  [end_win]
H778 | bet   1,000원 BANKER | P:6♠ 2♣=8  B:8♣ 2♥=0  PLAYER(L)  | -1,000원 → 111,700원  [start]
H779 | bet   2,000원 PLAYER | P:2♦ 10♠ Q♣=2  B:3♥ 10♣ Q♦=3  BANKER(L)  | -2,000원 → 109,700원
H780 | bet   4,000원 PLAYER | P:5♥ 7♠ K♥=2  B:K♠ 6♥=6  BANKER(L)  | -4,000원 → 105,700원
H781 | bet   8,000원 PLAYER | P:9♣ A♠=0  B:9♦ J♥=9  BANKER(L)  | -8,000원 → 97,700원
H782 | bet  16,000원 PLAYER | P:10♥ 10♣ A♣=1  B:10♦ Q♥ 9♦=9  BANKER(L)  | -16,000원 → 81,700원  [end_giveup]
H783 | bet   1,000원 BANKER | P:Q♥ 10♥ K♣=0  B:Q♦ 2♣ 10♠=2  BANKER(W)  | +950원 → 82,650원
H784 | bet   1,000원 BANKER | P:4♣ 8♦ 6♦=8  B:3♣ 3♦ 8♥=4  PLAYER(L)  | -1,000원 → 81,650원  [start]
H785 | bet   2,000원 PLAYER | P:3♣ 9♣ 9♥=1  B:J♦ J♣ 4♦=4  BANKER(L)  | -2,000원 → 79,650원
H786 | bet   4,000원 PLAYER | P:2♦ 4♣=6  B:3♠ 10♣ 2♠=5  PLAYER(W)  | +4,000원 → 83,650원  [end_win]
H787 | bet   1,000원 BANKER | P:3♣ 8♣ 4♦=5  B:A♣ 5♠=6  BANKER(W)  | +950원 → 84,600원
H788 | bet   1,000원 BANKER | P:Q♥ A♦ J♥=1  B:J♣ 4♣=4  BANKER(W)  | +950원 → 85,550원
H789 | bet   1,000원 BANKER | P:7♣ 8♦ J♦=5  B:5♣ 2♠=7  BANKER(W)  | +950원 → 86,500원
H790 | bet   1,000원 BANKER | P:6♦ Q♥=6  B:K♥ A♠ A♦=2  PLAYER(L)  | -1,000원 → 85,500원  [start]
H791 | bet   2,000원 PLAYER | P:K♠ J♠ 2♦=2  B:7♣ Q♣=7  BANKER(L)  | -2,000원 → 83,500원
H792 | bet   4,000원 PLAYER | P:10♦ 7♠=7  B:9♥ 3♦ 6♣=8  BANKER(L)  | -4,000원 → 79,500원
H793 | bet   8,000원 PLAYER | P:10♠ 6♣=6  B:5♥ 3♠=8  BANKER(L)  | -8,000원 → 71,500원
H794 | bet  16,000원 PLAYER | P:K♦ 9♦=9  B:10♠ 2♠=2  PLAYER(W)  | +16,000원 → 87,500원  [end_win]
H795 | bet   1,000원 BANKER | P:9♥ 5♦ 8♣=2  B:3♦ K♣=3  BANKER(W)  | +950원 → 88,450원
H796 | bet   1,000원 BANKER | P:4♣ 2♠=6  B:9♣ 9♣=8  BANKER(W)  | +950원 → 89,400원
H797 | bet   1,000원 BANKER | P:10♦ 7♦=7  B:Q♥ A♣ 5♥=6  PLAYER(L)  | -1,000원 → 88,400원  [start]
H798 | bet   2,000원 PLAYER | P:4♠ 9♠ Q♠=3  B:J♠ K♥ 7♣=7  BANKER(L)  | -2,000원 → 86,400원
H799 | bet   4,000원 PLAYER | P:3♠ 3♣=6  B:5♦ 4♠=9  BANKER(L)  | -4,000원 → 82,400원
H800 | bet   8,000원 PLAYER | P:8♦ 9♠=7  B:5♦ K♣ 2♦=7  TIE(T)  |     0원 → 82,400원
H801 | bet   8,000원 PLAYER | P:2♥ K♦=2  B:J♦ 8♣=8  BANKER(L)  | -8,000원 → 74,400원
H802 | bet  16,000원 PLAYER | P:10♣ A♣ 2♠=3  B:3♦ 3♥=6  BANKER(L)  | -16,000원 → 58,400원  [end_giveup]
H803 | bet   1,000원 BANKER | P:10♠ A♣ 8♠=9  B:10♠ K♠ Q♥=0  PLAYER(L)  | -1,000원 → 57,400원  [start]
H804 | bet   2,000원 PLAYER | P:J♥ 7♠=7  B:2♥ 5♣=7  TIE(T)  |     0원 → 57,400원
H805 | bet   2,000원 PLAYER | P:J♦ 4♥ 9♠=3  B:A♦ 9♦ 8♠=8  BANKER(L)  | -2,000원 → 55,400원
H806 | bet   4,000원 PLAYER | P:5♣ 8♦ Q♥=3  B:6♣ A♦=7  BANKER(L)  | -4,000원 → 51,400원
H807 | bet   8,000원 PLAYER | P:J♦ K♣ 5♠=5  B:4♦ 7♣ 8♣=9  BANKER(L)  | -8,000원 → 43,400원

Result: RUIN (capital_depleted)
Final: 43,400원  Hands: 807  Bets: 734  Wagered: 1,966,000원  Max losing streak: 9
