=== Session 24 ===
Seed: 5408184617760098545
Initial: 100,000원  Target: 500,000원  Ruin: 50,000원  Table-max: 100,000원
Strategy: martingale (pivot, steps=4)
Base bet: 1,000원  Primary side: BANKER

H001 | bet   1,000원 BANKER | P:7♥ 6♠ 5♥=8  B:3♦ 4♦=7  PLAYER(L)  | -1,000원 → 99,000원  [start]
H002 | bet   2,000원 PLAYER | P:9♣ 7♠=6  B:J♠ 7♦=7  BANKER(L)  | -2,000원 → 97,000원
H003 | bet   4,000원 PLAYER | P:K♥ 10♥ Q♦=0  B:J♥ 7♣=7  BANKER(L)  | -4,000원 → 93,000원
H004 | bet   8,000원 PLAYER | P:4♦ 4♥=8  B:8♦ 5♣=3  PLAYER(W)  | +8,000원 → 101,000원  [end_win]
H005 | bet   1,000원 BANKER | P:9♠ 5♣ 6♦=0  B:4♠ K♠ 6♣=0  TIE(T)  |     0원 → 101,000원
H006 | bet   1,000원 BANKER | P:9♣ 3♥ A♦=3  B:3♥ Q♣ 7♥=0  PLAYER(L)  | -1,000원 → 100,000원  [start]
H007 | bet   2,000원 PLAYER | P:3♠ K♦ 2♥=5  B:J♥ 4♠ J♦=4  PLAYER(W)  | +2,000원 → 102,000원  [end_win]
H008 | bet   1,000원 BANKER | P:J♦ 8♦=8  B:A♦ 8♦=9  BANKER(W)  | +950원 → 102,950원
H009 | bet   1,000원 BANKER | P:9♥ 7♠=6  B:4♦ 10♠ 10♣=4  PLAYER(L)  | -1,000원 → 101,950원  [start]
H010 | bet   2,000원 PLAYER | P:5♠ 9♠=4  B:10♠ 9♣=9  BANKER(L)  | -2,000원 → 99,950원
H011 | bet   4,000원 PLAYER | P:5♠ J♥ 8♠=3  B:3♥ Q♥=3  TIE(T)  |     0원 → 99,950원
H012 | bet   4,000원 PLAYER | P:6♥ J♦=6  B:4♥ 6♠ 2♠=2  PLAYER(W)  | +4,000원 → 103,950원  [end_win]
H013 | bet   1,000원 BANKER | P:4♠ 2♦=6  B:7♦ 8♥ Q♠=5  PLAYER(L)  | -1,000원 → 102,950원  [start]
H014 | bet   2,000원 PLAYER | P:6♥ Q♥=6  B:6♠ 2♥=8  BANKER(L)  | -2,000원 → 100,950원
H015 | bet   4,000원 PLAYER | P:Q♦ 3♣ Q♥=3  B:10♣ 4♥=4  BANKER(L)  | -4,000원 → 96,950원
H016 | bet   8,000원 PLAYER | P:A♥ 8♠=9  B:9♥ 10♦=9  TIE(T)  |     0원 → 96,950원
H017 | bet   8,000원 PLAYER | P:8♣ K♥=8  B:A♦ 5♣=6  PLAYER(W)  | +8,000원 → 104,950원  [end_win]
H018 | bet   1,000원 BANKER | P:Q♦ 3♦=3  B:A♦ 7♠=8  BANKER(W)  | +950원 → 105,900원
H019 | bet   1,000원 BANKER | P:K♦ 4♦=4  B:8♦ Q♦=8  BANKER(W)  | +950원 → 106,850원
H020 | bet   1,000원 BANKER | P:3♣ J♦ 4♠=7  B:6♠ A♦=7  TIE(T)  |     0원 → 106,850원
H021 | bet   1,000원 BANKER | P:5♠ 6♣ 8♦=9  B:2♣ A♠=3  PLAYER(L)  | -1,000원 → 105,850원  [start]
H022 | bet   2,000원 PLAYER | P:6♦ 3♠=9  B:5♥ 4♣=9  TIE(T)  |     0원 → 105,850원
H023 | bet   2,000원 PLAYER | P:5♥ 2♣=7  B:8♥ 9♣=7  TIE(T)  |     0원 → 105,850원
H024 | bet   2,000원 PLAYER | P:7♥ 5♦ J♦=2  B:Q♠ J♣ 4♣=4  BANKER(L)  | -2,000원 → 103,850원
H025 | bet   4,000원 PLAYER | P:3♦ 5♦=8  B:10♠ J♥=0  PLAYER(W)  | +4,000원 → 107,850원  [end_win]
H026 | bet   1,000원 BANKER | P:7♣ 2♠=9  B:7♠ 9♠=6  PLAYER(L)  | -1,000원 → 106,850원  [start]
H027 | bet   2,000원 PLAYER | P:Q♥ A♣=1  B:A♣ 7♦=8  BANKER(L)  | -2,000원 → 104,850원
H028 | bet   4,000원 PLAYER | P:2♦ 10♥ A♥=3  B:K♦ 4♣=4  BANKER(L)  | -4,000원 → 100,850원
H029 | bet   8,000원 PLAYER | P:J♥ 8♠=8  B:Q♦ 4♥=4  PLAYER(W)  | +8,000원 → 108,850원  [end_win]
H030 | bet   1,000원 BANKER | P:3♥ 3♥=6  B:3♦ 10♣ 7♠=0  PLAYER(L)  | -1,000원 → 107,850원  [start]
H031 | bet   2,000원 PLAYER | P:10♠ 9♦=9  B:4♠ 10♥=4  PLAYER(W)  | +2,000원 → 109,850원  [end_win]
H032 | bet   1,000원 BANKER | P:10♣ 2♣=2  B:6♦ 2♠=8  BANKER(W)  | +950원 → 110,800원
H033 | bet   1,000원 BANKER | P:8♦ J♣=8  B:5♥ Q♥=5  PLAYER(L)  | -1,000원 → 109,800원  [start]
H034 | bet   2,000원 PLAYER | P:7♣ Q♦=7  B:9♦ Q♠=9  BANKER(L)  | -2,000원 → 107,800원
H035 | bet   4,000원 PLAYER | P:4♠ 10♣ K♥=4  B:2♥ Q♦ 10♥=2  PLAYER(W)  | +4,000원 → 111,800원  [end_win]
H036 | bet   1,000원 BANKER | P:6♥ A♥=7  B:7♣ 5♦ 8♠=0  PLAYER(L)  | -1,000원 → 110,800원  [start]
H037 | bet   2,000원 PLAYER | P:6♥ K♣=6  B:10♦ 6♥=6  TIE(T)  |     0원 → 110,800원
H038 | bet   2,000원 PLAYER | P:3♣ 5♥=8  B:10♠ 6♣=6  PLAYER(W)  | +2,000원 → 112,800원  [end_win]
H039 | bet   1,000원 BANKER | P:8♣ 2♦ 6♦=6  B:J♠ A♦ 10♠=1  PLAYER(L)  | -1,000원 → 111,800원  [start]
H040 | bet   2,000원 PLAYER | P:Q♣ 9♦=9  B:4♥ 8♣=2  PLAYER(W)  | +2,000원 → 113,800원  [end_win]
H041 | bet   1,000원 BANKER | P:K♠ J♠ K♠=0  B:A♣ 5♣=6  BANKER(W)  | +950원 → 114,750원
H042 | bet   1,000원 BANKER | P:10♦ K♣ 2♥=2  B:J♠ 3♣ 9♣=2  TIE(T)  |     0원 → 114,750원
H043 | bet   1,000원 BANKER | P:3♥ 2♥ 8♣=3  B:4♣ 8♥ 7♦=9  BANKER(W)  | +950원 → 115,700원
H044 | bet   1,000원 BANKER | P:7♦ 7♥ 5♣=9  B:6♠ Q♠=6  PLAYER(L)  | -1,000원 → 114,700원  [start]
H045 | bet   2,000원 PLAYER | P:10♣ 10♥ A♠=1  B:4♥ K♦=4  BANKER(L)  | -2,000원 → 112,700원
H046 | bet   4,000원 PLAYER | P:10♦ K♣ 9♠=9  B:Q♠ 2♥ 6♦=8  PLAYER(W)  | +4,000원 → 116,700원  [end_win]
H047 | bet   1,000원 BANKER | P:2♣ J♣ K♠=2  B:3♣ 4♣=7  BANKER(W)  | +950원 → 117,650원
H048 | bet   1,000원 BANKER | P:J♣ 6♠=6  B:5♣ 9♦ 5♠=9  BANKER(W)  | +950원 → 118,600원
H049 | bet   1,000원 BANKER | P:10♥ K♦ 5♠=5  B:8♥ 8♦=6  BANKER(W)  | +950원 → 119,550원
H050 | bet   1,000원 BANKER | P:10♦ 2♠ 8♠=0  B:5♣ 2♦=7  BANKER(W)  | +950원 → 120,500원
H051 | bet   1,000원 BANKER | P:8♦ A♦=9  B:A♠ 5♦=6  PLAYER(L)  | -1,000원 → 119,500원  [start]
H052 | bet   2,000원 PLAYER | P:A♥ A♣ 6♣=8  B:3♠ 10♠ 3♦=6  PLAYER(W)  | +2,000원 → 121,500원  [end_win]
H053 | bet   1,000원 BANKER | P:5♦ K♥ 4♥=9  B:9♠ 5♦ J♣=4  PLAYER(L)  | -1,000원 → 120,500원  [start]
H054 | bet   2,000원 PLAYER | P:A♠ 5♥=6  B:9♥ J♣=9  BANKER(L)  | -2,000원 → 118,500원
H055 | bet   4,000원 PLAYER | P:A♣ A♠ 10♦=2  B:Q♣ A♠ 8♥=9  BANKER(L)  | -4,000원 → 114,500원
H056 | bet   8,000원 PLAYER | P:2♥ 3♠ 9♥=4  B:7♥ 7♦=4  TIE(T)  |     0원 → 114,500원
H057 | bet   8,000원 PLAYER | P:4♦ K♠ 5♠=9  B:10♦ 10♦ 3♣=3  PLAYER(W)  | +8,000원 → 122,500원  [end_win]
H058 | bet   1,000원 BANKER | P:6♥ 3♠=9  B:J♦ 10♠=0  PLAYER(L)  | -1,000원 → 121,500원  [start]
H059 | bet   2,000원 PLAYER | P:4♣ K♣ K♥=4  B:Q♣ 3♠ 4♦=7  BANKER(L)  | -2,000원 → 119,500원
H060 | bet   4,000원 PLAYER | P:K♥ 8♣=8  B:2♦ 6♥=8  TIE(T)  |     0원 → 119,500원
H061 | bet   4,000원 PLAYER | P:7♥ 8♥ 2♠=7  B:5♠ 2♥=7  TIE(T)  |     0원 → 119,500원
H062 | bet   4,000원 PLAYER | P:A♦ 2♣ A♠=4  B:4♠ 7♣ 3♥=4  TIE(T)  |     0원 → 119,500원
H063 | bet   4,000원 PLAYER | P:4♣ Q♠=4  B:6♥ 2♦=8  BANKER(L)  | -4,000원 → 115,500원
H064 | bet   8,000원 PLAYER | P:J♦ 2♣ 8♥=0  B:K♠ 5♥=5  BANKER(L)  | -8,000원 → 107,500원
H065 | bet  16,000원 PLAYER | P:3♠ 6♠=9  B:9♦ 7♠=6  PLAYER(W)  | +16,000원 → 123,500원  [end_win]
H066 | bet   1,000원 BANKER | P:9♦ 8♠=7  B:4♦ A♣ 7♦=2  PLAYER(L)  | -1,000원 → 122,500원  [start]
H067 | bet   2,000원 PLAYER | P:K♥ K♥ 10♣=0  B:Q♥ 6♣=6  BANKER(L)  | -2,000원 → 120,500원
H068 | bet   4,000원 PLAYER | P:K♣ 9♥=9  B:K♣ A♥=1  PLAYER(W)  | +4,000원 → 124,500원  [end_win]
H069 | bet   1,000원 BANKER | P:5♠ 2♠=7  B:3♣ 6♦=9  BANKER(W)  | +950원 → 125,450원
H070 | bet   1,000원 BANKER | P:7♣ 3♣ K♦=0  B:3♦ 7♥ A♠=1  BANKER(W)  | +950원 → 126,400원
H071 | bet   1,000원 BANKER | P:9♠ J♥=9  B:K♦ 7♣=7  PLAYER(L)  | -1,000원 → 125,400원  [start]
H072 | bet   2,000원 PLAYER | P:Q♦ 6♦=6  B:9♥ 6♣ A♣=6  TIE(T)  |     0원 → 125,400원
H073 | bet   2,000원 PLAYER | P:3♥ 10♥ 7♦=0  B:9♠ A♣ 9♣=9  BANKER(L)  | -2,000원 → 123,400원
H074 | bet   4,000원 PLAYER | P:J♠ 2♣ Q♥=2  B:Q♠ 2♠ 6♠=8  BANKER(L)  | -4,000원 → 119,400원
H075 | bet   8,000원 PLAYER | P:7♠ Q♣=7  B:K♦ 7♣=7  TIE(T)  |     0원 → 119,400원
H076 | bet   8,000원 PLAYER | P:8♣ 3♦ A♥=2  B:Q♣ 2♦ 5♦=7  BANKER(L)  | -8,000원 → 111,400원
H077 | bet  16,000원 PLAYER | P:J♠ J♠=0  B:10♣ 8♥=8  BANKER(L)  | -16,000원 → 95,400원  [end_giveup]
H078 | bet   1,000원 BANKER | P:10♥ 5♦ Q♣=5  B:K♣ A♥ A♥=2  PLAYER(L)  | -1,000원 → 94,400원  [start]
H079 | bet   2,000원 PLAYER | P:6♣ 9♥ 8♠=3  B:4♠ K♣=4  BANKER(L)  | -2,000원 → 92,400원
H080 | bet   4,000원 PLAYER | P:3♦ 4♣=7  B:J♠ Q♠ 4♦=4  PLAYER(W)  | +4,000원 → 96,400원  [end_win]
H081 | bet   1,000원 BANKER | P:6♣ 9♦=5  B:9♦ Q♣=9  BANKER(W)  | +950원 → 97,350원
H082 | bet   1,000원 BANKER | P:8♣ K♠=8  B:9♣ 9♥=8  TIE(T)  |     0원 → 97,350원
H083 | bet   1,000원 BANKER | P:5♣ J♣ 8♣=3  B:3♠ 9♠ 5♥=7  BANKER(W)  | +950원 → 98,300원
H084 | bet   1,000원 BANKER | P:J♥ 2♠ 7♠=9  B:8♠ 2♣ 4♥=4  PLAYER(L)  | -1,000원 → 97,300원  [start]
H085 | bet   2,000원 PLAYER | P:5♣ 7♠ K♦=2  B:3♥ 8♥ 8♥=9  BANKER(L)  | -2,000원 → 95,300원
H086 | bet   4,000원 PLAYER | P:4♣ Q♣ 7♥=1  B:Q♣ 10♣ 2♠=2  BANKER(L)  | -4,000원 → 91,300원
H087 | bet   8,000원 PLAYER | P:7♥ 3♥ Q♠=0  B:10♦ 5♦=5  BANKER(L)  | -8,000원 → 83,300원
H088 | bet  16,000원 PLAYER | P:A♣ J♥ 6♣=7  B:3♠ 8♥ K♦=1  PLAYER(W)  | +16,000원 → 99,300원  [end_win]
H089 | bet   1,000원 BANKER | P:4♣ 2♦=6  B:7♣ Q♦=7  BANKER(W)  | +950원 → 100,250원
H090 | bet   1,000원 BANKER | P:3♣ 6♣=9  B:10♠ 2♦=2  PLAYER(L)  | -1,000원 → 99,250원  [start]
H091 | bet   2,000원 PLAYER | P:6♥ 4♦ 3♣=3  B:6♣ 7♥ 4♦=7  BANKER(L)  | -2,000원 → 97,250원
H092 | bet   4,000원 PLAYER | P:5♠ 10♣=5  B:9♠ 9♥=8  BANKER(L)  | -4,000원 → 93,250원
H093 | bet   8,000원 PLAYER | P:Q♦ 5♥=5  B:9♥ J♦=9  BANKER(L)  | -8,000원 → 85,250원
H094 | bet  16,000원 PLAYER | P:10♠ 5♥ Q♦=5  B:9♠ 6♣=5  TIE(T)  |     0원 → 85,250원
H095 | bet  16,000원 PLAYER | P:K♣ 3♦=3  B:8♥ A♠=9  BANKER(L)  | -16,000원 → 69,250원  [end_giveup]
H096 | bet   1,000원 BANKER | P:A♥ 8♣=9  B:10♦ A♥=1  PLAYER(L)  | -1,000원 → 68,250원  [start]
H097 | bet   2,000원 PLAYER | P:J♠ 10♦ 2♥=2  B:J♠ 6♥=6  BANKER(L)  | -2,000원 → 66,250원
H098 | bet   4,000원 PLAYER | P:4♦ 6♥ 2♣=2  B:Q♣ Q♥ A♦=1  PLAYER(W)  | +4,000원 → 70,250원  [end_win]
H099 | bet   1,000원 BANKER | P:8♠ 10♥=8  B:J♣ 2♣=2  PLAYER(L)  | -1,000원 → 69,250원  [start]
H100 | bet   2,000원 PLAYER | P:9♠ 9♦=8  B:9♣ 10♣=9  BANKER(L)  | -2,000원 → 67,250원
H101 | bet   4,000원 PLAYER | P:5♥ 6♦=1  B:8♦ J♣=8  BANKER(L)  | -4,000원 → 63,250원
H102 | bet   8,000원 PLAYER | P:9♣ A♣=0  B:10♣ 9♣=9  BANKER(L)  | -8,000원 → 55,250원
H103 | bet  16,000원 PLAYER | P:7♠ Q♦=7  B:K♥ J♥ K♠=0  PLAYER(W)  | +16,000원 → 71,250원  [end_win]
H104 | bet   1,000원 BANKER | P:K♠ 10♣ 9♠=9  B:8♠ 7♠=5  PLAYER(L)  | -1,000원 → 70,250원  [start]
H105 | bet   2,000원 PLAYER | P:J♦ 3♦=3  B:5♦ 4♠=9  BANKER(L)  | -2,000원 → 68,250원
H106 | bet   4,000원 PLAYER | P:7♠ 6♥ Q♦=3  B:4♠ 10♣=4  BANKER(L)  | -4,000원 → 64,250원
H107 | bet   8,000원 PLAYER | P:A♠ 3♠ 3♥=7  B:2♠ 8♦ J♠=0  PLAYER(W)  | +8,000원 → 72,250원  [end_win]
H108 | bet   1,000원 BANKER | P:5♠ 2♥=7  B:K♠ 9♦=9  BANKER(W)  | +950원 → 73,200원
H109 | bet   1,000원 BANKER | P:8♠ K♦=8  B:7♦ 2♠=9  BANKER(W)  | +950원 → 74,150원
H110 | bet   1,000원 BANKER | P:J♣ Q♣ K♠=0  B:J♦ 5♥=5  BANKER(W)  | +950원 → 75,100원
H111 | bet   1,000원 BANKER | P:J♠ Q♣ 2♣=2  B:4♣ 10♥ A♠=5  BANKER(W)  | +950원 → 76,050원
H112 | bet   1,000원 BANKER | P:A♦ 6♣=7  B:K♠ 8♦=8  BANKER(W)  | +950원 → 77,000원
H113 | bet   1,000원 BANKER | P:A♣ K♦ 8♣=9  B:K♦ 4♣=4  PLAYER(L)  | -1,000원 → 76,000원  [start]
H114 | bet   2,000원 PLAYER | P:5♥ 2♥=7  B:3♥ Q♦ K♣=3  PLAYER(W)  | +2,000원 → 78,000원  [end_win]
H115 | bet   1,000원 BANKER | P:3♦ 9♣=2  B:Q♦ 9♠=9  BANKER(W)  | +950원 → 78,950원
H116 | bet   1,000원 BANKER | P:A♦ Q♠ 9♥=0  B:6♦ 10♠=6  BANKER(W)  | +950원 → 79,900원
H117 | bet   1,000원 BANKER | P:K♣ 10♦ Q♦=0  B:9♣ 7♦=6  BANKER(W)  | +950원 → 80,850원
H118 | bet   1,000원 BANKER | P:5♦ Q♠ A♣=6  B:4♦ 6♣ Q♣=0  PLAYER(L)  | -1,000원 → 79,850원  [start]
H119 | bet   2,000원 PLAYER | P:6♥ 10♦=6  B:6♦ 7♥ 5♣=8  BANKER(L)  | -2,000원 → 77,850원
H120 | bet   4,000원 PLAYER | P:10♦ A♥ 2♣=3  B:7♣ 8♠=5  BANKER(L)  | -4,000원 → 73,850원
H121 | bet   8,000원 PLAYER | P:9♠ J♦=9  B:8♥ 7♣=5  PLAYER(W)  | +8,000원 → 81,850원  [end_win]
H122 | bet   1,000원 BANKER | P:7♥ 2♦=9  B:6♦ 3♣=9  TIE(T)  |     0원 → 81,850원
H123 | bet   1,000원 BANKER | P:Q♥ A♥ 6♠=7  B:J♥ 7♠=7  TIE(T)  |     0원 → 81,850원
H124 | bet   1,000원 BANKER | P:10♠ 8♠=8  B:8♥ 4♦=2  PLAYER(L)  | -1,000원 → 80,850원  [start]
H125 | bet   2,000원 PLAYER | P:6♠ J♣=6  B:10♠ 8♥=8  BANKER(L)  | -2,000원 → 78,850원
H126 | bet   4,000원 PLAYER | P:4♥ A♠ 3♠=8  B:10♥ 5♣=5  PLAYER(W)  | +4,000원 → 82,850원  [end_win]
H127 | bet   1,000원 BANKER | P:Q♥ 6♦=6  B:5♦ 9♠ 2♠=6  TIE(T)  |     0원 → 82,850원
H128 | bet   1,000원 BANKER | P:4♠ 10♠ 2♣=6  B:A♥ J♣ A♣=2  PLAYER(L)  | -1,000원 → 81,850원  [start]
H129 | bet   2,000원 PLAYER | P:2♦ K♥ 10♠=2  B:2♥ A♣ 6♣=9  BANKER(L)  | -2,000원 → 79,850원
H130 | bet   4,000원 PLAYER | P:4♦ 9♦ 4♠=7  B:3♠ 4♦=7  TIE(T)  |     0원 → 79,850원
H131 | bet   4,000원 PLAYER | P:10♠ 2♦ 2♦=4  B:A♣ 4♥=5  BANKER(L)  | -4,000원 → 75,850원
H132 | bet   8,000원 PLAYER | P:2♠ K♠ A♦=3  B:J♥ 3♦ 3♦=6  BANKER(L)  | -8,000원 → 67,850원
H133 | bet  16,000원 PLAYER | P:7♥ J♣=7  B:Q♥ J♠ 7♠=7  TIE(T)  |     0원 → 67,850원
H134 | bet  16,000원 PLAYER | P:10♦ K♣=0  B:K♠ 8♦=8  BANKER(L)  | -16,000원 → 51,850원  [end_giveup]
H135 | bet   1,000원 BANKER | P:J♦ 9♥=9  B:10♥ 9♣=9  TIE(T)  |     0원 → 51,850원
H136 | bet   1,000원 BANKER | P:7♦ 5♠=2  B:Q♥ 9♥=9  BANKER(W)  | +950원 → 52,800원
H137 | bet   1,000원 BANKER | P:2♣ A♠=3  B:7♦ 2♣=9  BANKER(W)  | +950원 → 53,750원
H138 | bet   1,000원 BANKER | P:6♠ 3♣=9  B:6♥ 8♠=4  PLAYER(L)  | -1,000원 → 52,750원  [start]
H139 | bet   2,000원 PLAYER | P:7♣ 4♥ 2♥=3  B:8♠ 8♦=6  BANKER(L)  | -2,000원 → 50,750원
H140 | bet   4,000원 PLAYER | P:5♠ K♣ 3♠=8  B:J♥ J♥ 6♦=6  PLAYER(W)  | +4,000원 → 54,750원  [end_win]
H141 | bet   1,000원 BANKER | P:2♥ J♦=2  B:Q♥ 9♦=9  BANKER(W)  | +950원 → 55,700원
H142 | bet   1,000원 BANKER | P:9♠ 4♣ 9♦=2  B:J♦ 2♥ A♥=3  BANKER(W)  | +950원 → 56,650원
H143 | bet   1,000원 BANKER | P:4♦ 10♥ 10♦=4  B:2♦ Q♥ 7♦=9  BANKER(W)  | +950원 → 57,600원
H144 | bet   1,000원 BANKER | P:7♥ 5♦=2  B:3♦ 5♥=8  BANKER(W)  | +950원 → 58,550원
H145 | bet   1,000원 BANKER | P:9♣ 4♣ 2♠=5  B:K♠ Q♥ Q♣=0  PLAYER(L)  | -1,000원 → 57,550원  [start]
H146 | bet   2,000원 PLAYER | P:8♠ 5♦ 4♣=7  B:8♦ 6♦ 6♠=0  PLAYER(W)  | +2,000원 → 59,550원  [end_win]
H147 | bet   1,000원 BANKER | P:9♥ 4♥=3  B:7♦ 2♥=9  BANKER(W)  | +950원 → 60,500원
H148 | bet   1,000원 BANKER | P:8♣ J♥=8  B:2♠ 5♥=7  PLAYER(L)  | -1,000원 → 59,500원  [start]
H149 | bet   2,000원 PLAYER | P:A♠ 4♠ 10♣=5  B:K♥ 3♦ 7♣=0  PLAYER(W)  | +2,000원 → 61,500원  [end_win]
H150 | bet   1,000원 BANKER | P:8♣ 3♣ 9♥=0  B:5♣ 5♣ 3♠=3  BANKER(W)  | +950원 → 62,450원
H151 | bet   1,000원 BANKER | P:9♦ 6♦ 9♦=4  B:K♦ 4♥=4  TIE(T)  |     0원 → 62,450원
H152 | bet   1,000원 BANKER | P:9♥ Q♠=9  B:4♥ K♣=4  PLAYER(L)  | -1,000원 → 61,450원  [start]
H153 | bet   2,000원 PLAYER | P:K♣ 9♦=9  B:A♦ A♣=2  PLAYER(W)  | +2,000원 → 63,450원  [end_win]
H154 | bet   1,000원 BANKER | P:6♠ 6♥ 3♣=5  B:5♦ J♠=5  TIE(T)  |     0원 → 63,450원
H155 | bet   1,000원 BANKER | P:6♠ 3♥=9  B:3♥ K♥=3  PLAYER(L)  | -1,000원 → 62,450원  [start]
H156 | bet   2,000원 PLAYER | P:8♥ 3♠ Q♠=1  B:A♦ 4♠=5  BANKER(L)  | -2,000원 → 60,450원
H157 | bet   4,000원 PLAYER | P:8♣ 7♠ 5♠=0  B:7♣ 8♣ A♥=6  BANKER(L)  | -4,000원 → 56,450원
H158 | bet   8,000원 PLAYER | P:8♦ 6♣ Q♣=4  B:10♥ K♥ 2♦=2  PLAYER(W)  | +8,000원 → 64,450원  [end_win]
H159 | bet   1,000원 BANKER | P:Q♠ 4♠ K♣=4  B:J♥ 4♣=4  TIE(T)  |     0원 → 64,450원
H160 | bet   1,000원 BANKER | P:A♦ 8♣=9  B:K♥ 3♥=3  PLAYER(L)  | -1,000원 → 63,450원  [start]
H161 | bet   2,000원 PLAYER | P:7♥ 4♥ 2♠=3  B:J♣ 6♥=6  BANKER(L)  | -2,000원 → 61,450원
H162 | bet   4,000원 PLAYER | P:5♠ 5♣=0  B:5♣ 3♣=8  BANKER(L)  | -4,000원 → 57,450원
H163 | bet   8,000원 PLAYER | P:7♣ A♠=8  B:8♣ 4♥=2  PLAYER(W)  | +8,000원 → 65,450원  [end_win]
H164 | bet   1,000원 BANKER | P:10♥ 3♣=3  B:J♠ 9♣=9  BANKER(W)  | +950원 → 66,400원
H165 | bet   1,000원 BANKER | P:J♦ 8♦=8  B:4♠ A♥=5  PLAYER(L)  | -1,000원 → 65,400원  [start]
H166 | bet   2,000원 PLAYER | P:K♥ 5♣ 2♣=7  B:10♣ 6♠=6  PLAYER(W)  | +2,000원 → 67,400원  [end_win]
H167 | bet   1,000원 BANKER | P:J♠ K♦ J♣=0  B:7♦ 3♥ 5♠=5  BANKER(W)  | +950원 → 68,350원
H168 | bet   1,000원 BANKER | P:10♥ 5♠=5  B:3♠ 6♠=9  BANKER(W)  | +950원 → 69,300원
H169 | bet   1,000원 BANKER | P:6♥ A♠=7  B:J♦ 7♠=7  TIE(T)  |     0원 → 69,300원
H170 | bet   1,000원 BANKER | P:K♥ 5♥ 7♥=2  B:2♠ 10♦ 4♠=6  BANKER(W)  | +950원 → 70,250원
H171 | bet   1,000원 BANKER | P:10♠ J♦ 9♣=9  B:2♦ 2♦=4  PLAYER(L)  | -1,000원 → 69,250원  [start]
H172 | bet   2,000원 PLAYER | P:8♦ 5♠ 6♦=9  B:K♦ 6♠ Q♠=6  PLAYER(W)  | +2,000원 → 71,250원  [end_win]
H173 | bet   1,000원 BANKER | P:Q♦ J♦=0  B:A♣ 8♠=9  BANKER(W)  | +950원 → 72,200원
H174 | bet   1,000원 BANKER | P:8♠ 7♦ K♣=5  B:7♠ 4♣ 10♥=1  PLAYER(L)  | -1,000원 → 71,200원  [start]
H175 | bet   2,000원 PLAYER | P:10♣ 9♠=9  B:3♥ 4♥=7  PLAYER(W)  | +2,000원 → 73,200원  [end_win]
H176 | bet   1,000원 BANKER | P:10♦ 5♣ 4♥=9  B:J♣ 2♠ 4♦=6  PLAYER(L)  | -1,000원 → 72,200원  [start]
H177 | bet   2,000원 PLAYER | P:9♥ K♦=9  B:6♥ 9♦=5  PLAYER(W)  | +2,000원 → 74,200원  [end_win]
H178 | bet   1,000원 BANKER | P:J♥ K♠ Q♠=0  B:J♣ J♥ Q♣=0  TIE(T)  |     0원 → 74,200원
H179 | bet   1,000원 BANKER | P:3♣ 4♦=7  B:A♠ J♦ 10♥=1  PLAYER(L)  | -1,000원 → 73,200원  [start]
H180 | bet   2,000원 PLAYER | P:7♦ 8♣ K♦=5  B:Q♦ 5♣=5  TIE(T)  |     0원 → 73,200원
H181 | bet   2,000원 PLAYER | P:9♣ A♣ 10♦=0  B:4♥ J♠=4  BANKER(L)  | -2,000원 → 71,200원
H182 | bet   4,000원 PLAYER | P:J♦ A♥ 10♥=1  B:7♣ 3♣ A♣=1  TIE(T)  |     0원 → 71,200원
H183 | bet   4,000원 PLAYER | P:5♦ 9♥ 9♠=3  B:3♦ A♦=4  BANKER(L)  | -4,000원 → 67,200원
H184 | bet   8,000원 PLAYER | P:6♥ Q♥=6  B:4♥ 3♠=7  BANKER(L)  | -8,000원 → 59,200원
H185 | bet  16,000원 PLAYER | P:3♣ J♣ K♣=3  B:2♣ J♣ 6♦=8  BANKER(L)  | -16,000원 → 43,200원  [end_giveup]

Result: RUIN (capital_depleted)
Final: 43,200원  Hands: 185  Bets: 156  Wagered: 475,000원  Max losing streak: 7
