=== Session 55 ===
Seed: 6275129943002583699
Initial: 100,000원  Target: 500,000원  Ruin: 50,000원  Table-max: 100,000원
Strategy: martingale (pivot, steps=5)
Base bet: 1,000원  Primary side: BANKER

H001 | bet   1,000원 BANKER | P:A♣ 2♣=3  B:K♠ 9♦=9  BANKER(W)  | +950원 → 100,950원
H002 | bet   1,000원 BANKER | P:J♦ 7♠=7  B:10♠ 4♦ 7♣=1  PLAYER(L)  | -1,000원 → 99,950원  [start]
H003 | bet   2,000원 PLAYER | P:3♦ 6♥=9  B:5♣ 2♣=7  PLAYER(W)  | +2,000원 → 101,950원  [end_win]
H004 | bet   1,000원 BANKER | P:4♠ 2♥=6  B:10♠ 7♠=7  BANKER(W)  | +950원 → 102,900원
H005 | bet   1,000원 BANKER | P:2♠ 2♠ J♦=4  B:K♣ 7♦=7  BANKER(W)  | +950원 → 103,850원
H006 | bet   1,000원 BANKER | P:10♠ K♥ J♠=0  B:J♦ 3♠ 10♣=3  BANKER(W)  | +950원 → 104,800원
H007 | bet   1,000원 BANKER | P:A♣ 8♠=9  B:J♠ 7♣=7  PLAYER(L)  | -1,000원 → 103,800원  [start]
H008 | bet   2,000원 PLAYER | P:9♥ A♣ 2♠=2  B:10♥ Q♣ K♦=0  PLAYER(W)  | +2,000원 → 105,800원  [end_win]
H009 | bet   1,000원 BANKER | P:5♥ Q♥ A♣=6  B:7♣ 4♦ J♣=1  PLAYER(L)  | -1,000원 → 104,800원  [start]
H010 | bet   2,000원 PLAYER | P:Q♠ 2♦ K♥=2  B:6♦ 8♥=4  BANKER(L)  | -2,000원 → 102,800원
H011 | bet   4,000원 PLAYER | P:K♠ 6♣=6  B:J♣ A♦ K♠=1  PLAYER(W)  | +4,000원 → 106,800원  [end_win]
H012 | bet   1,000원 BANKER | P:8♥ 7♠=5  B:5♠ 4♦=9  BANKER(W)  | +950원 → 107,750원
H013 | bet   1,000원 BANKER | P:10♦ A♥=1  B:8♣ Q♠=8  BANKER(W)  | +950원 → 108,700원
H014 | bet   1,000원 BANKER | P:J♣ 7♦=7  B:8♦ 10♠=8  BANKER(W)  | +950원 → 109,650원
H015 | bet   1,000원 BANKER | P:6♠ 6♠ 7♣=9  B:Q♦ 10♥ 10♠=0  PLAYER(L)  | -1,000원 → 108,650원  [start]
H016 | bet   2,000원 PLAYER | P:5♥ 5♣ Q♥=0  B:8♠ 2♥ 2♣=2  BANKER(L)  | -2,000원 → 106,650원
H017 | bet   4,000원 PLAYER | P:3♥ 10♥=3  B:10♣ 9♦=9  BANKER(L)  | -4,000원 → 102,650원
H018 | bet   8,000원 PLAYER | P:J♣ 9♣=9  B:2♣ 5♠=7  PLAYER(W)  | +8,000원 → 110,650원  [end_win]
H019 | bet   1,000원 BANKER | P:4♠ 6♦ 6♥=6  B:Q♦ 3♦ 9♦=2  PLAYER(L)  | -1,000원 → 109,650원  [start]
H020 | bet   2,000원 PLAYER | P:J♦ 2♦ 9♦=1  B:3♠ 2♥=5  BANKER(L)  | -2,000원 → 107,650원
H021 | bet   4,000원 PLAYER | P:8♠ 4♥=2  B:6♥ 3♠=9  BANKER(L)  | -4,000원 → 103,650원
H022 | bet   8,000원 PLAYER | P:5♣ 3♥=8  B:5♠ 4♥=9  BANKER(L)  | -8,000원 → 95,650원
H023 | bet  16,000원 PLAYER | P:5♦ 9♣ Q♦=4  B:K♣ 5♠=5  BANKER(L)  | -16,000원 → 79,650원
H024 | bet  32,000원 PLAYER | P:6♠ K♦=6  B:4♣ Q♠ K♠=4  PLAYER(W)  | +32,000원 → 111,650원  [end_win]
H025 | bet   1,000원 BANKER | P:5♣ K♥ 10♣=5  B:Q♥ J♥ 9♥=9  BANKER(W)  | +950원 → 112,600원
H026 | bet   1,000원 BANKER | P:3♥ 10♠ Q♦=3  B:Q♥ 7♦=7  BANKER(W)  | +950원 → 113,550원
H027 | bet   1,000원 BANKER | P:7♦ 8♥ A♠=6  B:Q♥ 10♥ Q♣=0  PLAYER(L)  | -1,000원 → 112,550원  [start]
H028 | bet   2,000원 PLAYER | P:6♣ A♠=7  B:8♥ 2♦ K♣=0  PLAYER(W)  | +2,000원 → 114,550원  [end_win]
H029 | bet   1,000원 BANKER | P:4♠ 7♥=1  B:3♦ 6♣=9  BANKER(W)  | +950원 → 115,500원
H030 | bet   1,000원 BANKER | P:6♣ A♠=7  B:K♦ 9♣=9  BANKER(W)  | +950원 → 116,450원
H031 | bet   1,000원 BANKER | P:4♥ K♥ 9♠=3  B:5♦ Q♣=5  BANKER(W)  | +950원 → 117,400원
H032 | bet   1,000원 BANKER | P:6♥ 7♥ 9♦=2  B:9♥ 7♠=6  BANKER(W)  | +950원 → 118,350원
H033 | bet   1,000원 BANKER | P:5♦ 7♦=2  B:6♦ 3♥=9  BANKER(W)  | +950원 → 119,300원
H034 | bet   1,000원 BANKER | P:8♣ A♥=9  B:A♥ 5♣=6  PLAYER(L)  | -1,000원 → 118,300원  [start]
H035 | bet   2,000원 PLAYER | P:6♥ J♣=6  B:6♠ K♦=6  TIE(T)  |     0원 → 118,300원
H036 | bet   2,000원 PLAYER | P:9♣ Q♥=9  B:2♥ 9♦=1  PLAYER(W)  | +2,000원 → 120,300원  [end_win]
H037 | bet   1,000원 BANKER | P:Q♠ Q♦ 5♥=5  B:Q♠ 2♠ K♥=2  PLAYER(L)  | -1,000원 → 119,300원  [start]
H038 | bet   2,000원 PLAYER | P:8♥ Q♣=8  B:10♣ 4♠=4  PLAYER(W)  | +2,000원 → 121,300원  [end_win]
H039 | bet   1,000원 BANKER | P:4♦ 4♦=8  B:8♠ 10♠=8  TIE(T)  |     0원 → 121,300원
H040 | bet   1,000원 BANKER | P:10♣ 9♣=9  B:9♠ 6♠=5  PLAYER(L)  | -1,000원 → 120,300원  [start]
H041 | bet   2,000원 PLAYER | P:J♦ 5♥=5  B:J♥ 9♣=9  BANKER(L)  | -2,000원 → 118,300원
H042 | bet   4,000원 PLAYER | P:J♦ 6♣=6  B:6♦ 2♣=8  BANKER(L)  | -4,000원 → 114,300원
H043 | bet   8,000원 PLAYER | P:4♣ Q♦ 8♣=2  B:7♣ 10♠=7  BANKER(L)  | -8,000원 → 106,300원
H044 | bet  16,000원 PLAYER | P:7♠ Q♠=7  B:4♠ J♠ A♣=5  PLAYER(W)  | +16,000원 → 122,300원  [end_win]
H045 | bet   1,000원 BANKER | P:J♠ J♦ 2♣=2  B:3♥ Q♦ 6♣=9  BANKER(W)  | +950원 → 123,250원
H046 | bet   1,000원 BANKER | P:6♣ 7♠ 8♥=1  B:3♣ 2♦=5  BANKER(W)  | +950원 → 124,200원
H047 | bet   1,000원 BANKER | P:J♥ 9♣=9  B:K♦ 9♥=9  TIE(T)  |     0원 → 124,200원
H048 | bet   1,000원 BANKER | P:9♠ K♣=9  B:2♣ 3♣=5  PLAYER(L)  | -1,000원 → 123,200원  [start]
H049 | bet   2,000원 PLAYER | P:4♦ 2♥=6  B:10♥ 4♥ 7♣=1  PLAYER(W)  | +2,000원 → 125,200원  [end_win]
H050 | bet   1,000원 BANKER | P:7♥ 7♥ 5♠=9  B:A♥ A♦ A♦=3  PLAYER(L)  | -1,000원 → 124,200원  [start]
H051 | bet   2,000원 PLAYER | P:2♠ 6♠=8  B:4♥ A♠=5  PLAYER(W)  | +2,000원 → 126,200원  [end_win]
H052 | bet   1,000원 BANKER | P:K♠ 2♦ A♥=3  B:A♦ 3♠=4  BANKER(W)  | +950원 → 127,150원
H053 | bet   1,000원 BANKER | P:J♥ 8♣=8  B:8♦ Q♣=8  TIE(T)  |     0원 → 127,150원
H054 | bet   1,000원 BANKER | P:3♠ 8♦ 10♥=1  B:4♣ 3♦=7  BANKER(W)  | +950원 → 128,100원
H055 | bet   1,000원 BANKER | P:8♦ 9♠=7  B:A♥ 8♠=9  BANKER(W)  | +950원 → 129,050원
H056 | bet   1,000원 BANKER | P:10♦ 3♣ 3♠=6  B:A♠ 4♠=5  PLAYER(L)  | -1,000원 → 128,050원  [start]
H057 | bet   2,000원 PLAYER | P:5♥ 6♠ K♦=1  B:9♠ 3♣ 3♦=5  BANKER(L)  | -2,000원 → 126,050원
H058 | bet   4,000원 PLAYER | P:J♥ 5♦ 10♦=5  B:7♦ 4♥ A♥=2  PLAYER(W)  | +4,000원 → 130,050원  [end_win]
H059 | bet   1,000원 BANKER | P:Q♥ 8♠=8  B:8♠ J♠=8  TIE(T)  |     0원 → 130,050원
H060 | bet   1,000원 BANKER | P:9♦ A♠ 9♥=9  B:4♣ 9♥ J♣=3  PLAYER(L)  | -1,000원 → 129,050원  [start]
H061 | bet   2,000원 PLAYER | P:7♣ 3♣ 10♦=0  B:8♦ 4♦ 2♦=4  BANKER(L)  | -2,000원 → 127,050원
H062 | bet   4,000원 PLAYER | P:J♠ 6♠=6  B:5♣ 6♥ 8♦=9  BANKER(L)  | -4,000원 → 123,050원
H063 | bet   8,000원 PLAYER | P:9♦ 6♥=5  B:K♦ 9♠=9  BANKER(L)  | -8,000원 → 115,050원
H064 | bet  16,000원 PLAYER | P:9♣ Q♣=9  B:3♣ J♥=3  PLAYER(W)  | +16,000원 → 131,050원  [end_win]
H065 | bet   1,000원 BANKER | P:K♠ 5♥ K♥=5  B:3♠ 9♥ 6♦=8  BANKER(W)  | +950원 → 132,000원
H066 | bet   1,000원 BANKER | P:9♠ 3♣=2  B:J♣ 8♣=8  BANKER(W)  | +950원 → 132,950원
H067 | bet   1,000원 BANKER | P:A♦ 7♥=8  B:10♣ 4♥=4  PLAYER(L)  | -1,000원 → 131,950원  [start]
H068 | bet   2,000원 PLAYER | P:2♥ A♦ 7♠=0  B:9♠ 7♠ 8♣=4  BANKER(L)  | -2,000원 → 129,950원
H069 | bet   4,000원 PLAYER | P:A♠ 3♥ Q♦=4  B:7♣ 8♥=5  BANKER(L)  | -4,000원 → 125,950원
H070 | bet   8,000원 PLAYER | P:8♥ J♠=8  B:5♦ 10♣=5  PLAYER(W)  | +8,000원 → 133,950원  [end_win]
H071 | bet   1,000원 BANKER | P:5♠ K♥ 3♠=8  B:4♣ K♣ 4♣=8  TIE(T)  |     0원 → 133,950원
H072 | bet   1,000원 BANKER | P:10♦ 6♦=6  B:A♣ K♠ 8♦=9  BANKER(W)  | +950원 → 134,900원
H073 | bet   1,000원 BANKER | P:J♥ 2♦ 10♣=2  B:6♦ J♠=6  BANKER(W)  | +950원 → 135,850원
H074 | bet   1,000원 BANKER | P:5♣ Q♣ 5♠=0  B:7♥ 5♣ 2♠=4  BANKER(W)  | +950원 → 136,800원
H075 | bet   1,000원 BANKER | P:10♥ 5♥ 4♣=9  B:K♥ J♣ 10♦=0  PLAYER(L)  | -1,000원 → 135,800원  [start]
H076 | bet   2,000원 PLAYER | P:K♣ 6♦=6  B:10♦ 9♥=9  BANKER(L)  | -2,000원 → 133,800원
H077 | bet   4,000원 PLAYER | P:A♣ K♠=1  B:3♥ 5♦=8  BANKER(L)  | -4,000원 → 129,800원
H078 | bet   8,000원 PLAYER | P:K♣ 3♥ 4♣=7  B:10♦ 5♥ Q♠=5  PLAYER(W)  | +8,000원 → 137,800원  [end_win]
H079 | bet   1,000원 BANKER | P:K♦ 5♠ A♣=6  B:Q♠ 4♥=4  PLAYER(L)  | -1,000원 → 136,800원  [start]
H080 | bet   2,000원 PLAYER | P:K♣ 7♦=7  B:2♥ 7♥=9  BANKER(L)  | -2,000원 → 134,800원
H081 | bet   4,000원 PLAYER | P:2♣ 8♣ 4♠=4  B:2♠ 3♦ 2♥=7  BANKER(L)  | -4,000원 → 130,800원
H082 | bet   8,000원 PLAYER | P:8♠ 2♦=0  B:10♥ 8♦=8  BANKER(L)  | -8,000원 → 122,800원
H083 | bet  16,000원 PLAYER | P:7♦ J♥=7  B:A♥ 3♦ 3♦=7  TIE(T)  |     0원 → 122,800원
H084 | bet  16,000원 PLAYER | P:Q♣ 8♣=8  B:J♦ A♦=1  PLAYER(W)  | +16,000원 → 138,800원  [end_win]
H085 | bet   1,000원 BANKER | P:A♠ 8♥=9  B:A♥ 10♦=1  PLAYER(L)  | -1,000원 → 137,800원  [start]
H086 | bet   2,000원 PLAYER | P:10♦ 10♦ 6♦=6  B:2♣ 8♣ 8♦=8  BANKER(L)  | -2,000원 → 135,800원
H087 | bet   4,000원 PLAYER | P:7♠ 2♣=9  B:8♦ 6♠=4  PLAYER(W)  | +4,000원 → 139,800원  [end_win]
H088 | bet   1,000원 BANKER | P:10♥ 10♠ 8♥=8  B:3♥ A♦=4  PLAYER(L)  | -1,000원 → 138,800원  [start]
H089 | bet   2,000원 PLAYER | P:8♠ 4♠ 4♠=6  B:5♦ 6♥ J♦=1  PLAYER(W)  | +2,000원 → 140,800원  [end_win]
H090 | bet   1,000원 BANKER | P:8♦ Q♥=8  B:6♣ 7♦=3  PLAYER(L)  | -1,000원 → 139,800원  [start]
H091 | bet   2,000원 PLAYER | P:10♦ 8♠=8  B:J♠ 8♠=8  TIE(T)  |     0원 → 139,800원
H092 | bet   2,000원 PLAYER | P:K♦ Q♠=0  B:K♥ 9♣=9  BANKER(L)  | -2,000원 → 137,800원
H093 | bet   4,000원 PLAYER | P:5♥ K♦ 5♥=0  B:4♥ 7♦ 7♥=8  BANKER(L)  | -4,000원 → 133,800원
H094 | bet   8,000원 PLAYER | P:3♣ 2♥=5  B:A♥ 8♣=9  BANKER(L)  | -8,000원 → 125,800원
H095 | bet  16,000원 PLAYER | P:5♠ 10♣ 4♥=9  B:5♠ Q♦ A♠=6  PLAYER(W)  | +16,000원 → 141,800원  [end_win]
H096 | bet   1,000원 BANKER | P:A♦ K♣ 7♦=8  B:7♠ 4♥ 8♣=9  BANKER(W)  | +950원 → 142,750원
H097 | bet   1,000원 BANKER | P:A♥ 7♣=8  B:9♠ Q♥=9  BANKER(W)  | +950원 → 143,700원
H098 | bet   1,000원 BANKER | P:K♥ Q♥ 2♥=2  B:5♦ J♣=5  BANKER(W)  | +950원 → 144,650원
H099 | bet   1,000원 BANKER | P:2♠ Q♥=2  B:A♠ 7♥=8  BANKER(W)  | +950원 → 145,600원
H100 | bet   1,000원 BANKER | P:K♠ 5♠ 6♦=1  B:Q♠ J♥ J♠=0  PLAYER(L)  | -1,000원 → 144,600원  [start]
H101 | bet   2,000원 PLAYER | P:A♠ A♦ J♦=2  B:2♠ 5♠=7  BANKER(L)  | -2,000원 → 142,600원
H102 | bet   4,000원 PLAYER | P:3♦ 9♦ 8♥=0  B:A♠ 9♠ K♣=0  TIE(T)  |     0원 → 142,600원
H103 | bet   4,000원 PLAYER | P:J♣ 3♥ Q♦=3  B:9♦ 5♣=4  BANKER(L)  | -4,000원 → 138,600원
H104 | bet   8,000원 PLAYER | P:K♠ 7♥=7  B:K♦ 9♠=9  BANKER(L)  | -8,000원 → 130,600원
H105 | bet  16,000원 PLAYER | P:Q♦ 3♠ 10♥=3  B:4♠ 10♠=4  BANKER(L)  | -16,000원 → 114,600원
H106 | bet  32,000원 PLAYER | P:6♥ K♥=6  B:3♦ 7♣ 2♦=2  PLAYER(W)  | +32,000원 → 146,600원  [end_win]
H107 | bet   1,000원 BANKER | P:2♣ 6♥=8  B:3♣ 3♦=6  PLAYER(L)  | -1,000원 → 145,600원  [start]
H108 | bet   2,000원 PLAYER | P:K♣ 3♦ J♠=3  B:8♠ 2♥ 2♠=2  PLAYER(W)  | +2,000원 → 147,600원  [end_win]
H109 | bet   1,000원 BANKER | P:K♠ 9♦=9  B:4♠ 2♠=6  PLAYER(L)  | -1,000원 → 146,600원  [start]
H110 | bet   2,000원 PLAYER | P:K♦ J♦ 9♠=9  B:3♥ 10♥ Q♠=3  PLAYER(W)  | +2,000원 → 148,600원  [end_win]
H111 | bet   1,000원 BANKER | P:2♥ 4♣=6  B:9♦ 7♦=6  TIE(T)  |     0원 → 148,600원
H112 | bet   1,000원 BANKER | P:2♠ 9♥=1  B:5♦ 4♦=9  BANKER(W)  | +950원 → 149,550원
H113 | bet   1,000원 BANKER | P:4♣ A♣ 5♦=0  B:J♠ 4♦ A♠=5  BANKER(W)  | +950원 → 150,500원
H114 | bet   1,000원 BANKER | P:A♣ 9♠ Q♣=0  B:10♥ A♥ 8♥=9  BANKER(W)  | +950원 → 151,450원
H115 | bet   1,000원 BANKER | P:K♠ 8♠=8  B:4♣ J♦=4  PLAYER(L)  | -1,000원 → 150,450원  [start]
H116 | bet   2,000원 PLAYER | P:9♥ J♦=9  B:Q♣ 9♣=9  TIE(T)  |     0원 → 150,450원
H117 | bet   2,000원 PLAYER | P:9♣ 5♠ A♣=5  B:3♣ 3♠=6  BANKER(L)  | -2,000원 → 148,450원
H118 | bet   4,000원 PLAYER | P:10♦ 10♠=0  B:5♣ 4♥=9  BANKER(L)  | -4,000원 → 144,450원
H119 | bet   8,000원 PLAYER | P:2♣ 3♥=5  B:6♠ 2♥=8  BANKER(L)  | -8,000원 → 136,450원
H120 | bet  16,000원 PLAYER | P:2♥ 6♥=8  B:7♦ 10♦=7  PLAYER(W)  | +16,000원 → 152,450원  [end_win]
H121 | bet   1,000원 BANKER | P:10♠ 6♣=6  B:7♠ 9♠=6  TIE(T)  |     0원 → 152,450원
H122 | bet   1,000원 BANKER | P:10♦ J♥ 8♣=8  B:6♠ 9♣=5  PLAYER(L)  | -1,000원 → 151,450원  [start]
H123 | bet   2,000원 PLAYER | P:6♠ Q♠=6  B:6♣ J♣=6  TIE(T)  |     0원 → 151,450원
H124 | bet   2,000원 PLAYER | P:K♥ 3♥ Q♣=3  B:J♥ J♦ J♣=0  PLAYER(W)  | +2,000원 → 153,450원  [end_win]
H125 | bet   1,000원 BANKER | P:2♦ J♣ 10♣=2  B:3♣ 10♣ 7♣=0  PLAYER(L)  | -1,000원 → 152,450원  [start]
H126 | bet   2,000원 PLAYER | P:9♥ 3♣=2  B:4♠ 5♦=9  BANKER(L)  | -2,000원 → 150,450원
H127 | bet   4,000원 PLAYER | P:4♣ 6♦ J♣=0  B:5♠ K♠=5  BANKER(L)  | -4,000원 → 146,450원
H128 | bet   8,000원 PLAYER | P:5♥ 3♠=8  B:6♦ Q♦=6  PLAYER(W)  | +8,000원 → 154,450원  [end_win]
H129 | bet   1,000원 BANKER | P:6♣ K♠=6  B:4♦ K♣ 10♦=4  PLAYER(L)  | -1,000원 → 153,450원  [start]
H130 | bet   2,000원 PLAYER | P:6♦ 10♥=6  B:8♦ J♦=8  BANKER(L)  | -2,000원 → 151,450원
H131 | bet   4,000원 PLAYER | P:6♦ 7♦ 2♣=5  B:Q♠ Q♣ 3♠=3  PLAYER(W)  | +4,000원 → 155,450원  [end_win]
H132 | bet   1,000원 BANKER | P:7♣ 4♣=1  B:9♥ Q♣=9  BANKER(W)  | +950원 → 156,400원
H133 | bet   1,000원 BANKER | P:8♦ 8♠=6  B:8♦ 4♦ 5♦=7  BANKER(W)  | +950원 → 157,350원
H134 | bet   1,000원 BANKER | P:5♥ 6♠ Q♦=1  B:Q♠ 3♣ 5♣=8  BANKER(W)  | +950원 → 158,300원
H135 | bet   1,000원 BANKER | P:8♠ 2♦ 4♥=4  B:5♣ 10♠ 2♥=7  BANKER(W)  | +950원 → 159,250원
H136 | bet   1,000원 BANKER | P:2♣ 8♣ A♣=1  B:A♣ 10♥ 7♠=8  BANKER(W)  | +950원 → 160,200원
H137 | bet   1,000원 BANKER | P:9♣ K♥=9  B:6♠ 3♣=9  TIE(T)  |     0원 → 160,200원
H138 | bet   1,000원 BANKER | P:K♣ 4♥ A♥=5  B:9♠ 6♥=5  TIE(T)  |     0원 → 160,200원
H139 | bet   1,000원 BANKER | P:Q♦ 9♦=9  B:2♠ K♣=2  PLAYER(L)  | -1,000원 → 159,200원  [start]
H140 | bet   2,000원 PLAYER | P:J♥ 4♥ J♥=4  B:5♥ 6♥ 2♠=3  PLAYER(W)  | +2,000원 → 161,200원  [end_win]
H141 | bet   1,000원 BANKER | P:Q♥ 3♦ 10♠=3  B:5♦ 5♠ 7♥=7  BANKER(W)  | +950원 → 162,150원
H142 | bet   1,000원 BANKER | P:7♣ 5♥ 9♣=1  B:2♦ 8♠ A♠=1  TIE(T)  |     0원 → 162,150원
H143 | bet   1,000원 BANKER | P:3♥ 4♠=7  B:8♣ 6♣ J♦=4  PLAYER(L)  | -1,000원 → 161,150원  [start]
H144 | bet   2,000원 PLAYER | P:5♠ 8♥ K♥=3  B:3♠ K♦ 9♥=2  PLAYER(W)  | +2,000원 → 163,150원  [end_win]
H145 | bet   1,000원 BANKER | P:A♦ 7♥=8  B:3♥ 5♥=8  TIE(T)  |     0원 → 163,150원
H146 | bet   1,000원 BANKER | P:10♣ A♦=1  B:Q♦ 9♥=9  BANKER(W)  | +950원 → 164,100원
H147 | bet   1,000원 BANKER | P:J♥ K♥ A♦=1  B:Q♥ 6♣=6  BANKER(W)  | +950원 → 165,050원
H148 | bet   1,000원 BANKER | P:3♣ 3♦=6  B:6♥ 6♣ 3♥=5  PLAYER(L)  | -1,000원 → 164,050원  [start]
H149 | bet   2,000원 PLAYER | P:A♣ 3♠ 2♦=6  B:J♠ 5♦=5  PLAYER(W)  | +2,000원 → 166,050원  [end_win]
H150 | bet   1,000원 BANKER | P:A♥ 8♥=9  B:Q♦ 8♥=8  PLAYER(L)  | -1,000원 → 165,050원  [start]
H151 | bet   2,000원 PLAYER | P:10♣ Q♠ K♠=0  B:9♥ 8♥=7  BANKER(L)  | -2,000원 → 163,050원
H152 | bet   4,000원 PLAYER | P:6♦ 6♠ 9♦=1  B:Q♣ J♠ 4♦=4  BANKER(L)  | -4,000원 → 159,050원
H153 | bet   8,000원 PLAYER | P:3♦ 9♦ 9♠=1  B:5♣ A♥=6  BANKER(L)  | -8,000원 → 151,050원
H154 | bet  16,000원 PLAYER | P:10♣ K♥ 3♠=3  B:K♠ 10♣ 8♣=8  BANKER(L)  | -16,000원 → 135,050원
H155 | bet  32,000원 PLAYER | P:7♣ 6♣ 3♠=6  B:A♣ J♥ J♠=1  PLAYER(W)  | +32,000원 → 167,050원  [end_win]
H156 | bet   1,000원 BANKER | P:2♥ 5♥=7  B:7♣ 6♠ 2♣=5  PLAYER(L)  | -1,000원 → 166,050원  [start]
H157 | bet   2,000원 PLAYER | P:A♣ 7♠=8  B:Q♣ J♣=0  PLAYER(W)  | +2,000원 → 168,050원  [end_win]
H158 | bet   1,000원 BANKER | P:A♥ K♣ 4♠=5  B:Q♥ 10♥ 10♥=0  PLAYER(L)  | -1,000원 → 167,050원  [start]
H159 | bet   2,000원 PLAYER | P:7♦ 4♦ 4♠=5  B:A♦ J♠ 7♠=8  BANKER(L)  | -2,000원 → 165,050원
H160 | bet   4,000원 PLAYER | P:J♣ 3♦ 9♦=2  B:Q♥ Q♠ 2♦=2  TIE(T)  |     0원 → 165,050원
H161 | bet   4,000원 PLAYER | P:Q♣ 10♣ 10♠=0  B:K♦ 4♦=4  BANKER(L)  | -4,000원 → 161,050원
H162 | bet   8,000원 PLAYER | P:7♠ 7♣ 2♦=6  B:4♦ 7♠ 2♦=3  PLAYER(W)  | +8,000원 → 169,050원  [end_win]
H163 | bet   1,000원 BANKER | P:J♥ 6♥=6  B:9♣ 10♠=9  BANKER(W)  | +950원 → 170,000원
H164 | bet   1,000원 BANKER | P:8♦ A♠=9  B:4♥ 2♣=6  PLAYER(L)  | -1,000원 → 169,000원  [start]
H165 | bet   2,000원 PLAYER | P:6♦ 9♣ 5♣=0  B:K♣ K♦ A♦=1  BANKER(L)  | -2,000원 → 167,000원
H166 | bet   4,000원 PLAYER | P:8♥ J♠=8  B:K♦ 3♥=3  PLAYER(W)  | +4,000원 → 171,000원  [end_win]
H167 | bet   1,000원 BANKER | P:10♠ Q♣ Q♥=0  B:10♠ K♦ Q♣=0  TIE(T)  |     0원 → 171,000원
H168 | bet   1,000원 BANKER | P:2♠ 8♦ 10♣=0  B:7♥ 4♠ 7♥=8  BANKER(W)  | +950원 → 171,950원
H169 | bet   1,000원 BANKER | P:6♥ Q♦=6  B:4♦ 4♥=8  BANKER(W)  | +950원 → 172,900원
H170 | bet   1,000원 BANKER | P:6♠ A♣=7  B:9♣ 5♥ 9♣=3  PLAYER(L)  | -1,000원 → 171,900원  [start]
H171 | bet   2,000원 PLAYER | P:9♣ J♦=9  B:9♥ Q♦=9  TIE(T)  |     0원 → 171,900원
H172 | bet   2,000원 PLAYER | P:2♦ K♠ A♠=3  B:5♥ 6♣ 10♠=1  PLAYER(W)  | +2,000원 → 173,900원  [end_win]
H173 | bet   1,000원 BANKER | P:10♣ 5♦ Q♠=5  B:A♠ 3♠=4  PLAYER(L)  | -1,000원 → 172,900원  [start]
H174 | bet   2,000원 PLAYER | P:9♠ 6♦=5  B:9♥ J♦=9  BANKER(L)  | -2,000원 → 170,900원
H175 | bet   4,000원 PLAYER | P:3♥ 10♦ 3♣=6  B:K♥ K♥ Q♣=0  PLAYER(W)  | +4,000원 → 174,900원  [end_win]
H176 | bet   1,000원 BANKER | P:4♥ 5♣=9  B:K♦ 8♥=8  PLAYER(L)  | -1,000원 → 173,900원  [start]
H177 | bet   2,000원 PLAYER | P:K♠ J♣ 6♦=6  B:10♥ 10♠ 2♠=2  PLAYER(W)  | +2,000원 → 175,900원  [end_win]
H178 | bet   1,000원 BANKER | P:5♥ Q♣=5  B:10♥ 8♠=8  BANKER(W)  | +950원 → 176,850원
H179 | bet   1,000원 BANKER | P:5♦ J♦ 5♦=0  B:10♦ J♣ J♣=0  TIE(T)  |     0원 → 176,850원
H180 | bet   1,000원 BANKER | P:2♣ 8♠ 3♦=3  B:4♦ J♥ 10♥=4  BANKER(W)  | +950원 → 177,800원
H181 | bet   1,000원 BANKER | P:5♥ 7♠ 9♠=1  B:2♣ A♣ 10♥=3  BANKER(W)  | +950원 → 178,750원
H182 | bet   1,000원 BANKER | P:Q♠ 7♦=7  B:10♣ 8♠=8  BANKER(W)  | +950원 → 179,700원
H183 | bet   1,000원 BANKER | P:Q♠ 8♦=8  B:J♣ 10♥=0  PLAYER(L)  | -1,000원 → 178,700원  [start]
H184 | bet   2,000원 PLAYER | P:7♦ K♣=7  B:6♦ 7♥ 6♥=9  BANKER(L)  | -2,000원 → 176,700원
H185 | bet   4,000원 PLAYER | P:A♠ 7♣=8  B:10♦ Q♦=0  PLAYER(W)  | +4,000원 → 180,700원  [end_win]
H186 | bet   1,000원 BANKER | P:4♣ 4♠=8  B:8♦ 5♠=3  PLAYER(L)  | -1,000원 → 179,700원  [start]
H187 | bet   2,000원 PLAYER | P:2♣ A♦ 4♦=7  B:A♥ K♥ Q♣=1  PLAYER(W)  | +2,000원 → 181,700원  [end_win]
H188 | bet   1,000원 BANKER | P:6♦ Q♠=6  B:A♠ K♣ Q♥=1  PLAYER(L)  | -1,000원 → 180,700원  [start]
H189 | bet   2,000원 PLAYER | P:9♣ A♦ 4♣=4  B:10♦ 6♥=6  BANKER(L)  | -2,000원 → 178,700원
H190 | bet   4,000원 PLAYER | P:9♥ 2♦ 4♦=5  B:K♣ 3♠ A♦=4  PLAYER(W)  | +4,000원 → 182,700원  [end_win]
H191 | bet   1,000원 BANKER | P:9♥ 7♠=6  B:Q♥ 5♠ 5♠=0  PLAYER(L)  | -1,000원 → 181,700원  [start]
H192 | bet   2,000원 PLAYER | P:3♦ A♥ 6♣=0  B:9♣ A♥ 5♠=5  BANKER(L)  | -2,000원 → 179,700원
H193 | bet   4,000원 PLAYER | P:Q♣ J♠ 8♣=8  B:A♥ 9♦ 2♥=2  PLAYER(W)  | +4,000원 → 183,700원  [end_win]
H194 | bet   1,000원 BANKER | P:K♠ 5♥ J♦=5  B:4♠ 2♦=6  BANKER(W)  | +950원 → 184,650원
H195 | bet   1,000원 BANKER | P:2♠ 7♦=9  B:Q♥ 5♦=5  PLAYER(L)  | -1,000원 → 183,650원  [start]
H196 | bet   2,000원 PLAYER | P:5♣ 10♠=5  B:K♦ 9♣=9  BANKER(L)  | -2,000원 → 181,650원
H197 | bet   4,000원 PLAYER | P:10♠ 5♥ 7♥=2  B:J♠ 3♦ J♠=3  BANKER(L)  | -4,000원 → 177,650원
H198 | bet   8,000원 PLAYER | P:3♣ 4♥=7  B:4♠ J♥ 6♣=0  PLAYER(W)  | +8,000원 → 185,650원  [end_win]
H199 | bet   1,000원 BANKER | P:A♥ 5♣=6  B:3♦ 5♦=8  BANKER(W)  | +950원 → 186,600원
H200 | bet   1,000원 BANKER | P:2♥ 2♥ 6♠=0  B:9♦ 8♥=7  BANKER(W)  | +950원 → 187,550원
H201 | bet   1,000원 BANKER | P:3♦ A♠ J♣=4  B:10♦ 7♠=7  BANKER(W)  | +950원 → 188,500원
H202 | bet   1,000원 BANKER | P:9♣ J♥=9  B:J♥ 5♠=5  PLAYER(L)  | -1,000원 → 187,500원  [start]
H203 | bet   2,000원 PLAYER | P:3♠ Q♦ 7♥=0  B:6♠ 4♥ 8♣=8  BANKER(L)  | -2,000원 → 185,500원
H204 | bet   4,000원 PLAYER | P:J♦ 7♠=7  B:9♦ 7♦=6  PLAYER(W)  | +4,000원 → 189,500원  [end_win]
H205 | bet   1,000원 BANKER | P:A♣ 8♥=9  B:3♣ 8♥=1  PLAYER(L)  | -1,000원 → 188,500원  [start]
H206 | bet   2,000원 PLAYER | P:5♥ 5♣=0  B:A♦ 8♦=9  BANKER(L)  | -2,000원 → 186,500원
H207 | bet   4,000원 PLAYER | P:2♦ 8♠ 9♠=9  B:7♦ 4♠ K♠=1  PLAYER(W)  | +4,000원 → 190,500원  [end_win]
H208 | bet   1,000원 BANKER | P:Q♠ J♦=0  B:4♣ 4♠=8  BANKER(W)  | +950원 → 191,450원
H209 | bet   1,000원 BANKER | P:10♠ 2♦ 10♦=2  B:5♦ Q♣=5  BANKER(W)  | +950원 → 192,400원
H210 | bet   1,000원 BANKER | P:8♣ 6♠=4  B:9♦ 10♣=9  BANKER(W)  | +950원 → 193,350원
H211 | bet   1,000원 BANKER | P:7♥ J♣=7  B:10♣ 4♥ 3♣=7  TIE(T)  |     0원 → 193,350원
H212 | bet   1,000원 BANKER | P:3♣ 2♠ J♦=5  B:J♣ 2♣ 6♥=8  BANKER(W)  | +950원 → 194,300원
H213 | bet   1,000원 BANKER | P:3♦ A♥ K♣=4  B:A♣ 3♠=4  TIE(T)  |     0원 → 194,300원
H214 | bet   1,000원 BANKER | P:8♦ K♥=8  B:6♠ 9♠=5  PLAYER(L)  | -1,000원 → 193,300원  [start]
H215 | bet   2,000원 PLAYER | P:8♠ Q♦=8  B:A♦ 2♦=3  PLAYER(W)  | +2,000원 → 195,300원  [end_win]
H216 | bet   1,000원 BANKER | P:7♠ 8♠=5  B:A♠ 7♥=8  BANKER(W)  | +950원 → 196,250원
H217 | bet   1,000원 BANKER | P:9♦ Q♥=9  B:6♣ 6♠=2  PLAYER(L)  | -1,000원 → 195,250원  [start]
H218 | bet   2,000원 PLAYER | P:7♣ K♥=7  B:10♠ 3♥ 7♠=0  PLAYER(W)  | +2,000원 → 197,250원  [end_win]
H219 | bet   1,000원 BANKER | P:Q♠ K♠ 2♥=2  B:3♠ 3♥=6  BANKER(W)  | +950원 → 198,200원
H220 | bet   1,000원 BANKER | P:2♥ 4♦=6  B:3♣ A♥ K♠=4  PLAYER(L)  | -1,000원 → 197,200원  [start]
H221 | bet   2,000원 PLAYER | P:9♣ 3♥ 10♦=2  B:Q♥ 7♦=7  BANKER(L)  | -2,000원 → 195,200원
H222 | bet   4,000원 PLAYER | P:6♦ J♠=6  B:Q♣ K♠ 3♠=3  PLAYER(W)  | +4,000원 → 199,200원  [end_win]
H223 | bet   1,000원 BANKER | P:6♥ 7♠ 4♣=7  B:9♠ 4♦ 6♦=9  BANKER(W)  | +950원 → 200,150원
H224 | bet   1,000원 BANKER | P:7♣ J♦=7  B:8♦ 4♠ 8♣=0  PLAYER(L)  | -1,000원 → 199,150원  [start]
H225 | bet   2,000원 PLAYER | P:8♠ 9♠=7  B:3♠ 4♣=7  TIE(T)  |     0원 → 199,150원
H226 | bet   2,000원 PLAYER | P:J♠ 9♠=9  B:5♣ 3♣=8  PLAYER(W)  | +2,000원 → 201,150원  [end_win]
H227 | bet   1,000원 BANKER | P:A♦ Q♦ 4♥=5  B:K♥ K♦ 9♥=9  BANKER(W)  | +950원 → 202,100원
H228 | bet   1,000원 BANKER | P:6♣ 2♥=8  B:4♦ 5♣=9  BANKER(W)  | +950원 → 203,050원
H229 | bet   1,000원 BANKER | P:6♦ A♥=7  B:2♠ K♣ 10♣=2  PLAYER(L)  | -1,000원 → 202,050원  [start]
H230 | bet   2,000원 PLAYER | P:8♥ 2♦ A♣=1  B:4♣ K♦=4  BANKER(L)  | -2,000원 → 200,050원
H231 | bet   4,000원 PLAYER | P:Q♦ 5♥ 7♣=2  B:2♠ 2♣ 10♣=4  BANKER(L)  | -4,000원 → 196,050원
H232 | bet   8,000원 PLAYER | P:6♦ Q♠=6  B:4♥ 5♠=9  BANKER(L)  | -8,000원 → 188,050원
H233 | bet  16,000원 PLAYER | P:10♥ J♠ K♥=0  B:2♦ 2♣=4  BANKER(L)  | -16,000원 → 172,050원
H234 | bet  32,000원 PLAYER | P:A♣ 6♥=7  B:8♠ Q♠=8  BANKER(L)  | -32,000원 → 140,050원  [end_giveup]
H235 | bet   1,000원 BANKER | P:4♦ 3♥=7  B:K♣ 2♥ J♠=2  PLAYER(L)  | -1,000원 → 139,050원  [start]
H236 | bet   2,000원 PLAYER | P:5♦ 3♦=8  B:J♥ 4♣=4  PLAYER(W)  | +2,000원 → 141,050원  [end_win]
H237 | bet   1,000원 BANKER | P:7♦ 5♠ A♣=3  B:3♥ 8♦ 6♥=7  BANKER(W)  | +950원 → 142,000원
H238 | bet   1,000원 BANKER | P:8♣ 5♣ 7♣=0  B:6♣ 6♠ 2♣=4  BANKER(W)  | +950원 → 142,950원
H239 | bet   1,000원 BANKER | P:A♣ A♦=2  B:8♣ K♦=8  BANKER(W)  | +950원 → 143,900원
H240 | bet   1,000원 BANKER | P:6♣ 10♥=6  B:K♥ 9♥=9  BANKER(W)  | +950원 → 144,850원
H241 | bet   1,000원 BANKER | P:6♣ 10♣=6  B:J♥ 7♣=7  BANKER(W)  | +950원 → 145,800원
H242 | bet   1,000원 BANKER | P:2♥ 9♦ 8♣=9  B:J♥ 4♠=4  PLAYER(L)  | -1,000원 → 144,800원  [start]
H243 | bet   2,000원 PLAYER | P:5♣ 9♥=4  B:2♠ 7♠=9  BANKER(L)  | -2,000원 → 142,800원
H244 | bet   4,000원 PLAYER | P:2♠ 9♦ 3♦=4  B:K♣ 6♥=6  BANKER(L)  | -4,000원 → 138,800원
H245 | bet   8,000원 PLAYER | P:5♦ 7♣ 8♦=0  B:10♥ 6♠=6  BANKER(L)  | -8,000원 → 130,800원
H246 | bet  16,000원 PLAYER | P:9♥ 7♥=6  B:3♣ 4♥=7  BANKER(L)  | -16,000원 → 114,800원
H247 | bet  32,000원 PLAYER | P:7♣ Q♦=7  B:K♠ 7♦=7  TIE(T)  |     0원 → 114,800원
H248 | bet  32,000원 PLAYER | P:10♦ 2♣=2  B:A♦ 8♥=9  BANKER(L)  | -32,000원 → 82,800원  [end_giveup]
H249 | bet   1,000원 BANKER | P:8♥ 5♠=3  B:J♥ 9♠=9  BANKER(W)  | +950원 → 83,750원
H250 | bet   1,000원 BANKER | P:10♠ A♣ 6♠=7  B:6♦ 9♦ 6♦=1  PLAYER(L)  | -1,000원 → 82,750원  [start]
H251 | bet   2,000원 PLAYER | P:10♣ 8♥=8  B:9♥ 4♣=3  PLAYER(W)  | +2,000원 → 84,750원  [end_win]
H252 | bet   1,000원 BANKER | P:10♥ 9♥=9  B:Q♦ K♦=0  PLAYER(L)  | -1,000원 → 83,750원  [start]
H253 | bet   2,000원 PLAYER | P:K♦ 3♣=3  B:8♥ 10♦=8  BANKER(L)  | -2,000원 → 81,750원
H254 | bet   4,000원 PLAYER | P:A♥ Q♠ 5♠=6  B:Q♥ 2♦ A♥=3  PLAYER(W)  | +4,000원 → 85,750원  [end_win]
H255 | bet   1,000원 BANKER | P:7♦ 5♦ 8♠=0  B:J♠ Q♣ J♥=0  TIE(T)  |     0원 → 85,750원
H256 | bet   1,000원 BANKER | P:J♥ 3♠=3  B:A♥ 8♥=9  BANKER(W)  | +950원 → 86,700원
H257 | bet   1,000원 BANKER | P:2♠ 10♦ 9♠=1  B:4♦ 6♦ 2♠=2  BANKER(W)  | +950원 → 87,650원
H258 | bet   1,000원 BANKER | P:6♥ 9♦ 10♦=5  B:4♠ 3♦=7  BANKER(W)  | +950원 → 88,600원
H259 | bet   1,000원 BANKER | P:2♦ 5♥=7  B:3♠ 9♠ 6♥=8  BANKER(W)  | +950원 → 89,550원
H260 | bet   1,000원 BANKER | P:9♠ 5♥ 3♥=7  B:8♦ 4♦ 2♠=4  PLAYER(L)  | -1,000원 → 88,550원  [start]
H261 | bet   2,000원 PLAYER | P:10♣ 3♠ J♦=3  B:A♦ 2♦ 3♠=6  BANKER(L)  | -2,000원 → 86,550원
H262 | bet   4,000원 PLAYER | P:4♠ 2♥=6  B:J♥ Q♣ 5♥=5  PLAYER(W)  | +4,000원 → 90,550원  [end_win]
H263 | bet   1,000원 BANKER | P:Q♦ K♣=0  B:7♥ 2♠=9  BANKER(W)  | +950원 → 91,500원
H264 | bet   1,000원 BANKER | P:K♣ Q♦=0  B:Q♥ 8♠=8  BANKER(W)  | +950원 → 92,450원
H265 | bet   1,000원 BANKER | P:10♥ 4♦=4  B:8♣ J♦=8  BANKER(W)  | +950원 → 93,400원
H266 | bet   1,000원 BANKER | P:8♠ 3♦ 7♦=8  B:2♥ 10♦ 10♦=2  PLAYER(L)  | -1,000원 → 92,400원  [start]
H267 | bet   2,000원 PLAYER | P:3♦ 7♦=0  B:8♠ A♠=9  BANKER(L)  | -2,000원 → 90,400원
H268 | bet   4,000원 PLAYER | P:8♦ 2♣ 4♣=4  B:A♥ Q♥ 2♠=3  PLAYER(W)  | +4,000원 → 94,400원  [end_win]
H269 | bet   1,000원 BANKER | P:3♥ 2♦=5  B:A♦ 7♣=8  BANKER(W)  | +950원 → 95,350원
H270 | bet   1,000원 BANKER | P:9♦ 2♣ 10♣=1  B:A♥ 9♣ A♣=1  TIE(T)  |     0원 → 95,350원
H271 | bet   1,000원 BANKER | P:A♦ 8♣=9  B:8♠ 7♣=5  PLAYER(L)  | -1,000원 → 94,350원  [start]
H272 | bet   2,000원 PLAYER | P:6♠ 7♦ K♥=3  B:5♠ Q♥=5  BANKER(L)  | -2,000원 → 92,350원
H273 | bet   4,000원 PLAYER | P:2♦ 10♥ 5♠=7  B:6♠ 9♥ 4♦=9  BANKER(L)  | -4,000원 → 88,350원
H274 | bet   8,000원 PLAYER | P:J♠ 4♥ J♦=4  B:7♦ 5♥ K♦=2  PLAYER(W)  | +8,000원 → 96,350원  [end_win]
H275 | bet   1,000원 BANKER | P:8♥ 6♥ 10♠=4  B:A♣ 10♦ K♠=1  PLAYER(L)  | -1,000원 → 95,350원  [start]
H276 | bet   2,000원 PLAYER | P:9♣ 6♣ 2♣=7  B:Q♦ Q♦ 9♦=9  BANKER(L)  | -2,000원 → 93,350원
H277 | bet   4,000원 PLAYER | P:K♣ 4♠=4  B:4♥ 4♣=8  BANKER(L)  | -4,000원 → 89,350원
H278 | bet   8,000원 PLAYER | P:K♦ 5♥ 7♥=2  B:7♣ 4♣ 5♣=6  BANKER(L)  | -8,000원 → 81,350원
H279 | bet  16,000원 PLAYER | P:7♠ 4♥ 8♦=9  B:7♠ 7♣=4  PLAYER(W)  | +16,000원 → 97,350원  [end_win]
H280 | bet   1,000원 BANKER | P:6♥ J♣=6  B:A♥ 3♥ 8♣=2  PLAYER(L)  | -1,000원 → 96,350원  [start]
H281 | bet   2,000원 PLAYER | P:5♣ 9♠ 8♦=2  B:3♦ K♣=3  BANKER(L)  | -2,000원 → 94,350원
H282 | bet   4,000원 PLAYER | P:3♦ 8♠ K♠=1  B:Q♦ 7♥=7  BANKER(L)  | -4,000원 → 90,350원
H283 | bet   8,000원 PLAYER | P:J♥ 4♠ 10♦=4  B:6♥ 10♠=6  BANKER(L)  | -8,000원 → 82,350원
H284 | bet  16,000원 PLAYER | P:A♣ K♣ 3♠=4  B:5♦ 8♦ 4♠=7  BANKER(L)  | -16,000원 → 66,350원
H285 | bet  32,000원 PLAYER | P:4♥ 8♠=2  B:A♦ 8♣=9  BANKER(L)  | -32,000원 → 34,350원  [end_giveup]

Result: RUIN (capital_depleted)
Final: 34,350원  Hands: 285  Bets: 258  Wagered: 916,000원  Max losing streak: 7
