=== Session 25 ===
Seed: 6670988768861278913
Initial: 100,000원  Target: 500,000원  Ruin: 50,000원  Table-max: 100,000원
Strategy: martingale (pivot, steps=4)
Base bet: 1,000원  Primary side: BANKER

H001 | bet   1,000원 BANKER | P:Q♦ 3♣ 2♥=5  B:8♥ 5♣ 10♣=3  PLAYER(L)  | -1,000원 → 99,000원  [start]
H002 | bet   2,000원 PLAYER | P:6♦ J♠=6  B:J♣ 2♥ 3♥=5  PLAYER(W)  | +2,000원 → 101,000원  [end_win]
H003 | bet   1,000원 BANKER | P:9♣ Q♥=9  B:J♣ K♦=0  PLAYER(L)  | -1,000원 → 100,000원  [start]
H004 | bet   2,000원 PLAYER | P:10♦ 6♣=6  B:A♣ 7♦=8  BANKER(L)  | -2,000원 → 98,000원
H005 | bet   4,000원 PLAYER | P:K♦ 10♣ 9♣=9  B:10♦ 5♦=5  PLAYER(W)  | +4,000원 → 102,000원  [end_win]
H006 | bet   1,000원 BANKER | P:5♥ 4♦=9  B:7♣ 6♥=3  PLAYER(L)  | -1,000원 → 101,000원  [start]
H007 | bet   2,000원 PLAYER | P:3♠ 6♦=9  B:9♦ 8♦=7  PLAYER(W)  | +2,000원 → 103,000원  [end_win]
H008 | bet   1,000원 BANKER | P:2♦ 4♠=6  B:7♠ 9♥=6  TIE(T)  |     0원 → 103,000원
H009 | bet   1,000원 BANKER | P:3♦ K♠=3  B:9♥ 9♥=8  BANKER(W)  | +950원 → 103,950원
H010 | bet   1,000원 BANKER | P:4♦ 7♠ 2♥=3  B:3♥ J♠ A♠=4  BANKER(W)  | +950원 → 104,900원
H011 | bet   1,000원 BANKER | P:J♣ 9♦=9  B:Q♥ K♣=0  PLAYER(L)  | -1,000원 → 103,900원  [start]
H012 | bet   2,000원 PLAYER | P:7♣ 5♠ J♠=2  B:7♦ 10♦=7  BANKER(L)  | -2,000원 → 101,900원
H013 | bet   4,000원 PLAYER | P:J♣ 9♣=9  B:J♠ 9♣=9  TIE(T)  |     0원 → 101,900원
H014 | bet   4,000원 PLAYER | P:9♦ 10♠=9  B:3♠ 4♠=7  PLAYER(W)  | +4,000원 → 105,900원  [end_win]
H015 | bet   1,000원 BANKER | P:9♦ 5♣ 4♣=8  B:6♠ J♠=6  PLAYER(L)  | -1,000원 → 104,900원  [start]
H016 | bet   2,000원 PLAYER | P:9♠ 8♠=7  B:3♠ 10♥ K♥=3  PLAYER(W)  | +2,000원 → 106,900원  [end_win]
H017 | bet   1,000원 BANKER | P:Q♥ A♥ 8♦=9  B:9♦ 4♠=3  PLAYER(L)  | -1,000원 → 105,900원  [start]
H018 | bet   2,000원 PLAYER | P:2♣ 6♠=8  B:7♣ 3♦=0  PLAYER(W)  | +2,000원 → 107,900원  [end_win]
H019 | bet   1,000원 BANKER | P:J♦ 2♣ 9♥=1  B:A♣ Q♣ 3♦=4  BANKER(W)  | +950원 → 108,850원
H020 | bet   1,000원 BANKER | P:Q♦ K♠ A♥=1  B:J♣ 2♥ 3♣=5  BANKER(W)  | +950원 → 109,800원
H021 | bet   1,000원 BANKER | P:Q♣ 4♣ 5♠=9  B:10♦ Q♠ 3♠=3  PLAYER(L)  | -1,000원 → 108,800원  [start]
H022 | bet   2,000원 PLAYER | P:5♦ 5♦ 7♠=7  B:9♠ A♣ 6♦=6  PLAYER(W)  | +2,000원 → 110,800원  [end_win]
H023 | bet   1,000원 BANKER | P:7♠ K♦=7  B:2♦ Q♥ K♦=2  PLAYER(L)  | -1,000원 → 109,800원  [start]
H024 | bet   2,000원 PLAYER | P:10♠ A♠ Q♦=1  B:J♠ 6♦=6  BANKER(L)  | -2,000원 → 107,800원
H025 | bet   4,000원 PLAYER | P:K♣ 8♥=8  B:10♣ 8♣=8  TIE(T)  |     0원 → 107,800원
H026 | bet   4,000원 PLAYER | P:10♥ 10♥ 6♥=6  B:K♥ J♥ Q♦=0  PLAYER(W)  | +4,000원 → 111,800원  [end_win]
H027 | bet   1,000원 BANKER | P:4♦ 6♣ 6♥=6  B:A♦ 9♥ 8♦=8  BANKER(W)  | +950원 → 112,750원
H028 | bet   1,000원 BANKER | P:9♣ 2♦=1  B:2♦ 7♦=9  BANKER(W)  | +950원 → 113,700원
H029 | bet   1,000원 BANKER | P:2♦ 2♥ 8♠=2  B:7♥ 5♥ 10♠=2  TIE(T)  |     0원 → 113,700원
H030 | bet   1,000원 BANKER | P:5♦ 5♣ 8♣=8  B:10♥ 2♠ J♥=2  PLAYER(L)  | -1,000원 → 112,700원  [start]
H031 | bet   2,000원 PLAYER | P:A♦ 9♣ 5♣=5  B:9♥ 6♠ A♦=6  BANKER(L)  | -2,000원 → 110,700원
H032 | bet   4,000원 PLAYER | P:6♣ A♥=7  B:J♣ 4♠ 8♥=2  PLAYER(W)  | +4,000원 → 114,700원  [end_win]
H033 | bet   1,000원 BANKER | P:Q♠ 7♥=7  B:3♣ 5♠=8  BANKER(W)  | +950원 → 115,650원
H034 | bet   1,000원 BANKER | P:2♠ 6♦=8  B:9♣ 3♦=2  PLAYER(L)  | -1,000원 → 114,650원  [start]
H035 | bet   2,000원 PLAYER | P:K♣ A♣ Q♠=1  B:Q♣ 5♠=5  BANKER(L)  | -2,000원 → 112,650원
H036 | bet   4,000원 PLAYER | P:7♦ 10♣=7  B:6♠ 2♣=8  BANKER(L)  | -4,000원 → 108,650원
H037 | bet   8,000원 PLAYER | P:3♥ J♦=3  B:4♠ 5♥=9  BANKER(L)  | -8,000원 → 100,650원
H038 | bet  16,000원 PLAYER | P:7♣ K♠=7  B:A♠ 10♠ Q♦=1  PLAYER(W)  | +16,000원 → 116,650원  [end_win]
H039 | bet   1,000원 BANKER | P:7♣ 9♦=6  B:4♣ 3♠=7  BANKER(W)  | +950원 → 117,600원
H040 | bet   1,000원 BANKER | P:10♦ 3♥ 9♥=2  B:6♠ 9♠=5  BANKER(W)  | +950원 → 118,550원
H041 | bet   1,000원 BANKER | P:6♠ 8♥ 8♠=2  B:9♠ A♠ Q♥=0  PLAYER(L)  | -1,000원 → 117,550원  [start]
H042 | bet   2,000원 PLAYER | P:7♥ 8♠=5  B:9♠ J♦=9  BANKER(L)  | -2,000원 → 115,550원
H043 | bet   4,000원 PLAYER | P:A♠ K♥ 10♥=1  B:5♥ A♠=6  BANKER(L)  | -4,000원 → 111,550원
H044 | bet   8,000원 PLAYER | P:Q♠ A♣ 4♠=5  B:4♦ 7♦ K♣=1  PLAYER(W)  | +8,000원 → 119,550원  [end_win]
H045 | bet   1,000원 BANKER | P:7♥ 8♠ J♦=5  B:A♣ Q♠ A♥=2  PLAYER(L)  | -1,000원 → 118,550원  [start]
H046 | bet   2,000원 PLAYER | P:5♠ 5♠ Q♦=0  B:A♦ 2♣ 8♥=1  BANKER(L)  | -2,000원 → 116,550원
H047 | bet   4,000원 PLAYER | P:8♠ A♦=9  B:Q♣ 3♠=3  PLAYER(W)  | +4,000원 → 120,550원  [end_win]
H048 | bet   1,000원 BANKER | P:5♣ 8♦=3  B:K♥ 9♦=9  BANKER(W)  | +950원 → 121,500원
H049 | bet   1,000원 BANKER | P:A♥ 8♣=9  B:J♣ 4♥=4  PLAYER(L)  | -1,000원 → 120,500원  [start]
H050 | bet   2,000원 PLAYER | P:8♣ Q♥=8  B:J♥ 2♣=2  PLAYER(W)  | +2,000원 → 122,500원  [end_win]
H051 | bet   1,000원 BANKER | P:5♦ 7♥ 8♣=0  B:J♥ 3♥=3  BANKER(W)  | +950원 → 123,450원
H052 | bet   1,000원 BANKER | P:3♣ A♠=4  B:Q♠ 8♦=8  BANKER(W)  | +950원 → 124,400원
H053 | bet   1,000원 BANKER | P:7♥ 7♣ K♣=4  B:7♠ 6♦ 8♦=1  PLAYER(L)  | -1,000원 → 123,400원  [start]
H054 | bet   2,000원 PLAYER | P:7♠ 3♠ 10♣=0  B:6♦ 5♥ 2♠=3  BANKER(L)  | -2,000원 → 121,400원
H055 | bet   4,000원 PLAYER | P:9♠ 7♦=6  B:3♥ 8♦ 4♣=5  PLAYER(W)  | +4,000원 → 125,400원  [end_win]
H056 | bet   1,000원 BANKER | P:4♠ 6♠ 2♥=2  B:K♣ 4♠ J♥=4  BANKER(W)  | +950원 → 126,350원
H057 | bet   1,000원 BANKER | P:Q♥ 8♣=8  B:7♠ 9♠=6  PLAYER(L)  | -1,000원 → 125,350원  [start]
H058 | bet   2,000원 PLAYER | P:2♠ K♦ 5♥=7  B:8♦ 5♣ K♥=3  PLAYER(W)  | +2,000원 → 127,350원  [end_win]
H059 | bet   1,000원 BANKER | P:7♣ Q♠=7  B:5♦ 6♠ J♥=1  PLAYER(L)  | -1,000원 → 126,350원  [start]
H060 | bet   2,000원 PLAYER | P:10♠ 8♥=8  B:J♦ K♦=0  PLAYER(W)  | +2,000원 → 128,350원  [end_win]
H061 | bet   1,000원 BANKER | P:6♣ J♠=6  B:9♦ 6♥ 3♣=8  BANKER(W)  | +950원 → 129,300원
H062 | bet   1,000원 BANKER | P:2♥ 2♣ A♦=5  B:Q♣ 4♣=4  PLAYER(L)  | -1,000원 → 128,300원  [start]
H063 | bet   2,000원 PLAYER | P:4♥ A♥ K♥=5  B:3♦ 7♥ 4♦=4  PLAYER(W)  | +2,000원 → 130,300원  [end_win]
H064 | bet   1,000원 BANKER | P:2♦ J♦ 4♣=6  B:6♣ J♣=6  TIE(T)  |     0원 → 130,300원
H065 | bet   1,000원 BANKER | P:8♣ 10♠=8  B:K♥ 2♣=2  PLAYER(L)  | -1,000원 → 129,300원  [start]
H066 | bet   2,000원 PLAYER | P:7♦ 8♠ 3♣=8  B:4♥ A♣=5  PLAYER(W)  | +2,000원 → 131,300원  [end_win]
H067 | bet   1,000원 BANKER | P:Q♦ 5♠ J♥=5  B:6♥ 5♥ J♦=1  PLAYER(L)  | -1,000원 → 130,300원  [start]
H068 | bet   2,000원 PLAYER | P:4♦ 3♦=7  B:9♠ K♠=9  BANKER(L)  | -2,000원 → 128,300원
H069 | bet   4,000원 PLAYER | P:3♣ Q♦ 10♠=3  B:J♥ 6♦=6  BANKER(L)  | -4,000원 → 124,300원
H070 | bet   8,000원 PLAYER | P:Q♣ K♥ 5♣=5  B:10♣ J♠ 5♥=5  TIE(T)  |     0원 → 124,300원
H071 | bet   8,000원 PLAYER | P:6♣ 6♥=2  B:10♣ 9♣=9  BANKER(L)  | -8,000원 → 116,300원
H072 | bet  16,000원 PLAYER | P:10♥ 2♦ 6♣=8  B:2♥ 8♥ 2♠=2  PLAYER(W)  | +16,000원 → 132,300원  [end_win]
H073 | bet   1,000원 BANKER | P:5♦ 6♥ A♠=2  B:K♠ K♠ 7♣=7  BANKER(W)  | +950원 → 133,250원
H074 | bet   1,000원 BANKER | P:2♠ 8♣ 7♦=7  B:K♠ 3♥ K♣=3  PLAYER(L)  | -1,000원 → 132,250원  [start]
H075 | bet   2,000원 PLAYER | P:A♣ 2♦ 3♦=6  B:9♥ 6♣=5  PLAYER(W)  | +2,000원 → 134,250원  [end_win]
H076 | bet   1,000원 BANKER | P:7♥ 8♥ 4♣=9  B:Q♥ 5♠ 5♣=0  PLAYER(L)  | -1,000원 → 133,250원  [start]
H077 | bet   2,000원 PLAYER | P:4♣ 2♣=6  B:2♠ 5♦=7  BANKER(L)  | -2,000원 → 131,250원
H078 | bet   4,000원 PLAYER | P:Q♣ 6♥=6  B:7♠ 4♦ 10♦=1  PLAYER(W)  | +4,000원 → 135,250원  [end_win]
H079 | bet   1,000원 BANKER | P:J♦ 3♣ 10♥=3  B:A♦ K♦ 8♠=9  BANKER(W)  | +950원 → 136,200원
H080 | bet   1,000원 BANKER | P:4♥ 3♠=7  B:10♦ 4♥ Q♣=4  PLAYER(L)  | -1,000원 → 135,200원  [start]
H081 | bet   2,000원 PLAYER | P:4♥ K♦ 3♥=7  B:A♥ 4♥=5  PLAYER(W)  | +2,000원 → 137,200원  [end_win]
H082 | bet   1,000원 BANKER | P:Q♠ 10♦ 2♠=2  B:3♣ 3♠=6  BANKER(W)  | +950원 → 138,150원
H083 | bet   1,000원 BANKER | P:5♣ K♦ 2♥=7  B:6♣ K♠=6  PLAYER(L)  | -1,000원 → 137,150원  [start]
H084 | bet   2,000원 PLAYER | P:2♦ 5♠=7  B:Q♣ K♣ 6♦=6  PLAYER(W)  | +2,000원 → 139,150원  [end_win]
H085 | bet   1,000원 BANKER | P:Q♣ 5♠ 9♦=4  B:4♥ 9♣ 9♦=2  PLAYER(L)  | -1,000원 → 138,150원  [start]
H086 | bet   2,000원 PLAYER | P:10♥ 10♥ 4♠=4  B:4♠ Q♣ 5♦=9  BANKER(L)  | -2,000원 → 136,150원
H087 | bet   4,000원 PLAYER | P:3♣ Q♠ 9♣=2  B:10♠ 10♠ A♦=1  PLAYER(W)  | +4,000원 → 140,150원  [end_win]
H088 | bet   1,000원 BANKER | P:A♥ 4♦ Q♦=5  B:5♣ Q♣=5  TIE(T)  |     0원 → 140,150원
H089 | bet   1,000원 BANKER | P:3♥ 4♣=7  B:2♠ Q♥ J♦=2  PLAYER(L)  | -1,000원 → 139,150원  [start]
H090 | bet   2,000원 PLAYER | P:3♣ 4♥=7  B:5♠ 7♠ 7♣=9  BANKER(L)  | -2,000원 → 137,150원
H091 | bet   4,000원 PLAYER | P:8♠ A♣=9  B:2♥ J♣=2  PLAYER(W)  | +4,000원 → 141,150원  [end_win]
H092 | bet   1,000원 BANKER | P:A♦ 3♦ 10♦=4  B:8♥ 2♣ 9♣=9  BANKER(W)  | +950원 → 142,100원
H093 | bet   1,000원 BANKER | P:7♠ 10♠=7  B:7♠ 5♥ 8♥=0  PLAYER(L)  | -1,000원 → 141,100원  [start]
H094 | bet   2,000원 PLAYER | P:9♥ K♥=9  B:K♠ K♥=0  PLAYER(W)  | +2,000원 → 143,100원  [end_win]
H095 | bet   1,000원 BANKER | P:J♦ 8♦=8  B:4♥ K♣=4  PLAYER(L)  | -1,000원 → 142,100원  [start]
H096 | bet   2,000원 PLAYER | P:5♣ Q♦ 9♥=4  B:10♥ 10♣ J♠=0  PLAYER(W)  | +2,000원 → 144,100원  [end_win]
H097 | bet   1,000원 BANKER | P:J♥ 5♣ J♥=5  B:10♦ 3♥ 7♥=0  PLAYER(L)  | -1,000원 → 143,100원  [start]
H098 | bet   2,000원 PLAYER | P:10♠ 4♣ 10♣=4  B:7♦ 5♥ 7♦=9  BANKER(L)  | -2,000원 → 141,100원
H099 | bet   4,000원 PLAYER | P:2♠ 10♦ 6♥=8  B:Q♣ 2♦ 6♣=8  TIE(T)  |     0원 → 141,100원
H100 | bet   4,000원 PLAYER | P:9♦ J♥=9  B:A♠ 6♠=7  PLAYER(W)  | +4,000원 → 145,100원  [end_win]
H101 | bet   1,000원 BANKER | P:6♦ A♦=7  B:7♦ Q♥=7  TIE(T)  |     0원 → 145,100원
H102 | bet   1,000원 BANKER | P:10♣ 3♦ 10♦=3  B:2♦ 2♥=4  BANKER(W)  | +950원 → 146,050원
H103 | bet   1,000원 BANKER | P:6♣ K♥=6  B:6♠ 2♣=8  BANKER(W)  | +950원 → 147,000원
H104 | bet   1,000원 BANKER | P:10♥ 10♠ 5♠=5  B:J♣ 6♦=6  BANKER(W)  | +950원 → 147,950원
H105 | bet   1,000원 BANKER | P:9♦ J♣=9  B:J♠ J♣=0  PLAYER(L)  | -1,000원 → 146,950원  [start]
H106 | bet   2,000원 PLAYER | P:J♣ 4♠ 3♦=7  B:3♥ J♠ 10♣=3  PLAYER(W)  | +2,000원 → 148,950원  [end_win]
H107 | bet   1,000원 BANKER | P:4♦ J♥ 4♣=8  B:7♥ 4♣ Q♠=1  PLAYER(L)  | -1,000원 → 147,950원  [start]
H108 | bet   2,000원 PLAYER | P:2♥ 8♣ 6♥=6  B:2♦ K♠ 6♠=8  BANKER(L)  | -2,000원 → 145,950원
H109 | bet   4,000원 PLAYER | P:2♣ K♥=2  B:Q♥ 8♠=8  BANKER(L)  | -4,000원 → 141,950원
H110 | bet   8,000원 PLAYER | P:7♣ 6♦ 7♥=0  B:3♦ 4♦=7  BANKER(L)  | -8,000원 → 133,950원
H111 | bet  16,000원 PLAYER | P:A♥ A♥ 3♥=5  B:J♠ 3♠ 2♦=5  TIE(T)  |     0원 → 133,950원
H112 | bet  16,000원 PLAYER | P:9♠ 10♣=9  B:Q♣ 9♠=9  TIE(T)  |     0원 → 133,950원
H113 | bet  16,000원 PLAYER | P:4♦ 3♥=7  B:A♠ 4♦ Q♦=5  PLAYER(W)  | +16,000원 → 149,950원  [end_win]
H114 | bet   1,000원 BANKER | P:10♣ 6♠=6  B:A♠ A♣ 5♥=7  BANKER(W)  | +950원 → 150,900원
H115 | bet   1,000원 BANKER | P:7♠ Q♠=7  B:K♥ Q♠ 9♥=9  BANKER(W)  | +950원 → 151,850원
H116 | bet   1,000원 BANKER | P:10♠ A♠ 3♦=4  B:9♥ 6♠=5  BANKER(W)  | +950원 → 152,800원
H117 | bet   1,000원 BANKER | P:4♣ J♠ 6♥=0  B:10♥ K♣ 9♠=9  BANKER(W)  | +950원 → 153,750원
H118 | bet   1,000원 BANKER | P:8♥ 7♥ 5♥=0  B:2♥ A♠ 7♣=0  TIE(T)  |     0원 → 153,750원
H119 | bet   1,000원 BANKER | P:7♦ 5♠=2  B:K♠ 9♦=9  BANKER(W)  | +950원 → 154,700원
H120 | bet   1,000원 BANKER | P:3♣ 4♠=7  B:4♣ Q♦ A♣=5  PLAYER(L)  | -1,000원 → 153,700원  [start]
H121 | bet   2,000원 PLAYER | P:8♠ K♥=8  B:9♥ 3♣=2  PLAYER(W)  | +2,000원 → 155,700원  [end_win]
H122 | bet   1,000원 BANKER | P:6♣ 2♣=8  B:Q♠ J♣=0  PLAYER(L)  | -1,000원 → 154,700원  [start]
H123 | bet   2,000원 PLAYER | P:5♦ 4♠=9  B:J♥ 8♥=8  PLAYER(W)  | +2,000원 → 156,700원  [end_win]
H124 | bet   1,000원 BANKER | P:6♦ 3♦=9  B:2♠ 8♦=0  PLAYER(L)  | -1,000원 → 155,700원  [start]
H125 | bet   2,000원 PLAYER | P:8♣ Q♣=8  B:A♠ 5♦=6  PLAYER(W)  | +2,000원 → 157,700원  [end_win]
H126 | bet   1,000원 BANKER | P:2♣ 4♥=6  B:8♦ 7♦ 6♣=1  PLAYER(L)  | -1,000원 → 156,700원  [start]
H127 | bet   2,000원 PLAYER | P:10♣ 7♣=7  B:K♥ 7♠=7  TIE(T)  |     0원 → 156,700원
H128 | bet   2,000원 PLAYER | P:A♣ J♠ 2♦=3  B:5♣ 6♦ 6♥=7  BANKER(L)  | -2,000원 → 154,700원
H129 | bet   4,000원 PLAYER | P:J♥ Q♦ Q♣=0  B:10♥ 7♥=7  BANKER(L)  | -4,000원 → 150,700원
H130 | bet   8,000원 PLAYER | P:7♦ J♠=7  B:10♥ 3♣ 5♠=8  BANKER(L)  | -8,000원 → 142,700원
H131 | bet  16,000원 PLAYER | P:10♣ 2♣ A♥=3  B:6♥ 9♣=5  BANKER(L)  | -16,000원 → 126,700원  [end_giveup]
H132 | bet   1,000원 BANKER | P:K♦ 4♥ 9♦=3  B:8♣ 8♣=6  BANKER(W)  | +950원 → 127,650원
H133 | bet   1,000원 BANKER | P:5♦ 8♦ K♥=3  B:2♠ Q♥ 10♦=2  PLAYER(L)  | -1,000원 → 126,650원  [start]
H134 | bet   2,000원 PLAYER | P:8♠ 6♣ 8♠=2  B:K♣ 7♣=7  BANKER(L)  | -2,000원 → 124,650원
H135 | bet   4,000원 PLAYER | P:7♦ 5♣ 3♠=5  B:8♣ 7♥=5  TIE(T)  |     0원 → 124,650원
H136 | bet   4,000원 PLAYER | P:4♠ 5♥=9  B:2♦ 7♣=9  TIE(T)  |     0원 → 124,650원
H137 | bet   4,000원 PLAYER | P:2♠ 4♣=6  B:Q♥ 7♠=7  BANKER(L)  | -4,000원 → 120,650원
H138 | bet   8,000원 PLAYER | P:3♣ Q♥ 4♦=7  B:3♥ 10♠ 8♣=1  PLAYER(W)  | +8,000원 → 128,650원  [end_win]
H139 | bet   1,000원 BANKER | P:J♦ 2♥=2  B:8♦ A♦=9  BANKER(W)  | +950원 → 129,600원
H140 | bet   1,000원 BANKER | P:4♣ 9♣ 10♦=3  B:4♥ K♣=4  BANKER(W)  | +950원 → 130,550원
H141 | bet   1,000원 BANKER | P:2♥ A♦ 5♣=8  B:A♥ 3♠ 8♦=2  PLAYER(L)  | -1,000원 → 129,550원  [start]
H142 | bet   2,000원 PLAYER | P:5♦ A♠=6  B:5♠ 3♠=8  BANKER(L)  | -2,000원 → 127,550원
H143 | bet   4,000원 PLAYER | P:9♥ 9♣=8  B:J♦ J♦=0  PLAYER(W)  | +4,000원 → 131,550원  [end_win]
H144 | bet   1,000원 BANKER | P:4♦ K♦ K♣=4  B:7♥ Q♠=7  BANKER(W)  | +950원 → 132,500원
H145 | bet   1,000원 BANKER | P:9♠ K♦=9  B:6♠ A♥=7  PLAYER(L)  | -1,000원 → 131,500원  [start]
H146 | bet   2,000원 PLAYER | P:3♠ A♣ 8♠=2  B:6♠ 7♠=3  BANKER(L)  | -2,000원 → 129,500원
H147 | bet   4,000원 PLAYER | P:6♥ 3♦=9  B:6♦ J♦=6  PLAYER(W)  | +4,000원 → 133,500원  [end_win]
H148 | bet   1,000원 BANKER | P:5♦ 3♥=8  B:6♣ 4♥=0  PLAYER(L)  | -1,000원 → 132,500원  [start]
H149 | bet   2,000원 PLAYER | P:A♥ 6♦=7  B:3♠ 2♠ J♣=5  PLAYER(W)  | +2,000원 → 134,500원  [end_win]
H150 | bet   1,000원 BANKER | P:3♥ K♠ 2♥=5  B:8♣ 9♥=7  BANKER(W)  | +950원 → 135,450원
H151 | bet   1,000원 BANKER | P:9♠ 9♠=8  B:5♥ K♦=5  PLAYER(L)  | -1,000원 → 134,450원  [start]
H152 | bet   2,000원 PLAYER | P:Q♥ 2♦ K♣=2  B:J♦ 7♣=7  BANKER(L)  | -2,000원 → 132,450원
H153 | bet   4,000원 PLAYER | P:Q♦ K♠=0  B:8♦ A♦=9  BANKER(L)  | -4,000원 → 128,450원
H154 | bet   8,000원 PLAYER | P:Q♦ 9♣=9  B:Q♦ 2♣=2  PLAYER(W)  | +8,000원 → 136,450원  [end_win]
H155 | bet   1,000원 BANKER | P:8♥ 8♥=6  B:5♥ 6♥ 4♦=5  PLAYER(L)  | -1,000원 → 135,450원  [start]
H156 | bet   2,000원 PLAYER | P:8♦ 6♠=4  B:J♥ 9♦=9  BANKER(L)  | -2,000원 → 133,450원
H157 | bet   4,000원 PLAYER | P:9♣ 9♠=8  B:5♦ K♠=5  PLAYER(W)  | +4,000원 → 137,450원  [end_win]
H158 | bet   1,000원 BANKER | P:8♣ A♦=9  B:2♠ K♦=2  PLAYER(L)  | -1,000원 → 136,450원  [start]
H159 | bet   2,000원 PLAYER | P:K♦ A♣ Q♥=1  B:10♠ A♣ 9♠=0  PLAYER(W)  | +2,000원 → 138,450원  [end_win]
H160 | bet   1,000원 BANKER | P:K♦ K♠ 9♦=9  B:8♠ 5♠ A♠=4  PLAYER(L)  | -1,000원 → 137,450원  [start]
H161 | bet   2,000원 PLAYER | P:10♥ 5♦ 7♦=2  B:4♠ 3♦=7  BANKER(L)  | -2,000원 → 135,450원
H162 | bet   4,000원 PLAYER | P:6♥ 2♣=8  B:4♥ Q♠=4  PLAYER(W)  | +4,000원 → 139,450원  [end_win]
H163 | bet   1,000원 BANKER | P:J♠ 7♠=7  B:9♥ 5♥ 7♣=1  PLAYER(L)  | -1,000원 → 138,450원  [start]
H164 | bet   2,000원 PLAYER | P:A♣ K♣ 4♠=5  B:A♥ 5♣=6  BANKER(L)  | -2,000원 → 136,450원
H165 | bet   4,000원 PLAYER | P:7♣ 10♠=7  B:9♠ 9♥=8  BANKER(L)  | -4,000원 → 132,450원
H166 | bet   8,000원 PLAYER | P:7♥ A♣=8  B:10♣ 6♠=6  PLAYER(W)  | +8,000원 → 140,450원  [end_win]
H167 | bet   1,000원 BANKER | P:3♣ 10♠ 4♦=7  B:4♦ J♥ 5♦=9  BANKER(W)  | +950원 → 141,400원
H168 | bet   1,000원 BANKER | P:5♦ J♥=5  B:4♣ 4♣=8  BANKER(W)  | +950원 → 142,350원
H169 | bet   1,000원 BANKER | P:A♥ 5♦=6  B:7♠ A♥=8  BANKER(W)  | +950원 → 143,300원
H170 | bet   1,000원 BANKER | P:7♥ 8♦ 2♠=7  B:10♦ 4♠ 5♣=9  BANKER(W)  | +950원 → 144,250원
H171 | bet   1,000원 BANKER | P:9♣ 5♥ 7♦=1  B:J♠ 4♦ 10♥=4  BANKER(W)  | +950원 → 145,200원
H172 | bet   1,000원 BANKER | P:9♦ 3♠=2  B:7♥ 2♥=9  BANKER(W)  | +950원 → 146,150원
H173 | bet   1,000원 BANKER | P:8♣ K♥=8  B:A♣ Q♦=1  PLAYER(L)  | -1,000원 → 145,150원  [start]
H174 | bet   2,000원 PLAYER | P:9♣ 6♦ K♥=5  B:7♣ J♣=7  BANKER(L)  | -2,000원 → 143,150원
H175 | bet   4,000원 PLAYER | P:2♦ Q♦ Q♦=2  B:3♠ 9♦ 5♠=7  BANKER(L)  | -4,000원 → 139,150원
H176 | bet   8,000원 PLAYER | P:Q♥ 6♣=6  B:4♠ 8♦ 7♦=9  BANKER(L)  | -8,000원 → 131,150원
H177 | bet  16,000원 PLAYER | P:2♦ 10♣ 7♠=9  B:6♥ 10♦ 9♥=5  PLAYER(W)  | +16,000원 → 147,150원  [end_win]
H178 | bet   1,000원 BANKER | P:5♠ 5♠=0  B:A♣ 8♣=9  BANKER(W)  | +950원 → 148,100원
H179 | bet   1,000원 BANKER | P:4♦ 5♣=9  B:Q♣ 2♦=2  PLAYER(L)  | -1,000원 → 147,100원  [start]
H180 | bet   2,000원 PLAYER | P:6♥ 4♠ J♠=0  B:6♥ 9♥=5  BANKER(L)  | -2,000원 → 145,100원
H181 | bet   4,000원 PLAYER | P:7♣ 3♣ 8♠=8  B:6♦ 6♠ 2♣=4  PLAYER(W)  | +4,000원 → 149,100원  [end_win]
H182 | bet   1,000원 BANKER | P:Q♥ 10♦ 6♠=6  B:8♥ 8♥ J♣=6  TIE(T)  |     0원 → 149,100원
H183 | bet   1,000원 BANKER | P:A♠ K♦ K♦=1  B:9♠ 8♠=7  BANKER(W)  | +950원 → 150,050원
H184 | bet   1,000원 BANKER | P:8♣ 10♠=8  B:2♠ 6♦=8  TIE(T)  |     0원 → 150,050원
H185 | bet   1,000원 BANKER | P:Q♠ 2♣ 6♦=8  B:3♥ 9♦ Q♠=2  PLAYER(L)  | -1,000원 → 149,050원  [start]
H186 | bet   2,000원 PLAYER | P:9♦ 4♠ 9♠=2  B:Q♥ K♠ 7♥=7  BANKER(L)  | -2,000원 → 147,050원
H187 | bet   4,000원 PLAYER | P:7♣ 7♠ 6♥=0  B:9♣ 8♣=7  BANKER(L)  | -4,000원 → 143,050원
H188 | bet   8,000원 PLAYER | P:5♠ 3♣=8  B:10♣ K♥=0  PLAYER(W)  | +8,000원 → 151,050원  [end_win]
H189 | bet   1,000원 BANKER | P:6♠ 10♦=6  B:8♠ 2♥ 6♣=6  TIE(T)  |     0원 → 151,050원
H190 | bet   1,000원 BANKER | P:Q♥ 6♣=6  B:Q♣ A♣ 9♦=0  PLAYER(L)  | -1,000원 → 150,050원  [start]
H191 | bet   2,000원 PLAYER | P:Q♦ 8♠=8  B:A♠ 5♠=6  PLAYER(W)  | +2,000원 → 152,050원  [end_win]
H192 | bet   1,000원 BANKER | P:6♠ J♣=6  B:K♠ A♠ 9♥=0  PLAYER(L)  | -1,000원 → 151,050원  [start]
H193 | bet   2,000원 PLAYER | P:Q♥ A♦ 3♦=4  B:J♣ 7♦=7  BANKER(L)  | -2,000원 → 149,050원
H194 | bet   4,000원 PLAYER | P:4♠ 5♦=9  B:K♠ A♥=1  PLAYER(W)  | +4,000원 → 153,050원  [end_win]
H195 | bet   1,000원 BANKER | P:10♣ 7♦=7  B:10♠ 8♦=8  BANKER(W)  | +950원 → 154,000원
H196 | bet   1,000원 BANKER | P:2♠ 6♥=8  B:K♠ 5♠=5  PLAYER(L)  | -1,000원 → 153,000원  [start]
H197 | bet   2,000원 PLAYER | P:A♣ 9♦=0  B:Q♣ 8♥=8  BANKER(L)  | -2,000원 → 151,000원
H198 | bet   4,000원 PLAYER | P:K♣ 9♠=9  B:2♠ Q♣=2  PLAYER(W)  | +4,000원 → 155,000원  [end_win]
H199 | bet   1,000원 BANKER | P:8♠ 7♦ J♥=5  B:8♥ 5♦ 9♦=2  PLAYER(L)  | -1,000원 → 154,000원  [start]
H200 | bet   2,000원 PLAYER | P:9♦ 8♠=7  B:J♠ 8♣=8  BANKER(L)  | -2,000원 → 152,000원
H201 | bet   4,000원 PLAYER | P:Q♠ 2♥=2  B:2♥ 6♦=8  BANKER(L)  | -4,000원 → 148,000원
H202 | bet   8,000원 PLAYER | P:10♥ 9♣=9  B:4♥ 3♠=7  PLAYER(W)  | +8,000원 → 156,000원  [end_win]
H203 | bet   1,000원 BANKER | P:9♥ Q♥=9  B:3♣ 9♥=2  PLAYER(L)  | -1,000원 → 155,000원  [start]
H204 | bet   2,000원 PLAYER | P:7♦ 5♥ 10♦=2  B:3♥ 8♣ 3♠=4  BANKER(L)  | -2,000원 → 153,000원
H205 | bet   4,000원 PLAYER | P:4♦ 2♥=6  B:4♥ 8♥ 6♥=8  BANKER(L)  | -4,000원 → 149,000원
H206 | bet   8,000원 PLAYER | P:K♥ K♦ 6♠=6  B:K♠ 5♦ A♦=6  TIE(T)  |     0원 → 149,000원
H207 | bet   8,000원 PLAYER | P:J♠ 5♣ J♦=5  B:7♥ K♥=7  BANKER(L)  | -8,000원 → 141,000원
H208 | bet  16,000원 PLAYER | P:3♠ 5♣=8  B:K♠ 9♠=9  BANKER(L)  | -16,000원 → 125,000원  [end_giveup]
H209 | bet   1,000원 BANKER | P:10♥ J♥ A♦=1  B:10♥ 6♠=6  BANKER(W)  | +950원 → 125,950원
H210 | bet   1,000원 BANKER | P:J♦ K♦=0  B:9♣ 10♥=9  BANKER(W)  | +950원 → 126,900원
H211 | bet   1,000원 BANKER | P:10♠ 8♦=8  B:A♠ 7♣=8  TIE(T)  |     0원 → 126,900원
H212 | bet   1,000원 BANKER | P:4♥ 5♥=9  B:J♠ 4♦=4  PLAYER(L)  | -1,000원 → 125,900원  [start]
H213 | bet   2,000원 PLAYER | P:6♣ 2♦=8  B:2♣ 10♣=2  PLAYER(W)  | +2,000원 → 127,900원  [end_win]
H214 | bet   1,000원 BANKER | P:2♥ 3♥ Q♣=5  B:2♣ J♣ 6♦=8  BANKER(W)  | +950원 → 128,850원
H215 | bet   1,000원 BANKER | P:7♠ 6♣ 4♦=7  B:3♠ 2♦ 9♠=4  PLAYER(L)  | -1,000원 → 127,850원  [start]
H216 | bet   2,000원 PLAYER | P:3♣ 3♥=6  B:3♦ 10♣ 7♠=0  PLAYER(W)  | +2,000원 → 129,850원  [end_win]
H217 | bet   1,000원 BANKER | P:5♣ 3♥=8  B:7♥ 8♦=5  PLAYER(L)  | -1,000원 → 128,850원  [start]
H218 | bet   2,000원 PLAYER | P:10♥ 4♥=4  B:10♦ 8♥=8  BANKER(L)  | -2,000원 → 126,850원
H219 | bet   4,000원 PLAYER | P:2♠ K♣ 6♦=8  B:6♣ 5♥ 9♠=0  PLAYER(W)  | +4,000원 → 130,850원  [end_win]
H220 | bet   1,000원 BANKER | P:A♠ Q♥ 4♠=5  B:2♦ 8♦ 10♥=0  PLAYER(L)  | -1,000원 → 129,850원  [start]
H221 | bet   2,000원 PLAYER | P:10♠ Q♣ 10♠=0  B:3♦ A♦=4  BANKER(L)  | -2,000원 → 127,850원
H222 | bet   4,000원 PLAYER | P:J♦ 3♣ 3♦=6  B:Q♦ 4♥ 8♠=2  PLAYER(W)  | +4,000원 → 131,850원  [end_win]
H223 | bet   1,000원 BANKER | P:5♣ Q♥ K♦=5  B:3♥ 4♥=7  BANKER(W)  | +950원 → 132,800원
H224 | bet   1,000원 BANKER | P:10♦ 5♥ A♣=6  B:2♣ K♣ A♥=3  PLAYER(L)  | -1,000원 → 131,800원  [start]
H225 | bet   2,000원 PLAYER | P:K♣ 3♦ 3♥=6  B:4♣ 2♣=6  TIE(T)  |     0원 → 131,800원
H226 | bet   2,000원 PLAYER | P:4♣ 8♥=2  B:Q♠ 8♥=8  BANKER(L)  | -2,000원 → 129,800원
H227 | bet   4,000원 PLAYER | P:K♥ 3♣ J♣=3  B:7♠ K♠=7  BANKER(L)  | -4,000원 → 125,800원
H228 | bet   8,000원 PLAYER | P:A♣ J♥ K♦=1  B:A♦ 4♠=5  BANKER(L)  | -8,000원 → 117,800원
H229 | bet  16,000원 PLAYER | P:2♥ 7♥=9  B:J♥ 3♦=3  PLAYER(W)  | +16,000원 → 133,800원  [end_win]
H230 | bet   1,000원 BANKER | P:8♣ A♦=9  B:2♠ Q♠=2  PLAYER(L)  | -1,000원 → 132,800원  [start]
H231 | bet   2,000원 PLAYER | P:A♦ K♣ A♥=2  B:2♦ 8♣ 9♣=9  BANKER(L)  | -2,000원 → 130,800원
H232 | bet   4,000원 PLAYER | P:4♥ 10♦=4  B:9♥ J♥=9  BANKER(L)  | -4,000원 → 126,800원
H233 | bet   8,000원 PLAYER | P:4♣ 2♣=6  B:J♦ A♥ K♦=1  PLAYER(W)  | +8,000원 → 134,800원  [end_win]
H234 | bet   1,000원 BANKER | P:4♥ 9♣ 6♠=9  B:Q♣ Q♦ Q♦=0  PLAYER(L)  | -1,000원 → 133,800원  [start]
H235 | bet   2,000원 PLAYER | P:4♣ 7♣ K♥=1  B:10♣ J♦ 9♠=9  BANKER(L)  | -2,000원 → 131,800원
H236 | bet   4,000원 PLAYER | P:Q♦ 5♠ A♠=6  B:6♦ K♣=6  TIE(T)  |     0원 → 131,800원
H237 | bet   4,000원 PLAYER | P:8♦ 5♣ A♥=4  B:4♣ 3♠=7  BANKER(L)  | -4,000원 → 127,800원
H238 | bet   8,000원 PLAYER | P:J♠ 3♥ K♣=3  B:J♦ 6♣=6  BANKER(L)  | -8,000원 → 119,800원
H239 | bet  16,000원 PLAYER | P:7♥ 4♣ J♣=1  B:6♥ K♣=6  BANKER(L)  | -16,000원 → 103,800원  [end_giveup]
H240 | bet   1,000원 BANKER | P:K♠ 5♥ A♣=6  B:4♠ 3♠=7  BANKER(W)  | +950원 → 104,750원
H241 | bet   1,000원 BANKER | P:5♣ 5♥ 8♦=8  B:2♣ 3♣=5  PLAYER(L)  | -1,000원 → 103,750원  [start]
H242 | bet   2,000원 PLAYER | P:Q♠ J♠ 10♣=0  B:7♣ 5♥ 6♥=8  BANKER(L)  | -2,000원 → 101,750원
H243 | bet   4,000원 PLAYER | P:7♣ 6♣ Q♠=3  B:Q♠ J♠ 5♠=5  BANKER(L)  | -4,000원 → 97,750원
H244 | bet   8,000원 PLAYER | P:9♥ J♦=9  B:10♥ 5♦=5  PLAYER(W)  | +8,000원 → 105,750원  [end_win]
H245 | bet   1,000원 BANKER | P:8♠ J♣=8  B:A♥ 4♦=5  PLAYER(L)  | -1,000원 → 104,750원  [start]
H246 | bet   2,000원 PLAYER | P:K♦ 9♣=9  B:7♦ 5♦=2  PLAYER(W)  | +2,000원 → 106,750원  [end_win]
H247 | bet   1,000원 BANKER | P:7♠ K♥=7  B:Q♣ 7♦=7  TIE(T)  |     0원 → 106,750원
H248 | bet   1,000원 BANKER | P:Q♠ 2♥=2  B:8♦ Q♠=8  BANKER(W)  | +950원 → 107,700원
H249 | bet   1,000원 BANKER | P:9♣ 7♦=6  B:5♠ 10♣ 4♣=9  BANKER(W)  | +950원 → 108,650원
H250 | bet   1,000원 BANKER | P:A♣ 7♣=8  B:3♥ 3♥=6  PLAYER(L)  | -1,000원 → 107,650원  [start]
H251 | bet   2,000원 PLAYER | P:9♠ 2♣=1  B:8♥ J♠=8  BANKER(L)  | -2,000원 → 105,650원
H252 | bet   4,000원 PLAYER | P:4♦ A♥ A♣=6  B:K♥ 5♥=5  PLAYER(W)  | +4,000원 → 109,650원  [end_win]
H253 | bet   1,000원 BANKER | P:5♠ Q♠ 5♠=0  B:K♥ 10♠ A♦=1  BANKER(W)  | +950원 → 110,600원
H254 | bet   1,000원 BANKER | P:K♦ 5♠=5  B:K♥ 9♥=9  BANKER(W)  | +950원 → 111,550원
H255 | bet   1,000원 BANKER | P:9♦ J♥=9  B:J♦ 2♠=2  PLAYER(L)  | -1,000원 → 110,550원  [start]
H256 | bet   2,000원 PLAYER | P:7♦ J♠=7  B:J♦ 5♦ 5♥=0  PLAYER(W)  | +2,000원 → 112,550원  [end_win]
H257 | bet   1,000원 BANKER | P:5♣ 4♣=9  B:9♦ 2♥=1  PLAYER(L)  | -1,000원 → 111,550원  [start]
H258 | bet   2,000원 PLAYER | P:5♥ K♦ 7♠=2  B:2♦ K♦ 8♥=0  PLAYER(W)  | +2,000원 → 113,550원  [end_win]
H259 | bet   1,000원 BANKER | P:A♥ 2♦=3  B:K♣ 8♣=8  BANKER(W)  | +950원 → 114,500원
H260 | bet   1,000원 BANKER | P:4♠ 4♣=8  B:7♠ 9♥=6  PLAYER(L)  | -1,000원 → 113,500원  [start]
H261 | bet   2,000원 PLAYER | P:8♥ K♣=8  B:8♠ J♦=8  TIE(T)  |     0원 → 113,500원
H262 | bet   2,000원 PLAYER | P:Q♦ 5♦ K♥=5  B:A♣ 10♥ 10♦=1  PLAYER(W)  | +2,000원 → 115,500원  [end_win]
H263 | bet   1,000원 BANKER | P:2♥ 5♥=7  B:3♦ A♥ A♦=5  PLAYER(L)  | -1,000원 → 114,500원  [start]
H264 | bet   2,000원 PLAYER | P:9♣ 9♣=8  B:7♥ 4♣=1  PLAYER(W)  | +2,000원 → 116,500원  [end_win]
H265 | bet   1,000원 BANKER | P:4♥ 3♣=7  B:3♣ J♣ 2♠=5  PLAYER(L)  | -1,000원 → 115,500원  [start]
H266 | bet   2,000원 PLAYER | P:A♣ 10♠ 6♣=7  B:7♥ 8♥ 2♠=7  TIE(T)  |     0원 → 115,500원
H267 | bet   2,000원 PLAYER | P:4♠ J♠=4  B:Q♥ 8♣=8  BANKER(L)  | -2,000원 → 113,500원
H268 | bet   4,000원 PLAYER | P:K♣ 9♥=9  B:4♥ 4♣=8  PLAYER(W)  | +4,000원 → 117,500원  [end_win]
H269 | bet   1,000원 BANKER | P:2♦ 2♣ 8♥=2  B:5♦ 10♥=5  BANKER(W)  | +950원 → 118,450원
H270 | bet   1,000원 BANKER | P:6♣ Q♣=6  B:3♠ 2♣ A♠=6  TIE(T)  |     0원 → 118,450원
H271 | bet   1,000원 BANKER | P:A♠ A♦ 9♥=1  B:10♣ 2♣ 10♣=2  BANKER(W)  | +950원 → 119,400원
H272 | bet   1,000원 BANKER | P:6♠ 2♣=8  B:J♥ 4♠=4  PLAYER(L)  | -1,000원 → 118,400원  [start]
H273 | bet   2,000원 PLAYER | P:4♥ 10♦=4  B:3♦ 6♦=9  BANKER(L)  | -2,000원 → 116,400원
H274 | bet   4,000원 PLAYER | P:5♠ 9♦ 10♣=4  B:6♥ 6♦ 2♦=4  TIE(T)  |     0원 → 116,400원
H275 | bet   4,000원 PLAYER | P:9♣ K♠=9  B:A♦ 7♣=8  PLAYER(W)  | +4,000원 → 120,400원  [end_win]
H276 | bet   1,000원 BANKER | P:8♠ 3♦ 7♦=8  B:6♥ 6♥ K♥=2  PLAYER(L)  | -1,000원 → 119,400원  [start]
H277 | bet   2,000원 PLAYER | P:4♠ 8♦ Q♦=2  B:3♥ 8♦ K♦=1  PLAYER(W)  | +2,000원 → 121,400원  [end_win]
H278 | bet   1,000원 BANKER | P:2♠ 6♣=8  B:3♣ 6♦=9  BANKER(W)  | +950원 → 122,350원
H279 | bet   1,000원 BANKER | P:7♦ J♠=7  B:4♠ 8♦ 5♠=7  TIE(T)  |     0원 → 122,350원
H280 | bet   1,000원 BANKER | P:A♠ 4♣ 3♠=8  B:K♣ 2♠ 8♥=0  PLAYER(L)  | -1,000원 → 121,350원  [start]
H281 | bet   2,000원 PLAYER | P:6♠ 7♠ 2♠=5  B:A♥ 5♠=6  BANKER(L)  | -2,000원 → 119,350원
H282 | bet   4,000원 PLAYER | P:4♦ Q♦ 4♠=8  B:A♥ Q♥ 8♥=9  BANKER(L)  | -4,000원 → 115,350원
H283 | bet   8,000원 PLAYER | P:8♠ J♣=8  B:A♣ Q♣=1  PLAYER(W)  | +8,000원 → 123,350원  [end_win]
H284 | bet   1,000원 BANKER | P:K♠ 7♣=7  B:5♦ K♠ 7♣=2  PLAYER(L)  | -1,000원 → 122,350원  [start]
H285 | bet   2,000원 PLAYER | P:4♣ 4♥=8  B:7♣ 3♦=0  PLAYER(W)  | +2,000원 → 124,350원  [end_win]
H286 | bet   1,000원 BANKER | P:10♦ Q♣ 9♠=9  B:2♦ K♦ K♥=2  PLAYER(L)  | -1,000원 → 123,350원  [start]
H287 | bet   2,000원 PLAYER | P:K♣ 7♦=7  B:2♥ Q♣ J♥=2  PLAYER(W)  | +2,000원 → 125,350원  [end_win]
H288 | bet   1,000원 BANKER | P:3♠ 7♦ 10♠=0  B:6♥ 6♣ 3♥=5  BANKER(W)  | +950원 → 126,300원
H289 | bet   1,000원 BANKER | P:3♣ 5♣=8  B:5♦ 8♣=3  PLAYER(L)  | -1,000원 → 125,300원  [start]
H290 | bet   2,000원 PLAYER | P:2♥ 5♦=7  B:10♠ 5♣ 9♠=4  PLAYER(W)  | +2,000원 → 127,300원  [end_win]
H291 | bet   1,000원 BANKER | P:A♠ 3♦ 9♠=3  B:6♦ 9♠=5  BANKER(W)  | +950원 → 128,250원
H292 | bet   1,000원 BANKER | P:5♣ 9♠=4  B:4♦ 5♦=9  BANKER(W)  | +950원 → 129,200원
H293 | bet   1,000원 BANKER | P:J♠ 2♦ J♠=2  B:3♠ 4♠=7  BANKER(W)  | +950원 → 130,150원
H294 | bet   1,000원 BANKER | P:8♠ J♥=8  B:9♦ 7♦=6  PLAYER(L)  | -1,000원 → 129,150원  [start]
H295 | bet   2,000원 PLAYER | P:K♥ 8♠=8  B:6♥ A♦=7  PLAYER(W)  | +2,000원 → 131,150원  [end_win]
H296 | bet   1,000원 BANKER | P:7♥ 2♣=9  B:7♠ K♠=7  PLAYER(L)  | -1,000원 → 130,150원  [start]
H297 | bet   2,000원 PLAYER | P:7♥ K♦=7  B:8♦ A♦=9  BANKER(L)  | -2,000원 → 128,150원
H298 | bet   4,000원 PLAYER | P:6♣ 5♥ 5♥=6  B:Q♥ Q♠ Q♣=0  PLAYER(W)  | +4,000원 → 132,150원  [end_win]
H299 | bet   1,000원 BANKER | P:A♦ Q♥ 10♦=1  B:2♥ 3♦=5  BANKER(W)  | +950원 → 133,100원
H300 | bet   1,000원 BANKER | P:9♠ 3♥=2  B:3♦ 5♥=8  BANKER(W)  | +950원 → 134,050원
H301 | bet   1,000원 BANKER | P:3♥ 6♣=9  B:Q♥ J♦=0  PLAYER(L)  | -1,000원 → 133,050원  [start]
H302 | bet   2,000원 PLAYER | P:6♣ Q♣=6  B:9♦ Q♠=9  BANKER(L)  | -2,000원 → 131,050원
H303 | bet   4,000원 PLAYER | P:9♣ J♥=9  B:7♣ 10♠=7  PLAYER(W)  | +4,000원 → 135,050원  [end_win]
H304 | bet   1,000원 BANKER | P:3♣ 10♥ K♠=3  B:6♦ Q♥=6  BANKER(W)  | +950원 → 136,000원
H305 | bet   1,000원 BANKER | P:9♣ A♣=0  B:10♣ 9♦=9  BANKER(W)  | +950원 → 136,950원
H306 | bet   1,000원 BANKER | P:8♣ J♠=8  B:4♥ 10♣=4  PLAYER(L)  | -1,000원 → 135,950원  [start]
H307 | bet   2,000원 PLAYER | P:3♠ 2♣=5  B:9♠ 10♠=9  BANKER(L)  | -2,000원 → 133,950원
H308 | bet   4,000원 PLAYER | P:7♠ Q♠=7  B:6♥ 7♥ 5♠=8  BANKER(L)  | -4,000원 → 129,950원
H309 | bet   8,000원 PLAYER | P:9♥ 6♠ J♣=5  B:10♥ J♠ 8♥=8  BANKER(L)  | -8,000원 → 121,950원
H310 | bet  16,000원 PLAYER | P:10♠ 10♦ K♣=0  B:K♠ 5♣=5  BANKER(L)  | -16,000원 → 105,950원  [end_giveup]
H311 | bet   1,000원 BANKER | P:8♠ Q♠=8  B:8♣ Q♥=8  TIE(T)  |     0원 → 105,950원
H312 | bet   1,000원 BANKER | P:Q♥ 9♣=9  B:A♣ 10♥=1  PLAYER(L)  | -1,000원 → 104,950원  [start]
H313 | bet   2,000원 PLAYER | P:6♦ 8♣ 6♠=0  B:5♣ J♦ A♣=6  BANKER(L)  | -2,000원 → 102,950원
H314 | bet   4,000원 PLAYER | P:7♠ A♥=8  B:10♦ 10♥=0  PLAYER(W)  | +4,000원 → 106,950원  [end_win]
H315 | bet   1,000원 BANKER | P:6♥ 6♣ 6♦=8  B:4♦ 6♠ 8♦=8  TIE(T)  |     0원 → 106,950원
H316 | bet   1,000원 BANKER | P:A♠ A♥ A♠=3  B:3♥ 10♠ 3♦=6  BANKER(W)  | +950원 → 107,900원
H317 | bet   1,000원 BANKER | P:J♥ 10♥ 9♥=9  B:2♠ 9♦ 5♥=6  PLAYER(L)  | -1,000원 → 106,900원  [start]
H318 | bet   2,000원 PLAYER | P:10♣ J♣ 4♥=4  B:5♦ 7♥ J♦=2  PLAYER(W)  | +2,000원 → 108,900원  [end_win]
H319 | bet   1,000원 BANKER | P:8♠ K♣=8  B:8♠ 2♦=0  PLAYER(L)  | -1,000원 → 107,900원  [start]
H320 | bet   2,000원 PLAYER | P:3♣ 3♠=6  B:K♠ 2♠ 7♠=9  BANKER(L)  | -2,000원 → 105,900원
H321 | bet   4,000원 PLAYER | P:8♣ 10♣=8  B:9♥ K♣=9  BANKER(L)  | -4,000원 → 101,900원
H322 | bet   8,000원 PLAYER | P:9♣ K♥=9  B:10♦ 3♣=3  PLAYER(W)  | +8,000원 → 109,900원  [end_win]
H323 | bet   1,000원 BANKER | P:7♥ J♣=7  B:K♠ 2♦ Q♠=2  PLAYER(L)  | -1,000원 → 108,900원  [start]
H324 | bet   2,000원 PLAYER | P:J♦ 4♦ Q♦=4  B:7♥ 4♣ 6♠=7  BANKER(L)  | -2,000원 → 106,900원
H325 | bet   4,000원 PLAYER | P:10♥ 3♠ J♥=3  B:3♥ 2♣=5  BANKER(L)  | -4,000원 → 102,900원
H326 | bet   8,000원 PLAYER | P:J♣ J♦ 4♥=4  B:A♥ 6♠=7  BANKER(L)  | -8,000원 → 94,900원
H327 | bet  16,000원 PLAYER | P:K♦ 6♦=6  B:7♠ Q♦=7  BANKER(L)  | -16,000원 → 78,900원  [end_giveup]
H328 | bet   1,000원 BANKER | P:A♦ 6♥=7  B:7♦ 7♣ 3♣=7  TIE(T)  |     0원 → 78,900원
H329 | bet   1,000원 BANKER | P:Q♦ Q♦ 8♦=8  B:A♠ J♥ Q♦=1  PLAYER(L)  | -1,000원 → 77,900원  [start]
H330 | bet   2,000원 PLAYER | P:5♣ 4♦=9  B:9♥ 4♦=3  PLAYER(W)  | +2,000원 → 79,900원  [end_win]
H331 | bet   1,000원 BANKER | P:Q♣ 2♥ 4♥=6  B:J♣ 4♠ 2♥=6  TIE(T)  |     0원 → 79,900원
H332 | bet   1,000원 BANKER | P:4♠ J♥ 3♠=7  B:7♣ 8♠=5  PLAYER(L)  | -1,000원 → 78,900원  [start]
H333 | bet   2,000원 PLAYER | P:8♥ 9♦=7  B:Q♠ 6♥=6  PLAYER(W)  | +2,000원 → 80,900원  [end_win]
H334 | bet   1,000원 BANKER | P:Q♠ 2♣ 7♦=9  B:J♠ 5♥ 5♦=0  PLAYER(L)  | -1,000원 → 79,900원  [start]
H335 | bet   2,000원 PLAYER | P:7♠ 2♣=9  B:2♦ 5♠=7  PLAYER(W)  | +2,000원 → 81,900원  [end_win]
H336 | bet   1,000원 BANKER | P:6♠ 6♥ 10♦=2  B:2♦ 8♠ K♥=0  PLAYER(L)  | -1,000원 → 80,900원  [start]
H337 | bet   2,000원 PLAYER | P:3♦ 10♥=3  B:K♣ 9♦=9  BANKER(L)  | -2,000원 → 78,900원
H338 | bet   4,000원 PLAYER | P:7♣ J♦=7  B:A♦ A♠ 2♠=4  PLAYER(W)  | +4,000원 → 82,900원  [end_win]
H339 | bet   1,000원 BANKER | P:5♠ A♠=6  B:8♦ 3♦ A♠=2  PLAYER(L)  | -1,000원 → 81,900원  [start]
H340 | bet   2,000원 PLAYER | P:K♥ K♦=0  B:4♠ 4♦=8  BANKER(L)  | -2,000원 → 79,900원
H341 | bet   4,000원 PLAYER | P:9♠ 4♦ 10♣=3  B:3♦ J♥ 9♥=2  PLAYER(W)  | +4,000원 → 83,900원  [end_win]
H342 | bet   1,000원 BANKER | P:10♠ K♦ K♦=0  B:4♠ K♥=4  BANKER(W)  | +950원 → 84,850원
H343 | bet   1,000원 BANKER | P:6♣ 3♥=9  B:4♠ 8♥=2  PLAYER(L)  | -1,000원 → 83,850원  [start]
H344 | bet   2,000원 PLAYER | P:K♠ 5♠ 4♥=9  B:9♣ 3♣ 7♥=9  TIE(T)  |     0원 → 83,850원
H345 | bet   2,000원 PLAYER | P:K♠ 2♥ Q♣=2  B:K♠ A♦ 8♦=9  BANKER(L)  | -2,000원 → 81,850원
H346 | bet   4,000원 PLAYER | P:4♦ 3♥=7  B:2♣ J♥ 2♦=4  PLAYER(W)  | +4,000원 → 85,850원  [end_win]
H347 | bet   1,000원 BANKER | P:J♠ K♠ 3♣=3  B:8♠ 2♣ 9♦=9  BANKER(W)  | +950원 → 86,800원
H348 | bet   1,000원 BANKER | P:5♦ 3♥=8  B:7♣ 5♥=2  PLAYER(L)  | -1,000원 → 85,800원  [start]
H349 | bet   2,000원 PLAYER | P:2♣ Q♠ A♦=3  B:Q♥ J♣ 4♠=4  BANKER(L)  | -2,000원 → 83,800원
H350 | bet   4,000원 PLAYER | P:2♠ 7♠=9  B:3♣ J♠=3  PLAYER(W)  | +4,000원 → 87,800원  [end_win]
H351 | bet   1,000원 BANKER | P:5♠ 5♣ 9♠=9  B:2♥ 3♣=5  PLAYER(L)  | -1,000원 → 86,800원  [start]
H352 | bet   2,000원 PLAYER | P:Q♠ 8♥=8  B:7♥ 5♥=2  PLAYER(W)  | +2,000원 → 88,800원  [end_win]
H353 | bet   1,000원 BANKER | P:3♥ 6♥=9  B:6♦ 8♣=4  PLAYER(L)  | -1,000원 → 87,800원  [start]
H354 | bet   2,000원 PLAYER | P:K♥ Q♠ 10♣=0  B:2♥ 3♣=5  BANKER(L)  | -2,000원 → 85,800원
H355 | bet   4,000원 PLAYER | P:J♣ Q♦ 7♦=7  B:A♦ A♥ 5♣=7  TIE(T)  |     0원 → 85,800원
H356 | bet   4,000원 PLAYER | P:5♥ 8♣ 7♥=0  B:5♣ 6♠ A♥=2  BANKER(L)  | -4,000원 → 81,800원
H357 | bet   8,000원 PLAYER | P:6♠ 7♠ 3♠=6  B:2♦ Q♣ 4♥=6  TIE(T)  |     0원 → 81,800원
H358 | bet   8,000원 PLAYER | P:K♦ 10♦=0  B:7♦ 2♥=9  BANKER(L)  | -8,000원 → 73,800원
H359 | bet  16,000원 PLAYER | P:6♠ K♣=6  B:8♠ Q♦=8  BANKER(L)  | -16,000원 → 57,800원  [end_giveup]
H360 | bet   1,000원 BANKER | P:6♠ 2♦=8  B:A♠ Q♠=1  PLAYER(L)  | -1,000원 → 56,800원  [start]
H361 | bet   2,000원 PLAYER | P:A♦ 8♥=9  B:6♦ 2♠=8  PLAYER(W)  | +2,000원 → 58,800원  [end_win]
H362 | bet   1,000원 BANKER | P:J♣ A♣ J♦=1  B:A♣ Q♦ 2♠=3  BANKER(W)  | +950원 → 59,750원
H363 | bet   1,000원 BANKER | P:Q♦ Q♥=0  B:Q♣ 9♥=9  BANKER(W)  | +950원 → 60,700원
H364 | bet   1,000원 BANKER | P:A♣ 3♥ 9♥=3  B:3♥ Q♠ 8♠=1  PLAYER(L)  | -1,000원 → 59,700원  [start]
H365 | bet   2,000원 PLAYER | P:3♣ 6♦=9  B:8♥ J♦=8  PLAYER(W)  | +2,000원 → 61,700원  [end_win]
H366 | bet   1,000원 BANKER | P:5♠ 5♦ Q♥=0  B:9♠ 4♣ 5♦=8  BANKER(W)  | +950원 → 62,650원
H367 | bet   1,000원 BANKER | P:3♠ J♠ 6♠=9  B:5♥ 5♣ 2♥=2  PLAYER(L)  | -1,000원 → 61,650원  [start]
H368 | bet   2,000원 PLAYER | P:2♦ 10♠ 10♦=2  B:5♠ K♦=5  BANKER(L)  | -2,000원 → 59,650원
H369 | bet   4,000원 PLAYER | P:7♠ 7♠ Q♦=4  B:4♥ 6♦ 9♣=9  BANKER(L)  | -4,000원 → 55,650원
H370 | bet   8,000원 PLAYER | P:8♣ A♠=9  B:10♥ A♣=1  PLAYER(W)  | +8,000원 → 63,650원  [end_win]
H371 | bet   1,000원 BANKER | P:A♥ Q♥ J♥=1  B:A♥ 2♥ 6♠=9  BANKER(W)  | +950원 → 64,600원
H372 | bet   1,000원 BANKER | P:6♥ A♦=7  B:2♣ 8♣ 8♠=8  BANKER(W)  | +950원 → 65,550원
H373 | bet   1,000원 BANKER | P:J♦ 10♣ 9♠=9  B:7♦ 9♠=6  PLAYER(L)  | -1,000원 → 64,550원  [start]
H374 | bet   2,000원 PLAYER | P:J♣ Q♣ A♣=1  B:9♣ 2♣ 7♥=8  BANKER(L)  | -2,000원 → 62,550원
H375 | bet   4,000원 PLAYER | P:7♥ Q♥=7  B:4♦ 3♦=7  TIE(T)  |     0원 → 62,550원
H376 | bet   4,000원 PLAYER | P:7♦ J♣=7  B:8♣ A♦=9  BANKER(L)  | -4,000원 → 58,550원
H377 | bet   8,000원 PLAYER | P:10♥ 7♦=7  B:6♣ 7♠ Q♣=3  PLAYER(W)  | +8,000원 → 66,550원  [end_win]
H378 | bet   1,000원 BANKER | P:6♣ A♠=7  B:K♠ 7♥=7  TIE(T)  |     0원 → 66,550원
H379 | bet   1,000원 BANKER | P:3♥ K♥=3  B:K♣ 9♣=9  BANKER(W)  | +950원 → 67,500원
H380 | bet   1,000원 BANKER | P:4♠ J♥ 10♦=4  B:K♣ 5♣=5  BANKER(W)  | +950원 → 68,450원
H381 | bet   1,000원 BANKER | P:9♠ 10♦=9  B:10♣ 6♥=6  PLAYER(L)  | -1,000원 → 67,450원  [start]
H382 | bet   2,000원 PLAYER | P:10♠ J♣ 4♣=4  B:3♠ K♠ 5♦=8  BANKER(L)  | -2,000원 → 65,450원
H383 | bet   4,000원 PLAYER | P:Q♦ 8♠=8  B:10♣ 7♣=7  PLAYER(W)  | +4,000원 → 69,450원  [end_win]
H384 | bet   1,000원 BANKER | P:7♣ Q♥=7  B:2♠ 4♣=6  PLAYER(L)  | -1,000원 → 68,450원  [start]
H385 | bet   2,000원 PLAYER | P:5♠ 3♣=8  B:A♣ 2♦=3  PLAYER(W)  | +2,000원 → 70,450원  [end_win]
H386 | bet   1,000원 BANKER | P:K♣ J♠ 4♣=4  B:K♠ 4♣ J♦=4  TIE(T)  |     0원 → 70,450원
H387 | bet   1,000원 BANKER | P:5♥ 10♠=5  B:5♥ 3♠=8  BANKER(W)  | +950원 → 71,400원
H388 | bet   1,000원 BANKER | P:10♣ 8♦=8  B:Q♣ 8♣=8  TIE(T)  |     0원 → 71,400원
H389 | bet   1,000원 BANKER | P:J♣ J♥ K♠=0  B:K♦ 10♥ 4♥=4  BANKER(W)  | +950원 → 72,350원
H390 | bet   1,000원 BANKER | P:K♥ J♦ 6♣=6  B:4♦ K♣ 5♦=9  BANKER(W)  | +950원 → 73,300원
H391 | bet   1,000원 BANKER | P:7♥ 5♦=2  B:A♣ 8♦=9  BANKER(W)  | +950원 → 74,250원
H392 | bet   1,000원 BANKER | P:K♣ 6♣=6  B:5♣ 9♣ 6♦=0  PLAYER(L)  | -1,000원 → 73,250원  [start]
H393 | bet   2,000원 PLAYER | P:Q♠ 10♦ 3♦=3  B:4♥ 8♦ 8♥=0  PLAYER(W)  | +2,000원 → 75,250원  [end_win]
H394 | bet   1,000원 BANKER | P:J♠ 6♣=6  B:6♥ J♣=6  TIE(T)  |     0원 → 75,250원
H395 | bet   1,000원 BANKER | P:8♥ 8♦=6  B:6♥ 7♦ 2♠=5  PLAYER(L)  | -1,000원 → 74,250원  [start]
H396 | bet   2,000원 PLAYER | P:A♠ K♣ 5♣=6  B:7♠ 3♣ 4♥=4  PLAYER(W)  | +2,000원 → 76,250원  [end_win]
H397 | bet   1,000원 BANKER | P:10♠ 9♥=9  B:6♣ 5♠=1  PLAYER(L)  | -1,000원 → 75,250원  [start]
H398 | bet   2,000원 PLAYER | P:4♠ 5♣=9  B:9♠ 8♣=7  PLAYER(W)  | +2,000원 → 77,250원  [end_win]
H399 | bet   1,000원 BANKER | P:5♥ 7♠ 10♥=2  B:2♠ 2♥=4  BANKER(W)  | +950원 → 78,200원
H400 | bet   1,000원 BANKER | P:7♣ 8♥ 8♣=3  B:J♦ 3♦=3  TIE(T)  |     0원 → 78,200원
H401 | bet   1,000원 BANKER | P:A♠ 9♦ A♥=1  B:3♥ 10♣ 7♣=0  PLAYER(L)  | -1,000원 → 77,200원  [start]
H402 | bet   2,000원 PLAYER | P:6♦ 5♦ J♦=1  B:10♠ J♥ 4♥=4  BANKER(L)  | -2,000원 → 75,200원
H403 | bet   4,000원 PLAYER | P:3♠ 2♣ 10♦=5  B:7♥ Q♥=7  BANKER(L)  | -4,000원 → 71,200원
H404 | bet   8,000원 PLAYER | P:6♦ J♠=6  B:3♦ J♠ 10♥=3  PLAYER(W)  | +8,000원 → 79,200원  [end_win]
H405 | bet   1,000원 BANKER | P:K♦ 4♠ 9♥=3  B:10♥ 4♣=4  BANKER(W)  | +950원 → 80,150원
H406 | bet   1,000원 BANKER | P:3♠ 9♣ 6♣=8  B:K♦ 4♥ 6♦=0  PLAYER(L)  | -1,000원 → 79,150원  [start]
H407 | bet   2,000원 PLAYER | P:Q♣ 4♦=4  B:9♠ 9♦=8  BANKER(L)  | -2,000원 → 77,150원
H408 | bet   4,000원 PLAYER | P:J♥ 10♥ 8♠=8  B:9♥ A♥ Q♦=0  PLAYER(W)  | +4,000원 → 81,150원  [end_win]
H409 | bet   1,000원 BANKER | P:4♣ 4♣=8  B:7♣ 7♦=4  PLAYER(L)  | -1,000원 → 80,150원  [start]
H410 | bet   2,000원 PLAYER | P:A♥ 10♣ 6♠=7  B:6♥ K♥ Q♦=6  PLAYER(W)  | +2,000원 → 82,150원  [end_win]
H411 | bet   1,000원 BANKER | P:10♦ 10♠=0  B:9♦ 9♦=8  BANKER(W)  | +950원 → 83,100원
H412 | bet   1,000원 BANKER | P:3♦ 9♥=2  B:9♣ 9♣=8  BANKER(W)  | +950원 → 84,050원
H413 | bet   1,000원 BANKER | P:10♠ 9♦=9  B:A♥ A♦=2  PLAYER(L)  | -1,000원 → 83,050원  [start]
H414 | bet   2,000원 PLAYER | P:5♠ 3♠=8  B:5♦ 2♣=7  PLAYER(W)  | +2,000원 → 85,050원  [end_win]
H415 | bet   1,000원 BANKER | P:10♠ J♠ 10♦=0  B:2♠ K♦ 9♥=1  BANKER(W)  | +950원 → 86,000원
H416 | bet   1,000원 BANKER | P:K♣ 9♣=9  B:K♦ 6♥=6  PLAYER(L)  | -1,000원 → 85,000원  [start]
H417 | bet   2,000원 PLAYER | P:3♥ 9♦ 7♥=9  B:10♣ Q♥ 7♣=7  PLAYER(W)  | +2,000원 → 87,000원  [end_win]
H418 | bet   1,000원 BANKER | P:9♥ A♦ 8♣=8  B:3♠ 7♠ 3♥=3  PLAYER(L)  | -1,000원 → 86,000원  [start]
H419 | bet   2,000원 PLAYER | P:7♠ J♥=7  B:A♦ Q♠ K♣=1  PLAYER(W)  | +2,000원 → 88,000원  [end_win]
H420 | bet   1,000원 BANKER | P:5♦ K♣=5  B:9♣ 10♣=9  BANKER(W)  | +950원 → 88,950원
H421 | bet   1,000원 BANKER | P:6♥ 5♠ K♠=1  B:6♦ Q♠=6  BANKER(W)  | +950원 → 89,900원
H422 | bet   1,000원 BANKER | P:A♠ 8♣=9  B:2♦ J♠=2  PLAYER(L)  | -1,000원 → 88,900원  [start]
H423 | bet   2,000원 PLAYER | P:8♠ Q♥=8  B:2♠ 7♥=9  BANKER(L)  | -2,000원 → 86,900원
H424 | bet   4,000원 PLAYER | P:3♦ 6♦=9  B:A♥ 3♣=4  PLAYER(W)  | +4,000원 → 90,900원  [end_win]
H425 | bet   1,000원 BANKER | P:9♠ 5♥ 8♥=2  B:A♠ 6♦=7  BANKER(W)  | +950원 → 91,850원
H426 | bet   1,000원 BANKER | P:6♣ Q♠=6  B:8♠ 9♥=7  BANKER(W)  | +950원 → 92,800원
H427 | bet   1,000원 BANKER | P:7♣ 2♣=9  B:Q♦ Q♥=0  PLAYER(L)  | -1,000원 → 91,800원  [start]
H428 | bet   2,000원 PLAYER | P:10♠ 5♠ 9♥=4  B:7♠ 10♥=7  BANKER(L)  | -2,000원 → 89,800원
H429 | bet   4,000원 PLAYER | P:A♥ 6♣=7  B:4♠ 5♥=9  BANKER(L)  | -4,000원 → 85,800원
H430 | bet   8,000원 PLAYER | P:8♦ 4♦=2  B:5♣ 3♠=8  BANKER(L)  | -8,000원 → 77,800원
H431 | bet  16,000원 PLAYER | P:6♦ Q♥=6  B:8♥ J♦=8  BANKER(L)  | -16,000원 → 61,800원  [end_giveup]
H432 | bet   1,000원 BANKER | P:K♣ 9♦=9  B:6♣ K♠=6  PLAYER(L)  | -1,000원 → 60,800원  [start]
H433 | bet   2,000원 PLAYER | P:A♠ 7♣=8  B:J♦ K♠=0  PLAYER(W)  | +2,000원 → 62,800원  [end_win]
H434 | bet   1,000원 BANKER | P:8♠ A♦=9  B:6♣ 6♣=2  PLAYER(L)  | -1,000원 → 61,800원  [start]
H435 | bet   2,000원 PLAYER | P:10♥ 3♠=3  B:2♠ 7♦=9  BANKER(L)  | -2,000원 → 59,800원
H436 | bet   4,000원 PLAYER | P:5♣ 6♥ 9♣=0  B:K♦ 5♣=5  BANKER(L)  | -4,000원 → 55,800원
H437 | bet   8,000원 PLAYER | P:10♥ 5♦ 2♥=7  B:K♣ 6♦=6  PLAYER(W)  | +8,000원 → 63,800원  [end_win]
H438 | bet   1,000원 BANKER | P:2♣ 7♦=9  B:6♣ 8♦=4  PLAYER(L)  | -1,000원 → 62,800원  [start]
H439 | bet   2,000원 PLAYER | P:4♦ A♣ 6♥=1  B:J♣ 6♦ 6♥=2  BANKER(L)  | -2,000원 → 60,800원
H440 | bet   4,000원 PLAYER | P:Q♦ K♥=0  B:4♠ 5♣=9  BANKER(L)  | -4,000원 → 56,800원
H441 | bet   8,000원 PLAYER | P:3♣ K♥=3  B:8♥ 10♦=8  BANKER(L)  | -8,000원 → 48,800원

Result: RUIN (capital_depleted)
Final: 48,800원  Hands: 441  Bets: 400  Wagered: 1,055,000원  Max losing streak: 7
