=== Session 44 ===
Seed: 2575724861012783070
Initial: 100,000원  Target: 500,000원  Ruin: 50,000원  Table-max: 100,000원
Strategy: martingale (pivot, steps=4)
Base bet: 1,000원  Primary side: BANKER

H001 | bet   1,000원 BANKER | P:3♠ 9♠ 7♣=9  B:5♣ 8♥ 10♣=3  PLAYER(L)  | -1,000원 → 99,000원  [start]
H002 | bet   2,000원 PLAYER | P:3♣ 8♠ 9♦=0  B:10♠ 2♣ K♣=2  BANKER(L)  | -2,000원 → 97,000원
H003 | bet   4,000원 PLAYER | P:6♥ 3♠=9  B:4♥ A♠=5  PLAYER(W)  | +4,000원 → 101,000원  [end_win]
H004 | bet   1,000원 BANKER | P:3♦ 4♥=7  B:3♣ 8♠ 4♦=5  PLAYER(L)  | -1,000원 → 100,000원  [start]
H005 | bet   2,000원 PLAYER | P:2♠ 2♦ 5♦=9  B:Q♣ 10♦ 7♠=7  PLAYER(W)  | +2,000원 → 102,000원  [end_win]
H006 | bet   1,000원 BANKER | P:10♥ 8♦=8  B:8♦ K♠=8  TIE(T)  |     0원 → 102,000원
H007 | bet   1,000원 BANKER | P:K♥ Q♣ 3♣=3  B:2♣ 3♥=5  BANKER(W)  | +950원 → 102,950원
H008 | bet   1,000원 BANKER | P:2♦ Q♠ A♥=3  B:5♦ 10♥=5  BANKER(W)  | +950원 → 103,900원
H009 | bet   1,000원 BANKER | P:J♥ 10♠ 5♥=5  B:K♥ 10♦ A♦=1  PLAYER(L)  | -1,000원 → 102,900원  [start]
H010 | bet   2,000원 PLAYER | P:5♠ J♦=5  B:8♣ J♠=8  BANKER(L)  | -2,000원 → 100,900원
H011 | bet   4,000원 PLAYER | P:5♦ Q♦ K♣=5  B:7♦ 10♠=7  BANKER(L)  | -4,000원 → 96,900원
H012 | bet   8,000원 PLAYER | P:2♣ J♦=2  B:Q♥ 8♣=8  BANKER(L)  | -8,000원 → 88,900원
H013 | bet  16,000원 PLAYER | P:A♣ 10♣ 9♥=0  B:Q♦ 2♥ 8♥=0  TIE(T)  |     0원 → 88,900원
H014 | bet  16,000원 PLAYER | P:10♣ 4♣ 10♣=4  B:3♠ 3♠=6  BANKER(L)  | -16,000원 → 72,900원  [end_giveup]
H015 | bet   1,000원 BANKER | P:4♠ 4♣=8  B:9♥ 6♠=5  PLAYER(L)  | -1,000원 → 71,900원  [start]
H016 | bet   2,000원 PLAYER | P:6♣ K♥=6  B:J♣ 10♠ J♠=0  PLAYER(W)  | +2,000원 → 73,900원  [end_win]
H017 | bet   1,000원 BANKER | P:3♥ Q♦ 8♣=1  B:9♣ 4♥=3  BANKER(W)  | +950원 → 74,850원
H018 | bet   1,000원 BANKER | P:K♠ Q♠=0  B:2♠ 7♣=9  BANKER(W)  | +950원 → 75,800원
H019 | bet   1,000원 BANKER | P:9♠ K♠=9  B:9♦ 4♣=3  PLAYER(L)  | -1,000원 → 74,800원  [start]
H020 | bet   2,000원 PLAYER | P:J♦ 2♠ 5♦=7  B:8♣ 3♣ 3♦=4  PLAYER(W)  | +2,000원 → 76,800원  [end_win]
H021 | bet   1,000원 BANKER | P:5♦ Q♥ 3♦=8  B:10♣ K♣ 2♣=2  PLAYER(L)  | -1,000원 → 75,800원  [start]
H022 | bet   2,000원 PLAYER | P:3♥ 6♦=9  B:9♥ 9♠=8  PLAYER(W)  | +2,000원 → 77,800원  [end_win]
H023 | bet   1,000원 BANKER | P:A♦ 6♥=7  B:Q♣ Q♥ A♥=1  PLAYER(L)  | -1,000원 → 76,800원  [start]
H024 | bet   2,000원 PLAYER | P:7♦ 4♦ 3♠=4  B:Q♥ 4♠ 6♥=0  PLAYER(W)  | +2,000원 → 78,800원  [end_win]
H025 | bet   1,000원 BANKER | P:J♦ K♠ 2♠=2  B:K♣ 5♣=5  BANKER(W)  | +950원 → 79,750원
H026 | bet   1,000원 BANKER | P:7♦ 9♣=6  B:8♣ 4♦ A♣=3  PLAYER(L)  | -1,000원 → 78,750원  [start]
H027 | bet   2,000원 PLAYER | P:8♣ 9♠=7  B:3♦ 5♣=8  BANKER(L)  | -2,000원 → 76,750원
H028 | bet   4,000원 PLAYER | P:K♥ 10♦ Q♠=0  B:J♠ 6♣=6  BANKER(L)  | -4,000원 → 72,750원
H029 | bet   8,000원 PLAYER | P:9♣ 2♣ A♣=2  B:Q♦ 6♠=6  BANKER(L)  | -8,000원 → 64,750원
H030 | bet  16,000원 PLAYER | P:7♣ J♦=7  B:9♣ J♣=9  BANKER(L)  | -16,000원 → 48,750원  [end_giveup]

Result: RUIN (capital_depleted)
Final: 48,750원  Hands: 30  Bets: 28  Wagered: 89,000원  Max losing streak: 6
