=== Session 2 ===
Seed: 4517457392071889495
Initial: 100,000원  Target: 500,000원  Ruin: 50,000원  Table-max: 100,000원
Strategy: martingale (pivot, steps=4)
Base bet: 1,000원  Primary side: BANKER

H001 | bet   1,000원 BANKER | P:K♣ 8♦=8  B:K♠ 2♠=2  PLAYER(L)  | -1,000원 → 99,000원  [start]
H002 | bet   2,000원 PLAYER | P:K♣ 3♦ A♠=4  B:A♣ 5♣=6  BANKER(L)  | -2,000원 → 97,000원
H003 | bet   4,000원 PLAYER | P:A♠ J♥ J♦=1  B:5♠ 7♥ 7♥=9  BANKER(L)  | -4,000원 → 93,000원
H004 | bet   8,000원 PLAYER | P:5♦ 9♦=4  B:9♦ 9♥=8  BANKER(L)  | -8,000원 → 85,000원
H005 | bet  16,000원 PLAYER | P:A♣ J♥ 3♣=4  B:J♥ 6♥=6  BANKER(L)  | -16,000원 → 69,000원  [end_giveup]
H006 | bet   1,000원 BANKER | P:7♠ A♦=8  B:7♥ Q♠=7  PLAYER(L)  | -1,000원 → 68,000원  [start]
H007 | bet   2,000원 PLAYER | P:5♥ Q♠ 6♠=1  B:J♠ 7♥=7  BANKER(L)  | -2,000원 → 66,000원
H008 | bet   4,000원 PLAYER | P:10♦ 5♥ 4♠=9  B:K♣ 4♠ K♣=4  PLAYER(W)  | +4,000원 → 70,000원  [end_win]
H009 | bet   1,000원 BANKER | P:K♥ A♥ A♠=2  B:K♠ 3♥ 3♣=6  BANKER(W)  | +950원 → 70,950원
H010 | bet   1,000원 BANKER | P:5♠ 9♠ Q♣=4  B:5♥ K♦=5  BANKER(W)  | +950원 → 71,900원
H011 | bet   1,000원 BANKER | P:7♣ Q♠=7  B:5♣ 6♥ 6♣=7  TIE(T)  |     0원 → 71,900원
H012 | bet   1,000원 BANKER | P:6♣ 9♦ A♦=6  B:8♥ 6♦=4  PLAYER(L)  | -1,000원 → 70,900원  [start]
H013 | bet   2,000원 PLAYER | P:9♠ 8♣=7  B:2♥ 6♥=8  BANKER(L)  | -2,000원 → 68,900원
H014 | bet   4,000원 PLAYER | P:J♣ 7♣=7  B:Q♥ 6♠=6  PLAYER(W)  | +4,000원 → 72,900원  [end_win]
H015 | bet   1,000원 BANKER | P:K♦ 7♦=7  B:8♦ 10♠=8  BANKER(W)  | +950원 → 73,850원
H016 | bet   1,000원 BANKER | P:A♥ 5♦=6  B:6♠ 3♠=9  BANKER(W)  | +950원 → 74,800원
H017 | bet   1,000원 BANKER | P:A♣ K♥=1  B:Q♦ 9♦=9  BANKER(W)  | +950원 → 75,750원
H018 | bet   1,000원 BANKER | P:6♠ K♥=6  B:10♥ 8♣=8  BANKER(W)  | +950원 → 76,700원
H019 | bet   1,000원 BANKER | P:K♠ 4♦=4  B:3♥ 5♦=8  BANKER(W)  | +950원 → 77,650원
H020 | bet   1,000원 BANKER | P:Q♦ A♥=1  B:A♦ 8♦=9  BANKER(W)  | +950원 → 78,600원
H021 | bet   1,000원 BANKER | P:6♥ 8♦ 5♥=9  B:8♥ 6♣ 4♠=8  PLAYER(L)  | -1,000원 → 77,600원  [start]
H022 | bet   2,000원 PLAYER | P:4♣ 10♣ 4♣=8  B:8♠ 5♠ 4♣=7  PLAYER(W)  | +2,000원 → 79,600원  [end_win]
H023 | bet   1,000원 BANKER | P:2♣ K♦ 9♦=1  B:J♣ 10♣ K♥=0  PLAYER(L)  | -1,000원 → 78,600원  [start]
H024 | bet   2,000원 PLAYER | P:2♥ Q♣ 6♦=8  B:4♦ K♣ 10♥=4  PLAYER(W)  | +2,000원 → 80,600원  [end_win]
H025 | bet   1,000원 BANKER | P:10♦ 7♦=7  B:J♠ K♦ 2♣=2  PLAYER(L)  | -1,000원 → 79,600원  [start]
H026 | bet   2,000원 PLAYER | P:J♦ 8♦=8  B:8♣ Q♥=8  TIE(T)  |     0원 → 79,600원
H027 | bet   2,000원 PLAYER | P:4♥ 6♠ Q♣=0  B:10♥ J♣ 3♦=3  BANKER(L)  | -2,000원 → 77,600원
H028 | bet   4,000원 PLAYER | P:9♣ 2♣ K♠=1  B:7♣ 9♥=6  BANKER(L)  | -4,000원 → 73,600원
H029 | bet   8,000원 PLAYER | P:Q♣ 4♦ 7♠=1  B:3♥ 7♦ 2♣=2  BANKER(L)  | -8,000원 → 65,600원
H030 | bet  16,000원 PLAYER | P:Q♦ 5♠ A♥=6  B:J♠ K♠ 7♠=7  BANKER(L)  | -16,000원 → 49,600원  [end_giveup]

Result: RUIN (capital_depleted)
Final: 49,600원  Hands: 30  Bets: 28  Wagered: 90,000원  Max losing streak: 7
