=== Session 40 ===
Seed: 1220964237380856478
Initial: 100,000원  Target: 500,000원  Ruin: 50,000원  Table-max: 100,000원
Strategy: martingale (pivot, steps=4)
Base bet: 1,000원  Primary side: BANKER

H001 | bet   1,000원 BANKER | P:4♠ 4♦=8  B:10♠ J♠=0  PLAYER(L)  | -1,000원 → 99,000원  [start]
H002 | bet   2,000원 PLAYER | P:5♦ 10♥=5  B:J♥ 9♠=9  BANKER(L)  | -2,000원 → 97,000원
H003 | bet   4,000원 PLAYER | P:5♥ 3♥=8  B:5♦ K♦=5  PLAYER(W)  | +4,000원 → 101,000원  [end_win]
H004 | bet   1,000원 BANKER | P:4♦ A♦ 9♠=4  B:4♣ 6♣ 2♣=2  PLAYER(L)  | -1,000원 → 100,000원  [start]
H005 | bet   2,000원 PLAYER | P:K♦ 8♦=8  B:3♣ Q♥=3  PLAYER(W)  | +2,000원 → 102,000원  [end_win]
H006 | bet   1,000원 BANKER | P:3♠ Q♠=3  B:8♥ K♥=8  BANKER(W)  | +950원 → 102,950원
H007 | bet   1,000원 BANKER | P:3♦ 3♥=6  B:A♦ 2♣ 9♥=2  PLAYER(L)  | -1,000원 → 101,950원  [start]
H008 | bet   2,000원 PLAYER | P:A♠ 10♣ 3♠=4  B:2♠ 5♣=7  BANKER(L)  | -2,000원 → 99,950원
H009 | bet   4,000원 PLAYER | P:4♦ 6♣=0  B:4♠ 4♠=8  BANKER(L)  | -4,000원 → 95,950원
H010 | bet   8,000원 PLAYER | P:5♣ K♥ 5♠=0  B:10♠ 10♥ 8♣=8  BANKER(L)  | -8,000원 → 87,950원
H011 | bet  16,000원 PLAYER | P:K♠ 7♠=7  B:K♣ 2♦ 7♥=9  BANKER(L)  | -16,000원 → 71,950원  [end_giveup]
H012 | bet   1,000원 BANKER | P:7♦ 4♣=1  B:J♣ 9♣=9  BANKER(W)  | +950원 → 72,900원
H013 | bet   1,000원 BANKER | P:6♠ A♦=7  B:7♣ 8♠ 10♥=5  PLAYER(L)  | -1,000원 → 71,900원  [start]
H014 | bet   2,000원 PLAYER | P:K♠ Q♥=0  B:8♠ K♦=8  BANKER(L)  | -2,000원 → 69,900원
H015 | bet   4,000원 PLAYER | P:K♣ 9♠=9  B:8♣ 8♠=6  PLAYER(W)  | +4,000원 → 73,900원  [end_win]
H016 | bet   1,000원 BANKER | P:5♦ K♥ J♥=5  B:9♠ 4♣ 10♦=3  PLAYER(L)  | -1,000원 → 72,900원  [start]
H017 | bet   2,000원 PLAYER | P:3♦ 10♦ 2♦=5  B:4♠ Q♦ 8♥=2  PLAYER(W)  | +2,000원 → 74,900원  [end_win]
H018 | bet   1,000원 BANKER | P:4♦ J♣ 5♦=9  B:A♦ 3♣ 2♦=6  PLAYER(L)  | -1,000원 → 73,900원  [start]
H019 | bet   2,000원 PLAYER | P:Q♥ Q♣=0  B:7♥ A♣=8  BANKER(L)  | -2,000원 → 71,900원
H020 | bet   4,000원 PLAYER | P:4♦ K♣ 4♥=8  B:7♣ 9♦=6  PLAYER(W)  | +4,000원 → 75,900원  [end_win]
H021 | bet   1,000원 BANKER | P:10♠ 5♣=5  B:A♠ 8♠=9  BANKER(W)  | +950원 → 76,850원
H022 | bet   1,000원 BANKER | P:7♦ 6♣=3  B:3♥ 6♥=9  BANKER(W)  | +950원 → 77,800원
H023 | bet   1,000원 BANKER | P:9♦ 3♥ 6♦=8  B:3♠ 3♣ 6♠=2  PLAYER(L)  | -1,000원 → 76,800원  [start]
H024 | bet   2,000원 PLAYER | P:7♦ 5♦=2  B:Q♥ 9♣=9  BANKER(L)  | -2,000원 → 74,800원
H025 | bet   4,000원 PLAYER | P:9♥ 3♦ 9♣=1  B:6♠ Q♦=6  BANKER(L)  | -4,000원 → 70,800원
H026 | bet   8,000원 PLAYER | P:5♥ J♦ 7♣=2  B:Q♥ Q♠ 9♦=9  BANKER(L)  | -8,000원 → 62,800원
H027 | bet  16,000원 PLAYER | P:2♠ J♣ 2♦=4  B:5♠ 5♠ 5♣=5  BANKER(L)  | -16,000원 → 46,800원  [end_giveup]

Result: RUIN (capital_depleted)
Final: 46,800원  Hands: 27  Bets: 27  Wagered: 93,000원  Max losing streak: 5
