=== Session 3 ===
Seed: 2574020394472462046
Initial: 100,000원  Target: 500,000원  Ruin: 50,000원  Table-max: 100,000원
Strategy: martingale (pivot, steps=4)
Base bet: 1,000원  Primary side: BANKER

H001 | bet   1,000원 BANKER | P:A♦ A♣ 8♦=0  B:K♠ A♣ 3♦=4  BANKER(W)  | +950원 → 100,950원
H002 | bet   1,000원 BANKER | P:A♠ J♥ 6♥=7  B:K♥ 4♣ 9♦=3  PLAYER(L)  | -1,000원 → 99,950원  [start]
H003 | bet   2,000원 PLAYER | P:4♠ K♠ 6♠=0  B:7♣ 7♥ J♣=4  BANKER(L)  | -2,000원 → 97,950원
H004 | bet   4,000원 PLAYER | P:2♠ 6♥=8  B:6♣ 3♣=9  BANKER(L)  | -4,000원 → 93,950원
H005 | bet   8,000원 PLAYER | P:3♦ 8♠ 6♣=7  B:Q♦ 4♦ 8♦=2  PLAYER(W)  | +8,000원 → 101,950원  [end_win]
H006 | bet   1,000원 BANKER | P:K♣ J♥=0  B:8♥ Q♥=8  BANKER(W)  | +950원 → 102,900원
H007 | bet   1,000원 BANKER | P:3♣ 6♠=9  B:10♠ 2♥=2  PLAYER(L)  | -1,000원 → 101,900원  [start]
H008 | bet   2,000원 PLAYER | P:J♠ 4♥ 9♣=3  B:8♦ 8♣=6  BANKER(L)  | -2,000원 → 99,900원
H009 | bet   4,000원 PLAYER | P:J♣ 10♦ A♠=1  B:K♥ J♥ 4♣=4  BANKER(L)  | -4,000원 → 95,900원
H010 | bet   8,000원 PLAYER | P:9♠ K♣=9  B:A♦ 3♥=4  PLAYER(W)  | +8,000원 → 103,900원  [end_win]
H011 | bet   1,000원 BANKER | P:9♣ 3♥=2  B:9♥ J♠=9  BANKER(W)  | +950원 → 104,850원
H012 | bet   1,000원 BANKER | P:J♠ K♣ 2♠=2  B:4♦ K♥ 7♣=1  PLAYER(L)  | -1,000원 → 103,850원  [start]
H013 | bet   2,000원 PLAYER | P:6♦ 2♦=8  B:Q♥ 7♠=7  PLAYER(W)  | +2,000원 → 105,850원  [end_win]
H014 | bet   1,000원 BANKER | P:2♠ 8♥=0  B:9♥ 9♠=8  BANKER(W)  | +950원 → 106,800원
H015 | bet   1,000원 BANKER | P:2♠ 6♣=8  B:A♠ J♦=1  PLAYER(L)  | -1,000원 → 105,800원  [start]
H016 | bet   2,000원 PLAYER | P:9♥ A♥=0  B:2♣ 6♥=8  BANKER(L)  | -2,000원 → 103,800원
H017 | bet   4,000원 PLAYER | P:6♥ K♣=6  B:5♣ 9♥ J♣=4  PLAYER(W)  | +4,000원 → 107,800원  [end_win]
H018 | bet   1,000원 BANKER | P:9♥ 3♦ 9♣=1  B:A♦ Q♣ 10♦=1  TIE(T)  |     0원 → 107,800원
H019 | bet   1,000원 BANKER | P:Q♣ 7♣=7  B:A♥ 4♦ 5♠=0  PLAYER(L)  | -1,000원 → 106,800원  [start]
H020 | bet   2,000원 PLAYER | P:2♥ A♥ 8♦=1  B:8♥ 5♠=3  BANKER(L)  | -2,000원 → 104,800원
H021 | bet   4,000원 PLAYER | P:8♣ 3♠ 7♠=8  B:A♦ K♣ 5♦=6  PLAYER(W)  | +4,000원 → 108,800원  [end_win]
H022 | bet   1,000원 BANKER | P:4♥ 7♦ A♠=2  B:8♦ 3♥ 3♣=4  BANKER(W)  | +950원 → 109,750원
H023 | bet   1,000원 BANKER | P:3♦ 5♥=8  B:3♣ 3♦=6  PLAYER(L)  | -1,000원 → 108,750원  [start]
H024 | bet   2,000원 PLAYER | P:9♠ 9♦=8  B:A♦ 2♥=3  PLAYER(W)  | +2,000원 → 110,750원  [end_win]
H025 | bet   1,000원 BANKER | P:K♥ Q♦ 5♣=5  B:10♣ J♦ A♣=1  PLAYER(L)  | -1,000원 → 109,750원  [start]
H026 | bet   2,000원 PLAYER | P:10♣ 3♣=3  B:6♠ 3♠=9  BANKER(L)  | -2,000원 → 107,750원
H027 | bet   4,000원 PLAYER | P:10♠ K♠ 2♣=2  B:7♠ Q♦=7  BANKER(L)  | -4,000원 → 103,750원
H028 | bet   8,000원 PLAYER | P:10♥ 10♠=0  B:9♠ K♦=9  BANKER(L)  | -8,000원 → 95,750원
H029 | bet  16,000원 PLAYER | P:Q♦ 6♦=6  B:J♦ 4♣ 7♠=1  PLAYER(W)  | +16,000원 → 111,750원  [end_win]
H030 | bet   1,000원 BANKER | P:2♠ 2♣ 5♥=9  B:Q♦ 4♠ 2♣=6  PLAYER(L)  | -1,000원 → 110,750원  [start]
H031 | bet   2,000원 PLAYER | P:10♥ 8♣=8  B:9♥ 8♠=7  PLAYER(W)  | +2,000원 → 112,750원  [end_win]
H032 | bet   1,000원 BANKER | P:6♦ A♥=7  B:6♠ J♦=6  PLAYER(L)  | -1,000원 → 111,750원  [start]
H033 | bet   2,000원 PLAYER | P:2♥ 10♥ A♣=3  B:K♦ 6♦=6  BANKER(L)  | -2,000원 → 109,750원
H034 | bet   4,000원 PLAYER | P:4♦ 3♠=7  B:8♠ J♥=8  BANKER(L)  | -4,000원 → 105,750원
H035 | bet   8,000원 PLAYER | P:J♥ K♦ 5♣=5  B:3♦ 9♠ 10♣=2  PLAYER(W)  | +8,000원 → 113,750원  [end_win]
H036 | bet   1,000원 BANKER | P:8♥ 4♥ 10♠=2  B:10♦ 7♥=7  BANKER(W)  | +950원 → 114,700원
H037 | bet   1,000원 BANKER | P:5♠ A♣=6  B:10♣ 7♣=7  BANKER(W)  | +950원 → 115,650원
H038 | bet   1,000원 BANKER | P:4♥ 6♠ J♠=0  B:Q♦ 5♠=5  BANKER(W)  | +950원 → 116,600원
H039 | bet   1,000원 BANKER | P:K♣ 6♠=6  B:8♠ K♣=8  BANKER(W)  | +950원 → 117,550원
H040 | bet   1,000원 BANKER | P:2♦ 6♥=8  B:2♠ 8♣=0  PLAYER(L)  | -1,000원 → 116,550원  [start]
H041 | bet   2,000원 PLAYER | P:2♥ 10♥ 5♦=7  B:Q♠ 5♠ 8♣=3  PLAYER(W)  | +2,000원 → 118,550원  [end_win]
H042 | bet   1,000원 BANKER | P:9♥ Q♥=9  B:10♦ J♥=0  PLAYER(L)  | -1,000원 → 117,550원  [start]
H043 | bet   2,000원 PLAYER | P:9♦ 7♦=6  B:9♦ 9♣=8  BANKER(L)  | -2,000원 → 115,550원
H044 | bet   4,000원 PLAYER | P:3♣ 8♠ 4♥=5  B:8♣ 7♠ 6♦=1  PLAYER(W)  | +4,000원 → 119,550원  [end_win]
H045 | bet   1,000원 BANKER | P:4♠ Q♠ K♦=4  B:4♠ Q♠=4  TIE(T)  |     0원 → 119,550원
H046 | bet   1,000원 BANKER | P:K♥ 6♥=6  B:5♥ 9♦ 4♥=8  BANKER(W)  | +950원 → 120,500원
H047 | bet   1,000원 BANKER | P:2♣ 7♥=9  B:5♥ 6♦=1  PLAYER(L)  | -1,000원 → 119,500원  [start]
H048 | bet   2,000원 PLAYER | P:K♦ Q♦=0  B:7♦ A♥=8  BANKER(L)  | -2,000원 → 117,500원
H049 | bet   4,000원 PLAYER | P:6♠ 5♠ 2♣=3  B:J♣ Q♥ K♦=0  PLAYER(W)  | +4,000원 → 121,500원  [end_win]
H050 | bet   1,000원 BANKER | P:3♠ 5♥=8  B:J♥ 10♦=0  PLAYER(L)  | -1,000원 → 120,500원  [start]
H051 | bet   2,000원 PLAYER | P:2♣ A♣ Q♣=3  B:K♦ A♣ Q♠=1  PLAYER(W)  | +2,000원 → 122,500원  [end_win]
H052 | bet   1,000원 BANKER | P:A♠ 8♣=9  B:3♣ J♣=3  PLAYER(L)  | -1,000원 → 121,500원  [start]
H053 | bet   2,000원 PLAYER | P:2♦ 3♠=5  B:3♠ 5♦=8  BANKER(L)  | -2,000원 → 119,500원
H054 | bet   4,000원 PLAYER | P:10♣ 3♥ 3♣=6  B:J♦ 2♦ A♥=3  PLAYER(W)  | +4,000원 → 123,500원  [end_win]
H055 | bet   1,000원 BANKER | P:A♥ A♦=2  B:8♦ Q♥=8  BANKER(W)  | +950원 → 124,450원
H056 | bet   1,000원 BANKER | P:7♠ K♠=7  B:Q♥ 9♠=9  BANKER(W)  | +950원 → 125,400원
H057 | bet   1,000원 BANKER | P:K♠ 7♦=7  B:6♦ 7♥ 7♥=0  PLAYER(L)  | -1,000원 → 124,400원  [start]
H058 | bet   2,000원 PLAYER | P:K♦ 9♦=9  B:4♦ 8♥=2  PLAYER(W)  | +2,000원 → 126,400원  [end_win]
H059 | bet   1,000원 BANKER | P:J♦ J♠ 5♦=5  B:7♦ 4♠ 9♦=0  PLAYER(L)  | -1,000원 → 125,400원  [start]
H060 | bet   2,000원 PLAYER | P:K♥ 8♥=8  B:J♣ 3♠=3  PLAYER(W)  | +2,000원 → 127,400원  [end_win]
H061 | bet   1,000원 BANKER | P:8♥ 3♠ 3♥=4  B:4♣ 3♥=7  BANKER(W)  | +950원 → 128,350원
H062 | bet   1,000원 BANKER | P:3♦ 5♦=8  B:Q♣ 8♦=8  TIE(T)  |     0원 → 128,350원
H063 | bet   1,000원 BANKER | P:5♣ 2♦=7  B:J♠ 6♣=6  PLAYER(L)  | -1,000원 → 127,350원  [start]
H064 | bet   2,000원 PLAYER | P:2♥ 7♥=9  B:9♥ A♥=0  PLAYER(W)  | +2,000원 → 129,350원  [end_win]
H065 | bet   1,000원 BANKER | P:K♣ A♠=1  B:4♣ 5♥=9  BANKER(W)  | +950원 → 130,300원
H066 | bet   1,000원 BANKER | P:7♣ 9♠=6  B:4♦ 2♦=6  TIE(T)  |     0원 → 130,300원
H067 | bet   1,000원 BANKER | P:3♥ A♠ 7♠=1  B:5♠ 10♦ 5♣=0  PLAYER(L)  | -1,000원 → 129,300원  [start]
H068 | bet   2,000원 PLAYER | P:10♣ 6♥=6  B:10♣ Q♣ J♠=0  PLAYER(W)  | +2,000원 → 131,300원  [end_win]
H069 | bet   1,000원 BANKER | P:8♠ 10♦=8  B:J♣ 9♣=9  BANKER(W)  | +950원 → 132,250원
H070 | bet   1,000원 BANKER | P:10♥ 7♦=7  B:5♦ J♦ 4♦=9  BANKER(W)  | +950원 → 133,200원
H071 | bet   1,000원 BANKER | P:Q♥ 5♦ 4♥=9  B:7♣ 3♦ K♠=0  PLAYER(L)  | -1,000원 → 132,200원  [start]
H072 | bet   2,000원 PLAYER | P:4♠ 10♥ 9♣=3  B:J♠ 2♠ 10♠=2  PLAYER(W)  | +2,000원 → 134,200원  [end_win]
H073 | bet   1,000원 BANKER | P:A♠ 2♥ 2♦=5  B:6♣ 9♦=5  TIE(T)  |     0원 → 134,200원
H074 | bet   1,000원 BANKER | P:Q♠ 4♣ A♣=5  B:8♥ 5♠ K♥=3  PLAYER(L)  | -1,000원 → 133,200원  [start]
H075 | bet   2,000원 PLAYER | P:10♥ A♦ 7♥=8  B:5♣ 8♠ Q♠=3  PLAYER(W)  | +2,000원 → 135,200원  [end_win]
H076 | bet   1,000원 BANKER | P:8♦ 10♦=8  B:4♦ 3♥=7  PLAYER(L)  | -1,000원 → 134,200원  [start]
H077 | bet   2,000원 PLAYER | P:Q♣ 7♣=7  B:4♠ 6♠ 6♣=6  PLAYER(W)  | +2,000원 → 136,200원  [end_win]
H078 | bet   1,000원 BANKER | P:9♠ Q♥=9  B:Q♦ 2♣=2  PLAYER(L)  | -1,000원 → 135,200원  [start]
H079 | bet   2,000원 PLAYER | P:K♥ 2♦ A♦=3  B:K♠ 6♥=6  BANKER(L)  | -2,000원 → 133,200원
H080 | bet   4,000원 PLAYER | P:K♠ 4♥ 4♣=8  B:6♦ 5♥ 6♣=7  PLAYER(W)  | +4,000원 → 137,200원  [end_win]
H081 | bet   1,000원 BANKER | P:7♠ 7♦ 4♣=8  B:5♥ 10♠ Q♣=5  PLAYER(L)  | -1,000원 → 136,200원  [start]
H082 | bet   2,000원 PLAYER | P:9♣ 2♠ 6♣=7  B:7♣ J♥=7  TIE(T)  |     0원 → 136,200원
H083 | bet   2,000원 PLAYER | P:7♦ 10♠=7  B:10♣ J♣ 5♣=5  PLAYER(W)  | +2,000원 → 138,200원  [end_win]
H084 | bet   1,000원 BANKER | P:4♣ K♠ 5♣=9  B:4♣ 9♠ 2♥=5  PLAYER(L)  | -1,000원 → 137,200원  [start]
H085 | bet   2,000원 PLAYER | P:7♣ 9♠=6  B:5♦ J♦ 10♥=5  PLAYER(W)  | +2,000원 → 139,200원  [end_win]
H086 | bet   1,000원 BANKER | P:9♣ 4♠ 5♥=8  B:A♠ 5♦=6  PLAYER(L)  | -1,000원 → 138,200원  [start]
H087 | bet   2,000원 PLAYER | P:7♦ K♦=7  B:J♥ K♥ 8♣=8  BANKER(L)  | -2,000원 → 136,200원
H088 | bet   4,000원 PLAYER | P:10♦ 5♠ J♠=5  B:4♣ Q♥=4  PLAYER(W)  | +4,000원 → 140,200원  [end_win]
H089 | bet   1,000원 BANKER | P:5♥ Q♣ Q♣=5  B:4♣ K♣=4  PLAYER(L)  | -1,000원 → 139,200원  [start]
H090 | bet   2,000원 PLAYER | P:8♣ 3♦ A♥=2  B:3♣ 7♥ 6♠=6  BANKER(L)  | -2,000원 → 137,200원
H091 | bet   4,000원 PLAYER | P:10♣ 10♥ 6♦=6  B:5♠ A♦ 10♦=6  TIE(T)  |     0원 → 137,200원
H092 | bet   4,000원 PLAYER | P:3♠ K♥ 2♦=5  B:5♠ 6♦ K♥=1  PLAYER(W)  | +4,000원 → 141,200원  [end_win]
H093 | bet   1,000원 BANKER | P:K♥ 2♣ 4♠=6  B:K♣ 3♥ 9♦=2  PLAYER(L)  | -1,000원 → 140,200원  [start]
H094 | bet   2,000원 PLAYER | P:8♥ 3♥=1  B:6♣ 3♦=9  BANKER(L)  | -2,000원 → 138,200원
H095 | bet   4,000원 PLAYER | P:4♣ K♣ 5♣=9  B:6♦ J♣=6  PLAYER(W)  | +4,000원 → 142,200원  [end_win]
H096 | bet   1,000원 BANKER | P:K♣ 7♠=7  B:8♣ 2♥ 3♥=3  PLAYER(L)  | -1,000원 → 141,200원  [start]
H097 | bet   2,000원 PLAYER | P:9♦ 3♣ 9♣=1  B:A♠ 5♥=6  BANKER(L)  | -2,000원 → 139,200원
H098 | bet   4,000원 PLAYER | P:6♥ K♣=6  B:9♥ J♣=9  BANKER(L)  | -4,000원 → 135,200원
H099 | bet   8,000원 PLAYER | P:6♣ J♠=6  B:Q♠ 5♣ A♥=6  TIE(T)  |     0원 → 135,200원
H100 | bet   8,000원 PLAYER | P:7♣ 5♠ 4♣=6  B:10♠ 7♣=7  BANKER(L)  | -8,000원 → 127,200원
H101 | bet  16,000원 PLAYER | P:8♥ 5♣ 9♠=2  B:Q♠ Q♥ 7♣=7  BANKER(L)  | -16,000원 → 111,200원  [end_giveup]
H102 | bet   1,000원 BANKER | P:8♦ 2♠ 7♥=7  B:Q♠ 5♦ 8♣=3  PLAYER(L)  | -1,000원 → 110,200원  [start]
H103 | bet   2,000원 PLAYER | P:Q♣ 5♦ 9♠=4  B:4♥ J♣=4  TIE(T)  |     0원 → 110,200원
H104 | bet   2,000원 PLAYER | P:7♠ 9♦=6  B:A♥ 5♣=6  TIE(T)  |     0원 → 110,200원
H105 | bet   2,000원 PLAYER | P:7♥ 8♦ A♣=6  B:Q♥ 4♠=4  PLAYER(W)  | +2,000원 → 112,200원  [end_win]
H106 | bet   1,000원 BANKER | P:A♠ 7♠=8  B:3♦ 10♣=3  PLAYER(L)  | -1,000원 → 111,200원  [start]
H107 | bet   2,000원 PLAYER | P:J♣ A♥ 2♠=3  B:6♥ 6♣ J♣=2  PLAYER(W)  | +2,000원 → 113,200원  [end_win]
H108 | bet   1,000원 BANKER | P:2♦ 2♦ J♥=4  B:3♦ K♦ 7♣=0  PLAYER(L)  | -1,000원 → 112,200원  [start]
H109 | bet   2,000원 PLAYER | P:6♥ Q♦=6  B:5♥ 2♦=7  BANKER(L)  | -2,000원 → 110,200원
H110 | bet   4,000원 PLAYER | P:5♥ Q♦ 8♦=3  B:K♦ 2♥ 10♥=2  PLAYER(W)  | +4,000원 → 114,200원  [end_win]
H111 | bet   1,000원 BANKER | P:Q♥ Q♣ K♥=0  B:4♦ 10♠=4  BANKER(W)  | +950원 → 115,150원
H112 | bet   1,000원 BANKER | P:2♣ 8♠ 7♠=7  B:A♥ 9♥ 10♥=0  PLAYER(L)  | -1,000원 → 114,150원  [start]
H113 | bet   2,000원 PLAYER | P:9♠ A♣ J♠=0  B:J♠ J♠ A♥=1  BANKER(L)  | -2,000원 → 112,150원
H114 | bet   4,000원 PLAYER | P:4♠ 7♠ 4♠=5  B:7♠ 3♦ Q♥=0  PLAYER(W)  | +4,000원 → 116,150원  [end_win]
H115 | bet   1,000원 BANKER | P:Q♠ 6♦=6  B:K♠ 4♦ 10♠=4  PLAYER(L)  | -1,000원 → 115,150원  [start]
H116 | bet   2,000원 PLAYER | P:A♦ A♠ 3♣=5  B:K♥ 3♣ 4♣=7  BANKER(L)  | -2,000원 → 113,150원
H117 | bet   4,000원 PLAYER | P:K♥ J♥ 4♦=4  B:J♦ A♦ 3♠=4  TIE(T)  |     0원 → 113,150원
H118 | bet   4,000원 PLAYER | P:9♥ 10♣=9  B:J♦ A♦=1  PLAYER(W)  | +4,000원 → 117,150원  [end_win]
H119 | bet   1,000원 BANKER | P:K♦ 10♦ 9♣=9  B:6♦ Q♦=6  PLAYER(L)  | -1,000원 → 116,150원  [start]
H120 | bet   2,000원 PLAYER | P:J♣ A♣ 4♦=5  B:5♦ 7♦ 2♠=4  PLAYER(W)  | +2,000원 → 118,150원  [end_win]
H121 | bet   1,000원 BANKER | P:4♥ 3♣=7  B:9♣ 9♣=8  BANKER(W)  | +950원 → 119,100원
H122 | bet   1,000원 BANKER | P:9♣ A♦=0  B:2♠ 6♥=8  BANKER(W)  | +950원 → 120,050원
H123 | bet   1,000원 BANKER | P:9♠ 10♦=9  B:10♣ 5♦=5  PLAYER(L)  | -1,000원 → 119,050원  [start]
H124 | bet   2,000원 PLAYER | P:Q♠ 8♠=8  B:5♥ 5♦=0  PLAYER(W)  | +2,000원 → 121,050원  [end_win]
H125 | bet   1,000원 BANKER | P:J♦ 6♠=6  B:K♣ 3♣ 9♥=2  PLAYER(L)  | -1,000원 → 120,050원  [start]
H126 | bet   2,000원 PLAYER | P:6♠ 10♦=6  B:Q♦ 9♦=9  BANKER(L)  | -2,000원 → 118,050원
H127 | bet   4,000원 PLAYER | P:9♠ 2♠ J♥=1  B:J♣ A♣ 10♦=1  TIE(T)  |     0원 → 118,050원
H128 | bet   4,000원 PLAYER | P:8♠ A♠=9  B:8♣ 2♥=0  PLAYER(W)  | +4,000원 → 122,050원  [end_win]
H129 | bet   1,000원 BANKER | P:3♦ 10♣ 5♦=8  B:10♥ 6♣=6  PLAYER(L)  | -1,000원 → 121,050원  [start]
H130 | bet   2,000원 PLAYER | P:6♣ 7♥ 7♦=0  B:Q♦ 4♠ 8♦=2  BANKER(L)  | -2,000원 → 119,050원
H131 | bet   4,000원 PLAYER | P:6♣ A♣=7  B:2♠ J♥ Q♦=2  PLAYER(W)  | +4,000원 → 123,050원  [end_win]
H132 | bet   1,000원 BANKER | P:2♦ 8♠ 8♦=8  B:6♦ 8♥=4  PLAYER(L)  | -1,000원 → 122,050원  [start]
H133 | bet   2,000원 PLAYER | P:A♣ 9♥ 3♦=3  B:9♣ 2♦ 9♥=0  PLAYER(W)  | +2,000원 → 124,050원  [end_win]
H134 | bet   1,000원 BANKER | P:2♦ 6♥=8  B:3♦ A♠=4  PLAYER(L)  | -1,000원 → 123,050원  [start]
H135 | bet   2,000원 PLAYER | P:9♦ A♦ 3♠=3  B:Q♠ 7♦=7  BANKER(L)  | -2,000원 → 121,050원
H136 | bet   4,000원 PLAYER | P:5♥ J♠ K♠=5  B:9♠ 5♣=4  PLAYER(W)  | +4,000원 → 125,050원  [end_win]
H137 | bet   1,000원 BANKER | P:Q♥ 2♥ Q♣=2  B:7♦ 10♥=7  BANKER(W)  | +950원 → 126,000원
H138 | bet   1,000원 BANKER | P:Q♦ 3♥ 2♦=5  B:8♠ 3♠ 3♥=4  PLAYER(L)  | -1,000원 → 125,000원  [start]
H139 | bet   2,000원 PLAYER | P:2♣ 6♥=8  B:9♥ 3♣=2  PLAYER(W)  | +2,000원 → 127,000원  [end_win]
H140 | bet   1,000원 BANKER | P:7♦ 8♥ 5♠=0  B:7♣ 10♥=7  BANKER(W)  | +950원 → 127,950원
H141 | bet   1,000원 BANKER | P:2♣ A♣ 4♣=7  B:9♦ 4♦ 3♠=6  PLAYER(L)  | -1,000원 → 126,950원  [start]
H142 | bet   2,000원 PLAYER | P:J♥ J♦ 2♠=2  B:6♠ A♥=7  BANKER(L)  | -2,000원 → 124,950원
H143 | bet   4,000원 PLAYER | P:3♥ K♠ 10♠=3  B:4♥ 2♠=6  BANKER(L)  | -4,000원 → 120,950원
H144 | bet   8,000원 PLAYER | P:6♥ 5♥=1  B:Q♣ 8♥=8  BANKER(L)  | -8,000원 → 112,950원
H145 | bet  16,000원 PLAYER | P:8♠ 4♠ 3♣=5  B:4♠ Q♣ 3♥=7  BANKER(L)  | -16,000원 → 96,950원  [end_giveup]
H146 | bet   1,000원 BANKER | P:7♠ 6♠=3  B:2♥ 7♦=9  BANKER(W)  | +950원 → 97,900원
H147 | bet   1,000원 BANKER | P:K♦ 3♥=3  B:K♠ 8♥=8  BANKER(W)  | +950원 → 98,850원
H148 | bet   1,000원 BANKER | P:6♠ 10♣=6  B:A♣ Q♠ 8♦=9  BANKER(W)  | +950원 → 99,800원
H149 | bet   1,000원 BANKER | P:5♠ K♣=5  B:7♥ A♠=8  BANKER(W)  | +950원 → 100,750원
H150 | bet   1,000원 BANKER | P:8♠ 10♦=8  B:K♦ Q♥=0  PLAYER(L)  | -1,000원 → 99,750원  [start]
H151 | bet   2,000원 PLAYER | P:3♠ 5♣=8  B:7♥ 2♣=9  BANKER(L)  | -2,000원 → 97,750원
H152 | bet   4,000원 PLAYER | P:4♦ K♠ 4♥=8  B:K♦ 4♥ 4♥=8  TIE(T)  |     0원 → 97,750원
H153 | bet   4,000원 PLAYER | P:6♣ 10♥=6  B:2♥ Q♦ J♠=2  PLAYER(W)  | +4,000원 → 101,750원  [end_win]
H154 | bet   1,000원 BANKER | P:6♠ J♦=6  B:10♠ 8♣=8  BANKER(W)  | +950원 → 102,700원
H155 | bet   1,000원 BANKER | P:5♠ K♥=5  B:A♠ 8♥=9  BANKER(W)  | +950원 → 103,650원
H156 | bet   1,000원 BANKER | P:10♠ 10♠ 6♥=6  B:K♠ K♠ J♥=0  PLAYER(L)  | -1,000원 → 102,650원  [start]
H157 | bet   2,000원 PLAYER | P:7♥ 8♠ 2♣=7  B:4♥ A♥=5  PLAYER(W)  | +2,000원 → 104,650원  [end_win]
H158 | bet   1,000원 BANKER | P:J♣ 3♠=3  B:8♦ Q♥=8  BANKER(W)  | +950원 → 105,600원
H159 | bet   1,000원 BANKER | P:8♣ J♠=8  B:6♠ 4♥=0  PLAYER(L)  | -1,000원 → 104,600원  [start]
H160 | bet   2,000원 PLAYER | P:8♣ 5♣=3  B:9♦ 10♣=9  BANKER(L)  | -2,000원 → 102,600원
H161 | bet   4,000원 PLAYER | P:2♣ 4♦=6  B:6♦ 7♦ 9♣=2  PLAYER(W)  | +4,000원 → 106,600원  [end_win]
H162 | bet   1,000원 BANKER | P:Q♣ 7♥=7  B:J♦ 2♥ 2♣=4  PLAYER(L)  | -1,000원 → 105,600원  [start]
H163 | bet   2,000원 PLAYER | P:9♥ 10♦=9  B:4♦ K♦=4  PLAYER(W)  | +2,000원 → 107,600원  [end_win]
H164 | bet   1,000원 BANKER | P:8♦ 7♣=5  B:8♥ 10♠=8  BANKER(W)  | +950원 → 108,550원
H165 | bet   1,000원 BANKER | P:Q♣ 5♠ 7♥=2  B:J♠ K♥ 7♦=7  BANKER(W)  | +950원 → 109,500원
H166 | bet   1,000원 BANKER | P:7♦ A♠=8  B:10♠ 9♠=9  BANKER(W)  | +950원 → 110,450원
H167 | bet   1,000원 BANKER | P:2♦ A♠ 3♠=6  B:Q♣ 10♣ 6♥=6  TIE(T)  |     0원 → 110,450원
H168 | bet   1,000원 BANKER | P:J♥ Q♥ 10♥=0  B:6♥ J♠=6  BANKER(W)  | +950원 → 111,400원
H169 | bet   1,000원 BANKER | P:5♦ 8♠ 4♥=7  B:9♠ 6♦ 2♠=7  TIE(T)  |     0원 → 111,400원
H170 | bet   1,000원 BANKER | P:K♣ K♥ 2♥=2  B:5♦ J♦=5  BANKER(W)  | +950원 → 112,350원
H171 | bet   1,000원 BANKER | P:K♣ 8♦=8  B:9♣ A♥=0  PLAYER(L)  | -1,000원 → 111,350원  [start]
H172 | bet   2,000원 PLAYER | P:9♣ 10♠=9  B:6♣ K♦=6  PLAYER(W)  | +2,000원 → 113,350원  [end_win]
H173 | bet   1,000원 BANKER | P:J♣ 5♥ 4♦=9  B:K♦ 4♠ 2♣=6  PLAYER(L)  | -1,000원 → 112,350원  [start]
H174 | bet   2,000원 PLAYER | P:6♦ A♣=7  B:A♣ 4♥ 5♠=0  PLAYER(W)  | +2,000원 → 114,350원  [end_win]
H175 | bet   1,000원 BANKER | P:2♠ J♣=2  B:10♣ 8♣=8  BANKER(W)  | +950원 → 115,300원
H176 | bet   1,000원 BANKER | P:J♥ A♣ 8♦=9  B:4♥ 7♠ 3♣=4  PLAYER(L)  | -1,000원 → 114,300원  [start]
H177 | bet   2,000원 PLAYER | P:A♦ Q♠=1  B:3♦ 5♦=8  BANKER(L)  | -2,000원 → 112,300원
H178 | bet   4,000원 PLAYER | P:Q♥ 4♦=4  B:10♠ 9♣=9  BANKER(L)  | -4,000원 → 108,300원
H179 | bet   8,000원 PLAYER | P:K♦ 6♠=6  B:4♦ 8♦ 5♥=7  BANKER(L)  | -8,000원 → 100,300원
H180 | bet  16,000원 PLAYER | P:6♣ 3♣=9  B:J♣ 8♣=8  PLAYER(W)  | +16,000원 → 116,300원  [end_win]
H181 | bet   1,000원 BANKER | P:9♥ 6♣ 5♥=0  B:A♠ 4♦ 8♦=3  BANKER(W)  | +950원 → 117,250원
H182 | bet   1,000원 BANKER | P:7♠ 10♣=7  B:A♠ 3♦ 2♥=6  PLAYER(L)  | -1,000원 → 116,250원  [start]
H183 | bet   2,000원 PLAYER | P:10♣ 4♠ Q♥=4  B:J♠ 7♣=7  BANKER(L)  | -2,000원 → 114,250원
H184 | bet   4,000원 PLAYER | P:K♦ 4♠ 10♥=4  B:5♥ 5♣ 7♠=7  BANKER(L)  | -4,000원 → 110,250원
H185 | bet   8,000원 PLAYER | P:4♠ 2♣=6  B:6♠ 8♥ 5♣=9  BANKER(L)  | -8,000원 → 102,250원
H186 | bet  16,000원 PLAYER | P:7♥ Q♠=7  B:5♥ 3♣=8  BANKER(L)  | -16,000원 → 86,250원  [end_giveup]
H187 | bet   1,000원 BANKER | P:5♣ A♣=6  B:8♠ 6♦ 10♣=4  PLAYER(L)  | -1,000원 → 85,250원  [start]
H188 | bet   2,000원 PLAYER | P:4♦ 4♥=8  B:5♠ 5♥=0  PLAYER(W)  | +2,000원 → 87,250원  [end_win]
H189 | bet   1,000원 BANKER | P:J♦ 9♦=9  B:9♦ 6♣=5  PLAYER(L)  | -1,000원 → 86,250원  [start]
H190 | bet   2,000원 PLAYER | P:6♦ K♥=6  B:4♥ 8♣ 9♠=1  PLAYER(W)  | +2,000원 → 88,250원  [end_win]
H191 | bet   1,000원 BANKER | P:A♦ 10♠ K♠=1  B:3♥ Q♦ 4♣=7  BANKER(W)  | +950원 → 89,200원
H192 | bet   1,000원 BANKER | P:6♥ 8♣=4  B:7♥ A♦=8  BANKER(W)  | +950원 → 90,150원
H193 | bet   1,000원 BANKER | P:3♥ 3♥=6  B:2♦ 8♣ 6♠=6  TIE(T)  |     0원 → 90,150원
H194 | bet   1,000원 BANKER | P:3♥ 9♥ J♣=2  B:10♥ K♠ K♦=0  PLAYER(L)  | -1,000원 → 89,150원  [start]
H195 | bet   2,000원 PLAYER | P:Q♠ 10♥ K♠=0  B:Q♦ K♥ 6♦=6  BANKER(L)  | -2,000원 → 87,150원
H196 | bet   4,000원 PLAYER | P:J♦ 10♦=0  B:A♠ 7♣=8  BANKER(L)  | -4,000원 → 83,150원
H197 | bet   8,000원 PLAYER | P:2♠ 10♠=2  B:J♣ 9♣=9  BANKER(L)  | -8,000원 → 75,150원
H198 | bet  16,000원 PLAYER | P:8♥ 4♣ Q♠=2  B:7♦ 7♥=4  BANKER(L)  | -16,000원 → 59,150원  [end_giveup]
H199 | bet   1,000원 BANKER | P:4♣ J♥ 10♥=4  B:5♣ Q♥=5  BANKER(W)  | +950원 → 60,100원
H200 | bet   1,000원 BANKER | P:K♥ 4♠ 9♠=3  B:6♠ 8♦=4  BANKER(W)  | +950원 → 61,050원
H201 | bet   1,000원 BANKER | P:2♦ 9♥ 10♥=1  B:5♣ 5♠ 10♦=0  PLAYER(L)  | -1,000원 → 60,050원  [start]
H202 | bet   2,000원 PLAYER | P:7♥ J♣=7  B:7♠ J♠=7  TIE(T)  |     0원 → 60,050원
H203 | bet   2,000원 PLAYER | P:7♠ 10♦=7  B:7♠ A♥=8  BANKER(L)  | -2,000원 → 58,050원
H204 | bet   4,000원 PLAYER | P:8♥ 3♥ 2♦=3  B:A♦ Q♦ Q♣=1  PLAYER(W)  | +4,000원 → 62,050원  [end_win]
H205 | bet   1,000원 BANKER | P:9♣ K♣=9  B:4♥ 7♣=1  PLAYER(L)  | -1,000원 → 61,050원  [start]
H206 | bet   2,000원 PLAYER | P:10♦ A♥ 6♠=7  B:2♠ 4♦ Q♦=6  PLAYER(W)  | +2,000원 → 63,050원  [end_win]
H207 | bet   1,000원 BANKER | P:A♠ J♥ 5♠=6  B:2♦ 10♠ 3♠=5  PLAYER(L)  | -1,000원 → 62,050원  [start]
H208 | bet   2,000원 PLAYER | P:J♣ 8♠=8  B:9♠ 3♠=2  PLAYER(W)  | +2,000원 → 64,050원  [end_win]
H209 | bet   1,000원 BANKER | P:J♠ J♥ 9♥=9  B:9♥ 5♣=4  PLAYER(L)  | -1,000원 → 63,050원  [start]
H210 | bet   2,000원 PLAYER | P:8♦ 7♣ 3♠=8  B:J♦ J♦ 5♣=5  PLAYER(W)  | +2,000원 → 65,050원  [end_win]
H211 | bet   1,000원 BANKER | P:9♦ 4♦ 10♥=3  B:K♥ A♥ 4♠=5  BANKER(W)  | +950원 → 66,000원
H212 | bet   1,000원 BANKER | P:2♣ 4♥=6  B:A♣ 10♦ 2♣=3  PLAYER(L)  | -1,000원 → 65,000원  [start]
H213 | bet   2,000원 PLAYER | P:K♣ A♥=1  B:3♠ 5♦=8  BANKER(L)  | -2,000원 → 63,000원
H214 | bet   4,000원 PLAYER | P:7♣ 6♣ 4♣=7  B:10♠ 2♥ A♠=3  PLAYER(W)  | +4,000원 → 67,000원  [end_win]
H215 | bet   1,000원 BANKER | P:K♠ A♥ 3♣=4  B:9♦ 8♠=7  BANKER(W)  | +950원 → 67,950원
H216 | bet   1,000원 BANKER | P:8♦ Q♦=8  B:9♠ 3♣=2  PLAYER(L)  | -1,000원 → 66,950원  [start]
H217 | bet   2,000원 PLAYER | P:7♦ 9♣=6  B:3♣ 9♥ 4♣=6  TIE(T)  |     0원 → 66,950원
H218 | bet   2,000원 PLAYER | P:K♣ 8♥=8  B:7♦ 2♥=9  BANKER(L)  | -2,000원 → 64,950원
H219 | bet   4,000원 PLAYER | P:Q♣ 6♥=6  B:8♠ 9♦=7  BANKER(L)  | -4,000원 → 60,950원
H220 | bet   8,000원 PLAYER | P:Q♣ 3♦ 2♣=5  B:4♦ Q♥ 9♥=3  PLAYER(W)  | +8,000원 → 68,950원  [end_win]
H221 | bet   1,000원 BANKER | P:7♣ Q♦=7  B:Q♥ 9♦=9  BANKER(W)  | +950원 → 69,900원
H222 | bet   1,000원 BANKER | P:J♣ 7♣=7  B:A♦ K♠ 2♥=3  PLAYER(L)  | -1,000원 → 68,900원  [start]
H223 | bet   2,000원 PLAYER | P:A♠ 8♣=9  B:8♥ 7♦=5  PLAYER(W)  | +2,000원 → 70,900원  [end_win]
H224 | bet   1,000원 BANKER | P:K♦ 10♣ 7♣=7  B:6♣ K♦ 10♦=6  PLAYER(L)  | -1,000원 → 69,900원  [start]
H225 | bet   2,000원 PLAYER | P:6♠ 7♠ A♥=4  B:3♥ J♦ 3♥=6  BANKER(L)  | -2,000원 → 67,900원
H226 | bet   4,000원 PLAYER | P:9♠ 4♣ A♦=4  B:8♠ 8♣=6  BANKER(L)  | -4,000원 → 63,900원
H227 | bet   8,000원 PLAYER | P:7♠ 7♦ 4♣=8  B:Q♠ Q♦ 5♦=5  PLAYER(W)  | +8,000원 → 71,900원  [end_win]
H228 | bet   1,000원 BANKER | P:A♣ 2♦ 2♦=5  B:J♥ K♠ 5♠=5  TIE(T)  |     0원 → 71,900원
H229 | bet   1,000원 BANKER | P:J♥ 8♥=8  B:9♣ 2♠=1  PLAYER(L)  | -1,000원 → 70,900원  [start]
H230 | bet   2,000원 PLAYER | P:2♥ 6♠=8  B:3♥ 3♦=6  PLAYER(W)  | +2,000원 → 72,900원  [end_win]
H231 | bet   1,000원 BANKER | P:8♦ 3♠ 5♦=6  B:4♠ K♣ 9♥=3  PLAYER(L)  | -1,000원 → 71,900원  [start]
H232 | bet   2,000원 PLAYER | P:5♠ A♣=6  B:2♣ 6♥=8  BANKER(L)  | -2,000원 → 69,900원
H233 | bet   4,000원 PLAYER | P:4♣ K♠ Q♣=4  B:Q♥ 10♥ A♦=1  PLAYER(W)  | +4,000원 → 73,900원  [end_win]
H234 | bet   1,000원 BANKER | P:7♥ J♥=7  B:3♦ 9♠ J♠=2  PLAYER(L)  | -1,000원 → 72,900원  [start]
H235 | bet   2,000원 PLAYER | P:2♣ 5♥=7  B:3♣ K♣ K♥=3  PLAYER(W)  | +2,000원 → 74,900원  [end_win]
H236 | bet   1,000원 BANKER | P:A♥ 5♣=6  B:7♦ 9♣=6  TIE(T)  |     0원 → 74,900원
H237 | bet   1,000원 BANKER | P:6♦ 10♦=6  B:K♦ J♠ 7♥=7  BANKER(W)  | +950원 → 75,850원
H238 | bet   1,000원 BANKER | P:8♥ 8♠=6  B:10♣ 8♣=8  BANKER(W)  | +950원 → 76,800원
H239 | bet   1,000원 BANKER | P:A♣ 6♦=7  B:K♣ 7♥=7  TIE(T)  |     0원 → 76,800원
H240 | bet   1,000원 BANKER | P:2♣ 3♣ 2♠=7  B:J♠ 6♥=6  PLAYER(L)  | -1,000원 → 75,800원  [start]
H241 | bet   2,000원 PLAYER | P:3♦ Q♠ Q♥=3  B:9♦ 6♣=5  BANKER(L)  | -2,000원 → 73,800원
H242 | bet   4,000원 PLAYER | P:5♦ 6♥ J♦=1  B:J♦ 5♦=5  BANKER(L)  | -4,000원 → 69,800원
H243 | bet   8,000원 PLAYER | P:4♠ K♥ 6♦=0  B:Q♠ 2♥ 10♠=2  BANKER(L)  | -8,000원 → 61,800원
H244 | bet  16,000원 PLAYER | P:2♥ 6♠=8  B:3♦ 5♥=8  TIE(T)  |     0원 → 61,800원
H245 | bet  16,000원 PLAYER | P:Q♦ 2♠ Q♠=2  B:10♣ Q♣ 3♠=3  BANKER(L)  | -16,000원 → 45,800원  [end_giveup]

Result: RUIN (capital_depleted)
Final: 45,800원  Hands: 245  Bets: 223  Wagered: 572,000원  Max losing streak: 6
