=== Session 39 ===
Seed: 7400184238106052604
Initial: 100,000원  Target: 500,000원  Ruin: 50,000원  Table-max: 100,000원
Strategy: martingale (pivot, steps=4)
Base bet: 1,000원  Primary side: BANKER

H001 | bet   1,000원 BANKER | P:2♥ 2♦ 3♥=7  B:7♠ 9♣=6  PLAYER(L)  | -1,000원 → 99,000원  [start]
H002 | bet   2,000원 PLAYER | P:Q♥ 5♥ 3♣=8  B:K♦ A♦ 7♣=8  TIE(T)  |     0원 → 99,000원
H003 | bet   2,000원 PLAYER | P:2♣ 8♠ 7♣=7  B:10♦ 5♣ 4♣=9  BANKER(L)  | -2,000원 → 97,000원
H004 | bet   4,000원 PLAYER | P:2♦ A♥=3  B:Q♥ 9♣=9  BANKER(L)  | -4,000원 → 93,000원
H005 | bet   8,000원 PLAYER | P:5♠ J♥ K♦=5  B:7♥ 5♦ 3♦=5  TIE(T)  |     0원 → 93,000원
H006 | bet   8,000원 PLAYER | P:6♣ Q♠=6  B:3♥ K♣ 3♣=6  TIE(T)  |     0원 → 93,000원
H007 | bet   8,000원 PLAYER | P:8♣ 9♦=7  B:9♣ J♥=9  BANKER(L)  | -8,000원 → 85,000원
H008 | bet  16,000원 PLAYER | P:A♣ 5♠=6  B:J♦ Q♣ 5♠=5  PLAYER(W)  | +16,000원 → 101,000원  [end_win]
H009 | bet   1,000원 BANKER | P:7♣ 10♠=7  B:8♣ Q♣=8  BANKER(W)  | +950원 → 101,950원
H010 | bet   1,000원 BANKER | P:K♠ 4♦ K♠=4  B:5♠ 9♥=4  TIE(T)  |     0원 → 101,950원
H011 | bet   1,000원 BANKER | P:3♠ K♦ J♣=3  B:2♣ K♥ 8♠=0  PLAYER(L)  | -1,000원 → 100,950원  [start]
H012 | bet   2,000원 PLAYER | P:J♣ 8♦=8  B:Q♠ 2♠=2  PLAYER(W)  | +2,000원 → 102,950원  [end_win]
H013 | bet   1,000원 BANKER | P:7♦ K♦=7  B:J♥ 2♠ 8♦=0  PLAYER(L)  | -1,000원 → 101,950원  [start]
H014 | bet   2,000원 PLAYER | P:J♠ 7♥=7  B:8♦ K♥=8  BANKER(L)  | -2,000원 → 99,950원
H015 | bet   4,000원 PLAYER | P:10♥ 7♦=7  B:7♦ 7♣ 9♥=3  PLAYER(W)  | +4,000원 → 103,950원  [end_win]
H016 | bet   1,000원 BANKER | P:Q♦ K♠ K♥=0  B:A♣ 6♣=7  BANKER(W)  | +950원 → 104,900원
H017 | bet   1,000원 BANKER | P:7♥ 2♣=9  B:2♦ Q♦=2  PLAYER(L)  | -1,000원 → 103,900원  [start]
H018 | bet   2,000원 PLAYER | P:9♥ 5♥ 5♠=9  B:J♠ 4♦ 3♥=7  PLAYER(W)  | +2,000원 → 105,900원  [end_win]
H019 | bet   1,000원 BANKER | P:5♦ 9♠ 6♠=0  B:K♥ 4♣ 5♦=9  BANKER(W)  | +950원 → 106,850원
H020 | bet   1,000원 BANKER | P:A♠ A♣ 7♣=9  B:8♠ 7♦ 3♠=8  PLAYER(L)  | -1,000원 → 105,850원  [start]
H021 | bet   2,000원 PLAYER | P:4♥ 3♣=7  B:A♥ 2♥ A♣=4  PLAYER(W)  | +2,000원 → 107,850원  [end_win]
H022 | bet   1,000원 BANKER | P:4♥ 7♣ 2♥=3  B:J♣ 6♠=6  BANKER(W)  | +950원 → 108,800원
H023 | bet   1,000원 BANKER | P:3♠ 9♥ Q♠=2  B:8♣ 5♣ 9♥=2  TIE(T)  |     0원 → 108,800원
H024 | bet   1,000원 BANKER | P:J♥ 7♦=7  B:10♣ 6♣=6  PLAYER(L)  | -1,000원 → 107,800원  [start]
H025 | bet   2,000원 PLAYER | P:A♠ 5♦=6  B:K♥ 8♦=8  BANKER(L)  | -2,000원 → 105,800원
H026 | bet   4,000원 PLAYER | P:A♣ 3♦ A♠=5  B:K♣ Q♥ J♥=0  PLAYER(W)  | +4,000원 → 109,800원  [end_win]
H027 | bet   1,000원 BANKER | P:10♦ K♦ 3♥=3  B:6♣ A♥=7  BANKER(W)  | +950원 → 110,750원
H028 | bet   1,000원 BANKER | P:5♣ 9♦ J♦=4  B:7♠ Q♥=7  BANKER(W)  | +950원 → 111,700원
H029 | bet   1,000원 BANKER | P:3♦ J♦ 2♣=5  B:4♥ K♣ 9♠=3  PLAYER(L)  | -1,000원 → 110,700원  [start]
H030 | bet   2,000원 PLAYER | P:J♠ 7♠=7  B:K♥ 2♣ 4♠=6  PLAYER(W)  | +2,000원 → 112,700원  [end_win]
H031 | bet   1,000원 BANKER | P:6♦ A♠=7  B:A♥ 7♠=8  BANKER(W)  | +950원 → 113,650원
H032 | bet   1,000원 BANKER | P:Q♦ Q♦ 6♥=6  B:4♦ A♦ 6♠=1  PLAYER(L)  | -1,000원 → 112,650원  [start]
H033 | bet   2,000원 PLAYER | P:10♠ 7♥=7  B:9♣ 4♥ 5♣=8  BANKER(L)  | -2,000원 → 110,650원
H034 | bet   4,000원 PLAYER | P:K♦ 6♠=6  B:10♥ 3♦ Q♣=3  PLAYER(W)  | +4,000원 → 114,650원  [end_win]
H035 | bet   1,000원 BANKER | P:A♦ 8♣=9  B:9♠ 6♠=5  PLAYER(L)  | -1,000원 → 113,650원  [start]
H036 | bet   2,000원 PLAYER | P:Q♠ J♥ 7♠=7  B:3♥ 10♣ 2♣=5  PLAYER(W)  | +2,000원 → 115,650원  [end_win]
H037 | bet   1,000원 BANKER | P:K♣ 5♦ 3♠=8  B:6♥ K♠=6  PLAYER(L)  | -1,000원 → 114,650원  [start]
H038 | bet   2,000원 PLAYER | P:3♦ 4♣=7  B:A♣ 3♥ Q♦=4  PLAYER(W)  | +2,000원 → 116,650원  [end_win]
H039 | bet   1,000원 BANKER | P:10♦ Q♥ 6♦=6  B:4♣ Q♥ 6♦=0  PLAYER(L)  | -1,000원 → 115,650원  [start]
H040 | bet   2,000원 PLAYER | P:3♠ 8♥ J♦=1  B:K♠ 10♥ A♣=1  TIE(T)  |     0원 → 115,650원
H041 | bet   2,000원 PLAYER | P:9♠ J♦=9  B:6♥ 4♠=0  PLAYER(W)  | +2,000원 → 117,650원  [end_win]
H042 | bet   1,000원 BANKER | P:8♠ 10♦=8  B:4♠ Q♠=4  PLAYER(L)  | -1,000원 → 116,650원  [start]
H043 | bet   2,000원 PLAYER | P:2♥ 6♣=8  B:A♥ 2♣=3  PLAYER(W)  | +2,000원 → 118,650원  [end_win]
H044 | bet   1,000원 BANKER | P:A♥ 10♣ 5♣=6  B:5♥ A♠=6  TIE(T)  |     0원 → 118,650원
H045 | bet   1,000원 BANKER | P:K♦ 10♠=0  B:9♥ 10♥=9  BANKER(W)  | +950원 → 119,600원
H046 | bet   1,000원 BANKER | P:4♠ 6♣ A♦=1  B:8♠ 4♦ 7♠=9  BANKER(W)  | +950원 → 120,550원
H047 | bet   1,000원 BANKER | P:A♦ 4♠ 5♦=0  B:Q♣ 2♠ J♣=2  BANKER(W)  | +950원 → 121,500원
H048 | bet   1,000원 BANKER | P:K♣ 10♠ 4♥=4  B:2♦ 10♦ 8♥=0  PLAYER(L)  | -1,000원 → 120,500원  [start]
H049 | bet   2,000원 PLAYER | P:4♥ 6♦=0  B:9♥ J♥=9  BANKER(L)  | -2,000원 → 118,500원
H050 | bet   4,000원 PLAYER | P:3♠ 2♥ 10♣=5  B:2♦ 8♦ 5♥=5  TIE(T)  |     0원 → 118,500원
H051 | bet   4,000원 PLAYER | P:9♣ A♥ 10♥=0  B:5♦ 6♥ A♥=2  BANKER(L)  | -4,000원 → 114,500원
H052 | bet   8,000원 PLAYER | P:8♥ J♦=8  B:10♠ 10♥=0  PLAYER(W)  | +8,000원 → 122,500원  [end_win]
H053 | bet   1,000원 BANKER | P:8♦ 10♣=8  B:Q♥ K♥=0  PLAYER(L)  | -1,000원 → 121,500원  [start]
H054 | bet   2,000원 PLAYER | P:2♠ 3♦=5  B:9♦ J♠=9  BANKER(L)  | -2,000원 → 119,500원
H055 | bet   4,000원 PLAYER | P:Q♠ J♠ 7♠=7  B:2♦ 9♥ 4♥=5  PLAYER(W)  | +4,000원 → 123,500원  [end_win]
H056 | bet   1,000원 BANKER | P:4♦ 6♦ Q♦=0  B:A♣ 10♣ 4♣=5  BANKER(W)  | +950원 → 124,450원
H057 | bet   1,000원 BANKER | P:6♦ Q♠=6  B:6♣ 9♠ 4♦=9  BANKER(W)  | +950원 → 125,400원
H058 | bet   1,000원 BANKER | P:K♠ 5♦=5  B:5♥ 3♣=8  BANKER(W)  | +950원 → 126,350원
H059 | bet   1,000원 BANKER | P:3♠ J♣ 9♠=2  B:9♦ 7♥=6  BANKER(W)  | +950원 → 127,300원
H060 | bet   1,000원 BANKER | P:7♣ Q♦=7  B:J♦ 6♠=6  PLAYER(L)  | -1,000원 → 126,300원  [start]
H061 | bet   2,000원 PLAYER | P:5♥ 8♠ 9♣=2  B:6♥ 9♣=5  BANKER(L)  | -2,000원 → 124,300원
H062 | bet   4,000원 PLAYER | P:6♥ 5♥ A♠=2  B:8♠ 3♥ 2♥=3  BANKER(L)  | -4,000원 → 120,300원
H063 | bet   8,000원 PLAYER | P:6♦ K♣=6  B:4♦ 4♣=8  BANKER(L)  | -8,000원 → 112,300원
H064 | bet  16,000원 PLAYER | P:8♥ 2♠ 5♠=5  B:8♥ 4♦ 2♠=4  PLAYER(W)  | +16,000원 → 128,300원  [end_win]
H065 | bet   1,000원 BANKER | P:K♠ A♠=1  B:7♦ 2♣=9  BANKER(W)  | +950원 → 129,250원
H066 | bet   1,000원 BANKER | P:J♠ 10♠=0  B:9♠ 10♣=9  BANKER(W)  | +950원 → 130,200원
H067 | bet   1,000원 BANKER | P:Q♣ 8♣=8  B:10♥ 6♥=6  PLAYER(L)  | -1,000원 → 129,200원  [start]
H068 | bet   2,000원 PLAYER | P:5♥ 6♠ 7♦=8  B:6♦ Q♣ 10♠=6  PLAYER(W)  | +2,000원 → 131,200원  [end_win]
H069 | bet   1,000원 BANKER | P:8♥ 8♥=6  B:Q♥ 9♠=9  BANKER(W)  | +950원 → 132,150원
H070 | bet   1,000원 BANKER | P:A♠ 3♦=4  B:J♦ 8♠=8  BANKER(W)  | +950원 → 133,100원
H071 | bet   1,000원 BANKER | P:K♣ Q♠ J♥=0  B:7♥ 3♦ 5♣=5  BANKER(W)  | +950원 → 134,050원
H072 | bet   1,000원 BANKER | P:9♦ A♦ Q♦=0  B:2♠ 3♣=5  BANKER(W)  | +950원 → 135,000원
H073 | bet   1,000원 BANKER | P:7♦ 8♦ K♦=5  B:10♦ 4♣=4  PLAYER(L)  | -1,000원 → 134,000원  [start]
H074 | bet   2,000원 PLAYER | P:9♦ J♣=9  B:5♠ 10♦=5  PLAYER(W)  | +2,000원 → 136,000원  [end_win]
H075 | bet   1,000원 BANKER | P:8♥ 6♥ 7♥=1  B:7♥ Q♣=7  BANKER(W)  | +950원 → 136,950원
H076 | bet   1,000원 BANKER | P:8♣ A♦=9  B:J♠ A♦=1  PLAYER(L)  | -1,000원 → 135,950원  [start]
H077 | bet   2,000원 PLAYER | P:9♦ 10♦=9  B:4♠ 3♣=7  PLAYER(W)  | +2,000원 → 137,950원  [end_win]
H078 | bet   1,000원 BANKER | P:6♣ 2♦=8  B:K♥ 3♣=3  PLAYER(L)  | -1,000원 → 136,950원  [start]
H079 | bet   2,000원 PLAYER | P:7♠ J♣=7  B:4♣ J♣ 8♣=2  PLAYER(W)  | +2,000원 → 138,950원  [end_win]
H080 | bet   1,000원 BANKER | P:7♣ Q♣=7  B:2♥ K♠ 3♠=5  PLAYER(L)  | -1,000원 → 137,950원  [start]
H081 | bet   2,000원 PLAYER | P:2♦ 4♠=6  B:4♠ 2♠=6  TIE(T)  |     0원 → 137,950원
H082 | bet   2,000원 PLAYER | P:4♥ 8♣ 5♠=7  B:3♥ 10♣ 6♠=9  BANKER(L)  | -2,000원 → 135,950원
H083 | bet   4,000원 PLAYER | P:3♣ 6♠=9  B:A♥ K♣=1  PLAYER(W)  | +4,000원 → 139,950원  [end_win]
H084 | bet   1,000원 BANKER | P:A♠ J♥=1  B:8♥ J♠=8  BANKER(W)  | +950원 → 140,900원
H085 | bet   1,000원 BANKER | P:Q♠ 2♥ A♣=3  B:6♦ 9♣=5  BANKER(W)  | +950원 → 141,850원
H086 | bet   1,000원 BANKER | P:Q♣ 8♠=8  B:4♠ Q♥=4  PLAYER(L)  | -1,000원 → 140,850원  [start]
H087 | bet   2,000원 PLAYER | P:2♣ A♦ 8♠=1  B:9♠ 4♥=3  BANKER(L)  | -2,000원 → 138,850원
H088 | bet   4,000원 PLAYER | P:J♠ 7♥=7  B:9♣ 4♣ 9♣=2  PLAYER(W)  | +4,000원 → 142,850원  [end_win]
H089 | bet   1,000원 BANKER | P:A♣ Q♦ 6♣=7  B:K♣ 4♠ K♣=4  PLAYER(L)  | -1,000원 → 141,850원  [start]
H090 | bet   2,000원 PLAYER | P:K♠ Q♦=0  B:3♥ 5♣=8  BANKER(L)  | -2,000원 → 139,850원
H091 | bet   4,000원 PLAYER | P:Q♥ 6♦=6  B:10♠ 6♥=6  TIE(T)  |     0원 → 139,850원
H092 | bet   4,000원 PLAYER | P:2♠ 8♠ 4♦=4  B:A♥ 9♥ 3♠=3  PLAYER(W)  | +4,000원 → 143,850원  [end_win]
H093 | bet   1,000원 BANKER | P:6♣ Q♣=6  B:2♠ 6♠=8  BANKER(W)  | +950원 → 144,800원
H094 | bet   1,000원 BANKER | P:9♥ 6♥ 3♦=8  B:6♥ Q♥=6  PLAYER(L)  | -1,000원 → 143,800원  [start]
H095 | bet   2,000원 PLAYER | P:2♥ 3♥ 2♦=7  B:3♠ 8♣ 7♥=8  BANKER(L)  | -2,000원 → 141,800원
H096 | bet   4,000원 PLAYER | P:5♥ 4♠=9  B:3♣ 4♥=7  PLAYER(W)  | +4,000원 → 145,800원  [end_win]
H097 | bet   1,000원 BANKER | P:Q♦ J♥ J♣=0  B:7♦ K♠=7  BANKER(W)  | +950원 → 146,750원
H098 | bet   1,000원 BANKER | P:10♣ 5♥ K♥=5  B:5♣ K♠=5  TIE(T)  |     0원 → 146,750원
H099 | bet   1,000원 BANKER | P:A♦ 8♦=9  B:7♠ 6♦=3  PLAYER(L)  | -1,000원 → 145,750원  [start]
H100 | bet   2,000원 PLAYER | P:Q♥ Q♦=0  B:J♠ 9♦=9  BANKER(L)  | -2,000원 → 143,750원
H101 | bet   4,000원 PLAYER | P:3♥ J♦=3  B:9♠ 10♦=9  BANKER(L)  | -4,000원 → 139,750원
H102 | bet   8,000원 PLAYER | P:3♣ 10♠ 10♠=3  B:4♥ 8♣ 2♦=4  BANKER(L)  | -8,000원 → 131,750원
H103 | bet  16,000원 PLAYER | P:10♦ 7♣=7  B:3♥ 10♣ 4♥=7  TIE(T)  |     0원 → 131,750원
H104 | bet  16,000원 PLAYER | P:K♥ 2♦ Q♠=2  B:3♥ 10♣ J♦=3  BANKER(L)  | -16,000원 → 115,750원  [end_giveup]
H105 | bet   1,000원 BANKER | P:9♥ 8♦=7  B:4♦ 7♠ 8♥=9  BANKER(W)  | +950원 → 116,700원
H106 | bet   1,000원 BANKER | P:5♦ 3♠=8  B:8♣ 10♠=8  TIE(T)  |     0원 → 116,700원
H107 | bet   1,000원 BANKER | P:J♣ Q♦ 6♣=6  B:9♦ 6♠ A♦=6  TIE(T)  |     0원 → 116,700원
H108 | bet   1,000원 BANKER | P:2♦ 7♠=9  B:J♣ 5♣=5  PLAYER(L)  | -1,000원 → 115,700원  [start]
H109 | bet   2,000원 PLAYER | P:3♣ 7♠ Q♥=0  B:5♠ 5♠ K♠=0  TIE(T)  |     0원 → 115,700원
H110 | bet   2,000원 PLAYER | P:K♦ Q♣ 9♥=9  B:K♦ 6♠=6  PLAYER(W)  | +2,000원 → 117,700원  [end_win]
H111 | bet   1,000원 BANKER | P:9♥ 5♦ K♠=4  B:7♦ Q♦=7  BANKER(W)  | +950원 → 118,650원
H112 | bet   1,000원 BANKER | P:2♥ K♥ 9♠=1  B:5♦ 7♦ 6♣=8  BANKER(W)  | +950원 → 119,600원
H113 | bet   1,000원 BANKER | P:K♦ 10♣ Q♥=0  B:6♠ 4♣ 2♠=2  BANKER(W)  | +950원 → 120,550원
H114 | bet   1,000원 BANKER | P:A♣ 4♥ 7♥=2  B:10♥ 7♠=7  BANKER(W)  | +950원 → 121,500원
H115 | bet   1,000원 BANKER | P:2♣ 10♠=2  B:10♦ 9♣=9  BANKER(W)  | +950원 → 122,450원
H116 | bet   1,000원 BANKER | P:4♠ 5♠=9  B:J♦ K♠=0  PLAYER(L)  | -1,000원 → 121,450원  [start]
H117 | bet   2,000원 PLAYER | P:7♦ 2♣=9  B:8♦ A♣=9  TIE(T)  |     0원 → 121,450원
H118 | bet   2,000원 PLAYER | P:A♠ 7♦=8  B:5♣ 2♥=7  PLAYER(W)  | +2,000원 → 123,450원  [end_win]
H119 | bet   1,000원 BANKER | P:2♥ 10♣ A♠=3  B:3♦ A♥=4  BANKER(W)  | +950원 → 124,400원
H120 | bet   1,000원 BANKER | P:2♠ 9♦ A♦=2  B:Q♣ J♣ 5♦=5  BANKER(W)  | +950원 → 125,350원
H121 | bet   1,000원 BANKER | P:J♦ K♥ 4♣=4  B:4♣ 7♥ 8♣=9  BANKER(W)  | +950원 → 126,300원
H122 | bet   1,000원 BANKER | P:J♥ 5♥ 3♣=8  B:K♣ A♦ 3♥=4  PLAYER(L)  | -1,000원 → 125,300원  [start]
H123 | bet   2,000원 PLAYER | P:2♣ 10♥ 6♥=8  B:5♠ K♦ 7♥=2  PLAYER(W)  | +2,000원 → 127,300원  [end_win]
H124 | bet   1,000원 BANKER | P:J♠ Q♣ 9♦=9  B:K♠ 10♠ 2♦=2  PLAYER(L)  | -1,000원 → 126,300원  [start]
H125 | bet   2,000원 PLAYER | P:8♠ 9♣=7  B:3♦ 6♣=9  BANKER(L)  | -2,000원 → 124,300원
H126 | bet   4,000원 PLAYER | P:7♣ K♣=7  B:9♥ K♥=9  BANKER(L)  | -4,000원 → 120,300원
H127 | bet   8,000원 PLAYER | P:6♥ 2♥=8  B:7♣ 8♣=5  PLAYER(W)  | +8,000원 → 128,300원  [end_win]
H128 | bet   1,000원 BANKER | P:3♠ 8♣ J♠=1  B:A♦ 4♦=5  BANKER(W)  | +950원 → 129,250원
H129 | bet   1,000원 BANKER | P:5♥ 8♠ 6♥=9  B:8♥ 6♥ 9♦=3  PLAYER(L)  | -1,000원 → 128,250원  [start]
H130 | bet   2,000원 PLAYER | P:4♠ K♥ 7♦=1  B:5♦ Q♦ 3♠=8  BANKER(L)  | -2,000원 → 126,250원
H131 | bet   4,000원 PLAYER | P:K♣ A♦ 9♣=0  B:K♦ J♦ 5♥=5  BANKER(L)  | -4,000원 → 122,250원
H132 | bet   8,000원 PLAYER | P:Q♠ 2♠ 2♣=4  B:2♠ 5♣=7  BANKER(L)  | -8,000원 → 114,250원
H133 | bet  16,000원 PLAYER | P:J♠ 2♣ 2♠=4  B:5♦ 8♣ A♠=4  TIE(T)  |     0원 → 114,250원
H134 | bet  16,000원 PLAYER | P:3♠ 3♣=6  B:9♣ 10♥=9  BANKER(L)  | -16,000원 → 98,250원  [end_giveup]
H135 | bet   1,000원 BANKER | P:6♦ 5♣ 10♥=1  B:2♠ Q♣ 4♥=6  BANKER(W)  | +950원 → 99,200원
H136 | bet   1,000원 BANKER | P:9♦ 9♦=8  B:5♦ 8♥=3  PLAYER(L)  | -1,000원 → 98,200원  [start]
H137 | bet   2,000원 PLAYER | P:J♣ 4♣=4  B:5♠ 3♠=8  BANKER(L)  | -2,000원 → 96,200원
H138 | bet   4,000원 PLAYER | P:A♠ 4♦ 6♥=1  B:10♦ 3♠ 5♣=8  BANKER(L)  | -4,000원 → 92,200원
H139 | bet   8,000원 PLAYER | P:3♦ 8♥ 2♦=3  B:2♦ J♠ J♥=2  PLAYER(W)  | +8,000원 → 100,200원  [end_win]
H140 | bet   1,000원 BANKER | P:8♦ J♣=8  B:J♣ 3♣=3  PLAYER(L)  | -1,000원 → 99,200원  [start]
H141 | bet   2,000원 PLAYER | P:A♠ Q♣ Q♣=1  B:7♥ 4♣ J♠=1  TIE(T)  |     0원 → 99,200원
H142 | bet   2,000원 PLAYER | P:9♠ Q♠=9  B:5♥ 7♠=2  PLAYER(W)  | +2,000원 → 101,200원  [end_win]
H143 | bet   1,000원 BANKER | P:5♠ K♠ 8♥=3  B:7♣ J♥=7  BANKER(W)  | +950원 → 102,150원
H144 | bet   1,000원 BANKER | P:7♠ J♥=7  B:3♥ 10♠ 8♠=1  PLAYER(L)  | -1,000원 → 101,150원  [start]
H145 | bet   2,000원 PLAYER | P:4♦ K♥=4  B:6♦ 2♣=8  BANKER(L)  | -2,000원 → 99,150원
H146 | bet   4,000원 PLAYER | P:6♠ 10♥=6  B:4♠ 4♦=8  BANKER(L)  | -4,000원 → 95,150원
H147 | bet   8,000원 PLAYER | P:6♠ J♦=6  B:4♥ 3♦=7  BANKER(L)  | -8,000원 → 87,150원
H148 | bet  16,000원 PLAYER | P:9♣ 9♠=8  B:A♥ 10♥=1  PLAYER(W)  | +16,000원 → 103,150원  [end_win]
H149 | bet   1,000원 BANKER | P:8♦ 10♥=8  B:6♠ Q♠=6  PLAYER(L)  | -1,000원 → 102,150원  [start]
H150 | bet   2,000원 PLAYER | P:2♦ 2♥ 8♥=2  B:7♠ 5♥ 7♣=9  BANKER(L)  | -2,000원 → 100,150원
H151 | bet   4,000원 PLAYER | P:7♥ 6♦ 8♠=1  B:4♠ Q♠=4  BANKER(L)  | -4,000원 → 96,150원
H152 | bet   8,000원 PLAYER | P:7♦ 4♠=1  B:4♣ 5♣=9  BANKER(L)  | -8,000원 → 88,150원
H153 | bet  16,000원 PLAYER | P:4♥ A♥ 10♣=5  B:9♦ 4♦ 7♦=0  PLAYER(W)  | +16,000원 → 104,150원  [end_win]
H154 | bet   1,000원 BANKER | P:10♣ 7♥=7  B:3♦ A♣ 10♦=4  PLAYER(L)  | -1,000원 → 103,150원  [start]
H155 | bet   2,000원 PLAYER | P:9♥ J♥=9  B:K♣ 10♦=0  PLAYER(W)  | +2,000원 → 105,150원  [end_win]
H156 | bet   1,000원 BANKER | P:A♣ 7♣=8  B:Q♦ 8♦=8  TIE(T)  |     0원 → 105,150원
H157 | bet   1,000원 BANKER | P:A♦ 5♦=6  B:5♠ A♠=6  TIE(T)  |     0원 → 105,150원
H158 | bet   1,000원 BANKER | P:J♣ 8♠=8  B:A♥ 8♦=9  BANKER(W)  | +950원 → 106,100원
H159 | bet   1,000원 BANKER | P:J♥ 6♦=6  B:A♣ K♦ 2♥=3  PLAYER(L)  | -1,000원 → 105,100원  [start]
H160 | bet   2,000원 PLAYER | P:8♦ 3♣ K♥=1  B:A♥ 10♦ Q♥=1  TIE(T)  |     0원 → 105,100원
H161 | bet   2,000원 PLAYER | P:10♥ 10♦ A♥=1  B:J♦ A♠ 2♣=3  BANKER(L)  | -2,000원 → 103,100원
H162 | bet   4,000원 PLAYER | P:4♦ A♣=5  B:9♥ K♦=9  BANKER(L)  | -4,000원 → 99,100원
H163 | bet   8,000원 PLAYER | P:5♥ 9♠ K♦=4  B:9♠ 8♥=7  BANKER(L)  | -8,000원 → 91,100원
H164 | bet  16,000원 PLAYER | P:6♣ 3♦=9  B:6♦ Q♠=6  PLAYER(W)  | +16,000원 → 107,100원  [end_win]
H165 | bet   1,000원 BANKER | P:10♣ 9♠=9  B:5♠ 4♣=9  TIE(T)  |     0원 → 107,100원
H166 | bet   1,000원 BANKER | P:8♠ 3♠ 6♣=7  B:7♠ 7♣ A♠=5  PLAYER(L)  | -1,000원 → 106,100원  [start]
H167 | bet   2,000원 PLAYER | P:8♦ J♥=8  B:5♣ 8♦=3  PLAYER(W)  | +2,000원 → 108,100원  [end_win]
H168 | bet   1,000원 BANKER | P:10♠ 9♣=9  B:A♣ 10♣=1  PLAYER(L)  | -1,000원 → 107,100원  [start]
H169 | bet   2,000원 PLAYER | P:K♦ 9♦=9  B:9♠ 10♠=9  TIE(T)  |     0원 → 107,100원
H170 | bet   2,000원 PLAYER | P:Q♦ Q♣ 5♦=5  B:2♦ Q♣ 9♣=1  PLAYER(W)  | +2,000원 → 109,100원  [end_win]
H171 | bet   1,000원 BANKER | P:J♦ 6♠=6  B:10♠ 5♦ J♠=5  PLAYER(L)  | -1,000원 → 108,100원  [start]
H172 | bet   2,000원 PLAYER | P:A♠ 3♣=4  B:8♠ K♥=8  BANKER(L)  | -2,000원 → 106,100원
H173 | bet   4,000원 PLAYER | P:5♣ 2♠=7  B:3♣ A♦ 7♣=1  PLAYER(W)  | +4,000원 → 110,100원  [end_win]
H174 | bet   1,000원 BANKER | P:9♦ J♣=9  B:J♠ 6♦=6  PLAYER(L)  | -1,000원 → 109,100원  [start]
H175 | bet   2,000원 PLAYER | P:3♥ 7♣ 10♣=0  B:Q♠ Q♦ 8♠=8  BANKER(L)  | -2,000원 → 107,100원
H176 | bet   4,000원 PLAYER | P:4♠ A♦ A♥=6  B:6♦ 4♥ 8♠=8  BANKER(L)  | -4,000원 → 103,100원
H177 | bet   8,000원 PLAYER | P:4♣ 9♠=3  B:K♦ 8♣=8  BANKER(L)  | -8,000원 → 95,100원
H178 | bet  16,000원 PLAYER | P:9♣ 5♣ 3♦=7  B:J♠ 6♣=6  PLAYER(W)  | +16,000원 → 111,100원  [end_win]
H179 | bet   1,000원 BANKER | P:J♦ Q♠ 10♠=0  B:Q♣ 6♠=6  BANKER(W)  | +950원 → 112,050원
H180 | bet   1,000원 BANKER | P:6♦ K♣=6  B:Q♣ 9♥=9  BANKER(W)  | +950원 → 113,000원
H181 | bet   1,000원 BANKER | P:8♥ 6♠ 8♣=2  B:5♣ J♣=5  BANKER(W)  | +950원 → 113,950원
H182 | bet   1,000원 BANKER | P:3♦ 6♣=9  B:6♠ 2♦=8  PLAYER(L)  | -1,000원 → 112,950원  [start]
H183 | bet   2,000원 PLAYER | P:K♣ 10♥ J♥=0  B:2♦ 9♥ 10♣=1  BANKER(L)  | -2,000원 → 110,950원
H184 | bet   4,000원 PLAYER | P:10♦ 7♣=7  B:10♥ 9♥=9  BANKER(L)  | -4,000원 → 106,950원
H185 | bet   8,000원 PLAYER | P:A♥ K♦ 3♠=4  B:3♣ K♣ 9♠=2  PLAYER(W)  | +8,000원 → 114,950원  [end_win]
H186 | bet   1,000원 BANKER | P:5♥ K♦ K♣=5  B:7♠ 5♠ 5♥=7  BANKER(W)  | +950원 → 115,900원
H187 | bet   1,000원 BANKER | P:2♣ Q♦ 8♥=0  B:K♣ 2♣ J♠=2  BANKER(W)  | +950원 → 116,850원
H188 | bet   1,000원 BANKER | P:2♣ 10♣ 7♥=9  B:9♠ A♥ 8♥=8  PLAYER(L)  | -1,000원 → 115,850원  [start]
H189 | bet   2,000원 PLAYER | P:2♦ Q♣ J♣=2  B:J♥ A♦ 10♦=1  PLAYER(W)  | +2,000원 → 117,850원  [end_win]
H190 | bet   1,000원 BANKER | P:6♠ J♦=6  B:J♦ K♠ 6♥=6  TIE(T)  |     0원 → 117,850원
H191 | bet   1,000원 BANKER | P:10♣ 7♠=7  B:5♣ K♠ 7♠=2  PLAYER(L)  | -1,000원 → 116,850원  [start]
H192 | bet   2,000원 PLAYER | P:8♥ 4♥ 10♦=2  B:7♥ 10♥=7  BANKER(L)  | -2,000원 → 114,850원
H193 | bet   4,000원 PLAYER | P:2♣ K♣=2  B:7♥ 2♥=9  BANKER(L)  | -4,000원 → 110,850원
H194 | bet   8,000원 PLAYER | P:3♥ 5♦=8  B:4♠ A♥=5  PLAYER(W)  | +8,000원 → 118,850원  [end_win]
H195 | bet   1,000원 BANKER | P:J♠ 4♠ 4♠=8  B:K♥ Q♥ A♠=1  PLAYER(L)  | -1,000원 → 117,850원  [start]
H196 | bet   2,000원 PLAYER | P:Q♥ A♦ Q♠=1  B:3♣ 3♥=6  BANKER(L)  | -2,000원 → 115,850원
H197 | bet   4,000원 PLAYER | P:K♦ 3♠ J♥=3  B:10♠ Q♠ K♥=0  PLAYER(W)  | +4,000원 → 119,850원  [end_win]
H198 | bet   1,000원 BANKER | P:4♦ 9♥ 3♠=6  B:10♣ 3♠ J♦=3  PLAYER(L)  | -1,000원 → 118,850원  [start]
H199 | bet   2,000원 PLAYER | P:8♦ 9♠=7  B:3♥ J♣ A♣=4  PLAYER(W)  | +2,000원 → 120,850원  [end_win]
H200 | bet   1,000원 BANKER | P:8♣ 9♥=7  B:8♦ 8♦=6  PLAYER(L)  | -1,000원 → 119,850원  [start]
H201 | bet   2,000원 PLAYER | P:5♥ A♠=6  B:8♥ 8♥=6  TIE(T)  |     0원 → 119,850원
H202 | bet   2,000원 PLAYER | P:K♠ 2♣ J♣=2  B:5♠ 5♠ 8♠=8  BANKER(L)  | -2,000원 → 117,850원
H203 | bet   4,000원 PLAYER | P:A♦ 6♣=7  B:J♠ 3♠ 2♦=5  PLAYER(W)  | +4,000원 → 121,850원  [end_win]
H204 | bet   1,000원 BANKER | P:Q♣ 7♦=7  B:10♦ A♠ J♣=1  PLAYER(L)  | -1,000원 → 120,850원  [start]
H205 | bet   2,000원 PLAYER | P:6♦ Q♥=6  B:2♣ 5♥=7  BANKER(L)  | -2,000원 → 118,850원
H206 | bet   4,000원 PLAYER | P:7♥ 8♣ 5♠=0  B:9♠ 4♦ 5♠=8  BANKER(L)  | -4,000원 → 114,850원
H207 | bet   8,000원 PLAYER | P:6♣ 4♦ 2♠=2  B:4♣ 10♣ Q♥=4  BANKER(L)  | -8,000원 → 106,850원
H208 | bet  16,000원 PLAYER | P:6♣ 10♥=6  B:5♥ 4♦=9  BANKER(L)  | -16,000원 → 90,850원  [end_giveup]
H209 | bet   1,000원 BANKER | P:K♠ K♣ J♥=0  B:2♦ A♥ 10♦=3  BANKER(W)  | +950원 → 91,800원
H210 | bet   1,000원 BANKER | P:A♦ 5♠=6  B:J♣ 8♠=8  BANKER(W)  | +950원 → 92,750원
H211 | bet   1,000원 BANKER | P:8♠ Q♣=8  B:6♥ 6♦=2  PLAYER(L)  | -1,000원 → 91,750원  [start]
H212 | bet   2,000원 PLAYER | P:9♣ 7♦=6  B:4♥ Q♦ 3♥=7  BANKER(L)  | -2,000원 → 89,750원
H213 | bet   4,000원 PLAYER | P:2♠ Q♦ 2♦=4  B:2♦ K♦ 9♦=1  PLAYER(W)  | +4,000원 → 93,750원  [end_win]
H214 | bet   1,000원 BANKER | P:4♠ Q♦ A♠=5  B:A♥ 2♠ 5♦=8  BANKER(W)  | +950원 → 94,700원
H215 | bet   1,000원 BANKER | P:A♣ 5♦=6  B:4♥ Q♠ 2♥=6  TIE(T)  |     0원 → 94,700원
H216 | bet   1,000원 BANKER | P:A♣ Q♣ 10♥=1  B:6♥ K♦=6  BANKER(W)  | +950원 → 95,650원
H217 | bet   1,000원 BANKER | P:8♣ J♠=8  B:7♠ J♠=7  PLAYER(L)  | -1,000원 → 94,650원  [start]
H218 | bet   2,000원 PLAYER | P:5♣ K♠ 7♣=2  B:K♥ 10♠ 7♥=7  BANKER(L)  | -2,000원 → 92,650원
H219 | bet   4,000원 PLAYER | P:7♣ 4♦ 2♠=3  B:6♦ J♣=6  BANKER(L)  | -4,000원 → 88,650원
H220 | bet   8,000원 PLAYER | P:10♠ 8♦=8  B:7♠ 3♦=0  PLAYER(W)  | +8,000원 → 96,650원  [end_win]
H221 | bet   1,000원 BANKER | P:6♦ 9♥=5  B:9♠ K♥=9  BANKER(W)  | +950원 → 97,600원
H222 | bet   1,000원 BANKER | P:4♣ Q♥ Q♠=4  B:A♣ 4♣=5  BANKER(W)  | +950원 → 98,550원
H223 | bet   1,000원 BANKER | P:K♠ 9♦=9  B:7♦ K♥=7  PLAYER(L)  | -1,000원 → 97,550원  [start]
H224 | bet   2,000원 PLAYER | P:8♣ 2♠ 2♠=2  B:4♣ A♥=5  BANKER(L)  | -2,000원 → 95,550원
H225 | bet   4,000원 PLAYER | P:7♦ 9♦=6  B:J♥ 6♦=6  TIE(T)  |     0원 → 95,550원
H226 | bet   4,000원 PLAYER | P:6♥ 8♠ 3♠=7  B:6♣ 4♦ J♦=0  PLAYER(W)  | +4,000원 → 99,550원  [end_win]
H227 | bet   1,000원 BANKER | P:K♠ 8♦=8  B:9♣ Q♦=9  BANKER(W)  | +950원 → 100,500원
H228 | bet   1,000원 BANKER | P:9♣ Q♠=9  B:6♥ 5♥=1  PLAYER(L)  | -1,000원 → 99,500원  [start]
H229 | bet   2,000원 PLAYER | P:6♠ 2♣=8  B:8♥ 5♠=3  PLAYER(W)  | +2,000원 → 101,500원  [end_win]
H230 | bet   1,000원 BANKER | P:3♥ 7♥ 3♣=3  B:A♦ 4♠=5  BANKER(W)  | +950원 → 102,450원
H231 | bet   1,000원 BANKER | P:J♦ K♠=0  B:7♦ A♣=8  BANKER(W)  | +950원 → 103,400원
H232 | bet   1,000원 BANKER | P:10♦ Q♠ J♥=0  B:9♣ 3♥ 5♦=7  BANKER(W)  | +950원 → 104,350원
H233 | bet   1,000원 BANKER | P:10♥ Q♦=0  B:5♦ 3♦=8  BANKER(W)  | +950원 → 105,300원
H234 | bet   1,000원 BANKER | P:5♣ 7♠ J♥=2  B:9♣ 3♥ 5♣=7  BANKER(W)  | +950원 → 106,250원
H235 | bet   1,000원 BANKER | P:8♦ 5♦=3  B:4♥ 4♣=8  BANKER(W)  | +950원 → 107,200원
H236 | bet   1,000원 BANKER | P:2♥ Q♥ 4♥=6  B:J♦ A♦ 10♥=1  PLAYER(L)  | -1,000원 → 106,200원  [start]
H237 | bet   2,000원 PLAYER | P:7♦ 2♥=9  B:3♦ 10♥=3  PLAYER(W)  | +2,000원 → 108,200원  [end_win]
H238 | bet   1,000원 BANKER | P:3♣ 9♥ 3♣=5  B:A♣ K♥ K♦=1  PLAYER(L)  | -1,000원 → 107,200원  [start]
H239 | bet   2,000원 PLAYER | P:4♥ 7♣ 6♥=7  B:3♠ 4♣=7  TIE(T)  |     0원 → 107,200원
H240 | bet   2,000원 PLAYER | P:7♣ 6♠ 6♠=9  B:K♥ 10♦ A♣=1  PLAYER(W)  | +2,000원 → 109,200원  [end_win]
H241 | bet   1,000원 BANKER | P:6♥ 2♥=8  B:3♣ 4♠=7  PLAYER(L)  | -1,000원 → 108,200원  [start]
H242 | bet   2,000원 PLAYER | P:5♥ K♣ 9♥=4  B:8♥ 9♦=7  BANKER(L)  | -2,000원 → 106,200원
H243 | bet   4,000원 PLAYER | P:7♠ 10♦=7  B:5♥ 2♥=7  TIE(T)  |     0원 → 106,200원
H244 | bet   4,000원 PLAYER | P:10♣ 9♦=9  B:A♥ 8♣=9  TIE(T)  |     0원 → 106,200원
H245 | bet   4,000원 PLAYER | P:2♥ 2♥ 7♦=1  B:7♦ Q♥=7  BANKER(L)  | -4,000원 → 102,200원
H246 | bet   8,000원 PLAYER | P:4♦ 4♥=8  B:7♥ 4♦=1  PLAYER(W)  | +8,000원 → 110,200원  [end_win]
H247 | bet   1,000원 BANKER | P:7♥ 9♦=6  B:6♥ 8♣ 10♠=4  PLAYER(L)  | -1,000원 → 109,200원  [start]
H248 | bet   2,000원 PLAYER | P:4♠ A♠ 3♣=8  B:2♠ A♠ 4♠=7  PLAYER(W)  | +2,000원 → 111,200원  [end_win]
H249 | bet   1,000원 BANKER | P:2♦ 4♦=6  B:J♠ 5♥ 9♦=4  PLAYER(L)  | -1,000원 → 110,200원  [start]
H250 | bet   2,000원 PLAYER | P:7♣ 7♥ 9♥=3  B:8♣ 8♠=6  BANKER(L)  | -2,000원 → 108,200원
H251 | bet   4,000원 PLAYER | P:4♣ 3♣=7  B:3♣ Q♠ 2♠=5  PLAYER(W)  | +4,000원 → 112,200원  [end_win]
H252 | bet   1,000원 BANKER | P:8♦ K♣=8  B:J♠ J♦=0  PLAYER(L)  | -1,000원 → 111,200원  [start]
H253 | bet   2,000원 PLAYER | P:6♦ 6♠ 9♥=1  B:5♥ J♥=5  BANKER(L)  | -2,000원 → 109,200원
H254 | bet   4,000원 PLAYER | P:K♦ 4♦=4  B:4♦ 4♣=8  BANKER(L)  | -4,000원 → 105,200원
H255 | bet   8,000원 PLAYER | P:6♣ J♠=6  B:Q♠ 10♦ 7♥=7  BANKER(L)  | -8,000원 → 97,200원
H256 | bet  16,000원 PLAYER | P:3♥ 2♠ Q♠=5  B:5♥ A♠=6  BANKER(L)  | -16,000원 → 81,200원  [end_giveup]
H257 | bet   1,000원 BANKER | P:Q♣ 2♥ 2♥=4  B:K♣ K♠ 7♣=7  BANKER(W)  | +950원 → 82,150원
H258 | bet   1,000원 BANKER | P:9♠ 7♦=6  B:9♠ K♥=9  BANKER(W)  | +950원 → 83,100원
H259 | bet   1,000원 BANKER | P:Q♠ 5♥ 9♠=4  B:7♠ 5♣ 7♣=9  BANKER(W)  | +950원 → 84,050원
H260 | bet   1,000원 BANKER | P:5♦ 5♣=0  B:8♣ K♦=8  BANKER(W)  | +950원 → 85,000원
H261 | bet   1,000원 BANKER | P:8♣ 8♦=6  B:7♥ 3♠ 2♦=2  PLAYER(L)  | -1,000원 → 84,000원  [start]
H262 | bet   2,000원 PLAYER | P:4♣ 3♣=7  B:3♠ 3♥=6  PLAYER(W)  | +2,000원 → 86,000원  [end_win]
H263 | bet   1,000원 BANKER | P:2♦ 5♥=7  B:10♥ 7♦=7  TIE(T)  |     0원 → 86,000원
H264 | bet   1,000원 BANKER | P:6♥ Q♦=6  B:J♠ A♣ 2♠=3  PLAYER(L)  | -1,000원 → 85,000원  [start]
H265 | bet   2,000원 PLAYER | P:Q♥ 9♦=9  B:4♥ A♠=5  PLAYER(W)  | +2,000원 → 87,000원  [end_win]
H266 | bet   1,000원 BANKER | P:5♣ K♠ A♥=6  B:Q♣ J♣ J♣=0  PLAYER(L)  | -1,000원 → 86,000원  [start]
H267 | bet   2,000원 PLAYER | P:8♠ 5♣=3  B:K♠ 9♣=9  BANKER(L)  | -2,000원 → 84,000원
H268 | bet   4,000원 PLAYER | P:9♥ 6♠ 9♦=4  B:9♣ 3♣ 2♣=4  TIE(T)  |     0원 → 84,000원
H269 | bet   4,000원 PLAYER | P:7♥ K♣=7  B:4♣ 6♣ J♥=0  PLAYER(W)  | +4,000원 → 88,000원  [end_win]
H270 | bet   1,000원 BANKER | P:A♠ 8♣=9  B:10♦ K♥=0  PLAYER(L)  | -1,000원 → 87,000원  [start]
H271 | bet   2,000원 PLAYER | P:8♠ 7♦ 5♥=0  B:Q♣ 3♠ 8♥=1  BANKER(L)  | -2,000원 → 85,000원
H272 | bet   4,000원 PLAYER | P:K♥ 6♠=6  B:6♥ K♦=6  TIE(T)  |     0원 → 85,000원
H273 | bet   4,000원 PLAYER | P:6♣ A♥=7  B:Q♥ 9♦=9  BANKER(L)  | -4,000원 → 81,000원
H274 | bet   8,000원 PLAYER | P:2♣ 8♣ A♦=1  B:4♥ 10♦=4  BANKER(L)  | -8,000원 → 73,000원
H275 | bet  16,000원 PLAYER | P:8♣ J♦=8  B:8♦ Q♦=8  TIE(T)  |     0원 → 73,000원
H276 | bet  16,000원 PLAYER | P:9♠ 6♦ 2♥=7  B:A♣ 9♠ 9♥=9  BANKER(L)  | -16,000원 → 57,000원  [end_giveup]
H277 | bet   1,000원 BANKER | P:Q♣ 3♦ 7♥=0  B:10♥ 6♦ 7♣=3  BANKER(W)  | +950원 → 57,950원
H278 | bet   1,000원 BANKER | P:3♥ 10♣ 3♦=6  B:8♦ 9♥=7  BANKER(W)  | +950원 → 58,900원
H279 | bet   1,000원 BANKER | P:6♠ 7♦=3  B:9♠ 9♣=8  BANKER(W)  | +950원 → 59,850원
H280 | bet   1,000원 BANKER | P:9♥ K♥=9  B:J♣ 8♣=8  PLAYER(L)  | -1,000원 → 58,850원  [start]
H281 | bet   2,000원 PLAYER | P:10♣ Q♥ 2♦=2  B:4♥ J♥ 3♥=7  BANKER(L)  | -2,000원 → 56,850원
H282 | bet   4,000원 PLAYER | P:A♦ 5♣=6  B:2♥ Q♥ K♥=2  PLAYER(W)  | +4,000원 → 60,850원  [end_win]
H283 | bet   1,000원 BANKER | P:3♦ 4♠=7  B:10♦ 8♦=8  BANKER(W)  | +950원 → 61,800원
H284 | bet   1,000원 BANKER | P:Q♦ 5♦ 5♠=0  B:3♠ 4♥=7  BANKER(W)  | +950원 → 62,750원
H285 | bet   1,000원 BANKER | P:Q♠ 2♣ 10♣=2  B:K♣ 10♥ 8♠=8  BANKER(W)  | +950원 → 63,700원
H286 | bet   1,000원 BANKER | P:A♠ K♣ A♣=2  B:6♥ 10♥=6  BANKER(W)  | +950원 → 64,650원
H287 | bet   1,000원 BANKER | P:9♠ 6♠ 8♠=3  B:10♦ 3♠=3  TIE(T)  |     0원 → 64,650원
H288 | bet   1,000원 BANKER | P:9♥ A♠ J♣=0  B:3♥ A♥=4  BANKER(W)  | +950원 → 65,600원
H289 | bet   1,000원 BANKER | P:4♠ 8♥ 4♣=6  B:3♦ 8♠ A♦=2  PLAYER(L)  | -1,000원 → 64,600원  [start]
H290 | bet   2,000원 PLAYER | P:10♣ A♥ 2♣=3  B:10♣ J♣ A♦=1  PLAYER(W)  | +2,000원 → 66,600원  [end_win]
H291 | bet   1,000원 BANKER | P:7♠ 4♠ 5♠=6  B:J♦ K♣ 4♥=4  PLAYER(L)  | -1,000원 → 65,600원  [start]
H292 | bet   2,000원 PLAYER | P:Q♥ 8♦=8  B:4♦ 10♠=4  PLAYER(W)  | +2,000원 → 67,600원  [end_win]
H293 | bet   1,000원 BANKER | P:7♠ Q♣=7  B:K♠ Q♦ 10♥=0  PLAYER(L)  | -1,000원 → 66,600원  [start]
H294 | bet   2,000원 PLAYER | P:4♠ A♥ K♠=5  B:K♦ 6♦=6  BANKER(L)  | -2,000원 → 64,600원
H295 | bet   4,000원 PLAYER | P:3♠ 2♥ J♥=5  B:4♥ 6♠ Q♠=0  PLAYER(W)  | +4,000원 → 68,600원  [end_win]
H296 | bet   1,000원 BANKER | P:9♣ J♥=9  B:2♠ 7♠=9  TIE(T)  |     0원 → 68,600원
H297 | bet   1,000원 BANKER | P:5♠ A♦=6  B:9♦ 10♥=9  BANKER(W)  | +950원 → 69,550원
H298 | bet   1,000원 BANKER | P:9♦ 6♥ 6♣=1  B:9♣ 4♦ 6♣=9  BANKER(W)  | +950원 → 70,500원
H299 | bet   1,000원 BANKER | P:5♠ 2♥=7  B:A♦ K♥ J♦=1  PLAYER(L)  | -1,000원 → 69,500원  [start]
H300 | bet   2,000원 PLAYER | P:6♦ 2♦=8  B:J♦ J♥=0  PLAYER(W)  | +2,000원 → 71,500원  [end_win]
H301 | bet   1,000원 BANKER | P:4♠ 5♣=9  B:J♥ 3♦=3  PLAYER(L)  | -1,000원 → 70,500원  [start]
H302 | bet   2,000원 PLAYER | P:10♠ J♣ 4♣=4  B:J♦ 7♦=7  BANKER(L)  | -2,000원 → 68,500원
H303 | bet   4,000원 PLAYER | P:A♦ Q♥ 3♦=4  B:10♦ 7♠=7  BANKER(L)  | -4,000원 → 64,500원
H304 | bet   8,000원 PLAYER | P:2♥ K♠ 5♦=7  B:Q♠ 10♠ J♦=0  PLAYER(W)  | +8,000원 → 72,500원  [end_win]
H305 | bet   1,000원 BANKER | P:3♥ Q♠=3  B:3♣ 5♦=8  BANKER(W)  | +950원 → 73,450원
H306 | bet   1,000원 BANKER | P:9♦ J♠=9  B:6♣ 3♣=9  TIE(T)  |     0원 → 73,450원
H307 | bet   1,000원 BANKER | P:J♣ 4♦ 5♠=9  B:4♣ Q♦ 2♣=6  PLAYER(L)  | -1,000원 → 72,450원  [start]
H308 | bet   2,000원 PLAYER | P:3♣ 8♦ 3♠=4  B:4♣ K♦ A♠=5  BANKER(L)  | -2,000원 → 70,450원
H309 | bet   4,000원 PLAYER | P:4♦ A♣ 2♣=7  B:5♦ 9♥ Q♦=4  PLAYER(W)  | +4,000원 → 74,450원  [end_win]
H310 | bet   1,000원 BANKER | P:9♦ 10♣=9  B:4♥ 8♥=2  PLAYER(L)  | -1,000원 → 73,450원  [start]
H311 | bet   2,000원 PLAYER | P:10♣ 10♠ 6♥=6  B:K♣ A♣ 7♠=8  BANKER(L)  | -2,000원 → 71,450원
H312 | bet   4,000원 PLAYER | P:3♥ 6♥=9  B:7♦ 8♣=5  PLAYER(W)  | +4,000원 → 75,450원  [end_win]
H313 | bet   1,000원 BANKER | P:6♠ J♠=6  B:8♦ K♦=8  BANKER(W)  | +950원 → 76,400원
H314 | bet   1,000원 BANKER | P:7♥ 3♦ 10♥=0  B:8♥ 5♠ A♥=4  BANKER(W)  | +950원 → 77,350원
H315 | bet   1,000원 BANKER | P:K♦ 6♥=6  B:10♦ K♣ 5♠=5  PLAYER(L)  | -1,000원 → 76,350원  [start]
H316 | bet   2,000원 PLAYER | P:A♥ 7♣=8  B:7♠ K♦=7  PLAYER(W)  | +2,000원 → 78,350원  [end_win]
H317 | bet   1,000원 BANKER | P:10♠ Q♦=0  B:7♣ 2♣=9  BANKER(W)  | +950원 → 79,300원
H318 | bet   1,000원 BANKER | P:6♦ 8♠ 5♣=9  B:Q♥ Q♣ A♦=1  PLAYER(L)  | -1,000원 → 78,300원  [start]
H319 | bet   2,000원 PLAYER | P:8♥ 7♣=5  B:7♠ A♥=8  BANKER(L)  | -2,000원 → 76,300원
H320 | bet   4,000원 PLAYER | P:2♦ 2♠ 7♦=1  B:6♦ 9♠ 5♦=0  PLAYER(W)  | +4,000원 → 80,300원  [end_win]
H321 | bet   1,000원 BANKER | P:3♥ 10♥ A♣=4  B:6♣ 6♥ 5♣=7  BANKER(W)  | +950원 → 81,250원
H322 | bet   1,000원 BANKER | P:9♣ 7♥=6  B:Q♥ J♠ A♣=1  PLAYER(L)  | -1,000원 → 80,250원  [start]
H323 | bet   2,000원 PLAYER | P:2♥ 5♥=7  B:4♥ 4♠=8  BANKER(L)  | -2,000원 → 78,250원
H324 | bet   4,000원 PLAYER | P:10♠ 5♦ J♦=5  B:2♦ 5♦=7  BANKER(L)  | -4,000원 → 74,250원
H325 | bet   8,000원 PLAYER | P:J♣ 9♣=9  B:K♥ K♠=0  PLAYER(W)  | +8,000원 → 82,250원  [end_win]
H326 | bet   1,000원 BANKER | P:7♣ K♥=7  B:2♣ J♠ 7♦=9  BANKER(W)  | +950원 → 83,200원
H327 | bet   1,000원 BANKER | P:6♣ Q♦=6  B:5♠ 10♠ 8♥=3  PLAYER(L)  | -1,000원 → 82,200원  [start]
H328 | bet   2,000원 PLAYER | P:Q♣ 10♦ J♥=0  B:3♠ 8♠ 9♣=0  TIE(T)  |     0원 → 82,200원
H329 | bet   2,000원 PLAYER | P:K♠ 2♦=2  B:2♠ 7♥=9  BANKER(L)  | -2,000원 → 80,200원
H330 | bet   4,000원 PLAYER | P:J♠ 6♣=6  B:3♣ 4♠=7  BANKER(L)  | -4,000원 → 76,200원
H331 | bet   8,000원 PLAYER | P:J♠ 7♣=7  B:5♦ K♣ 5♦=0  PLAYER(W)  | +8,000원 → 84,200원  [end_win]
H332 | bet   1,000원 BANKER | P:Q♣ 4♥ 2♠=6  B:8♣ 3♦ 5♣=6  TIE(T)  |     0원 → 84,200원
H333 | bet   1,000원 BANKER | P:6♦ 3♥=9  B:A♣ 9♥=0  PLAYER(L)  | -1,000원 → 83,200원  [start]
H334 | bet   2,000원 PLAYER | P:7♥ J♦=7  B:6♠ 6♣ 9♥=1  PLAYER(W)  | +2,000원 → 85,200원  [end_win]
H335 | bet   1,000원 BANKER | P:9♥ 7♦=6  B:A♦ A♥ 10♦=2  PLAYER(L)  | -1,000원 → 84,200원  [start]
H336 | bet   2,000원 PLAYER | P:A♣ 3♦ K♣=4  B:Q♣ 4♦=4  TIE(T)  |     0원 → 84,200원
H337 | bet   2,000원 PLAYER | P:7♦ 9♥=6  B:A♣ 6♥=7  BANKER(L)  | -2,000원 → 82,200원
H338 | bet   4,000원 PLAYER | P:2♥ 9♣ 7♣=8  B:K♠ 4♠ 2♠=6  PLAYER(W)  | +4,000원 → 86,200원  [end_win]
H339 | bet   1,000원 BANKER | P:9♠ 5♦=4  B:10♠ 9♣=9  BANKER(W)  | +950원 → 87,150원
H340 | bet   1,000원 BANKER | P:J♣ J♥=0  B:9♣ 10♥=9  BANKER(W)  | +950원 → 88,100원
H341 | bet   1,000원 BANKER | P:9♥ 6♥ 9♠=4  B:6♦ 5♦ 4♥=5  BANKER(W)  | +950원 → 89,050원
H342 | bet   1,000원 BANKER | P:Q♣ 8♥=8  B:4♠ 6♣=0  PLAYER(L)  | -1,000원 → 88,050원  [start]
H343 | bet   2,000원 PLAYER | P:4♣ 2♦=6  B:8♦ 4♦ Q♦=2  PLAYER(W)  | +2,000원 → 90,050원  [end_win]
H344 | bet   1,000원 BANKER | P:2♥ 6♥=8  B:5♥ Q♦=5  PLAYER(L)  | -1,000원 → 89,050원  [start]
H345 | bet   2,000원 PLAYER | P:8♠ 2♥ 4♠=4  B:Q♣ 3♥ Q♣=3  PLAYER(W)  | +2,000원 → 91,050원  [end_win]
H346 | bet   1,000원 BANKER | P:J♥ 10♥ J♣=0  B:4♣ Q♥=4  BANKER(W)  | +950원 → 92,000원
H347 | bet   1,000원 BANKER | P:A♥ 10♠ K♦=1  B:3♥ 8♠ 7♣=8  BANKER(W)  | +950원 → 92,950원
H348 | bet   1,000원 BANKER | P:7♠ 7♠=4  B:8♠ 10♠=8  BANKER(W)  | +950원 → 93,900원
H349 | bet   1,000원 BANKER | P:4♦ 4♦=8  B:7♥ A♦=8  TIE(T)  |     0원 → 93,900원
H350 | bet   1,000원 BANKER | P:8♦ A♣=9  B:Q♠ 2♠=2  PLAYER(L)  | -1,000원 → 92,900원  [start]
H351 | bet   2,000원 PLAYER | P:7♣ 10♦=7  B:4♥ 7♥ 5♥=6  PLAYER(W)  | +2,000원 → 94,900원  [end_win]
H352 | bet   1,000원 BANKER | P:A♥ 4♠=5  B:8♦ Q♦=8  BANKER(W)  | +950원 → 95,850원
H353 | bet   1,000원 BANKER | P:5♥ Q♥ 6♦=1  B:A♠ 10♣ 7♦=8  BANKER(W)  | +950원 → 96,800원
H354 | bet   1,000원 BANKER | P:K♣ 8♣=8  B:8♥ 6♠=4  PLAYER(L)  | -1,000원 → 95,800원  [start]
H355 | bet   2,000원 PLAYER | P:K♣ 5♣ 8♥=3  B:5♥ 7♣ Q♥=2  PLAYER(W)  | +2,000원 → 97,800원  [end_win]
H356 | bet   1,000원 BANKER | P:A♠ 10♦ J♦=1  B:J♣ 10♣ 7♠=7  BANKER(W)  | +950원 → 98,750원
H357 | bet   1,000원 BANKER | P:9♥ 10♠=9  B:A♠ 4♣=5  PLAYER(L)  | -1,000원 → 97,750원  [start]
H358 | bet   2,000원 PLAYER | P:8♥ 4♠ 10♦=2  B:2♦ 5♣=7  BANKER(L)  | -2,000원 → 95,750원
H359 | bet   4,000원 PLAYER | P:A♥ 8♦=9  B:A♣ A♥=2  PLAYER(W)  | +4,000원 → 99,750원  [end_win]
H360 | bet   1,000원 BANKER | P:10♦ 6♦=6  B:7♠ 10♥=7  BANKER(W)  | +950원 → 100,700원
H361 | bet   1,000원 BANKER | P:K♦ 4♠ 6♦=0  B:2♣ 9♥ Q♦=1  BANKER(W)  | +950원 → 101,650원
H362 | bet   1,000원 BANKER | P:K♦ 4♣ 3♥=7  B:K♠ 4♣ 9♦=3  PLAYER(L)  | -1,000원 → 100,650원  [start]
H363 | bet   2,000원 PLAYER | P:A♠ 3♦ Q♥=4  B:J♠ 5♥=5  BANKER(L)  | -2,000원 → 98,650원
H364 | bet   4,000원 PLAYER | P:8♣ 3♠=1  B:8♠ Q♠=8  BANKER(L)  | -4,000원 → 94,650원
H365 | bet   8,000원 PLAYER | P:6♠ J♣=6  B:J♣ 3♦ J♠=3  PLAYER(W)  | +8,000원 → 102,650원  [end_win]
H366 | bet   1,000원 BANKER | P:5♠ 2♣=7  B:10♣ 4♠ K♣=4  PLAYER(L)  | -1,000원 → 101,650원  [start]
H367 | bet   2,000원 PLAYER | P:3♠ 9♣ 8♠=0  B:10♠ 4♥=4  BANKER(L)  | -2,000원 → 99,650원
H368 | bet   4,000원 PLAYER | P:8♥ K♠=8  B:5♦ 8♦=3  PLAYER(W)  | +4,000원 → 103,650원  [end_win]
H369 | bet   1,000원 BANKER | P:5♠ 6♥ 2♣=3  B:10♣ 5♠=5  BANKER(W)  | +950원 → 104,600원
H370 | bet   1,000원 BANKER | P:A♥ 2♥ 4♦=7  B:3♥ 3♠=6  PLAYER(L)  | -1,000원 → 103,600원  [start]
H371 | bet   2,000원 PLAYER | P:9♦ 5♣ 4♥=8  B:K♦ 3♥ 6♦=9  BANKER(L)  | -2,000원 → 101,600원
H372 | bet   4,000원 PLAYER | P:K♦ 3♦ 6♠=9  B:5♠ J♣ 8♣=3  PLAYER(W)  | +4,000원 → 105,600원  [end_win]
H373 | bet   1,000원 BANKER | P:5♥ 3♠=8  B:7♣ 3♣=0  PLAYER(L)  | -1,000원 → 104,600원  [start]
H374 | bet   2,000원 PLAYER | P:9♦ 2♠=1  B:6♥ 3♣=9  BANKER(L)  | -2,000원 → 102,600원
H375 | bet   4,000원 PLAYER | P:10♥ K♥ J♦=0  B:A♦ 2♦ J♠=3  BANKER(L)  | -4,000원 → 98,600원
H376 | bet   8,000원 PLAYER | P:8♣ 4♣ 8♠=0  B:5♣ K♥=5  BANKER(L)  | -8,000원 → 90,600원
H377 | bet  16,000원 PLAYER | P:K♠ A♠ J♠=1  B:6♠ 5♠ 2♣=3  BANKER(L)  | -16,000원 → 74,600원  [end_giveup]
H378 | bet   1,000원 BANKER | P:A♠ 10♣ 3♥=4  B:6♦ J♥=6  BANKER(W)  | +950원 → 75,550원
H379 | bet   1,000원 BANKER | P:Q♠ 9♠=9  B:8♦ Q♦=8  PLAYER(L)  | -1,000원 → 74,550원  [start]
H380 | bet   2,000원 PLAYER | P:9♦ 7♦=6  B:2♣ 6♠=8  BANKER(L)  | -2,000원 → 72,550원
H381 | bet   4,000원 PLAYER | P:8♣ 7♦=5  B:2♣ 7♣=9  BANKER(L)  | -4,000원 → 68,550원
H382 | bet   8,000원 PLAYER | P:7♠ J♥=7  B:2♦ 9♠ 9♠=0  PLAYER(W)  | +8,000원 → 76,550원  [end_win]
H383 | bet   1,000원 BANKER | P:5♦ 4♥=9  B:7♣ Q♥=7  PLAYER(L)  | -1,000원 → 75,550원  [start]
H384 | bet   2,000원 PLAYER | P:Q♠ 6♣=6  B:4♣ 8♣ 4♦=6  TIE(T)  |     0원 → 75,550원
H385 | bet   2,000원 PLAYER | P:8♣ 7♥ 5♥=0  B:Q♠ J♣ 5♠=5  BANKER(L)  | -2,000원 → 73,550원
H386 | bet   4,000원 PLAYER | P:5♣ 10♦=5  B:9♠ Q♥=9  BANKER(L)  | -4,000원 → 69,550원
H387 | bet   8,000원 PLAYER | P:Q♣ K♥ J♦=0  B:6♥ 5♣ 5♥=6  BANKER(L)  | -8,000원 → 61,550원
H388 | bet  16,000원 PLAYER | P:6♥ K♣=6  B:7♦ K♦=7  BANKER(L)  | -16,000원 → 45,550원  [end_giveup]

Result: RUIN (capital_depleted)
Final: 45,550원  Hands: 388  Bets: 346  Wagered: 948,000원  Max losing streak: 5
