=== Session 50 ===
Seed: 2951146940301069764
Initial: 100,000원  Target: 500,000원  Ruin: 50,000원  Table-max: 100,000원
Strategy: martingale (pivot, steps=5)
Base bet: 1,000원  Primary side: BANKER

H001 | bet   1,000원 BANKER | P:3♥ K♣ 7♣=0  B:K♠ 4♦ Q♦=4  BANKER(W)  | +950원 → 100,950원
H002 | bet   1,000원 BANKER | P:5♥ A♣=6  B:3♥ 5♠=8  BANKER(W)  | +950원 → 101,900원
H003 | bet   1,000원 BANKER | P:Q♣ 4♦ 2♦=6  B:6♣ K♠=6  TIE(T)  |     0원 → 101,900원
H004 | bet   1,000원 BANKER | P:4♥ 7♣=1  B:9♣ Q♠=9  BANKER(W)  | +950원 → 102,850원
H005 | bet   1,000원 BANKER | P:10♥ 4♣=4  B:K♥ 8♦=8  BANKER(W)  | +950원 → 103,800원
H006 | bet   1,000원 BANKER | P:5♥ 7♦ K♠=2  B:3♣ 2♦=5  BANKER(W)  | +950원 → 104,750원
H007 | bet   1,000원 BANKER | P:Q♣ 5♥=5  B:8♥ Q♠=8  BANKER(W)  | +950원 → 105,700원
H008 | bet   1,000원 BANKER | P:3♦ 2♦ 4♠=9  B:J♣ 5♠ 8♥=3  PLAYER(L)  | -1,000원 → 104,700원  [start]
H009 | bet   2,000원 PLAYER | P:10♣ 10♣ 8♠=8  B:5♣ 10♣=5  PLAYER(W)  | +2,000원 → 106,700원  [end_win]
H010 | bet   1,000원 BANKER | P:10♦ 10♠=0  B:8♣ K♦=8  BANKER(W)  | +950원 → 107,650원
H011 | bet   1,000원 BANKER | P:5♥ 3♠=8  B:9♥ K♣=9  BANKER(W)  | +950원 → 108,600원
H012 | bet   1,000원 BANKER | P:K♥ 4♥=4  B:10♥ 9♦=9  BANKER(W)  | +950원 → 109,550원
H013 | bet   1,000원 BANKER | P:7♠ 2♣=9  B:5♦ 7♣=2  PLAYER(L)  | -1,000원 → 108,550원  [start]
H014 | bet   2,000원 PLAYER | P:4♥ 6♦ J♦=0  B:6♠ 10♥=6  BANKER(L)  | -2,000원 → 106,550원
H015 | bet   4,000원 PLAYER | P:J♠ 2♠ 3♦=5  B:Q♦ 4♠ 10♦=4  PLAYER(W)  | +4,000원 → 110,550원  [end_win]
H016 | bet   1,000원 BANKER | P:9♥ 2♠ 4♠=5  B:7♣ 7♠ 9♦=3  PLAYER(L)  | -1,000원 → 109,550원  [start]
H017 | bet   2,000원 PLAYER | P:10♠ 9♠=9  B:J♥ 6♠=6  PLAYER(W)  | +2,000원 → 111,550원  [end_win]
H018 | bet   1,000원 BANKER | P:A♥ J♥ 3♠=4  B:10♠ 4♥ 4♦=8  BANKER(W)  | +950원 → 112,500원
H019 | bet   1,000원 BANKER | P:J♣ 7♦=7  B:2♠ 8♥ 2♦=2  PLAYER(L)  | -1,000원 → 111,500원  [start]
H020 | bet   2,000원 PLAYER | P:A♣ 6♠=7  B:K♣ 7♥=7  TIE(T)  |     0원 → 111,500원
H021 | bet   2,000원 PLAYER | P:8♠ Q♠=8  B:8♦ 8♠=6  PLAYER(W)  | +2,000원 → 113,500원  [end_win]
H022 | bet   1,000원 BANKER | P:7♥ 5♦ 8♦=0  B:6♠ 9♥=5  BANKER(W)  | +950원 → 114,450원
H023 | bet   1,000원 BANKER | P:4♣ 9♠ 6♣=9  B:Q♥ 2♦ 7♥=9  TIE(T)  |     0원 → 114,450원
H024 | bet   1,000원 BANKER | P:2♣ 10♦ A♥=3  B:A♦ 2♣ 10♥=3  TIE(T)  |     0원 → 114,450원
H025 | bet   1,000원 BANKER | P:4♦ 8♣=2  B:4♥ 5♥=9  BANKER(W)  | +950원 → 115,400원
H026 | bet   1,000원 BANKER | P:6♥ 8♦ 9♦=3  B:A♥ Q♠ 6♥=7  BANKER(W)  | +950원 → 116,350원
H027 | bet   1,000원 BANKER | P:8♣ 7♠ 3♠=8  B:10♥ 6♠=6  PLAYER(L)  | -1,000원 → 115,350원  [start]
H028 | bet   2,000원 PLAYER | P:6♦ 7♥ 5♣=8  B:8♥ 5♥ Q♣=3  PLAYER(W)  | +2,000원 → 117,350원  [end_win]
H029 | bet   1,000원 BANKER | P:4♠ 8♠ J♠=2  B:7♦ Q♥=7  BANKER(W)  | +950원 → 118,300원
H030 | bet   1,000원 BANKER | P:9♣ 3♦ 5♠=7  B:Q♥ 6♦=6  PLAYER(L)  | -1,000원 → 117,300원  [start]
H031 | bet   2,000원 PLAYER | P:2♦ 5♥=7  B:J♦ J♣ 7♠=7  TIE(T)  |     0원 → 117,300원
H032 | bet   2,000원 PLAYER | P:3♠ A♣=4  B:J♥ 8♣=8  BANKER(L)  | -2,000원 → 115,300원
H033 | bet   4,000원 PLAYER | P:4♣ Q♦ 7♥=1  B:J♥ 2♣ 4♠=6  BANKER(L)  | -4,000원 → 111,300원
H034 | bet   8,000원 PLAYER | P:2♠ 10♣ 3♠=5  B:Q♣ 6♠=6  BANKER(L)  | -8,000원 → 103,300원
H035 | bet  16,000원 PLAYER | P:5♣ 3♥=8  B:2♣ J♣=2  PLAYER(W)  | +16,000원 → 119,300원  [end_win]
H036 | bet   1,000원 BANKER | P:8♥ Q♥=8  B:7♠ J♦=7  PLAYER(L)  | -1,000원 → 118,300원  [start]
H037 | bet   2,000원 PLAYER | P:A♠ A♥=2  B:8♣ A♦=9  BANKER(L)  | -2,000원 → 116,300원
H038 | bet   4,000원 PLAYER | P:2♠ 10♠ J♠=2  B:3♥ Q♣ K♣=3  BANKER(L)  | -4,000원 → 112,300원
H039 | bet   8,000원 PLAYER | P:J♦ 8♣=8  B:J♣ 3♦=3  PLAYER(W)  | +8,000원 → 120,300원  [end_win]
H040 | bet   1,000원 BANKER | P:8♦ 8♠=6  B:6♥ J♠=6  TIE(T)  |     0원 → 120,300원
H041 | bet   1,000원 BANKER | P:8♠ 5♥=3  B:J♠ 9♠=9  BANKER(W)  | +950원 → 121,250원
H042 | bet   1,000원 BANKER | P:9♠ 4♦=3  B:7♦ A♣=8  BANKER(W)  | +950원 → 122,200원
H043 | bet   1,000원 BANKER | P:9♥ K♦=9  B:4♦ 7♣=1  PLAYER(L)  | -1,000원 → 121,200원  [start]
H044 | bet   2,000원 PLAYER | P:4♥ K♠ 3♥=7  B:K♠ K♦ K♥=0  PLAYER(W)  | +2,000원 → 123,200원  [end_win]
H045 | bet   1,000원 BANKER | P:Q♠ K♥=0  B:3♣ 5♦=8  BANKER(W)  | +950원 → 124,150원
H046 | bet   1,000원 BANKER | P:A♠ 3♥=4  B:9♠ J♣=9  BANKER(W)  | +950원 → 125,100원
H047 | bet   1,000원 BANKER | P:A♦ 10♥ 5♣=6  B:J♥ J♣ 9♠=9  BANKER(W)  | +950원 → 126,050원
H048 | bet   1,000원 BANKER | P:6♥ 7♠=3  B:6♣ 2♥=8  BANKER(W)  | +950원 → 127,000원
H049 | bet   1,000원 BANKER | P:6♠ 2♦=8  B:2♥ 7♦=9  BANKER(W)  | +950원 → 127,950원
H050 | bet   1,000원 BANKER | P:4♦ 5♦=9  B:3♦ 2♠=5  PLAYER(L)  | -1,000원 → 126,950원  [start]
H051 | bet   2,000원 PLAYER | P:5♦ Q♠ A♠=6  B:5♠ 6♣ A♣=2  PLAYER(W)  | +2,000원 → 128,950원  [end_win]
H052 | bet   1,000원 BANKER | P:A♠ 5♦=6  B:8♥ A♣=9  BANKER(W)  | +950원 → 129,900원
H053 | bet   1,000원 BANKER | P:10♥ K♥ Q♦=0  B:Q♣ 10♦ 8♦=8  BANKER(W)  | +950원 → 130,850원
H054 | bet   1,000원 BANKER | P:10♦ 7♦=7  B:8♦ 9♠=7  TIE(T)  |     0원 → 130,850원
H055 | bet   1,000원 BANKER | P:J♦ 7♣=7  B:A♦ 6♥=7  TIE(T)  |     0원 → 130,850원
H056 | bet   1,000원 BANKER | P:9♦ A♣ 3♥=3  B:8♦ 3♣ 7♥=8  BANKER(W)  | +950원 → 131,800원
H057 | bet   1,000원 BANKER | P:2♠ A♥ Q♥=3  B:3♣ K♣ 9♦=2  PLAYER(L)  | -1,000원 → 130,800원  [start]
H058 | bet   2,000원 PLAYER | P:5♠ 6♥ J♠=1  B:J♥ 5♠=5  BANKER(L)  | -2,000원 → 128,800원
H059 | bet   4,000원 PLAYER | P:10♠ A♦ 7♦=8  B:A♦ K♦ 6♦=7  PLAYER(W)  | +4,000원 → 132,800원  [end_win]
H060 | bet   1,000원 BANKER | P:10♠ Q♦=0  B:6♣ 2♣=8  BANKER(W)  | +950원 → 133,750원
H061 | bet   1,000원 BANKER | P:Q♦ 7♠=7  B:Q♥ 2♠ 10♥=2  PLAYER(L)  | -1,000원 → 132,750원  [start]
H062 | bet   2,000원 PLAYER | P:5♠ 10♦ 8♠=3  B:K♣ A♦ 5♣=6  BANKER(L)  | -2,000원 → 130,750원
H063 | bet   4,000원 PLAYER | P:2♥ 6♦=8  B:8♥ 9♣=7  PLAYER(W)  | +4,000원 → 134,750원  [end_win]
H064 | bet   1,000원 BANKER | P:2♣ J♦ 9♦=1  B:4♠ A♦=5  BANKER(W)  | +950원 → 135,700원
H065 | bet   1,000원 BANKER | P:8♣ 9♦=7  B:6♥ 6♠ 8♣=0  PLAYER(L)  | -1,000원 → 134,700원  [start]
H066 | bet   2,000원 PLAYER | P:2♥ 6♦=8  B:9♣ 7♣=6  PLAYER(W)  | +2,000원 → 136,700원  [end_win]
H067 | bet   1,000원 BANKER | P:9♥ J♠=9  B:3♠ 3♣=6  PLAYER(L)  | -1,000원 → 135,700원  [start]
H068 | bet   2,000원 PLAYER | P:Q♦ K♣ K♣=0  B:K♥ Q♠ 9♣=9  BANKER(L)  | -2,000원 → 133,700원
H069 | bet   4,000원 PLAYER | P:2♣ 5♦=7  B:3♦ 4♣=7  TIE(T)  |     0원 → 133,700원
H070 | bet   4,000원 PLAYER | P:5♣ A♠=6  B:7♦ Q♥=7  BANKER(L)  | -4,000원 → 129,700원
H071 | bet   8,000원 PLAYER | P:9♣ 3♦ K♦=2  B:10♣ 3♥ 5♣=8  BANKER(L)  | -8,000원 → 121,700원
H072 | bet  16,000원 PLAYER | P:9♣ 4♥ 3♣=6  B:3♠ J♠ 6♣=9  BANKER(L)  | -16,000원 → 105,700원
H073 | bet  32,000원 PLAYER | P:9♣ 2♥=1  B:10♣ 9♦=9  BANKER(L)  | -32,000원 → 73,700원  [end_giveup]
H074 | bet   1,000원 BANKER | P:Q♣ 6♦=6  B:7♥ 4♣ 6♦=7  BANKER(W)  | +950원 → 74,650원
H075 | bet   1,000원 BANKER | P:K♠ 9♠=9  B:K♦ 9♥=9  TIE(T)  |     0원 → 74,650원
H076 | bet   1,000원 BANKER | P:4♣ 10♦ K♦=4  B:J♥ Q♠ 8♥=8  BANKER(W)  | +950원 → 75,600원
H077 | bet   1,000원 BANKER | P:5♦ A♠=6  B:J♣ 4♣ A♣=5  PLAYER(L)  | -1,000원 → 74,600원  [start]
H078 | bet   2,000원 PLAYER | P:3♦ Q♣ 9♥=2  B:7♣ 6♣ K♥=3  BANKER(L)  | -2,000원 → 72,600원
H079 | bet   4,000원 PLAYER | P:5♠ 6♣ J♦=1  B:10♦ 4♦=4  BANKER(L)  | -4,000원 → 68,600원
H080 | bet   8,000원 PLAYER | P:7♥ K♠=7  B:A♠ 4♣ 2♥=7  TIE(T)  |     0원 → 68,600원
H081 | bet   8,000원 PLAYER | P:3♣ 7♠ J♥=0  B:A♥ K♠ 10♣=1  BANKER(L)  | -8,000원 → 60,600원
H082 | bet  16,000원 PLAYER | P:8♠ 4♠ Q♥=2  B:A♥ 6♥=7  BANKER(L)  | -16,000원 → 44,600원

Result: RUIN (capital_depleted)
Final: 44,600원  Hands: 82  Bets: 71  Wagered: 210,000원  Max losing streak: 6
