=== Session 43 ===
Seed: 2635515642739380393
Initial: 100,000원  Target: 500,000원  Ruin: 50,000원  Table-max: 100,000원
Strategy: martingale (pivot, steps=4)
Base bet: 1,000원  Primary side: BANKER

H001 | bet   1,000원 BANKER | P:3♠ J♦ J♠=3  B:A♣ 2♠ A♥=4  BANKER(W)  | +950원 → 100,950원
H002 | bet   1,000원 BANKER | P:10♦ Q♦ K♣=0  B:8♠ 8♠=6  BANKER(W)  | +950원 → 101,900원
H003 | bet   1,000원 BANKER | P:J♥ 6♠=6  B:7♠ 10♣=7  BANKER(W)  | +950원 → 102,850원
H004 | bet   1,000원 BANKER | P:A♣ J♠ 6♠=7  B:A♠ 2♣ 8♦=1  PLAYER(L)  | -1,000원 → 101,850원  [start]
H005 | bet   2,000원 PLAYER | P:9♣ 4♠=3  B:3♠ 5♦=8  BANKER(L)  | -2,000원 → 99,850원
H006 | bet   4,000원 PLAYER | P:3♠ 5♣=8  B:4♣ A♥=5  PLAYER(W)  | +4,000원 → 103,850원  [end_win]
H007 | bet   1,000원 BANKER | P:7♣ 3♥ 8♠=8  B:3♦ J♥=3  PLAYER(L)  | -1,000원 → 102,850원  [start]
H008 | bet   2,000원 PLAYER | P:Q♣ 3♠ 2♥=5  B:5♦ 8♠ 8♣=1  PLAYER(W)  | +2,000원 → 104,850원  [end_win]
H009 | bet   1,000원 BANKER | P:6♠ 6♣ 5♦=7  B:10♦ 7♣=7  TIE(T)  |     0원 → 104,850원
H010 | bet   1,000원 BANKER | P:10♥ Q♥=0  B:A♦ 7♦=8  BANKER(W)  | +950원 → 105,800원
H011 | bet   1,000원 BANKER | P:K♥ J♠ K♠=0  B:9♣ 4♠ 9♥=2  BANKER(W)  | +950원 → 106,750원
H012 | bet   1,000원 BANKER | P:6♠ 5♠ 4♥=5  B:6♠ 10♥=6  BANKER(W)  | +950원 → 107,700원
H013 | bet   1,000원 BANKER | P:J♠ Q♠ 2♦=2  B:A♥ 6♥=7  BANKER(W)  | +950원 → 108,650원
H014 | bet   1,000원 BANKER | P:4♦ 7♣=1  B:9♥ 9♦=8  BANKER(W)  | +950원 → 109,600원
H015 | bet   1,000원 BANKER | P:Q♦ 4♣ 8♣=2  B:J♦ 10♣ 2♦=2  TIE(T)  |     0원 → 109,600원
H016 | bet   1,000원 BANKER | P:J♦ 5♥ K♦=5  B:10♦ Q♥ 3♠=3  PLAYER(L)  | -1,000원 → 108,600원  [start]
H017 | bet   2,000원 PLAYER | P:10♣ 10♦ K♠=0  B:8♥ 8♣=6  BANKER(L)  | -2,000원 → 106,600원
H018 | bet   4,000원 PLAYER | P:10♥ A♥ 3♦=4  B:3♠ 2♥=5  BANKER(L)  | -4,000원 → 102,600원
H019 | bet   8,000원 PLAYER | P:K♥ Q♦ 6♥=6  B:5♥ 10♣ 8♦=3  PLAYER(W)  | +8,000원 → 110,600원  [end_win]
H020 | bet   1,000원 BANKER | P:Q♣ 8♣=8  B:2♠ Q♣=2  PLAYER(L)  | -1,000원 → 109,600원  [start]
H021 | bet   2,000원 PLAYER | P:2♣ 6♦=8  B:5♦ 7♦=2  PLAYER(W)  | +2,000원 → 111,600원  [end_win]
H022 | bet   1,000원 BANKER | P:Q♣ J♣ 4♦=4  B:4♥ 8♦ Q♣=2  PLAYER(L)  | -1,000원 → 110,600원  [start]
H023 | bet   2,000원 PLAYER | P:A♥ 9♠=0  B:7♥ A♣=8  BANKER(L)  | -2,000원 → 108,600원
H024 | bet   4,000원 PLAYER | P:10♠ J♥ 10♥=0  B:8♠ 6♣=4  BANKER(L)  | -4,000원 → 104,600원
H025 | bet   8,000원 PLAYER | P:8♣ J♠=8  B:4♦ 7♥=1  PLAYER(W)  | +8,000원 → 112,600원  [end_win]
H026 | bet   1,000원 BANKER | P:4♥ K♦ 7♣=1  B:A♥ 5♦ 5♠=1  TIE(T)  |     0원 → 112,600원
H027 | bet   1,000원 BANKER | P:8♥ Q♥=8  B:K♥ 10♦=0  PLAYER(L)  | -1,000원 → 111,600원  [start]
H028 | bet   2,000원 PLAYER | P:9♦ K♠=9  B:A♥ 5♣=6  PLAYER(W)  | +2,000원 → 113,600원  [end_win]
H029 | bet   1,000원 BANKER | P:5♠ Q♦ 2♥=7  B:2♣ K♣ A♣=3  PLAYER(L)  | -1,000원 → 112,600원  [start]
H030 | bet   2,000원 PLAYER | P:4♠ 10♦=4  B:K♣ 9♠=9  BANKER(L)  | -2,000원 → 110,600원
H031 | bet   4,000원 PLAYER | P:5♦ A♦=6  B:6♣ 3♥=9  BANKER(L)  | -4,000원 → 106,600원
H032 | bet   8,000원 PLAYER | P:4♥ 2♣=6  B:K♠ 6♦=6  TIE(T)  |     0원 → 106,600원
H033 | bet   8,000원 PLAYER | P:Q♦ 9♠=9  B:8♥ 3♠=1  PLAYER(W)  | +8,000원 → 114,600원  [end_win]
H034 | bet   1,000원 BANKER | P:8♣ Q♠=8  B:6♣ 7♠=3  PLAYER(L)  | -1,000원 → 113,600원  [start]
H035 | bet   2,000원 PLAYER | P:6♥ 5♥ 5♣=6  B:7♠ 7♠ 9♠=3  PLAYER(W)  | +2,000원 → 115,600원  [end_win]
H036 | bet   1,000원 BANKER | P:10♣ 4♠ 9♠=3  B:K♣ 3♣ 6♦=9  BANKER(W)  | +950원 → 116,550원
H037 | bet   1,000원 BANKER | P:J♦ 3♣ 8♠=1  B:9♥ 5♠=4  BANKER(W)  | +950원 → 117,500원
H038 | bet   1,000원 BANKER | P:Q♣ Q♠ K♠=0  B:3♣ A♦=4  BANKER(W)  | +950원 → 118,450원
H039 | bet   1,000원 BANKER | P:2♥ Q♥ 2♦=4  B:K♣ 10♦ 5♣=5  BANKER(W)  | +950원 → 119,400원
H040 | bet   1,000원 BANKER | P:J♥ 9♣=9  B:10♠ 9♥=9  TIE(T)  |     0원 → 119,400원
H041 | bet   1,000원 BANKER | P:7♦ 4♥ J♥=1  B:J♣ K♦ 9♥=9  BANKER(W)  | +950원 → 120,350원
H042 | bet   1,000원 BANKER | P:10♥ A♦ A♠=2  B:3♣ 3♣=6  BANKER(W)  | +950원 → 121,300원
H043 | bet   1,000원 BANKER | P:A♥ 2♠ A♣=4  B:2♥ A♠ 9♣=2  PLAYER(L)  | -1,000원 → 120,300원  [start]
H044 | bet   2,000원 PLAYER | P:7♠ 6♣=3  B:K♦ 8♦=8  BANKER(L)  | -2,000원 → 118,300원
H045 | bet   4,000원 PLAYER | P:J♣ J♣ Q♣=0  B:7♥ Q♥=7  BANKER(L)  | -4,000원 → 114,300원
H046 | bet   8,000원 PLAYER | P:10♦ K♦=0  B:7♥ 2♥=9  BANKER(L)  | -8,000원 → 106,300원
H047 | bet  16,000원 PLAYER | P:5♠ 8♣ 2♥=5  B:4♦ 10♠ 5♥=9  BANKER(L)  | -16,000원 → 90,300원  [end_giveup]
H048 | bet   1,000원 BANKER | P:A♠ 3♠ A♦=5  B:3♦ Q♦ 6♥=9  BANKER(W)  | +950원 → 91,250원
H049 | bet   1,000원 BANKER | P:7♦ 5♠ 3♦=5  B:6♦ 9♦=5  TIE(T)  |     0원 → 91,250원
H050 | bet   1,000원 BANKER | P:K♥ 8♥=8  B:10♣ 3♥=3  PLAYER(L)  | -1,000원 → 90,250원  [start]
H051 | bet   2,000원 PLAYER | P:4♠ K♠ K♦=4  B:3♣ K♥ J♣=3  PLAYER(W)  | +2,000원 → 92,250원  [end_win]
H052 | bet   1,000원 BANKER | P:7♠ 7♠ 5♦=9  B:7♣ 5♠ 9♥=1  PLAYER(L)  | -1,000원 → 91,250원  [start]
H053 | bet   2,000원 PLAYER | P:6♠ 5♣ A♦=2  B:9♣ 2♥ 4♠=5  BANKER(L)  | -2,000원 → 89,250원
H054 | bet   4,000원 PLAYER | P:A♣ 8♥=9  B:Q♥ 7♣=7  PLAYER(W)  | +4,000원 → 93,250원  [end_win]
H055 | bet   1,000원 BANKER | P:6♦ A♠=7  B:A♦ 6♠=7  TIE(T)  |     0원 → 93,250원
H056 | bet   1,000원 BANKER | P:10♠ 7♥=7  B:3♥ 2♠ A♦=6  PLAYER(L)  | -1,000원 → 92,250원  [start]
H057 | bet   2,000원 PLAYER | P:2♦ 6♣=8  B:J♣ 10♠=0  PLAYER(W)  | +2,000원 → 94,250원  [end_win]
H058 | bet   1,000원 BANKER | P:9♥ 3♣ 5♥=7  B:3♥ Q♦ 8♠=1  PLAYER(L)  | -1,000원 → 93,250원  [start]
H059 | bet   2,000원 PLAYER | P:6♠ 5♣=1  B:4♣ 5♠=9  BANKER(L)  | -2,000원 → 91,250원
H060 | bet   4,000원 PLAYER | P:5♥ Q♥ 7♣=2  B:4♦ K♠ J♦=4  BANKER(L)  | -4,000원 → 87,250원
H061 | bet   8,000원 PLAYER | P:6♣ K♠=6  B:9♠ A♠ 2♣=2  PLAYER(W)  | +8,000원 → 95,250원  [end_win]
H062 | bet   1,000원 BANKER | P:4♠ K♥ K♥=4  B:6♥ 7♦ 10♣=3  PLAYER(L)  | -1,000원 → 94,250원  [start]
H063 | bet   2,000원 PLAYER | P:6♦ J♦=6  B:Q♠ J♦ 8♥=8  BANKER(L)  | -2,000원 → 92,250원
H064 | bet   4,000원 PLAYER | P:J♣ 8♠=8  B:2♣ 3♥=5  PLAYER(W)  | +4,000원 → 96,250원  [end_win]
H065 | bet   1,000원 BANKER | P:2♠ 7♦=9  B:K♥ 2♦=2  PLAYER(L)  | -1,000원 → 95,250원  [start]
H066 | bet   2,000원 PLAYER | P:4♥ A♠ 2♦=7  B:9♠ 6♣=5  PLAYER(W)  | +2,000원 → 97,250원  [end_win]
H067 | bet   1,000원 BANKER | P:9♣ 5♣ Q♠=4  B:3♦ J♠ 9♦=2  PLAYER(L)  | -1,000원 → 96,250원  [start]
H068 | bet   2,000원 PLAYER | P:6♦ 6♥ 5♦=7  B:10♥ 3♣ 3♦=6  PLAYER(W)  | +2,000원 → 98,250원  [end_win]
H069 | bet   1,000원 BANKER | P:9♦ 9♣=8  B:5♥ 3♦=8  TIE(T)  |     0원 → 98,250원
H070 | bet   1,000원 BANKER | P:5♥ 2♦=7  B:J♥ 9♦=9  BANKER(W)  | +950원 → 99,200원
H071 | bet   1,000원 BANKER | P:4♦ 8♦ 10♣=2  B:7♥ 4♠ 10♥=1  PLAYER(L)  | -1,000원 → 98,200원  [start]
H072 | bet   2,000원 PLAYER | P:6♥ Q♠=6  B:2♣ 4♥=6  TIE(T)  |     0원 → 98,200원
H073 | bet   2,000원 PLAYER | P:3♦ 8♥ 9♦=0  B:J♠ 10♥ 4♣=4  BANKER(L)  | -2,000원 → 96,200원
H074 | bet   4,000원 PLAYER | P:2♠ J♦ Q♥=2  B:3♥ 7♠ 4♦=4  BANKER(L)  | -4,000원 → 92,200원
H075 | bet   8,000원 PLAYER | P:6♦ 6♥ 9♥=1  B:4♦ Q♦=4  BANKER(L)  | -8,000원 → 84,200원
H076 | bet  16,000원 PLAYER | P:Q♠ 7♥=7  B:8♦ 8♦=6  PLAYER(W)  | +16,000원 → 100,200원  [end_win]
H077 | bet   1,000원 BANKER | P:9♠ K♣=9  B:J♥ A♠=1  PLAYER(L)  | -1,000원 → 99,200원  [start]
H078 | bet   2,000원 PLAYER | P:Q♠ 4♣ 7♣=1  B:2♦ 4♣ 8♦=4  BANKER(L)  | -2,000원 → 97,200원
H079 | bet   4,000원 PLAYER | P:K♣ A♣ K♣=1  B:10♠ J♥ 2♣=2  BANKER(L)  | -4,000원 → 93,200원
H080 | bet   8,000원 PLAYER | P:7♥ 4♥ 2♠=3  B:4♣ 10♠ 7♦=1  PLAYER(W)  | +8,000원 → 101,200원  [end_win]
H081 | bet   1,000원 BANKER | P:4♣ 8♣ 2♠=4  B:5♣ J♣=5  BANKER(W)  | +950원 → 102,150원
H082 | bet   1,000원 BANKER | P:10♠ 7♠=7  B:5♠ 9♥ 4♥=8  BANKER(W)  | +950원 → 103,100원
H083 | bet   1,000원 BANKER | P:7♦ 9♠=6  B:7♠ 5♠ 4♣=6  TIE(T)  |     0원 → 103,100원
H084 | bet   1,000원 BANKER | P:K♣ K♣=0  B:5♣ 3♦=8  BANKER(W)  | +950원 → 104,050원
H085 | bet   1,000원 BANKER | P:9♣ K♠=9  B:2♥ A♠=3  PLAYER(L)  | -1,000원 → 103,050원  [start]
H086 | bet   2,000원 PLAYER | P:8♦ 4♠ 4♥=6  B:Q♥ 4♥ 5♥=9  BANKER(L)  | -2,000원 → 101,050원
H087 | bet   4,000원 PLAYER | P:6♦ Q♠=6  B:7♠ K♣=7  BANKER(L)  | -4,000원 → 97,050원
H088 | bet   8,000원 PLAYER | P:10♦ 7♦=7  B:A♣ 3♥ 2♥=6  PLAYER(W)  | +8,000원 → 105,050원  [end_win]
H089 | bet   1,000원 BANKER | P:K♦ 6♦=6  B:Q♠ 8♥=8  BANKER(W)  | +950원 → 106,000원
H090 | bet   1,000원 BANKER | P:Q♦ Q♥=0  B:4♠ 4♣=8  BANKER(W)  | +950원 → 106,950원
H091 | bet   1,000원 BANKER | P:6♠ J♦=6  B:6♦ 5♣ 6♣=7  BANKER(W)  | +950원 → 107,900원
H092 | bet   1,000원 BANKER | P:9♠ A♣ 5♣=5  B:3♠ 2♥ A♠=6  BANKER(W)  | +950원 → 108,850원
H093 | bet   1,000원 BANKER | P:6♣ K♣=6  B:Q♠ J♥ K♣=0  PLAYER(L)  | -1,000원 → 107,850원  [start]
H094 | bet   2,000원 PLAYER | P:7♥ 8♥ 3♣=8  B:Q♥ J♥ J♣=0  PLAYER(W)  | +2,000원 → 109,850원  [end_win]
H095 | bet   1,000원 BANKER | P:J♥ 10♦ 4♠=4  B:10♥ 4♠ 9♥=3  PLAYER(L)  | -1,000원 → 108,850원  [start]
H096 | bet   2,000원 PLAYER | P:9♦ 2♦ 5♣=6  B:9♥ 6♥ K♣=5  PLAYER(W)  | +2,000원 → 110,850원  [end_win]
H097 | bet   1,000원 BANKER | P:4♦ 2♥=6  B:9♦ 5♥ A♦=5  PLAYER(L)  | -1,000원 → 109,850원  [start]
H098 | bet   2,000원 PLAYER | P:2♠ 3♠ K♥=5  B:J♦ J♥ K♠=0  PLAYER(W)  | +2,000원 → 111,850원  [end_win]
H099 | bet   1,000원 BANKER | P:6♠ 2♠=8  B:5♠ 10♥=5  PLAYER(L)  | -1,000원 → 110,850원  [start]
H100 | bet   2,000원 PLAYER | P:9♥ 4♣ A♠=4  B:2♠ 10♣ 6♥=8  BANKER(L)  | -2,000원 → 108,850원
H101 | bet   4,000원 PLAYER | P:K♣ 5♠ 7♥=2  B:8♠ 6♠ 10♣=4  BANKER(L)  | -4,000원 → 104,850원
H102 | bet   8,000원 PLAYER | P:3♥ 10♦ A♠=4  B:Q♠ K♠ 2♣=2  PLAYER(W)  | +8,000원 → 112,850원  [end_win]
H103 | bet   1,000원 BANKER | P:10♥ K♠=0  B:2♦ 7♣=9  BANKER(W)  | +950원 → 113,800원
H104 | bet   1,000원 BANKER | P:10♠ J♣ J♥=0  B:7♠ 3♠ 4♦=4  BANKER(W)  | +950원 → 114,750원
H105 | bet   1,000원 BANKER | P:K♠ 6♣=6  B:10♠ Q♠ 6♥=6  TIE(T)  |     0원 → 114,750원
H106 | bet   1,000원 BANKER | P:A♣ A♠ 3♠=5  B:7♠ 10♥=7  BANKER(W)  | +950원 → 115,700원
H107 | bet   1,000원 BANKER | P:A♦ 4♣ Q♦=5  B:5♠ 6♣ 3♥=4  PLAYER(L)  | -1,000원 → 114,700원  [start]
H108 | bet   2,000원 PLAYER | P:K♦ Q♥=0  B:Q♣ 9♣=9  BANKER(L)  | -2,000원 → 112,700원
H109 | bet   4,000원 PLAYER | P:A♥ A♦=2  B:8♠ J♣=8  BANKER(L)  | -4,000원 → 108,700원
H110 | bet   8,000원 PLAYER | P:9♦ J♣=9  B:8♥ 4♥=2  PLAYER(W)  | +8,000원 → 116,700원  [end_win]
H111 | bet   1,000원 BANKER | P:K♣ 4♠ K♥=4  B:5♦ 2♠=7  BANKER(W)  | +950원 → 117,650원
H112 | bet   1,000원 BANKER | P:7♥ 8♣=5  B:9♠ J♥=9  BANKER(W)  | +950원 → 118,600원
H113 | bet   1,000원 BANKER | P:9♠ 3♦=2  B:4♥ 5♥=9  BANKER(W)  | +950원 → 119,550원
H114 | bet   1,000원 BANKER | P:A♥ 5♣=6  B:3♥ 3♣=6  TIE(T)  |     0원 → 119,550원
H115 | bet   1,000원 BANKER | P:A♣ 2♥ 8♠=1  B:5♦ 5♥ 9♥=9  BANKER(W)  | +950원 → 120,500원
H116 | bet   1,000원 BANKER | P:2♥ J♠ A♥=3  B:3♣ A♥=4  BANKER(W)  | +950원 → 121,450원
H117 | bet   1,000원 BANKER | P:6♥ 7♣ J♠=3  B:J♣ 2♠ 3♣=5  BANKER(W)  | +950원 → 122,400원
H118 | bet   1,000원 BANKER | P:10♠ 3♦ 8♥=1  B:7♣ 4♦ 8♣=9  BANKER(W)  | +950원 → 123,350원
H119 | bet   1,000원 BANKER | P:2♣ 7♥=9  B:A♥ A♣=2  PLAYER(L)  | -1,000원 → 122,350원  [start]
H120 | bet   2,000원 PLAYER | P:8♦ 5♦ A♣=4  B:10♣ 7♦=7  BANKER(L)  | -2,000원 → 120,350원
H121 | bet   4,000원 PLAYER | P:8♦ 6♠=4  B:7♣ 2♦=9  BANKER(L)  | -4,000원 → 116,350원
H122 | bet   8,000원 PLAYER | P:10♦ 3♦ 8♥=1  B:Q♥ 5♥=5  BANKER(L)  | -8,000원 → 108,350원
H123 | bet  16,000원 PLAYER | P:Q♠ 2♦ K♥=2  B:9♦ 4♣ 7♥=0  PLAYER(W)  | +16,000원 → 124,350원  [end_win]
H124 | bet   1,000원 BANKER | P:7♣ 10♥=7  B:3♣ K♠ 3♣=6  PLAYER(L)  | -1,000원 → 123,350원  [start]
H125 | bet   2,000원 PLAYER | P:9♠ Q♦=9  B:6♠ 9♣=5  PLAYER(W)  | +2,000원 → 125,350원  [end_win]
H126 | bet   1,000원 BANKER | P:Q♥ 6♣=6  B:7♠ K♦=7  BANKER(W)  | +950원 → 126,300원
H127 | bet   1,000원 BANKER | P:8♥ J♠=8  B:6♦ Q♦=6  PLAYER(L)  | -1,000원 → 125,300원  [start]
H128 | bet   2,000원 PLAYER | P:A♠ 6♣=7  B:5♠ Q♠ 6♦=1  PLAYER(W)  | +2,000원 → 127,300원  [end_win]
H129 | bet   1,000원 BANKER | P:6♠ 4♠ 9♠=9  B:5♥ 5♠ 3♠=3  PLAYER(L)  | -1,000원 → 126,300원  [start]
H130 | bet   2,000원 PLAYER | P:7♦ Q♣=7  B:7♥ 10♣=7  TIE(T)  |     0원 → 126,300원
H131 | bet   2,000원 PLAYER | P:7♠ A♥=8  B:8♣ 3♥=1  PLAYER(W)  | +2,000원 → 128,300원  [end_win]
H132 | bet   1,000원 BANKER | P:3♦ 6♣=9  B:5♦ Q♥=5  PLAYER(L)  | -1,000원 → 127,300원  [start]
H133 | bet   2,000원 PLAYER | P:7♠ A♦=8  B:K♦ 10♦=0  PLAYER(W)  | +2,000원 → 129,300원  [end_win]
H134 | bet   1,000원 BANKER | P:Q♣ 10♦ 2♣=2  B:5♦ Q♦=5  BANKER(W)  | +950원 → 130,250원
H135 | bet   1,000원 BANKER | P:2♠ 4♣=6  B:5♥ J♠ K♥=5  PLAYER(L)  | -1,000원 → 129,250원  [start]
H136 | bet   2,000원 PLAYER | P:K♠ 8♠=8  B:8♣ A♣=9  BANKER(L)  | -2,000원 → 127,250원
H137 | bet   4,000원 PLAYER | P:A♣ 3♠ J♥=4  B:4♠ 3♥=7  BANKER(L)  | -4,000원 → 123,250원
H138 | bet   8,000원 PLAYER | P:A♥ 8♣=9  B:A♠ 5♣=6  PLAYER(W)  | +8,000원 → 131,250원  [end_win]
H139 | bet   1,000원 BANKER | P:Q♣ 4♣ 10♣=4  B:9♦ 3♦ 2♣=4  TIE(T)  |     0원 → 131,250원
H140 | bet   1,000원 BANKER | P:10♠ 8♦=8  B:8♣ 9♣=7  PLAYER(L)  | -1,000원 → 130,250원  [start]
H141 | bet   2,000원 PLAYER | P:K♦ Q♣ 2♣=2  B:7♣ 6♦ K♦=3  BANKER(L)  | -2,000원 → 128,250원
H142 | bet   4,000원 PLAYER | P:5♣ Q♦ 9♣=4  B:K♦ K♥ 6♠=6  BANKER(L)  | -4,000원 → 124,250원
H143 | bet   8,000원 PLAYER | P:J♠ 4♦ K♦=4  B:J♦ 7♥=7  BANKER(L)  | -8,000원 → 116,250원
H144 | bet  16,000원 PLAYER | P:7♣ 7♦=4  B:J♦ 8♦=8  BANKER(L)  | -16,000원 → 100,250원  [end_giveup]
H145 | bet   1,000원 BANKER | P:9♠ J♥=9  B:2♣ 8♠=0  PLAYER(L)  | -1,000원 → 99,250원  [start]
H146 | bet   2,000원 PLAYER | P:9♥ 9♣=8  B:9♠ 2♦=1  PLAYER(W)  | +2,000원 → 101,250원  [end_win]
H147 | bet   1,000원 BANKER | P:6♦ 10♥=6  B:A♠ 8♣=9  BANKER(W)  | +950원 → 102,200원
H148 | bet   1,000원 BANKER | P:A♦ J♦ 4♦=5  B:K♥ 3♦ 9♥=2  PLAYER(L)  | -1,000원 → 101,200원  [start]
H149 | bet   2,000원 PLAYER | P:3♥ 2♠ 5♦=0  B:A♦ Q♣ A♦=2  BANKER(L)  | -2,000원 → 99,200원
H150 | bet   4,000원 PLAYER | P:3♣ 4♦=7  B:5♥ 10♣ 2♦=7  TIE(T)  |     0원 → 99,200원
H151 | bet   4,000원 PLAYER | P:5♣ 2♣=7  B:4♥ 9♦ Q♠=3  PLAYER(W)  | +4,000원 → 103,200원  [end_win]
H152 | bet   1,000원 BANKER | P:6♣ 6♦=2  B:2♥ 6♥=8  BANKER(W)  | +950원 → 104,150원
H153 | bet   1,000원 BANKER | P:K♠ 6♥=6  B:4♠ 10♠ J♣=4  PLAYER(L)  | -1,000원 → 103,150원  [start]
H154 | bet   2,000원 PLAYER | P:8♦ 9♦=7  B:8♠ 2♥ 10♥=0  PLAYER(W)  | +2,000원 → 105,150원  [end_win]
H155 | bet   1,000원 BANKER | P:Q♣ 10♠ 5♦=5  B:6♥ 4♦ 2♠=2  PLAYER(L)  | -1,000원 → 104,150원  [start]
H156 | bet   2,000원 PLAYER | P:10♣ 2♦ 2♣=4  B:8♥ 8♠=6  BANKER(L)  | -2,000원 → 102,150원
H157 | bet   4,000원 PLAYER | P:5♠ 8♦ 7♣=0  B:4♣ J♠ K♥=4  BANKER(L)  | -4,000원 → 98,150원
H158 | bet   8,000원 PLAYER | P:7♦ 7♥ 9♣=3  B:3♠ J♦ Q♥=3  TIE(T)  |     0원 → 98,150원
H159 | bet   8,000원 PLAYER | P:9♥ 10♥=9  B:3♦ 4♥=7  PLAYER(W)  | +8,000원 → 106,150원  [end_win]
H160 | bet   1,000원 BANKER | P:A♦ 3♣=4  B:8♠ J♦=8  BANKER(W)  | +950원 → 107,100원
H161 | bet   1,000원 BANKER | P:6♠ 8♣ Q♣=4  B:Q♦ 10♦ 8♥=8  BANKER(W)  | +950원 → 108,050원
H162 | bet   1,000원 BANKER | P:9♣ 3♥ 7♦=9  B:5♦ 9♦ J♣=4  PLAYER(L)  | -1,000원 → 107,050원  [start]
H163 | bet   2,000원 PLAYER | P:3♠ Q♦ J♦=3  B:10♦ J♠ J♣=0  PLAYER(W)  | +2,000원 → 109,050원  [end_win]
H164 | bet   1,000원 BANKER | P:4♠ 5♠=9  B:A♥ 8♦=9  TIE(T)  |     0원 → 109,050원
H165 | bet   1,000원 BANKER | P:9♣ 7♠=6  B:3♣ 5♠=8  BANKER(W)  | +950원 → 110,000원
H166 | bet   1,000원 BANKER | P:4♠ Q♥ 8♣=2  B:3♥ 9♠ Q♣=2  TIE(T)  |     0원 → 110,000원
H167 | bet   1,000원 BANKER | P:5♣ 10♥=5  B:K♠ 8♣=8  BANKER(W)  | +950원 → 110,950원
H168 | bet   1,000원 BANKER | P:10♣ 8♣=8  B:A♦ 5♠=6  PLAYER(L)  | -1,000원 → 109,950원  [start]
H169 | bet   2,000원 PLAYER | P:3♥ 10♥=3  B:10♠ 9♠=9  BANKER(L)  | -2,000원 → 107,950원
H170 | bet   4,000원 PLAYER | P:3♦ A♣ Q♦=4  B:K♠ 7♣=7  BANKER(L)  | -4,000원 → 103,950원
H171 | bet   8,000원 PLAYER | P:Q♥ 4♥=4  B:A♣ 7♦=8  BANKER(L)  | -8,000원 → 95,950원
H172 | bet  16,000원 PLAYER | P:A♥ 5♥=6  B:9♥ 3♣ 6♥=8  BANKER(L)  | -16,000원 → 79,950원  [end_giveup]
H173 | bet   1,000원 BANKER | P:3♣ 8♠=1  B:K♦ 8♥=8  BANKER(W)  | +950원 → 80,900원
H174 | bet   1,000원 BANKER | P:J♦ 2♠ 3♥=5  B:A♥ Q♠ A♣=2  PLAYER(L)  | -1,000원 → 79,900원  [start]
H175 | bet   2,000원 PLAYER | P:2♣ 3♣ 10♦=5  B:2♣ Q♠ 4♥=6  BANKER(L)  | -2,000원 → 77,900원
H176 | bet   4,000원 PLAYER | P:3♥ 5♠=8  B:4♠ 4♦=8  TIE(T)  |     0원 → 77,900원
H177 | bet   4,000원 PLAYER | P:2♥ Q♦ 2♥=4  B:J♠ 7♣=7  BANKER(L)  | -4,000원 → 73,900원
H178 | bet   8,000원 PLAYER | P:9♣ 2♣ K♣=1  B:2♣ A♠ 5♦=8  BANKER(L)  | -8,000원 → 65,900원
H179 | bet  16,000원 PLAYER | P:3♠ K♦ A♠=4  B:K♣ A♦ 5♣=6  BANKER(L)  | -16,000원 → 49,900원  [end_giveup]

Result: RUIN (capital_depleted)
Final: 49,900원  Hands: 179  Bets: 160  Wagered: 460,000원  Max losing streak: 6
