=== Session 6 ===
Seed: 1728372192399379054
Initial: 100,000원  Target: 500,000원  Ruin: 50,000원  Table-max: 100,000원
Strategy: martingale (pivot, steps=4)
Base bet: 1,000원  Primary side: BANKER

H001 | bet   1,000원 BANKER | P:9♥ 9♣=8  B:3♠ 3♥=6  PLAYER(L)  | -1,000원 → 99,000원  [start]
H002 | bet   2,000원 PLAYER | P:Q♣ K♠ K♥=0  B:4♠ Q♥=4  BANKER(L)  | -2,000원 → 97,000원
H003 | bet   4,000원 PLAYER | P:K♦ Q♠=0  B:4♥ 5♥=9  BANKER(L)  | -4,000원 → 93,000원
H004 | bet   8,000원 PLAYER | P:2♠ A♠ 7♥=0  B:5♣ A♦ 3♥=9  BANKER(L)  | -8,000원 → 85,000원
H005 | bet  16,000원 PLAYER | P:6♦ 6♦ 4♥=6  B:3♠ 8♠ J♣=1  PLAYER(W)  | +16,000원 → 101,000원  [end_win]
H006 | bet   1,000원 BANKER | P:9♥ 4♥=3  B:8♥ Q♣=8  BANKER(W)  | +950원 → 101,950원
H007 | bet   1,000원 BANKER | P:7♦ Q♣=7  B:A♣ J♣ 5♠=6  PLAYER(L)  | -1,000원 → 100,950원  [start]
H008 | bet   2,000원 PLAYER | P:7♥ 7♠ 8♦=2  B:J♥ 10♦ 6♦=6  BANKER(L)  | -2,000원 → 98,950원
H009 | bet   4,000원 PLAYER | P:6♦ 8♦ Q♥=4  B:8♣ 2♠ Q♣=0  PLAYER(W)  | +4,000원 → 102,950원  [end_win]
H010 | bet   1,000원 BANKER | P:6♥ 6♦ 5♦=7  B:4♦ 10♥ J♠=4  PLAYER(L)  | -1,000원 → 101,950원  [start]
H011 | bet   2,000원 PLAYER | P:10♠ J♠=0  B:9♠ 10♦=9  BANKER(L)  | -2,000원 → 99,950원
H012 | bet   4,000원 PLAYER | P:5♣ J♥ 4♦=9  B:Q♥ J♦ 5♣=5  PLAYER(W)  | +4,000원 → 103,950원  [end_win]
H013 | bet   1,000원 BANKER | P:2♥ Q♥ 7♠=9  B:Q♦ 10♥ J♦=0  PLAYER(L)  | -1,000원 → 102,950원  [start]
H014 | bet   2,000원 PLAYER | P:4♦ 9♠ 7♦=0  B:J♥ 6♠ A♦=7  BANKER(L)  | -2,000원 → 100,950원
H015 | bet   4,000원 PLAYER | P:A♠ 4♣ A♥=6  B:4♦ 9♥ J♥=3  PLAYER(W)  | +4,000원 → 104,950원  [end_win]
H016 | bet   1,000원 BANKER | P:5♦ 4♠=9  B:K♥ 7♠=7  PLAYER(L)  | -1,000원 → 103,950원  [start]
H017 | bet   2,000원 PLAYER | P:8♣ 4♦ 2♥=4  B:9♦ A♥ 5♣=5  BANKER(L)  | -2,000원 → 101,950원
H018 | bet   4,000원 PLAYER | P:10♣ 4♦ 10♥=4  B:Q♦ 7♥=7  BANKER(L)  | -4,000원 → 97,950원
H019 | bet   8,000원 PLAYER | P:Q♠ 4♠ 8♥=2  B:5♦ 8♠=3  BANKER(L)  | -8,000원 → 89,950원
H020 | bet  16,000원 PLAYER | P:2♦ J♠ 9♠=1  B:2♠ 8♥ 6♣=6  BANKER(L)  | -16,000원 → 73,950원  [end_giveup]
H021 | bet   1,000원 BANKER | P:7♠ Q♠=7  B:2♥ 7♠=9  BANKER(W)  | +950원 → 74,900원
H022 | bet   1,000원 BANKER | P:9♦ K♦=9  B:10♣ 4♣=4  PLAYER(L)  | -1,000원 → 73,900원  [start]
H023 | bet   2,000원 PLAYER | P:A♠ A♣ 2♣=4  B:2♦ A♠ 3♦=6  BANKER(L)  | -2,000원 → 71,900원
H024 | bet   4,000원 PLAYER | P:6♥ 3♥=9  B:Q♣ 10♦=0  PLAYER(W)  | +4,000원 → 75,900원  [end_win]
H025 | bet   1,000원 BANKER | P:A♥ A♣ 5♠=7  B:7♦ 8♠ 8♠=3  PLAYER(L)  | -1,000원 → 74,900원  [start]
H026 | bet   2,000원 PLAYER | P:9♦ 9♠=8  B:7♣ 4♣=1  PLAYER(W)  | +2,000원 → 76,900원  [end_win]
H027 | bet   1,000원 BANKER | P:6♣ 2♦=8  B:8♦ 5♠=3  PLAYER(L)  | -1,000원 → 75,900원  [start]
H028 | bet   2,000원 PLAYER | P:J♠ 5♠=5  B:5♥ 4♦=9  BANKER(L)  | -2,000원 → 73,900원
H029 | bet   4,000원 PLAYER | P:3♠ A♦=4  B:3♦ 5♦=8  BANKER(L)  | -4,000원 → 69,900원
H030 | bet   8,000원 PLAYER | P:6♠ 7♠ J♠=3  B:6♥ K♠=6  BANKER(L)  | -8,000원 → 61,900원
H031 | bet  16,000원 PLAYER | P:7♣ 8♣=5  B:7♥ 2♦=9  BANKER(L)  | -16,000원 → 45,900원  [end_giveup]

Result: RUIN (capital_depleted)
Final: 45,900원  Hands: 31  Bets: 31  Wagered: 126,000원  Max losing streak: 5
