=== Session 31 ===
Seed: 6553587738384543240
Initial: 100,000원  Target: 500,000원  Ruin: 50,000원  Table-max: 100,000원
Strategy: martingale (pivot, steps=4)
Base bet: 1,000원  Primary side: BANKER

H001 | bet   1,000원 BANKER | P:2♣ 4♠=6  B:8♦ 8♠=6  TIE(T)  |     0원 → 100,000원
H002 | bet   1,000원 BANKER | P:A♥ 9♥ 8♦=8  B:K♥ K♦ 10♠=0  PLAYER(L)  | -1,000원 → 99,000원  [start]
H003 | bet   2,000원 PLAYER | P:7♣ 4♦ 10♣=1  B:5♠ 8♣ 3♠=6  BANKER(L)  | -2,000원 → 97,000원
H004 | bet   4,000원 PLAYER | P:J♦ A♣=1  B:9♣ 10♦=9  BANKER(L)  | -4,000원 → 93,000원
H005 | bet   8,000원 PLAYER | P:K♠ 9♥=9  B:5♥ 2♦=7  PLAYER(W)  | +8,000원 → 101,000원  [end_win]
H006 | bet   1,000원 BANKER | P:7♦ 6♥ J♣=3  B:3♣ K♦ 4♣=7  BANKER(W)  | +950원 → 101,950원
H007 | bet   1,000원 BANKER | P:J♦ Q♦ 10♣=0  B:5♠ 9♥=4  BANKER(W)  | +950원 → 102,900원
H008 | bet   1,000원 BANKER | P:5♦ 6♦=1  B:A♦ 7♦=8  BANKER(W)  | +950원 → 103,850원
H009 | bet   1,000원 BANKER | P:K♦ 4♥ Q♠=4  B:A♣ Q♦ J♥=1  PLAYER(L)  | -1,000원 → 102,850원  [start]
H010 | bet   2,000원 PLAYER | P:2♠ 9♦ 7♥=8  B:2♠ 9♣ J♥=1  PLAYER(W)  | +2,000원 → 104,850원  [end_win]
H011 | bet   1,000원 BANKER | P:6♣ Q♠=6  B:7♠ 6♦ 6♠=9  BANKER(W)  | +950원 → 105,800원
H012 | bet   1,000원 BANKER | P:7♥ 5♠ 10♣=2  B:7♣ 6♣ A♣=4  BANKER(W)  | +950원 → 106,750원
H013 | bet   1,000원 BANKER | P:10♠ A♣ 6♠=7  B:Q♣ 10♦ 2♦=2  PLAYER(L)  | -1,000원 → 105,750원  [start]
H014 | bet   2,000원 PLAYER | P:5♣ A♣=6  B:5♦ J♦ 2♠=7  BANKER(L)  | -2,000원 → 103,750원
H015 | bet   4,000원 PLAYER | P:A♦ 9♣ Q♣=0  B:9♠ 5♥=4  BANKER(L)  | -4,000원 → 99,750원
H016 | bet   8,000원 PLAYER | P:7♠ Q♦=7  B:2♣ J♣ 7♦=9  BANKER(L)  | -8,000원 → 91,750원
H017 | bet  16,000원 PLAYER | P:J♥ 3♦=3  B:J♦ 9♠=9  BANKER(L)  | -16,000원 → 75,750원  [end_giveup]
H018 | bet   1,000원 BANKER | P:3♥ 10♠ 6♣=9  B:Q♣ 4♦ A♠=5  PLAYER(L)  | -1,000원 → 74,750원  [start]
H019 | bet   2,000원 PLAYER | P:5♦ 10♦=5  B:9♠ J♣=9  BANKER(L)  | -2,000원 → 72,750원
H020 | bet   4,000원 PLAYER | P:10♥ J♠=0  B:Q♥ 8♠=8  BANKER(L)  | -4,000원 → 68,750원
H021 | bet   8,000원 PLAYER | P:J♣ K♥ 4♣=4  B:A♦ 6♥=7  BANKER(L)  | -8,000원 → 60,750원
H022 | bet  16,000원 PLAYER | P:2♥ A♥ 7♦=0  B:Q♠ 5♣ 3♠=8  BANKER(L)  | -16,000원 → 44,750원  [end_giveup]

Result: RUIN (capital_depleted)
Final: 44,750원  Hands: 22  Bets: 21  Wagered: 85,000원  Max losing streak: 10
