=== Session 8 ===
Seed: 7738774760351418614
Initial: 100,000원  Target: 500,000원  Ruin: 50,000원  Table-max: 100,000원
Strategy: martingale (pivot, steps=4)
Base bet: 1,000원  Primary side: BANKER

H001 | bet   1,000원 BANKER | P:6♥ 7♦ 9♠=2  B:10♦ 10♣ J♠=0  PLAYER(L)  | -1,000원 → 99,000원  [start]
H002 | bet   2,000원 PLAYER | P:7♠ 7♥ A♠=5  B:K♥ 2♣ 10♠=2  PLAYER(W)  | +2,000원 → 101,000원  [end_win]
H003 | bet   1,000원 BANKER | P:4♥ K♣ Q♠=4  B:9♦ 4♣ A♦=4  TIE(T)  |     0원 → 101,000원
H004 | bet   1,000원 BANKER | P:A♠ 5♥=6  B:Q♣ 7♦=7  BANKER(W)  | +950원 → 101,950원
H005 | bet   1,000원 BANKER | P:2♥ A♠=3  B:10♦ 8♠=8  BANKER(W)  | +950원 → 102,900원
H006 | bet   1,000원 BANKER | P:3♥ 7♥ 5♥=5  B:10♣ 3♣ 7♥=0  PLAYER(L)  | -1,000원 → 101,900원  [start]
H007 | bet   2,000원 PLAYER | P:3♦ 10♥ A♦=4  B:8♦ 6♦=4  TIE(T)  |     0원 → 101,900원
H008 | bet   2,000원 PLAYER | P:7♠ 10♠=7  B:K♥ A♣ 6♥=7  TIE(T)  |     0원 → 101,900원
H009 | bet   2,000원 PLAYER | P:8♦ 6♣ 4♦=8  B:K♥ 3♦ 4♣=7  PLAYER(W)  | +2,000원 → 103,900원  [end_win]
H010 | bet   1,000원 BANKER | P:6♥ 2♦=8  B:4♠ 9♠=3  PLAYER(L)  | -1,000원 → 102,900원  [start]
H011 | bet   2,000원 PLAYER | P:6♥ 10♠=6  B:J♣ 7♠=7  BANKER(L)  | -2,000원 → 100,900원
H012 | bet   4,000원 PLAYER | P:7♥ K♠=7  B:7♥ J♦=7  TIE(T)  |     0원 → 100,900원
H013 | bet   4,000원 PLAYER | P:Q♠ 7♠=7  B:8♠ 3♠ K♠=1  PLAYER(W)  | +4,000원 → 104,900원  [end_win]
H014 | bet   1,000원 BANKER | P:8♠ 8♥=6  B:K♠ 2♥ 6♦=8  BANKER(W)  | +950원 → 105,850원
H015 | bet   1,000원 BANKER | P:A♥ 5♣=6  B:3♦ 2♦ 5♥=0  PLAYER(L)  | -1,000원 → 104,850원  [start]
H016 | bet   2,000원 PLAYER | P:2♠ 2♦ J♠=4  B:9♥ 2♣ 3♠=4  TIE(T)  |     0원 → 104,850원
H017 | bet   2,000원 PLAYER | P:10♦ Q♥=0  B:8♦ Q♠=8  BANKER(L)  | -2,000원 → 102,850원
H018 | bet   4,000원 PLAYER | P:8♥ A♥=9  B:Q♣ J♦=0  PLAYER(W)  | +4,000원 → 106,850원  [end_win]
H019 | bet   1,000원 BANKER | P:4♥ 4♦=8  B:4♣ 4♣=8  TIE(T)  |     0원 → 106,850원
H020 | bet   1,000원 BANKER | P:9♥ 5♣ 2♣=6  B:Q♣ J♠ 9♦=9  BANKER(W)  | +950원 → 107,800원
H021 | bet   1,000원 BANKER | P:J♣ 9♣=9  B:9♠ A♥=0  PLAYER(L)  | -1,000원 → 106,800원  [start]
H022 | bet   2,000원 PLAYER | P:10♣ 8♥=8  B:3♦ K♦=3  PLAYER(W)  | +2,000원 → 108,800원  [end_win]
H023 | bet   1,000원 BANKER | P:7♦ 7♣ 3♣=7  B:J♥ 7♣=7  TIE(T)  |     0원 → 108,800원
H024 | bet   1,000원 BANKER | P:5♠ 3♦=8  B:Q♦ K♦=0  PLAYER(L)  | -1,000원 → 107,800원  [start]
H025 | bet   2,000원 PLAYER | P:7♣ 2♣=9  B:8♦ 9♦=7  PLAYER(W)  | +2,000원 → 109,800원  [end_win]
H026 | bet   1,000원 BANKER | P:A♣ 3♣ 10♥=4  B:2♠ J♣ K♦=2  PLAYER(L)  | -1,000원 → 108,800원  [start]
H027 | bet   2,000원 PLAYER | P:4♠ 4♦=8  B:A♠ 3♠=4  PLAYER(W)  | +2,000원 → 110,800원  [end_win]
H028 | bet   1,000원 BANKER | P:8♦ A♠=9  B:10♥ 9♦=9  TIE(T)  |     0원 → 110,800원
H029 | bet   1,000원 BANKER | P:7♠ 8♥ 8♠=3  B:4♠ 10♥=4  BANKER(W)  | +950원 → 111,750원
H030 | bet   1,000원 BANKER | P:2♦ Q♥ 3♥=5  B:6♠ 7♣ 9♣=2  PLAYER(L)  | -1,000원 → 110,750원  [start]
H031 | bet   2,000원 PLAYER | P:5♥ J♥ 6♣=1  B:A♥ 10♠ Q♣=1  TIE(T)  |     0원 → 110,750원
H032 | bet   2,000원 PLAYER | P:5♦ 6♠ 4♠=5  B:6♣ A♦=7  BANKER(L)  | -2,000원 → 108,750원
H033 | bet   4,000원 PLAYER | P:9♠ 4♥ Q♥=3  B:10♠ K♣ J♥=0  PLAYER(W)  | +4,000원 → 112,750원  [end_win]
H034 | bet   1,000원 BANKER | P:7♦ 8♣ J♣=5  B:10♠ 10♦ 10♦=0  PLAYER(L)  | -1,000원 → 111,750원  [start]
H035 | bet   2,000원 PLAYER | P:5♦ K♠ 4♥=9  B:3♥ J♥ J♥=3  PLAYER(W)  | +2,000원 → 113,750원  [end_win]
H036 | bet   1,000원 BANKER | P:9♥ 10♥=9  B:4♣ 7♥=1  PLAYER(L)  | -1,000원 → 112,750원  [start]
H037 | bet   2,000원 PLAYER | P:4♥ 8♦ 2♣=4  B:8♣ 3♣ Q♥=1  PLAYER(W)  | +2,000원 → 114,750원  [end_win]
H038 | bet   1,000원 BANKER | P:3♠ 5♥=8  B:4♠ Q♠=4  PLAYER(L)  | -1,000원 → 113,750원  [start]
H039 | bet   2,000원 PLAYER | P:K♦ 10♣ A♠=1  B:K♣ J♠ 3♥=3  BANKER(L)  | -2,000원 → 111,750원
H040 | bet   4,000원 PLAYER | P:9♣ 8♦=7  B:Q♠ 5♣ 9♥=4  PLAYER(W)  | +4,000원 → 115,750원  [end_win]
H041 | bet   1,000원 BANKER | P:9♥ 2♣ 4♠=5  B:5♠ 10♣ 9♦=4  PLAYER(L)  | -1,000원 → 114,750원  [start]
H042 | bet   2,000원 PLAYER | P:K♣ 2♠ 8♣=0  B:Q♦ Q♥ 9♣=9  BANKER(L)  | -2,000원 → 112,750원
H043 | bet   4,000원 PLAYER | P:2♠ 7♣=9  B:9♠ 5♣=4  PLAYER(W)  | +4,000원 → 116,750원  [end_win]
H044 | bet   1,000원 BANKER | P:K♦ 9♠=9  B:5♣ Q♦=5  PLAYER(L)  | -1,000원 → 115,750원  [start]
H045 | bet   2,000원 PLAYER | P:10♥ 2♠ 9♠=1  B:J♣ 5♣=5  BANKER(L)  | -2,000원 → 113,750원
H046 | bet   4,000원 PLAYER | P:3♥ K♥=3  B:J♠ 8♠=8  BANKER(L)  | -4,000원 → 109,750원
H047 | bet   8,000원 PLAYER | P:K♥ 5♥ J♦=5  B:7♦ J♦=7  BANKER(L)  | -8,000원 → 101,750원
H048 | bet  16,000원 PLAYER | P:Q♠ J♦ 10♦=0  B:J♥ 10♥ 6♠=6  BANKER(L)  | -16,000원 → 85,750원  [end_giveup]
H049 | bet   1,000원 BANKER | P:4♣ 2♠=6  B:10♥ 5♦ 7♥=2  PLAYER(L)  | -1,000원 → 84,750원  [start]
H050 | bet   2,000원 PLAYER | P:A♣ 8♥=9  B:5♠ 4♠=9  TIE(T)  |     0원 → 84,750원
H051 | bet   2,000원 PLAYER | P:2♦ 6♣=8  B:8♠ K♣=8  TIE(T)  |     0원 → 84,750원
H052 | bet   2,000원 PLAYER | P:Q♥ 6♠=6  B:2♥ 5♥=7  BANKER(L)  | -2,000원 → 82,750원
H053 | bet   4,000원 PLAYER | P:10♦ A♥ 6♣=7  B:2♦ J♦ 9♥=1  PLAYER(W)  | +4,000원 → 86,750원  [end_win]
H054 | bet   1,000원 BANKER | P:Q♣ 8♥=8  B:8♦ 2♥=0  PLAYER(L)  | -1,000원 → 85,750원  [start]
H055 | bet   2,000원 PLAYER | P:5♦ A♣=6  B:9♣ 4♦ 2♥=5  PLAYER(W)  | +2,000원 → 87,750원  [end_win]
H056 | bet   1,000원 BANKER | P:10♠ 5♣=5  B:A♦ 8♣=9  BANKER(W)  | +950원 → 88,700원
H057 | bet   1,000원 BANKER | P:A♦ J♥ 8♥=9  B:A♦ 4♦=5  PLAYER(L)  | -1,000원 → 87,700원  [start]
H058 | bet   2,000원 PLAYER | P:5♥ 7♣ 6♠=8  B:8♥ 5♠ 6♦=9  BANKER(L)  | -2,000원 → 85,700원
H059 | bet   4,000원 PLAYER | P:5♦ K♦ 3♠=8  B:3♠ 2♦=5  PLAYER(W)  | +4,000원 → 89,700원  [end_win]
H060 | bet   1,000원 BANKER | P:7♣ 2♠=9  B:6♣ K♣=6  PLAYER(L)  | -1,000원 → 88,700원  [start]
H061 | bet   2,000원 PLAYER | P:A♣ Q♦ 4♣=5  B:7♥ 3♠ J♦=0  PLAYER(W)  | +2,000원 → 90,700원  [end_win]
H062 | bet   1,000원 BANKER | P:6♥ 2♥=8  B:5♦ 7♠=2  PLAYER(L)  | -1,000원 → 89,700원  [start]
H063 | bet   2,000원 PLAYER | P:3♦ 7♣ 10♣=0  B:8♠ 2♥ 6♠=6  BANKER(L)  | -2,000원 → 87,700원
H064 | bet   4,000원 PLAYER | P:8♠ A♥=9  B:5♦ 7♠=2  PLAYER(W)  | +4,000원 → 91,700원  [end_win]
H065 | bet   1,000원 BANKER | P:6♦ 8♣ A♣=5  B:3♣ 10♦ K♥=3  PLAYER(L)  | -1,000원 → 90,700원  [start]
H066 | bet   2,000원 PLAYER | P:6♦ 9♣ 6♦=1  B:Q♦ 4♠ K♣=4  BANKER(L)  | -2,000원 → 88,700원
H067 | bet   4,000원 PLAYER | P:Q♣ Q♦ 2♠=2  B:K♥ 6♣=6  BANKER(L)  | -4,000원 → 84,700원
H068 | bet   8,000원 PLAYER | P:7♦ K♦=7  B:10♣ 4♦ 5♠=9  BANKER(L)  | -8,000원 → 76,700원
H069 | bet  16,000원 PLAYER | P:9♦ 4♥ A♠=4  B:4♦ 3♥=7  BANKER(L)  | -16,000원 → 60,700원  [end_giveup]
H070 | bet   1,000원 BANKER | P:6♥ A♥=7  B:3♥ K♠ 5♦=8  BANKER(W)  | +950원 → 61,650원
H071 | bet   1,000원 BANKER | P:6♠ 3♣=9  B:6♥ A♣=7  PLAYER(L)  | -1,000원 → 60,650원  [start]
H072 | bet   2,000원 PLAYER | P:Q♥ 9♣=9  B:J♣ 3♠=3  PLAYER(W)  | +2,000원 → 62,650원  [end_win]
H073 | bet   1,000원 BANKER | P:3♦ A♦ J♠=4  B:6♦ K♥=6  BANKER(W)  | +950원 → 63,600원
H074 | bet   1,000원 BANKER | P:K♠ J♠ K♦=0  B:4♣ J♠=4  BANKER(W)  | +950원 → 64,550원
H075 | bet   1,000원 BANKER | P:7♠ K♣=7  B:6♣ J♣=6  PLAYER(L)  | -1,000원 → 63,550원  [start]
H076 | bet   2,000원 PLAYER | P:2♣ J♥ 7♦=9  B:9♥ 6♥ K♠=5  PLAYER(W)  | +2,000원 → 65,550원  [end_win]
H077 | bet   1,000원 BANKER | P:10♣ 5♠ 9♦=4  B:3♣ A♠=4  TIE(T)  |     0원 → 65,550원
H078 | bet   1,000원 BANKER | P:8♣ Q♣=8  B:A♦ Q♦=1  PLAYER(L)  | -1,000원 → 64,550원  [start]
H079 | bet   2,000원 PLAYER | P:9♠ 8♣=7  B:6♦ 9♦ 2♣=7  TIE(T)  |     0원 → 64,550원
H080 | bet   2,000원 PLAYER | P:9♣ 4♥ 9♥=2  B:4♦ J♦=4  BANKER(L)  | -2,000원 → 62,550원
H081 | bet   4,000원 PLAYER | P:10♠ 2♥ 6♠=8  B:Q♠ K♠ A♣=1  PLAYER(W)  | +4,000원 → 66,550원  [end_win]
H082 | bet   1,000원 BANKER | P:3♦ 7♦ A♥=1  B:3♣ 3♥=6  BANKER(W)  | +950원 → 67,500원
H083 | bet   1,000원 BANKER | P:6♠ K♠=6  B:4♣ 4♠=8  BANKER(W)  | +950원 → 68,450원
H084 | bet   1,000원 BANKER | P:3♦ A♥=4  B:J♠ 8♥=8  BANKER(W)  | +950원 → 69,400원
H085 | bet   1,000원 BANKER | P:7♠ 6♥ 8♦=1  B:Q♥ 2♥ 10♥=2  BANKER(W)  | +950원 → 70,350원
H086 | bet   1,000원 BANKER | P:2♠ Q♦=2  B:4♦ 5♣=9  BANKER(W)  | +950원 → 71,300원
H087 | bet   1,000원 BANKER | P:Q♣ 6♥=6  B:Q♦ 9♠=9  BANKER(W)  | +950원 → 72,250원
H088 | bet   1,000원 BANKER | P:6♥ 10♣=6  B:A♥ 8♦=9  BANKER(W)  | +950원 → 73,200원
H089 | bet   1,000원 BANKER | P:6♦ 2♠=8  B:2♥ J♣=2  PLAYER(L)  | -1,000원 → 72,200원  [start]
H090 | bet   2,000원 PLAYER | P:4♦ J♣ 6♦=0  B:2♠ Q♥ 7♥=9  BANKER(L)  | -2,000원 → 70,200원
H091 | bet   4,000원 PLAYER | P:9♣ 7♠=6  B:10♠ 4♦ 5♦=9  BANKER(L)  | -4,000원 → 66,200원
H092 | bet   8,000원 PLAYER | P:8♠ 6♥ Q♣=4  B:2♣ 10♣ A♦=3  PLAYER(W)  | +8,000원 → 74,200원  [end_win]
H093 | bet   1,000원 BANKER | P:2♦ K♣ 7♠=9  B:Q♣ 7♠=7  PLAYER(L)  | -1,000원 → 73,200원  [start]
H094 | bet   2,000원 PLAYER | P:3♣ 6♦=9  B:2♥ 8♦=0  PLAYER(W)  | +2,000원 → 75,200원  [end_win]
H095 | bet   1,000원 BANKER | P:5♦ J♠ K♦=5  B:4♠ 9♠ 9♠=2  PLAYER(L)  | -1,000원 → 74,200원  [start]
H096 | bet   2,000원 PLAYER | P:5♦ 4♦=9  B:7♠ 2♥=9  TIE(T)  |     0원 → 74,200원
H097 | bet   2,000원 PLAYER | P:7♣ 9♠=6  B:6♣ 9♣ 4♦=9  BANKER(L)  | -2,000원 → 72,200원
H098 | bet   4,000원 PLAYER | P:3♥ 5♣=8  B:J♥ 7♣=7  PLAYER(W)  | +4,000원 → 76,200원  [end_win]
H099 | bet   1,000원 BANKER | P:J♦ J♥=0  B:K♦ 8♠=8  BANKER(W)  | +950원 → 77,150원
H100 | bet   1,000원 BANKER | P:Q♦ 5♠ 7♦=2  B:Q♠ 10♠ 2♠=2  TIE(T)  |     0원 → 77,150원
H101 | bet   1,000원 BANKER | P:3♦ 4♣=7  B:4♦ 2♥=6  PLAYER(L)  | -1,000원 → 76,150원  [start]
H102 | bet   2,000원 PLAYER | P:5♠ 5♦ A♥=1  B:6♥ Q♦=6  BANKER(L)  | -2,000원 → 74,150원
H103 | bet   4,000원 PLAYER | P:7♦ J♥=7  B:8♥ 4♣ Q♦=2  PLAYER(W)  | +4,000원 → 78,150원  [end_win]
H104 | bet   1,000원 BANKER | P:K♥ 8♦=8  B:J♠ 3♣=3  PLAYER(L)  | -1,000원 → 77,150원  [start]
H105 | bet   2,000원 PLAYER | P:J♦ 6♣=6  B:9♦ Q♠=9  BANKER(L)  | -2,000원 → 75,150원
H106 | bet   4,000원 PLAYER | P:J♣ 3♦ 3♥=6  B:3♣ Q♣ 7♦=0  PLAYER(W)  | +4,000원 → 79,150원  [end_win]
H107 | bet   1,000원 BANKER | P:3♣ 7♣=0  B:9♣ K♠=9  BANKER(W)  | +950원 → 80,100원
H108 | bet   1,000원 BANKER | P:10♦ 3♦=3  B:6♠ 3♦=9  BANKER(W)  | +950원 → 81,050원
H109 | bet   1,000원 BANKER | P:Q♣ A♥ 2♣=3  B:5♥ 9♦ 5♣=9  BANKER(W)  | +950원 → 82,000원
H110 | bet   1,000원 BANKER | P:J♥ 8♥=8  B:10♠ 3♠=3  PLAYER(L)  | -1,000원 → 81,000원  [start]
H111 | bet   2,000원 PLAYER | P:10♦ K♠ 3♣=3  B:6♣ J♦=6  BANKER(L)  | -2,000원 → 79,000원
H112 | bet   4,000원 PLAYER | P:3♣ 5♥=8  B:4♣ 4♥=8  TIE(T)  |     0원 → 79,000원
H113 | bet   4,000원 PLAYER | P:K♠ K♥ K♣=0  B:A♦ 9♥ 8♣=8  BANKER(L)  | -4,000원 → 75,000원
H114 | bet   8,000원 PLAYER | P:6♥ 10♠=6  B:J♥ 9♠=9  BANKER(L)  | -8,000원 → 67,000원
H115 | bet  16,000원 PLAYER | P:8♠ 8♦=6  B:6♣ J♠=6  TIE(T)  |     0원 → 67,000원
H116 | bet  16,000원 PLAYER | P:9♣ 10♥=9  B:10♥ 7♣=7  PLAYER(W)  | +16,000원 → 83,000원  [end_win]
H117 | bet   1,000원 BANKER | P:4♦ 8♦ 2♥=4  B:7♣ Q♥=7  BANKER(W)  | +950원 → 83,950원
H118 | bet   1,000원 BANKER | P:K♦ J♦=0  B:8♦ A♦=9  BANKER(W)  | +950원 → 84,900원
H119 | bet   1,000원 BANKER | P:6♣ A♣=7  B:Q♦ 2♦ J♦=2  PLAYER(L)  | -1,000원 → 83,900원  [start]
H120 | bet   2,000원 PLAYER | P:J♦ 10♠ Q♥=0  B:7♣ 8♣=5  BANKER(L)  | -2,000원 → 81,900원
H121 | bet   4,000원 PLAYER | P:K♦ Q♣=0  B:9♥ 10♦=9  BANKER(L)  | -4,000원 → 77,900원
H122 | bet   8,000원 PLAYER | P:6♦ A♦=7  B:4♦ 6♠ 6♥=6  PLAYER(W)  | +8,000원 → 85,900원  [end_win]
H123 | bet   1,000원 BANKER | P:6♠ 5♣ A♣=2  B:7♣ 8♠=5  BANKER(W)  | +950원 → 86,850원
H124 | bet   1,000원 BANKER | P:3♣ A♠ 6♠=0  B:K♠ 5♦ 4♣=9  BANKER(W)  | +950원 → 87,800원
H125 | bet   1,000원 BANKER | P:3♣ Q♠ A♣=4  B:Q♦ 7♥=7  BANKER(W)  | +950원 → 88,750원
H126 | bet   1,000원 BANKER | P:7♠ 2♥=9  B:7♦ 9♥=6  PLAYER(L)  | -1,000원 → 87,750원  [start]
H127 | bet   2,000원 PLAYER | P:A♥ 4♠ 3♥=8  B:Q♠ 6♠=6  PLAYER(W)  | +2,000원 → 89,750원  [end_win]
H128 | bet   1,000원 BANKER | P:2♣ 3♥ 9♦=4  B:K♥ A♠ K♥=1  PLAYER(L)  | -1,000원 → 88,750원  [start]
H129 | bet   2,000원 PLAYER | P:A♥ 2♦ 5♠=8  B:J♠ 5♣ 10♦=5  PLAYER(W)  | +2,000원 → 90,750원  [end_win]
H130 | bet   1,000원 BANKER | P:8♣ 7♠ 9♠=4  B:2♠ 4♣=6  BANKER(W)  | +950원 → 91,700원
H131 | bet   1,000원 BANKER | P:6♦ 8♥ 10♣=4  B:K♣ J♣ 7♥=7  BANKER(W)  | +950원 → 92,650원
H132 | bet   1,000원 BANKER | P:2♣ 8♦ 6♦=6  B:8♥ 2♣ 5♥=5  PLAYER(L)  | -1,000원 → 91,650원  [start]
H133 | bet   2,000원 PLAYER | P:K♦ 10♣=0  B:A♥ 7♥=8  BANKER(L)  | -2,000원 → 89,650원
H134 | bet   4,000원 PLAYER | P:8♠ 10♣=8  B:4♠ Q♥=4  PLAYER(W)  | +4,000원 → 93,650원  [end_win]
H135 | bet   1,000원 BANKER | P:J♣ 4♥ 3♦=7  B:A♦ J♥ A♣=2  PLAYER(L)  | -1,000원 → 92,650원  [start]
H136 | bet   2,000원 PLAYER | P:9♥ 10♥=9  B:10♠ 8♥=8  PLAYER(W)  | +2,000원 → 94,650원  [end_win]
H137 | bet   1,000원 BANKER | P:4♥ 3♠=7  B:9♦ J♣=9  BANKER(W)  | +950원 → 95,600원
H138 | bet   1,000원 BANKER | P:J♦ 7♥=7  B:5♦ 5♠ 2♣=2  PLAYER(L)  | -1,000원 → 94,600원  [start]
H139 | bet   2,000원 PLAYER | P:J♣ 8♣=8  B:5♥ Q♠=5  PLAYER(W)  | +2,000원 → 96,600원  [end_win]
H140 | bet   1,000원 BANKER | P:2♦ 4♥=6  B:9♦ 9♠=8  BANKER(W)  | +950원 → 97,550원
H141 | bet   1,000원 BANKER | P:K♣ 8♣=8  B:8♣ A♣=9  BANKER(W)  | +950원 → 98,500원
H142 | bet   1,000원 BANKER | P:4♥ K♣ 2♣=6  B:4♥ 6♣ 10♥=0  PLAYER(L)  | -1,000원 → 97,500원  [start]
H143 | bet   2,000원 PLAYER | P:A♦ 10♥=1  B:5♠ 3♥=8  BANKER(L)  | -2,000원 → 95,500원
H144 | bet   4,000원 PLAYER | P:10♠ 4♥ 7♥=1  B:J♥ J♣ 8♣=8  BANKER(L)  | -4,000원 → 91,500원
H145 | bet   8,000원 PLAYER | P:J♠ K♥=0  B:9♠ Q♥=9  BANKER(L)  | -8,000원 → 83,500원
H146 | bet  16,000원 PLAYER | P:5♥ 3♠=8  B:J♠ Q♣=0  PLAYER(W)  | +16,000원 → 99,500원  [end_win]
H147 | bet   1,000원 BANKER | P:2♦ K♥ 3♠=5  B:10♣ K♠ A♠=1  PLAYER(L)  | -1,000원 → 98,500원  [start]
H148 | bet   2,000원 PLAYER | P:3♠ 9♥=2  B:3♥ 5♣=8  BANKER(L)  | -2,000원 → 96,500원
H149 | bet   4,000원 PLAYER | P:7♣ 7♦ 4♣=8  B:2♦ 2♦ 9♥=3  PLAYER(W)  | +4,000원 → 100,500원  [end_win]
H150 | bet   1,000원 BANKER | P:Q♥ A♠ 4♠=5  B:10♦ 10♦ K♣=0  PLAYER(L)  | -1,000원 → 99,500원  [start]
H151 | bet   2,000원 PLAYER | P:7♦ 5♥ 3♠=5  B:3♦ 9♥ K♣=2  PLAYER(W)  | +2,000원 → 101,500원  [end_win]
H152 | bet   1,000원 BANKER | P:6♠ 10♦=6  B:8♥ 10♣=8  BANKER(W)  | +950원 → 102,450원
H153 | bet   1,000원 BANKER | P:A♥ 2♣ 9♦=2  B:3♥ 4♠=7  BANKER(W)  | +950원 → 103,400원
H154 | bet   1,000원 BANKER | P:9♣ 10♣=9  B:J♥ K♠=0  PLAYER(L)  | -1,000원 → 102,400원  [start]
H155 | bet   2,000원 PLAYER | P:10♠ 2♠ 5♥=7  B:6♣ 6♥ Q♣=2  PLAYER(W)  | +2,000원 → 104,400원  [end_win]
H156 | bet   1,000원 BANKER | P:10♥ 7♦=7  B:5♠ A♦=6  PLAYER(L)  | -1,000원 → 103,400원  [start]
H157 | bet   2,000원 PLAYER | P:A♠ 3♠ 5♣=9  B:A♠ 9♥ 7♥=7  PLAYER(W)  | +2,000원 → 105,400원  [end_win]
H158 | bet   1,000원 BANKER | P:A♠ 7♥=8  B:A♣ 3♥=4  PLAYER(L)  | -1,000원 → 104,400원  [start]
H159 | bet   2,000원 PLAYER | P:7♦ 4♣ K♦=1  B:6♠ Q♦=6  BANKER(L)  | -2,000원 → 102,400원
H160 | bet   4,000원 PLAYER | P:8♠ 5♣ 5♠=8  B:5♦ A♣=6  PLAYER(W)  | +4,000원 → 106,400원  [end_win]
H161 | bet   1,000원 BANKER | P:2♦ K♥ 2♥=4  B:Q♠ 3♠ 8♥=1  PLAYER(L)  | -1,000원 → 105,400원  [start]
H162 | bet   2,000원 PLAYER | P:9♣ 5♥ 6♦=0  B:A♣ A♠ 8♣=0  TIE(T)  |     0원 → 105,400원
H163 | bet   2,000원 PLAYER | P:9♦ 10♦=9  B:4♥ J♠=4  PLAYER(W)  | +2,000원 → 107,400원  [end_win]
H164 | bet   1,000원 BANKER | P:K♠ 8♠=8  B:4♠ 2♠=6  PLAYER(L)  | -1,000원 → 106,400원  [start]
H165 | bet   2,000원 PLAYER | P:K♦ J♦ 4♠=4  B:6♣ 7♠ 5♠=8  BANKER(L)  | -2,000원 → 104,400원
H166 | bet   4,000원 PLAYER | P:A♦ 9♣ 10♥=0  B:3♦ 2♠=5  BANKER(L)  | -4,000원 → 100,400원
H167 | bet   8,000원 PLAYER | P:9♥ 9♦=8  B:6♠ 7♦=3  PLAYER(W)  | +8,000원 → 108,400원  [end_win]
H168 | bet   1,000원 BANKER | P:Q♦ K♦ 8♠=8  B:6♠ 7♦=3  PLAYER(L)  | -1,000원 → 107,400원  [start]
H169 | bet   2,000원 PLAYER | P:J♦ J♣ 4♠=4  B:J♥ J♣ J♥=0  PLAYER(W)  | +2,000원 → 109,400원  [end_win]
H170 | bet   1,000원 BANKER | P:10♣ 3♠ 10♥=3  B:2♥ 8♥ 7♦=7  BANKER(W)  | +950원 → 110,350원
H171 | bet   1,000원 BANKER | P:7♥ 3♠ 2♠=2  B:6♥ 7♥ J♣=3  BANKER(W)  | +950원 → 111,300원
H172 | bet   1,000원 BANKER | P:10♦ J♦ 3♣=3  B:A♠ A♣ K♣=2  PLAYER(L)  | -1,000원 → 110,300원  [start]
H173 | bet   2,000원 PLAYER | P:K♥ 8♣=8  B:A♦ K♠=1  PLAYER(W)  | +2,000원 → 112,300원  [end_win]
H174 | bet   1,000원 BANKER | P:10♥ 6♣=6  B:9♠ 2♥ J♠=1  PLAYER(L)  | -1,000원 → 111,300원  [start]
H175 | bet   2,000원 PLAYER | P:2♠ 4♠=6  B:9♣ 3♥ 5♣=7  BANKER(L)  | -2,000원 → 109,300원
H176 | bet   4,000원 PLAYER | P:3♣ 2♦ 5♠=0  B:3♦ 4♣=7  BANKER(L)  | -4,000원 → 105,300원
H177 | bet   8,000원 PLAYER | P:9♥ 10♠=9  B:8♣ A♣=9  TIE(T)  |     0원 → 105,300원
H178 | bet   8,000원 PLAYER | P:K♥ 2♥ 3♣=5  B:2♣ 3♦=5  TIE(T)  |     0원 → 105,300원
H179 | bet   8,000원 PLAYER | P:7♦ K♦=7  B:8♣ J♣=8  BANKER(L)  | -8,000원 → 97,300원
H180 | bet  16,000원 PLAYER | P:2♦ J♠ 2♦=4  B:5♠ 2♥=7  BANKER(L)  | -16,000원 → 81,300원  [end_giveup]
H181 | bet   1,000원 BANKER | P:7♠ 2♠=9  B:5♣ 4♠=9  TIE(T)  |     0원 → 81,300원
H182 | bet   1,000원 BANKER | P:2♣ 2♥ 6♣=0  B:J♠ 6♥ 9♥=5  BANKER(W)  | +950원 → 82,250원
H183 | bet   1,000원 BANKER | P:3♣ K♦ 10♠=3  B:5♦ J♦=5  BANKER(W)  | +950원 → 83,200원
H184 | bet   1,000원 BANKER | P:9♥ Q♣=9  B:J♦ 10♦=0  PLAYER(L)  | -1,000원 → 82,200원  [start]
H185 | bet   2,000원 PLAYER | P:3♦ 8♠ 8♥=9  B:5♥ 7♠ 6♠=8  PLAYER(W)  | +2,000원 → 84,200원  [end_win]
H186 | bet   1,000원 BANKER | P:A♠ 8♦=9  B:8♠ 2♣=0  PLAYER(L)  | -1,000원 → 83,200원  [start]
H187 | bet   2,000원 PLAYER | P:8♣ J♣=8  B:7♣ 9♣=6  PLAYER(W)  | +2,000원 → 85,200원  [end_win]
H188 | bet   1,000원 BANKER | P:8♣ 9♥=7  B:Q♥ 9♠=9  BANKER(W)  | +950원 → 86,150원
H189 | bet   1,000원 BANKER | P:4♣ A♦=5  B:2♣ 7♠=9  BANKER(W)  | +950원 → 87,100원
H190 | bet   1,000원 BANKER | P:8♠ 10♣=8  B:Q♠ 9♠=9  BANKER(W)  | +950원 → 88,050원
H191 | bet   1,000원 BANKER | P:10♦ Q♦ 5♣=5  B:8♦ 9♥=7  BANKER(W)  | +950원 → 89,000원
H192 | bet   1,000원 BANKER | P:5♥ Q♥ 7♣=2  B:4♣ A♣ 7♠=2  TIE(T)  |     0원 → 89,000원
H193 | bet   1,000원 BANKER | P:J♥ 6♥=6  B:7♣ 9♥=6  TIE(T)  |     0원 → 89,000원
H194 | bet   1,000원 BANKER | P:3♥ 4♥=7  B:4♠ 6♣ 10♣=0  PLAYER(L)  | -1,000원 → 88,000원  [start]
H195 | bet   2,000원 PLAYER | P:6♣ 3♥=9  B:A♣ 6♥=7  PLAYER(W)  | +2,000원 → 90,000원  [end_win]
H196 | bet   1,000원 BANKER | P:7♥ 5♠ 3♥=5  B:2♠ 4♥=6  BANKER(W)  | +950원 → 90,950원
H197 | bet   1,000원 BANKER | P:A♦ K♥ Q♦=1  B:Q♣ 4♦=4  BANKER(W)  | +950원 → 91,900원
H198 | bet   1,000원 BANKER | P:9♠ K♣=9  B:J♠ 9♦=9  TIE(T)  |     0원 → 91,900원
H199 | bet   1,000원 BANKER | P:8♠ 2♥ 4♠=4  B:10♠ Q♣ A♣=1  PLAYER(L)  | -1,000원 → 90,900원  [start]
H200 | bet   2,000원 PLAYER | P:J♦ 4♥ 6♦=0  B:10♦ 5♣ 2♥=7  BANKER(L)  | -2,000원 → 88,900원
H201 | bet   4,000원 PLAYER | P:Q♣ 6♥=6  B:4♥ A♦ 7♠=2  PLAYER(W)  | +4,000원 → 92,900원  [end_win]
H202 | bet   1,000원 BANKER | P:Q♦ 9♣=9  B:K♣ 10♦=0  PLAYER(L)  | -1,000원 → 91,900원  [start]
H203 | bet   2,000원 PLAYER | P:5♣ 2♣=7  B:9♠ 4♦ 6♠=9  BANKER(L)  | -2,000원 → 89,900원
H204 | bet   4,000원 PLAYER | P:K♦ K♣ 7♥=7  B:3♦ 9♠ 6♦=8  BANKER(L)  | -4,000원 → 85,900원
H205 | bet   8,000원 PLAYER | P:J♣ Q♠ 10♥=0  B:8♥ 5♦ J♠=3  BANKER(L)  | -8,000원 → 77,900원
H206 | bet  16,000원 PLAYER | P:8♥ A♥=9  B:3♥ Q♠=3  PLAYER(W)  | +16,000원 → 93,900원  [end_win]
H207 | bet   1,000원 BANKER | P:10♣ 8♣=8  B:7♣ 5♠=2  PLAYER(L)  | -1,000원 → 92,900원  [start]
H208 | bet   2,000원 PLAYER | P:6♠ 2♠=8  B:3♠ 10♥=3  PLAYER(W)  | +2,000원 → 94,900원  [end_win]
H209 | bet   1,000원 BANKER | P:6♠ Q♦=6  B:K♠ 7♦=7  BANKER(W)  | +950원 → 95,850원
H210 | bet   1,000원 BANKER | P:9♦ A♠ 5♦=5  B:Q♠ 6♦=6  BANKER(W)  | +950원 → 96,800원
H211 | bet   1,000원 BANKER | P:6♦ K♥=6  B:7♦ 10♣=7  BANKER(W)  | +950원 → 97,750원
H212 | bet   1,000원 BANKER | P:10♠ 6♥=6  B:2♠ K♥ 4♦=6  TIE(T)  |     0원 → 97,750원
H213 | bet   1,000원 BANKER | P:5♣ 9♣ 7♣=1  B:K♠ 2♥ A♣=3  BANKER(W)  | +950원 → 98,700원
H214 | bet   1,000원 BANKER | P:3♥ Q♥ Q♥=3  B:8♥ 9♦=7  BANKER(W)  | +950원 → 99,650원
H215 | bet   1,000원 BANKER | P:6♦ 2♦=8  B:7♦ 10♠=7  PLAYER(L)  | -1,000원 → 98,650원  [start]
H216 | bet   2,000원 PLAYER | P:4♦ 5♦=9  B:4♥ 4♣=8  PLAYER(W)  | +2,000원 → 100,650원  [end_win]
H217 | bet   1,000원 BANKER | P:Q♥ 8♥=8  B:6♦ K♦=6  PLAYER(L)  | -1,000원 → 99,650원  [start]
H218 | bet   2,000원 PLAYER | P:J♦ 5♥ 8♣=3  B:K♠ 3♦=3  TIE(T)  |     0원 → 99,650원
H219 | bet   2,000원 PLAYER | P:J♥ K♣ 10♣=0  B:4♦ 3♦=7  BANKER(L)  | -2,000원 → 97,650원
H220 | bet   4,000원 PLAYER | P:3♣ K♥ 6♣=9  B:6♥ 5♥ 10♦=1  PLAYER(W)  | +4,000원 → 101,650원  [end_win]
H221 | bet   1,000원 BANKER | P:10♦ Q♣ 9♥=9  B:4♥ 3♣=7  PLAYER(L)  | -1,000원 → 100,650원  [start]
H222 | bet   2,000원 PLAYER | P:A♥ 9♣ Q♦=0  B:5♥ A♦=6  BANKER(L)  | -2,000원 → 98,650원
H223 | bet   4,000원 PLAYER | P:4♣ A♦=5  B:5♦ 4♦=9  BANKER(L)  | -4,000원 → 94,650원
H224 | bet   8,000원 PLAYER | P:K♠ Q♣ A♥=1  B:8♣ 2♠ A♠=1  TIE(T)  |     0원 → 94,650원
H225 | bet   8,000원 PLAYER | P:10♥ J♥ A♠=1  B:2♣ K♥ J♥=2  BANKER(L)  | -8,000원 → 86,650원
H226 | bet  16,000원 PLAYER | P:4♥ A♣ 8♥=3  B:7♦ 3♦ 2♦=2  PLAYER(W)  | +16,000원 → 102,650원  [end_win]
H227 | bet   1,000원 BANKER | P:A♣ K♣=1  B:Q♥ 9♦=9  BANKER(W)  | +950원 → 103,600원
H228 | bet   1,000원 BANKER | P:K♠ J♠=0  B:6♦ 2♣=8  BANKER(W)  | +950원 → 104,550원
H229 | bet   1,000원 BANKER | P:10♠ 2♦=2  B:4♦ 4♠=8  BANKER(W)  | +950원 → 105,500원
H230 | bet   1,000원 BANKER | P:Q♦ 9♣=9  B:J♥ 10♠=0  PLAYER(L)  | -1,000원 → 104,500원  [start]
H231 | bet   2,000원 PLAYER | P:6♠ 7♣ Q♥=3  B:5♠ A♠=6  BANKER(L)  | -2,000원 → 102,500원
H232 | bet   4,000원 PLAYER | P:Q♠ 9♦=9  B:5♠ A♦=6  PLAYER(W)  | +4,000원 → 106,500원  [end_win]
H233 | bet   1,000원 BANKER | P:3♣ J♦ 5♥=8  B:2♦ A♥ 8♦=1  PLAYER(L)  | -1,000원 → 105,500원  [start]
H234 | bet   2,000원 PLAYER | P:Q♣ 5♥ 8♦=3  B:8♠ 3♠ 7♠=8  BANKER(L)  | -2,000원 → 103,500원
H235 | bet   4,000원 PLAYER | P:J♦ 7♥=7  B:8♥ 5♠ A♥=4  PLAYER(W)  | +4,000원 → 107,500원  [end_win]
H236 | bet   1,000원 BANKER | P:4♣ 4♥=8  B:A♦ 5♠=6  PLAYER(L)  | -1,000원 → 106,500원  [start]
H237 | bet   2,000원 PLAYER | P:10♣ 7♥=7  B:7♠ 3♥ K♥=0  PLAYER(W)  | +2,000원 → 108,500원  [end_win]
H238 | bet   1,000원 BANKER | P:8♠ 3♠ 5♣=6  B:9♠ 4♣ 9♣=2  PLAYER(L)  | -1,000원 → 107,500원  [start]
H239 | bet   2,000원 PLAYER | P:10♥ K♦ 6♥=6  B:6♣ K♦ 10♥=6  TIE(T)  |     0원 → 107,500원
H240 | bet   2,000원 PLAYER | P:A♥ 8♦=9  B:9♦ Q♠=9  TIE(T)  |     0원 → 107,500원
H241 | bet   2,000원 PLAYER | P:3♠ K♣=3  B:2♣ 7♣=9  BANKER(L)  | -2,000원 → 105,500원
H242 | bet   4,000원 PLAYER | P:6♣ J♠=6  B:4♠ J♠ Q♠=4  PLAYER(W)  | +4,000원 → 109,500원  [end_win]
H243 | bet   1,000원 BANKER | P:7♥ K♠=7  B:8♦ 6♠ Q♠=4  PLAYER(L)  | -1,000원 → 108,500원  [start]
H244 | bet   2,000원 PLAYER | P:5♦ K♣ K♠=5  B:3♦ 2♠=5  TIE(T)  |     0원 → 108,500원
H245 | bet   2,000원 PLAYER | P:K♦ J♣ 10♣=0  B:J♣ 10♥ Q♥=0  TIE(T)  |     0원 → 108,500원
H246 | bet   2,000원 PLAYER | P:5♦ 9♦=4  B:9♠ 9♣=8  BANKER(L)  | -2,000원 → 106,500원
H247 | bet   4,000원 PLAYER | P:3♠ 5♣=8  B:3♣ A♥=4  PLAYER(W)  | +4,000원 → 110,500원  [end_win]
H248 | bet   1,000원 BANKER | P:7♠ Q♣=7  B:8♦ 6♦ 2♦=6  PLAYER(L)  | -1,000원 → 109,500원  [start]
H249 | bet   2,000원 PLAYER | P:3♥ J♥ 4♠=7  B:6♣ 10♠=6  PLAYER(W)  | +2,000원 → 111,500원  [end_win]
H250 | bet   1,000원 BANKER | P:4♠ 10♦ 10♥=4  B:4♦ A♣=5  BANKER(W)  | +950원 → 112,450원
H251 | bet   1,000원 BANKER | P:K♠ 9♣=9  B:4♦ 5♦=9  TIE(T)  |     0원 → 112,450원
H252 | bet   1,000원 BANKER | P:7♥ J♣=7  B:4♦ K♥ J♠=4  PLAYER(L)  | -1,000원 → 111,450원  [start]
H253 | bet   2,000원 PLAYER | P:3♥ 10♦ 8♦=1  B:10♣ Q♣ Q♠=0  PLAYER(W)  | +2,000원 → 113,450원  [end_win]
H254 | bet   1,000원 BANKER | P:6♥ 2♠=8  B:J♦ 4♠=4  PLAYER(L)  | -1,000원 → 112,450원  [start]
H255 | bet   2,000원 PLAYER | P:5♣ 3♥=8  B:J♥ J♣=0  PLAYER(W)  | +2,000원 → 114,450원  [end_win]
H256 | bet   1,000원 BANKER | P:Q♥ 10♥ A♣=1  B:7♠ 4♣ 8♦=9  BANKER(W)  | +950원 → 115,400원
H257 | bet   1,000원 BANKER | P:8♣ 2♠ 5♣=5  B:2♣ 8♣ 7♣=7  BANKER(W)  | +950원 → 116,350원
H258 | bet   1,000원 BANKER | P:10♥ 3♠=3  B:8♣ A♣=9  BANKER(W)  | +950원 → 117,300원
H259 | bet   1,000원 BANKER | P:K♥ 3♠ 10♦=3  B:7♦ J♣=7  BANKER(W)  | +950원 → 118,250원
H260 | bet   1,000원 BANKER | P:9♥ 5♠ K♠=4  B:2♠ 9♠ Q♦=1  PLAYER(L)  | -1,000원 → 117,250원  [start]
H261 | bet   2,000원 PLAYER | P:5♠ 2♦=7  B:9♠ 8♥=7  TIE(T)  |     0원 → 117,250원
H262 | bet   2,000원 PLAYER | P:9♣ 3♥ J♥=2  B:J♦ 3♠ K♣=3  BANKER(L)  | -2,000원 → 115,250원
H263 | bet   4,000원 PLAYER | P:6♠ 4♣ A♥=1  B:9♣ 7♦=6  BANKER(L)  | -4,000원 → 111,250원
H264 | bet   8,000원 PLAYER | P:9♦ Q♦=9  B:6♠ K♦=6  PLAYER(W)  | +8,000원 → 119,250원  [end_win]
H265 | bet   1,000원 BANKER | P:9♥ 5♠=4  B:10♣ 9♠=9  BANKER(W)  | +950원 → 120,200원
H266 | bet   1,000원 BANKER | P:K♦ 2♥ 8♣=0  B:3♠ J♣=3  BANKER(W)  | +950원 → 121,150원
H267 | bet   1,000원 BANKER | P:3♦ 6♥=9  B:9♦ A♥=0  PLAYER(L)  | -1,000원 → 120,150원  [start]
H268 | bet   2,000원 PLAYER | P:Q♦ 9♠=9  B:5♦ 8♣=3  PLAYER(W)  | +2,000원 → 122,150원  [end_win]
H269 | bet   1,000원 BANKER | P:6♦ J♦=6  B:6♦ 7♣ 10♠=3  PLAYER(L)  | -1,000원 → 121,150원  [start]
H270 | bet   2,000원 PLAYER | P:5♠ Q♠ 5♣=0  B:3♥ 2♣ 4♠=9  BANKER(L)  | -2,000원 → 119,150원
H271 | bet   4,000원 PLAYER | P:6♥ J♠=6  B:2♥ A♣ 2♥=5  PLAYER(W)  | +4,000원 → 123,150원  [end_win]
H272 | bet   1,000원 BANKER | P:Q♣ 5♦ 4♥=9  B:A♠ A♦ 4♦=6  PLAYER(L)  | -1,000원 → 122,150원  [start]
H273 | bet   2,000원 PLAYER | P:10♣ 3♣ K♠=3  B:A♠ 5♥=6  BANKER(L)  | -2,000원 → 120,150원
H274 | bet   4,000원 PLAYER | P:K♦ A♦ 2♣=3  B:A♦ 4♥=5  BANKER(L)  | -4,000원 → 116,150원
H275 | bet   8,000원 PLAYER | P:10♣ A♦ 8♥=9  B:3♣ 8♥ 9♦=0  PLAYER(W)  | +8,000원 → 124,150원  [end_win]
H276 | bet   1,000원 BANKER | P:J♠ 8♦=8  B:6♣ 9♥=5  PLAYER(L)  | -1,000원 → 123,150원  [start]
H277 | bet   2,000원 PLAYER | P:6♥ 4♥ 6♣=6  B:8♠ 8♦ Q♠=6  TIE(T)  |     0원 → 123,150원
H278 | bet   2,000원 PLAYER | P:A♠ 8♥=9  B:3♥ K♥=3  PLAYER(W)  | +2,000원 → 125,150원  [end_win]
H279 | bet   1,000원 BANKER | P:9♣ 4♥=3  B:8♠ K♦=8  BANKER(W)  | +950원 → 126,100원
H280 | bet   1,000원 BANKER | P:9♥ K♣=9  B:6♠ A♥=7  PLAYER(L)  | -1,000원 → 125,100원  [start]
H281 | bet   2,000원 PLAYER | P:A♣ 8♥=9  B:A♠ Q♥=1  PLAYER(W)  | +2,000원 → 127,100원  [end_win]
H282 | bet   1,000원 BANKER | P:10♣ 9♠=9  B:5♦ 3♥=8  PLAYER(L)  | -1,000원 → 126,100원  [start]
H283 | bet   2,000원 PLAYER | P:A♠ 8♠=9  B:3♦ 9♥=2  PLAYER(W)  | +2,000원 → 128,100원  [end_win]
H284 | bet   1,000원 BANKER | P:8♥ 7♥ 10♥=5  B:2♣ Q♣ J♣=2  PLAYER(L)  | -1,000원 → 127,100원  [start]
H285 | bet   2,000원 PLAYER | P:3♦ 5♥=8  B:3♣ 4♥=7  PLAYER(W)  | +2,000원 → 129,100원  [end_win]
H286 | bet   1,000원 BANKER | P:7♦ K♦=7  B:8♦ 9♦=7  TIE(T)  |     0원 → 129,100원
H287 | bet   1,000원 BANKER | P:4♥ K♥ Q♦=4  B:5♦ 6♣ K♥=1  PLAYER(L)  | -1,000원 → 128,100원  [start]
H288 | bet   2,000원 PLAYER | P:4♣ J♦ 4♠=8  B:6♦ A♠=7  PLAYER(W)  | +2,000원 → 130,100원  [end_win]
H289 | bet   1,000원 BANKER | P:2♠ 9♦ K♣=1  B:2♣ J♣ 6♣=8  BANKER(W)  | +950원 → 131,050원
H290 | bet   1,000원 BANKER | P:Q♣ 6♥=6  B:3♦ Q♥ J♣=3  PLAYER(L)  | -1,000원 → 130,050원  [start]
H291 | bet   2,000원 PLAYER | P:5♠ 7♦=2  B:10♦ 8♦=8  BANKER(L)  | -2,000원 → 128,050원
H292 | bet   4,000원 PLAYER | P:3♣ 10♥=3  B:6♣ 3♠=9  BANKER(L)  | -4,000원 → 124,050원
H293 | bet   8,000원 PLAYER | P:7♠ 2♣=9  B:9♠ 10♣=9  TIE(T)  |     0원 → 124,050원
H294 | bet   8,000원 PLAYER | P:4♣ 6♠ Q♦=0  B:Q♠ 3♠ 2♦=5  BANKER(L)  | -8,000원 → 116,050원
H295 | bet  16,000원 PLAYER | P:A♠ 10♦ 6♠=7  B:Q♥ K♦ 10♠=0  PLAYER(W)  | +16,000원 → 132,050원  [end_win]
H296 | bet   1,000원 BANKER | P:2♠ 9♥ 9♦=0  B:A♦ 5♦=6  BANKER(W)  | +950원 → 133,000원
H297 | bet   1,000원 BANKER | P:J♠ 7♣=7  B:6♥ 7♠ 9♥=2  PLAYER(L)  | -1,000원 → 132,000원  [start]
H298 | bet   2,000원 PLAYER | P:6♠ 7♥=3  B:8♥ 10♦=8  BANKER(L)  | -2,000원 → 130,000원
H299 | bet   4,000원 PLAYER | P:7♦ 3♣ Q♦=0  B:J♥ Q♥ Q♠=0  TIE(T)  |     0원 → 130,000원
H300 | bet   4,000원 PLAYER | P:2♠ 7♥=9  B:4♣ A♥=5  PLAYER(W)  | +4,000원 → 134,000원  [end_win]
H301 | bet   1,000원 BANKER | P:J♥ 8♠=8  B:J♦ 9♣=9  BANKER(W)  | +950원 → 134,950원
H302 | bet   1,000원 BANKER | P:3♦ 10♥=3  B:6♥ 2♦=8  BANKER(W)  | +950원 → 135,900원
H303 | bet   1,000원 BANKER | P:K♣ J♦ 5♣=5  B:7♣ 7♠ 5♥=9  BANKER(W)  | +950원 → 136,850원
H304 | bet   1,000원 BANKER | P:7♥ 2♠=9  B:6♦ 4♦=0  PLAYER(L)  | -1,000원 → 135,850원  [start]
H305 | bet   2,000원 PLAYER | P:10♠ 2♠ 5♥=7  B:5♥ J♠ Q♦=5  PLAYER(W)  | +2,000원 → 137,850원  [end_win]
H306 | bet   1,000원 BANKER | P:J♥ 10♠ Q♣=0  B:6♣ J♠=6  BANKER(W)  | +950원 → 138,800원
H307 | bet   1,000원 BANKER | P:3♦ Q♠ 7♦=0  B:Q♥ 2♥ A♠=3  BANKER(W)  | +950원 → 139,750원
H308 | bet   1,000원 BANKER | P:K♦ 6♦=6  B:Q♠ 10♦ 6♠=6  TIE(T)  |     0원 → 139,750원
H309 | bet   1,000원 BANKER | P:Q♣ 4♠ Q♣=4  B:7♥ 8♠=5  BANKER(W)  | +950원 → 140,700원
H310 | bet   1,000원 BANKER | P:7♠ 7♥ A♥=5  B:K♥ 5♣=5  TIE(T)  |     0원 → 140,700원
H311 | bet   1,000원 BANKER | P:8♣ J♥=8  B:A♦ 4♦=5  PLAYER(L)  | -1,000원 → 139,700원  [start]
H312 | bet   2,000원 PLAYER | P:J♦ 4♥ A♥=5  B:8♣ 3♠ 5♣=6  BANKER(L)  | -2,000원 → 137,700원
H313 | bet   4,000원 PLAYER | P:K♣ A♦ K♣=1  B:A♦ J♦ 8♣=9  BANKER(L)  | -4,000원 → 133,700원
H314 | bet   8,000원 PLAYER | P:2♦ 2♦ J♥=4  B:4♠ 2♦=6  BANKER(L)  | -8,000원 → 125,700원
H315 | bet  16,000원 PLAYER | P:4♣ 9♠ Q♦=3  B:6♥ A♥=7  BANKER(L)  | -16,000원 → 109,700원  [end_giveup]
H316 | bet   1,000원 BANKER | P:K♠ 8♠=8  B:9♣ 6♣=5  PLAYER(L)  | -1,000원 → 108,700원  [start]
H317 | bet   2,000원 PLAYER | P:K♠ 3♦ 3♣=6  B:5♦ 8♠ 6♣=9  BANKER(L)  | -2,000원 → 106,700원
H318 | bet   4,000원 PLAYER | P:6♦ 2♦=8  B:J♣ 2♣=2  PLAYER(W)  | +4,000원 → 110,700원  [end_win]
H319 | bet   1,000원 BANKER | P:K♠ 7♣=7  B:2♥ J♥ 3♣=5  PLAYER(L)  | -1,000원 → 109,700원  [start]
H320 | bet   2,000원 PLAYER | P:7♠ 5♥=2  B:2♥ 6♠=8  BANKER(L)  | -2,000원 → 107,700원
H321 | bet   4,000원 PLAYER | P:10♣ 7♥=7  B:7♠ 5♠ 3♠=5  PLAYER(W)  | +4,000원 → 111,700원  [end_win]
H322 | bet   1,000원 BANKER | P:2♥ 5♠=7  B:K♠ 3♥ 10♥=3  PLAYER(L)  | -1,000원 → 110,700원  [start]
H323 | bet   2,000원 PLAYER | P:K♣ 9♣=9  B:10♥ J♠=0  PLAYER(W)  | +2,000원 → 112,700원  [end_win]
H324 | bet   1,000원 BANKER | P:3♦ 2♣ 9♦=4  B:5♣ 5♦ 10♣=0  PLAYER(L)  | -1,000원 → 111,700원  [start]
H325 | bet   2,000원 PLAYER | P:10♠ 6♦=6  B:K♥ K♠ 6♦=6  TIE(T)  |     0원 → 111,700원
H326 | bet   2,000원 PLAYER | P:9♠ Q♥=9  B:4♣ 8♥=2  PLAYER(W)  | +2,000원 → 113,700원  [end_win]
H327 | bet   1,000원 BANKER | P:9♣ 5♥ 2♦=6  B:8♦ 8♦=6  TIE(T)  |     0원 → 113,700원
H328 | bet   1,000원 BANKER | P:4♥ 7♠=1  B:8♠ A♥=9  BANKER(W)  | +950원 → 114,650원
H329 | bet   1,000원 BANKER | P:7♣ A♣=8  B:9♦ 3♣=2  PLAYER(L)  | -1,000원 → 113,650원  [start]
H330 | bet   2,000원 PLAYER | P:A♣ A♣ K♣=2  B:K♦ 7♦=7  BANKER(L)  | -2,000원 → 111,650원
H331 | bet   4,000원 PLAYER | P:5♣ 5♠ J♠=0  B:Q♣ 2♥ 7♣=9  BANKER(L)  | -4,000원 → 107,650원
H332 | bet   8,000원 PLAYER | P:3♥ 5♥=8  B:10♦ Q♥=0  PLAYER(W)  | +8,000원 → 115,650원  [end_win]
H333 | bet   1,000원 BANKER | P:5♠ 5♦=0  B:A♠ 7♠=8  BANKER(W)  | +950원 → 116,600원
H334 | bet   1,000원 BANKER | P:3♠ Q♣=3  B:4♣ 4♦=8  BANKER(W)  | +950원 → 117,550원
H335 | bet   1,000원 BANKER | P:A♦ 5♥=6  B:J♣ 4♦ 7♣=1  PLAYER(L)  | -1,000원 → 116,550원  [start]
H336 | bet   2,000원 PLAYER | P:4♣ A♥ 4♠=9  B:5♠ J♣ A♣=6  PLAYER(W)  | +2,000원 → 118,550원  [end_win]
H337 | bet   1,000원 BANKER | P:8♥ 10♦=8  B:3♥ 8♠=1  PLAYER(L)  | -1,000원 → 117,550원  [start]
H338 | bet   2,000원 PLAYER | P:8♣ 2♣ J♦=0  B:K♣ 4♠=4  BANKER(L)  | -2,000원 → 115,550원
H339 | bet   4,000원 PLAYER | P:A♥ 2♠ K♣=3  B:5♣ J♦=5  BANKER(L)  | -4,000원 → 111,550원
H340 | bet   8,000원 PLAYER | P:2♠ J♣=2  B:3♠ 6♠=9  BANKER(L)  | -8,000원 → 103,550원
H341 | bet  16,000원 PLAYER | P:7♣ 6♥ 10♥=3  B:Q♣ 3♣ 5♣=8  BANKER(L)  | -16,000원 → 87,550원  [end_giveup]
H342 | bet   1,000원 BANKER | P:5♠ 3♦=8  B:6♥ 4♥=0  PLAYER(L)  | -1,000원 → 86,550원  [start]
H343 | bet   2,000원 PLAYER | P:Q♦ 9♠=9  B:5♥ 2♥=7  PLAYER(W)  | +2,000원 → 88,550원  [end_win]
H344 | bet   1,000원 BANKER | P:5♦ K♣ K♥=5  B:10♥ J♦ 2♠=2  PLAYER(L)  | -1,000원 → 87,550원  [start]
H345 | bet   2,000원 PLAYER | P:7♥ 8♥ K♦=5  B:2♦ Q♥ 5♦=7  BANKER(L)  | -2,000원 → 85,550원
H346 | bet   4,000원 PLAYER | P:9♦ 5♠=4  B:9♠ 9♥=8  BANKER(L)  | -4,000원 → 81,550원
H347 | bet   8,000원 PLAYER | P:10♠ 7♣=7  B:J♠ 5♦ 6♣=1  PLAYER(W)  | +8,000원 → 89,550원  [end_win]
H348 | bet   1,000원 BANKER | P:3♥ 5♦=8  B:7♥ 7♠=4  PLAYER(L)  | -1,000원 → 88,550원  [start]
H349 | bet   2,000원 PLAYER | P:5♦ 8♦ 3♥=6  B:2♣ 5♥=7  BANKER(L)  | -2,000원 → 86,550원
H350 | bet   4,000원 PLAYER | P:9♣ K♠=9  B:9♣ 3♥=2  PLAYER(W)  | +4,000원 → 90,550원  [end_win]
H351 | bet   1,000원 BANKER | P:K♦ 10♦ 7♠=7  B:6♦ 5♣ Q♣=1  PLAYER(L)  | -1,000원 → 89,550원  [start]
H352 | bet   2,000원 PLAYER | P:A♣ 2♥ Q♦=3  B:7♦ 8♦=5  BANKER(L)  | -2,000원 → 87,550원
H353 | bet   4,000원 PLAYER | P:K♥ 3♠ A♥=4  B:8♣ 3♥ 10♥=1  PLAYER(W)  | +4,000원 → 91,550원  [end_win]
H354 | bet   1,000원 BANKER | P:Q♣ 2♥ A♦=3  B:K♠ 7♦=7  BANKER(W)  | +950원 → 92,500원
H355 | bet   1,000원 BANKER | P:A♣ 4♥ 8♥=3  B:J♠ K♦ 5♣=5  BANKER(W)  | +950원 → 93,450원
H356 | bet   1,000원 BANKER | P:6♥ 5♥ 10♣=1  B:J♠ A♦ 8♠=9  BANKER(W)  | +950원 → 94,400원
H357 | bet   1,000원 BANKER | P:A♥ 2♣ 2♦=5  B:Q♦ 10♠ 4♣=4  PLAYER(L)  | -1,000원 → 93,400원  [start]
H358 | bet   2,000원 PLAYER | P:3♣ 2♠ K♠=5  B:3♠ 7♦ 9♣=9  BANKER(L)  | -2,000원 → 91,400원
H359 | bet   4,000원 PLAYER | P:5♣ 7♥ 9♥=1  B:Q♥ 5♣=5  BANKER(L)  | -4,000원 → 87,400원
H360 | bet   8,000원 PLAYER | P:4♦ 4♠=8  B:2♣ J♥=2  PLAYER(W)  | +8,000원 → 95,400원  [end_win]
H361 | bet   1,000원 BANKER | P:9♣ J♥=9  B:3♥ 7♥=0  PLAYER(L)  | -1,000원 → 94,400원  [start]
H362 | bet   2,000원 PLAYER | P:8♦ 10♥=8  B:10♦ K♥=0  PLAYER(W)  | +2,000원 → 96,400원  [end_win]
H363 | bet   1,000원 BANKER | P:6♦ 4♣ K♣=0  B:2♠ 2♦=4  BANKER(W)  | +950원 → 97,350원
H364 | bet   1,000원 BANKER | P:Q♠ K♦ Q♥=0  B:5♥ 7♣ 6♣=8  BANKER(W)  | +950원 → 98,300원
H365 | bet   1,000원 BANKER | P:9♠ 8♠=7  B:K♥ K♣ 5♠=5  PLAYER(L)  | -1,000원 → 97,300원  [start]
H366 | bet   2,000원 PLAYER | P:6♠ 4♠ 5♥=5  B:3♠ 9♥ Q♠=2  PLAYER(W)  | +2,000원 → 99,300원  [end_win]
H367 | bet   1,000원 BANKER | P:10♣ 7♣=7  B:Q♦ 10♣ A♥=1  PLAYER(L)  | -1,000원 → 98,300원  [start]
H368 | bet   2,000원 PLAYER | P:8♠ 5♠ 9♠=2  B:4♣ 9♥ 10♦=3  BANKER(L)  | -2,000원 → 96,300원
H369 | bet   4,000원 PLAYER | P:2♥ K♠ K♥=2  B:8♣ 5♥ 4♦=7  BANKER(L)  | -4,000원 → 92,300원
H370 | bet   8,000원 PLAYER | P:3♥ 2♦ 10♦=5  B:8♥ 6♣=4  PLAYER(W)  | +8,000원 → 100,300원  [end_win]
H371 | bet   1,000원 BANKER | P:9♦ 10♦=9  B:8♠ A♦=9  TIE(T)  |     0원 → 100,300원
H372 | bet   1,000원 BANKER | P:J♣ 10♥=0  B:A♥ 8♦=9  BANKER(W)  | +950원 → 101,250원
H373 | bet   1,000원 BANKER | P:Q♥ J♥ 5♦=5  B:10♠ Q♠ 8♣=8  BANKER(W)  | +950원 → 102,200원
H374 | bet   1,000원 BANKER | P:3♣ 7♥ J♠=0  B:A♥ K♥ 9♥=0  TIE(T)  |     0원 → 102,200원
H375 | bet   1,000원 BANKER | P:K♠ J♣ K♥=0  B:5♣ A♠=6  BANKER(W)  | +950원 → 103,150원
H376 | bet   1,000원 BANKER | P:6♦ Q♠=6  B:10♣ 4♥ 6♠=0  PLAYER(L)  | -1,000원 → 102,150원  [start]
H377 | bet   2,000원 PLAYER | P:J♥ A♦ 2♦=3  B:2♣ J♣ 10♥=2  PLAYER(W)  | +2,000원 → 104,150원  [end_win]
H378 | bet   1,000원 BANKER | P:2♠ 4♣=6  B:8♣ A♦=9  BANKER(W)  | +950원 → 105,100원
H379 | bet   1,000원 BANKER | P:J♦ 3♣ 10♣=3  B:Q♠ 3♠ K♣=3  TIE(T)  |     0원 → 105,100원
H380 | bet   1,000원 BANKER | P:6♠ 10♠=6  B:J♦ A♦ J♥=1  PLAYER(L)  | -1,000원 → 104,100원  [start]
H381 | bet   2,000원 PLAYER | P:4♥ 6♥ A♠=1  B:10♣ A♣ 7♣=8  BANKER(L)  | -2,000원 → 102,100원
H382 | bet   4,000원 PLAYER | P:9♦ 3♥ 8♥=0  B:2♣ J♦ 3♦=5  BANKER(L)  | -4,000원 → 98,100원
H383 | bet   8,000원 PLAYER | P:A♥ 4♦=5  B:9♠ 10♠=9  BANKER(L)  | -8,000원 → 90,100원
H384 | bet  16,000원 PLAYER | P:8♠ 4♦ 10♦=2  B:Q♥ 6♠=6  BANKER(L)  | -16,000원 → 74,100원  [end_giveup]
H385 | bet   1,000원 BANKER | P:6♦ J♣=6  B:8♣ K♦=8  BANKER(W)  | +950원 → 75,050원
H386 | bet   1,000원 BANKER | P:3♣ 3♣=6  B:8♥ 4♥ Q♦=2  PLAYER(L)  | -1,000원 → 74,050원  [start]
H387 | bet   2,000원 PLAYER | P:8♦ Q♥=8  B:2♣ A♦=3  PLAYER(W)  | +2,000원 → 76,050원  [end_win]
H388 | bet   1,000원 BANKER | P:8♥ 2♦ 3♠=3  B:6♥ 6♣ 7♦=9  BANKER(W)  | +950원 → 77,000원
H389 | bet   1,000원 BANKER | P:A♣ 10♣ 10♠=1  B:2♥ 8♠ Q♣=0  PLAYER(L)  | -1,000원 → 76,000원  [start]
H390 | bet   2,000원 PLAYER | P:3♣ 6♦=9  B:3♦ 2♥=5  PLAYER(W)  | +2,000원 → 78,000원  [end_win]
H391 | bet   1,000원 BANKER | P:4♠ 9♠ J♠=3  B:2♠ 9♣ 5♥=6  BANKER(W)  | +950원 → 78,950원
H392 | bet   1,000원 BANKER | P:9♥ 7♦=6  B:J♦ 8♣=8  BANKER(W)  | +950원 → 79,900원
H393 | bet   1,000원 BANKER | P:3♣ A♠ 7♥=1  B:9♥ 7♠ 9♦=5  BANKER(W)  | +950원 → 80,850원
H394 | bet   1,000원 BANKER | P:6♣ Q♠=6  B:K♣ 9♦=9  BANKER(W)  | +950원 → 81,800원
H395 | bet   1,000원 BANKER | P:7♦ 4♦ Q♥=1  B:4♦ Q♠=4  BANKER(W)  | +950원 → 82,750원
H396 | bet   1,000원 BANKER | P:8♦ J♠=8  B:4♣ 6♥=0  PLAYER(L)  | -1,000원 → 81,750원  [start]
H397 | bet   2,000원 PLAYER | P:9♣ 3♦ 5♠=7  B:6♦ 9♦ Q♣=5  PLAYER(W)  | +2,000원 → 83,750원  [end_win]
H398 | bet   1,000원 BANKER | P:K♥ 7♣=7  B:J♥ 8♥=8  BANKER(W)  | +950원 → 84,700원
H399 | bet   1,000원 BANKER | P:6♥ 10♠=6  B:K♦ 3♦ 3♦=6  TIE(T)  |     0원 → 84,700원
H400 | bet   1,000원 BANKER | P:J♠ Q♥ 7♥=7  B:3♦ 4♥=7  TIE(T)  |     0원 → 84,700원
H401 | bet   1,000원 BANKER | P:2♦ 7♦=9  B:6♠ 8♣=4  PLAYER(L)  | -1,000원 → 83,700원  [start]
H402 | bet   2,000원 PLAYER | P:J♥ A♠=1  B:9♠ 9♠=8  BANKER(L)  | -2,000원 → 81,700원
H403 | bet   4,000원 PLAYER | P:J♦ 9♣=9  B:6♦ K♣=6  PLAYER(W)  | +4,000원 → 85,700원  [end_win]
H404 | bet   1,000원 BANKER | P:A♣ K♠ K♦=1  B:10♦ 4♠=4  BANKER(W)  | +950원 → 86,650원
H405 | bet   1,000원 BANKER | P:2♥ Q♠ Q♣=2  B:10♠ 2♦ 3♦=5  BANKER(W)  | +950원 → 87,600원
H406 | bet   1,000원 BANKER | P:4♠ 7♠ 7♠=8  B:A♠ 10♣ 9♦=0  PLAYER(L)  | -1,000원 → 86,600원  [start]
H407 | bet   2,000원 PLAYER | P:5♠ K♦ 8♦=3  B:6♣ K♠=6  BANKER(L)  | -2,000원 → 84,600원
H408 | bet   4,000원 PLAYER | P:J♠ 4♥ 2♥=6  B:2♣ 3♠=5  PLAYER(W)  | +4,000원 → 88,600원  [end_win]
H409 | bet   1,000원 BANKER | P:8♦ Q♣=8  B:10♥ 7♣=7  PLAYER(L)  | -1,000원 → 87,600원  [start]
H410 | bet   2,000원 PLAYER | P:6♣ 4♥=0  B:9♦ Q♦=9  BANKER(L)  | -2,000원 → 85,600원
H411 | bet   4,000원 PLAYER | P:9♣ 4♠ A♣=4  B:7♦ J♣=7  BANKER(L)  | -4,000원 → 81,600원
H412 | bet   8,000원 PLAYER | P:9♥ J♥=9  B:6♥ 4♣=0  PLAYER(W)  | +8,000원 → 89,600원  [end_win]
H413 | bet   1,000원 BANKER | P:6♠ K♠=6  B:6♣ 7♠ 8♠=1  PLAYER(L)  | -1,000원 → 88,600원  [start]
H414 | bet   2,000원 PLAYER | P:4♥ 2♠=6  B:8♣ 3♦ 6♥=7  BANKER(L)  | -2,000원 → 86,600원
H415 | bet   4,000원 PLAYER | P:9♥ 5♣ 8♦=2  B:10♦ 4♦=4  BANKER(L)  | -4,000원 → 82,600원
H416 | bet   8,000원 PLAYER | P:9♦ 5♣ 4♥=8  B:6♦ Q♠=6  PLAYER(W)  | +8,000원 → 90,600원  [end_win]
H417 | bet   1,000원 BANKER | P:8♥ 8♠=6  B:4♠ 5♥=9  BANKER(W)  | +950원 → 91,550원
H418 | bet   1,000원 BANKER | P:Q♥ K♠ 8♥=8  B:9♥ 4♦=3  PLAYER(L)  | -1,000원 → 90,550원  [start]
H419 | bet   2,000원 PLAYER | P:10♥ 10♦ 6♠=6  B:Q♣ J♣ 5♠=5  PLAYER(W)  | +2,000원 → 92,550원  [end_win]
H420 | bet   1,000원 BANKER | P:A♦ 5♥=6  B:9♠ 8♥=7  BANKER(W)  | +950원 → 93,500원
H421 | bet   1,000원 BANKER | P:Q♦ 2♣ A♣=3  B:J♣ K♦ A♠=1  PLAYER(L)  | -1,000원 → 92,500원  [start]
H422 | bet   2,000원 PLAYER | P:7♣ 10♣=7  B:K♠ 8♦=8  BANKER(L)  | -2,000원 → 90,500원
H423 | bet   4,000원 PLAYER | P:10♣ 9♥=9  B:K♥ J♥=0  PLAYER(W)  | +4,000원 → 94,500원  [end_win]
H424 | bet   1,000원 BANKER | P:4♦ 2♥=6  B:9♥ 3♦ 4♥=6  TIE(T)  |     0원 → 94,500원
H425 | bet   1,000원 BANKER | P:2♠ Q♣=2  B:K♥ 8♥=8  BANKER(W)  | +950원 → 95,450원
H426 | bet   1,000원 BANKER | P:3♥ 2♠ Q♠=5  B:9♦ 3♠ 5♦=7  BANKER(W)  | +950원 → 96,400원
H427 | bet   1,000원 BANKER | P:8♣ 8♣=6  B:6♣ J♠=6  TIE(T)  |     0원 → 96,400원
H428 | bet   1,000원 BANKER | P:3♠ A♦=4  B:3♠ 5♦=8  BANKER(W)  | +950원 → 97,350원
H429 | bet   1,000원 BANKER | P:7♣ 2♣=9  B:J♦ 6♣=6  PLAYER(L)  | -1,000원 → 96,350원  [start]
H430 | bet   2,000원 PLAYER | P:K♠ 2♥ 5♣=7  B:7♥ 8♥ A♦=6  PLAYER(W)  | +2,000원 → 98,350원  [end_win]
H431 | bet   1,000원 BANKER | P:8♥ 6♥=4  B:3♠ 6♦=9  BANKER(W)  | +950원 → 99,300원
H432 | bet   1,000원 BANKER | P:A♣ 7♣=8  B:9♦ 10♥=9  BANKER(W)  | +950원 → 100,250원
H433 | bet   1,000원 BANKER | P:7♦ Q♦=7  B:4♥ 8♠ 9♣=1  PLAYER(L)  | -1,000원 → 99,250원  [start]
H434 | bet   2,000원 PLAYER | P:6♠ K♣=6  B:3♣ J♣ 4♣=7  BANKER(L)  | -2,000원 → 97,250원
H435 | bet   4,000원 PLAYER | P:5♦ 9♠ 2♣=6  B:3♥ Q♠ 7♦=0  PLAYER(W)  | +4,000원 → 101,250원  [end_win]
H436 | bet   1,000원 BANKER | P:J♦ K♥=0  B:K♣ 9♠=9  BANKER(W)  | +950원 → 102,200원
H437 | bet   1,000원 BANKER | P:10♦ 9♣=9  B:5♠ K♥=5  PLAYER(L)  | -1,000원 → 101,200원  [start]
H438 | bet   2,000원 PLAYER | P:7♥ 5♥=2  B:A♠ 7♥=8  BANKER(L)  | -2,000원 → 99,200원
H439 | bet   4,000원 PLAYER | P:A♣ 10♠ 10♠=1  B:6♦ J♠=6  BANKER(L)  | -4,000원 → 95,200원
H440 | bet   8,000원 PLAYER | P:7♦ A♥=8  B:2♦ 8♣=0  PLAYER(W)  | +8,000원 → 103,200원  [end_win]
H441 | bet   1,000원 BANKER | P:3♠ J♥ 4♣=7  B:A♦ Q♥ 4♦=5  PLAYER(L)  | -1,000원 → 102,200원  [start]
H442 | bet   2,000원 PLAYER | P:6♠ Q♦=6  B:7♠ J♥=7  BANKER(L)  | -2,000원 → 100,200원
H443 | bet   4,000원 PLAYER | P:8♠ 8♦=6  B:4♣ 7♣ 2♥=3  PLAYER(W)  | +4,000원 → 104,200원  [end_win]
H444 | bet   1,000원 BANKER | P:K♥ 5♣ 8♦=3  B:Q♠ 6♣=6  BANKER(W)  | +950원 → 105,150원
H445 | bet   1,000원 BANKER | P:4♥ A♠ 4♣=9  B:5♦ 7♥ A♦=3  PLAYER(L)  | -1,000원 → 104,150원  [start]
H446 | bet   2,000원 PLAYER | P:J♦ 8♣=8  B:8♥ A♥=9  BANKER(L)  | -2,000원 → 102,150원
H447 | bet   4,000원 PLAYER | P:Q♥ 2♦ K♠=2  B:Q♣ 3♥ 3♦=6  BANKER(L)  | -4,000원 → 98,150원
H448 | bet   8,000원 PLAYER | P:2♥ J♠ 4♠=6  B:Q♦ 10♠ A♥=1  PLAYER(W)  | +8,000원 → 106,150원  [end_win]
H449 | bet   1,000원 BANKER | P:A♠ 9♦ K♠=0  B:3♠ 4♥=7  BANKER(W)  | +950원 → 107,100원
H450 | bet   1,000원 BANKER | P:10♣ 6♣=6  B:J♠ 10♦ 8♦=8  BANKER(W)  | +950원 → 108,050원
H451 | bet   1,000원 BANKER | P:Q♦ 10♠ A♥=1  B:A♠ 2♦ 10♠=3  BANKER(W)  | +950원 → 109,000원
H452 | bet   1,000원 BANKER | P:K♣ 10♠=0  B:9♥ 9♣=8  BANKER(W)  | +950원 → 109,950원
H453 | bet   1,000원 BANKER | P:7♥ 8♥ 6♥=1  B:10♦ Q♦ 3♦=3  BANKER(W)  | +950원 → 110,900원
H454 | bet   1,000원 BANKER | P:7♠ 2♠=9  B:5♠ A♣=6  PLAYER(L)  | -1,000원 → 109,900원  [start]
H455 | bet   2,000원 PLAYER | P:2♥ 5♣=7  B:3♠ 5♣=8  BANKER(L)  | -2,000원 → 107,900원
H456 | bet   4,000원 PLAYER | P:9♠ J♣=9  B:6♠ 10♦=6  PLAYER(W)  | +4,000원 → 111,900원  [end_win]
H457 | bet   1,000원 BANKER | P:3♣ 6♠=9  B:7♠ J♥=7  PLAYER(L)  | -1,000원 → 110,900원  [start]
H458 | bet   2,000원 PLAYER | P:5♥ 7♠ 8♠=0  B:K♦ K♣ Q♦=0  TIE(T)  |     0원 → 110,900원
H459 | bet   2,000원 PLAYER | P:K♥ K♦=0  B:8♦ K♦=8  BANKER(L)  | -2,000원 → 108,900원
H460 | bet   4,000원 PLAYER | P:6♥ 9♠=5  B:9♥ 10♠=9  BANKER(L)  | -4,000원 → 104,900원
H461 | bet   8,000원 PLAYER | P:J♠ 5♠ 2♦=7  B:4♦ Q♥ 9♣=3  PLAYER(W)  | +8,000원 → 112,900원  [end_win]
H462 | bet   1,000원 BANKER | P:7♠ 10♣=7  B:4♠ J♦ 2♦=6  PLAYER(L)  | -1,000원 → 111,900원  [start]
H463 | bet   2,000원 PLAYER | P:2♣ 9♣ 9♠=0  B:J♥ J♠ K♦=0  TIE(T)  |     0원 → 111,900원
H464 | bet   2,000원 PLAYER | P:10♣ 4♠ A♦=5  B:J♣ J♣ 5♥=5  TIE(T)  |     0원 → 111,900원
H465 | bet   2,000원 PLAYER | P:8♠ 6♣=4  B:3♠ 6♥=9  BANKER(L)  | -2,000원 → 109,900원
H466 | bet   4,000원 PLAYER | P:4♠ K♠ 6♥=0  B:5♦ 6♥ A♣=2  BANKER(L)  | -4,000원 → 105,900원
H467 | bet   8,000원 PLAYER | P:K♣ Q♥ 10♦=0  B:4♣ 10♥=4  BANKER(L)  | -8,000원 → 97,900원
H468 | bet  16,000원 PLAYER | P:10♣ 9♦=9  B:4♠ 8♦=2  PLAYER(W)  | +16,000원 → 113,900원  [end_win]
H469 | bet   1,000원 BANKER | P:9♥ 2♥ A♠=2  B:10♣ 3♦ 7♦=0  PLAYER(L)  | -1,000원 → 112,900원  [start]
H470 | bet   2,000원 PLAYER | P:7♦ 3♦ 7♥=7  B:7♦ 9♠ 3♥=9  BANKER(L)  | -2,000원 → 110,900원
H471 | bet   4,000원 PLAYER | P:6♣ 5♠ J♣=1  B:3♣ 9♦ 4♦=6  BANKER(L)  | -4,000원 → 106,900원
H472 | bet   8,000원 PLAYER | P:K♦ 4♣ A♥=5  B:A♠ 3♥=4  PLAYER(W)  | +8,000원 → 114,900원  [end_win]
H473 | bet   1,000원 BANKER | P:2♠ 7♣=9  B:7♠ K♦=7  PLAYER(L)  | -1,000원 → 113,900원  [start]
H474 | bet   2,000원 PLAYER | P:8♠ K♠=8  B:3♣ A♦=4  PLAYER(W)  | +2,000원 → 115,900원  [end_win]
H475 | bet   1,000원 BANKER | P:4♦ A♠ 10♦=5  B:6♦ 5♥ 5♠=6  BANKER(W)  | +950원 → 116,850원
H476 | bet   1,000원 BANKER | P:2♣ 6♠=8  B:A♦ 6♥=7  PLAYER(L)  | -1,000원 → 115,850원  [start]
H477 | bet   2,000원 PLAYER | P:Q♥ 3♥ 2♥=5  B:Q♣ 10♥ 7♣=7  BANKER(L)  | -2,000원 → 113,850원
H478 | bet   4,000원 PLAYER | P:2♣ 3♥ Q♠=5  B:5♥ K♥=5  TIE(T)  |     0원 → 113,850원
H479 | bet   4,000원 PLAYER | P:3♣ 10♠ Q♠=3  B:5♥ 6♣ 2♦=3  TIE(T)  |     0원 → 113,850원
H480 | bet   4,000원 PLAYER | P:4♣ 6♦=0  B:9♠ 10♥=9  BANKER(L)  | -4,000원 → 109,850원
H481 | bet   8,000원 PLAYER | P:5♦ A♣=6  B:9♣ Q♦=9  BANKER(L)  | -8,000원 → 101,850원
H482 | bet  16,000원 PLAYER | P:K♣ 9♦=9  B:2♠ 5♦=7  PLAYER(W)  | +16,000원 → 117,850원  [end_win]
H483 | bet   1,000원 BANKER | P:Q♣ 6♠=6  B:3♣ 8♣ 7♣=8  BANKER(W)  | +950원 → 118,800원
H484 | bet   1,000원 BANKER | P:10♥ J♠ 10♥=0  B:K♦ 5♣=5  BANKER(W)  | +950원 → 119,750원
H485 | bet   1,000원 BANKER | P:J♣ 8♣=8  B:J♥ 4♥=4  PLAYER(L)  | -1,000원 → 118,750원  [start]
H486 | bet   2,000원 PLAYER | P:8♠ Q♣=8  B:8♠ 6♠=4  PLAYER(W)  | +2,000원 → 120,750원  [end_win]
H487 | bet   1,000원 BANKER | P:10♣ Q♠ 9♣=9  B:4♣ 6♦ Q♥=0  PLAYER(L)  | -1,000원 → 119,750원  [start]
H488 | bet   2,000원 PLAYER | P:J♦ Q♠ A♣=1  B:J♠ J♥ 7♥=7  BANKER(L)  | -2,000원 → 117,750원
H489 | bet   4,000원 PLAYER | P:Q♣ 4♠ 10♥=4  B:J♦ 7♥=7  BANKER(L)  | -4,000원 → 113,750원
H490 | bet   8,000원 PLAYER | P:Q♥ 2♣ J♥=2  B:2♥ 2♠=4  BANKER(L)  | -8,000원 → 105,750원
H491 | bet  16,000원 PLAYER | P:7♦ K♥=7  B:6♣ A♥=7  TIE(T)  |     0원 → 105,750원
H492 | bet  16,000원 PLAYER | P:A♣ 6♦=7  B:7♠ 3♣ K♠=0  PLAYER(W)  | +16,000원 → 121,750원  [end_win]
H493 | bet   1,000원 BANKER | P:7♠ A♥=8  B:2♠ 9♥=1  PLAYER(L)  | -1,000원 → 120,750원  [start]
H494 | bet   2,000원 PLAYER | P:8♣ 6♦=4  B:5♠ 4♥=9  BANKER(L)  | -2,000원 → 118,750원
H495 | bet   4,000원 PLAYER | P:K♣ 4♦=4  B:7♦ A♥=8  BANKER(L)  | -4,000원 → 114,750원
H496 | bet   8,000원 PLAYER | P:K♣ 5♦ 2♦=7  B:2♣ J♦ 8♦=0  PLAYER(W)  | +8,000원 → 122,750원  [end_win]
H497 | bet   1,000원 BANKER | P:Q♣ 2♣ 10♥=2  B:3♠ 8♣ 9♠=0  PLAYER(L)  | -1,000원 → 121,750원  [start]
H498 | bet   2,000원 PLAYER | P:7♣ 3♣ 10♥=0  B:6♦ 8♠=4  BANKER(L)  | -2,000원 → 119,750원
H499 | bet   4,000원 PLAYER | P:10♦ 7♠=7  B:6♣ 2♦=8  BANKER(L)  | -4,000원 → 115,750원
H500 | bet   8,000원 PLAYER | P:10♣ A♣ K♣=1  B:4♣ 6♠ K♥=0  PLAYER(W)  | +8,000원 → 123,750원  [end_win]
H501 | bet   1,000원 BANKER | P:J♠ 3♣ 6♣=9  B:4♦ 8♦ 5♥=7  PLAYER(L)  | -1,000원 → 122,750원  [start]
H502 | bet   2,000원 PLAYER | P:2♦ 9♣ A♣=2  B:4♣ 2♠=6  BANKER(L)  | -2,000원 → 120,750원
H503 | bet   4,000원 PLAYER | P:7♥ Q♥=7  B:8♥ 9♣=7  TIE(T)  |     0원 → 120,750원
H504 | bet   4,000원 PLAYER | P:A♠ 6♦=7  B:10♥ A♦ 4♥=5  PLAYER(W)  | +4,000원 → 124,750원  [end_win]
H505 | bet   1,000원 BANKER | P:10♦ K♣ 2♥=2  B:K♠ 2♣ 4♥=6  BANKER(W)  | +950원 → 125,700원
H506 | bet   1,000원 BANKER | P:Q♠ J♣=0  B:K♦ 9♠=9  BANKER(W)  | +950원 → 126,650원
H507 | bet   1,000원 BANKER | P:6♥ K♠=6  B:4♠ 7♠ 4♣=5  PLAYER(L)  | -1,000원 → 125,650원  [start]
H508 | bet   2,000원 PLAYER | P:A♦ 6♥=7  B:7♦ 9♥=6  PLAYER(W)  | +2,000원 → 127,650원  [end_win]
H509 | bet   1,000원 BANKER | P:Q♥ 5♠ 4♠=9  B:10♥ J♥ 9♦=9  TIE(T)  |     0원 → 127,650원
H510 | bet   1,000원 BANKER | P:8♦ 4♦ 10♠=2  B:9♠ 6♦=5  BANKER(W)  | +950원 → 128,600원
H511 | bet   1,000원 BANKER | P:6♠ 3♦=9  B:6♠ 4♠=0  PLAYER(L)  | -1,000원 → 127,600원  [start]
H512 | bet   2,000원 PLAYER | P:8♣ 6♥ 3♥=7  B:9♦ 3♥ 10♠=2  PLAYER(W)  | +2,000원 → 129,600원  [end_win]
H513 | bet   1,000원 BANKER | P:2♦ Q♥ A♠=3  B:2♣ 3♥=5  BANKER(W)  | +950원 → 130,550원
H514 | bet   1,000원 BANKER | P:A♥ 9♥ 3♦=3  B:J♥ A♠ A♥=2  PLAYER(L)  | -1,000원 → 129,550원  [start]
H515 | bet   2,000원 PLAYER | P:3♣ 8♦ 7♦=8  B:5♣ Q♦ K♦=5  PLAYER(W)  | +2,000원 → 131,550원  [end_win]
H516 | bet   1,000원 BANKER | P:A♠ A♣ 9♠=1  B:5♣ 9♥=4  BANKER(W)  | +950원 → 132,500원
H517 | bet   1,000원 BANKER | P:6♣ 10♣=6  B:K♥ A♣ J♠=1  PLAYER(L)  | -1,000원 → 131,500원  [start]
H518 | bet   2,000원 PLAYER | P:9♠ Q♦=9  B:4♥ 10♦=4  PLAYER(W)  | +2,000원 → 133,500원  [end_win]
H519 | bet   1,000원 BANKER | P:8♥ Q♠=8  B:7♠ 2♥=9  BANKER(W)  | +950원 → 134,450원
H520 | bet   1,000원 BANKER | P:K♥ 2♣=2  B:5♥ 4♦=9  BANKER(W)  | +950원 → 135,400원
H521 | bet   1,000원 BANKER | P:Q♦ 8♠=8  B:Q♣ 8♣=8  TIE(T)  |     0원 → 135,400원
H522 | bet   1,000원 BANKER | P:7♦ K♠=7  B:10♥ 9♣=9  BANKER(W)  | +950원 → 136,350원
H523 | bet   1,000원 BANKER | P:5♣ 8♠ 10♣=3  B:8♦ 2♥ A♠=1  PLAYER(L)  | -1,000원 → 135,350원  [start]
H524 | bet   2,000원 PLAYER | P:9♦ Q♥=9  B:10♥ K♥=0  PLAYER(W)  | +2,000원 → 137,350원  [end_win]
H525 | bet   1,000원 BANKER | P:2♣ 3♠ 8♦=3  B:8♥ 3♦ 4♦=5  BANKER(W)  | +950원 → 138,300원
H526 | bet   1,000원 BANKER | P:10♠ 10♥ Q♦=0  B:J♠ 6♦=6  BANKER(W)  | +950원 → 139,250원
H527 | bet   1,000원 BANKER | P:Q♥ 10♦ Q♥=0  B:8♠ 4♠ K♣=2  BANKER(W)  | +950원 → 140,200원
H528 | bet   1,000원 BANKER | P:5♥ 9♦ A♦=5  B:A♣ 2♦ K♦=3  PLAYER(L)  | -1,000원 → 139,200원  [start]
H529 | bet   2,000원 PLAYER | P:6♣ 7♥ 6♠=9  B:3♥ 8♦ 2♣=3  PLAYER(W)  | +2,000원 → 141,200원  [end_win]
H530 | bet   1,000원 BANKER | P:A♥ 7♦=8  B:6♥ 9♠=5  PLAYER(L)  | -1,000원 → 140,200원  [start]
H531 | bet   2,000원 PLAYER | P:3♠ 3♥=6  B:7♦ J♥=7  BANKER(L)  | -2,000원 → 138,200원
H532 | bet   4,000원 PLAYER | P:8♠ A♦=9  B:A♠ J♣=1  PLAYER(W)  | +4,000원 → 142,200원  [end_win]
H533 | bet   1,000원 BANKER | P:5♠ A♣=6  B:J♥ 10♠ 5♠=5  PLAYER(L)  | -1,000원 → 141,200원  [start]
H534 | bet   2,000원 PLAYER | P:5♣ 10♣ 9♣=4  B:Q♠ Q♠ 10♠=0  PLAYER(W)  | +2,000원 → 143,200원  [end_win]
H535 | bet   1,000원 BANKER | P:J♠ 3♣ K♥=3  B:J♥ Q♣ 7♥=7  BANKER(W)  | +950원 → 144,150원
H536 | bet   1,000원 BANKER | P:7♠ 4♣=1  B:K♠ 8♣=8  BANKER(W)  | +950원 → 145,100원
H537 | bet   1,000원 BANKER | P:7♠ J♦=7  B:2♥ Q♦ 2♦=4  PLAYER(L)  | -1,000원 → 144,100원  [start]
H538 | bet   2,000원 PLAYER | P:3♣ 4♣=7  B:10♠ 7♣=7  TIE(T)  |     0원 → 144,100원
H539 | bet   2,000원 PLAYER | P:K♦ 4♥ 9♣=3  B:4♦ Q♣=4  BANKER(L)  | -2,000원 → 142,100원
H540 | bet   4,000원 PLAYER | P:5♠ 9♦ 10♦=4  B:7♣ 5♥ 9♥=1  PLAYER(W)  | +4,000원 → 146,100원  [end_win]
H541 | bet   1,000원 BANKER | P:2♠ 2♠=4  B:7♦ A♦=8  BANKER(W)  | +950원 → 147,050원
H542 | bet   1,000원 BANKER | P:K♣ 9♥=9  B:Q♦ 7♣=7  PLAYER(L)  | -1,000원 → 146,050원  [start]
H543 | bet   2,000원 PLAYER | P:4♠ K♠ 7♣=1  B:7♥ 5♣ 7♣=9  BANKER(L)  | -2,000원 → 144,050원
H544 | bet   4,000원 PLAYER | P:K♣ 5♠ 3♣=8  B:5♥ 7♥ Q♣=2  PLAYER(W)  | +4,000원 → 148,050원  [end_win]
H545 | bet   1,000원 BANKER | P:5♥ A♥=6  B:Q♦ J♦ 3♠=3  PLAYER(L)  | -1,000원 → 147,050원  [start]
H546 | bet   2,000원 PLAYER | P:4♦ 6♠ Q♠=0  B:5♣ 8♥ 5♦=8  BANKER(L)  | -2,000원 → 145,050원
H547 | bet   4,000원 PLAYER | P:10♠ J♠ 9♦=9  B:J♦ 2♦ 9♣=1  PLAYER(W)  | +4,000원 → 149,050원  [end_win]
H548 | bet   1,000원 BANKER | P:10♣ J♦ Q♠=0  B:2♣ 8♦ 4♣=4  BANKER(W)  | +950원 → 150,000원
H549 | bet   1,000원 BANKER | P:4♥ J♦=4  B:Q♣ 9♥=9  BANKER(W)  | +950원 → 150,950원
H550 | bet   1,000원 BANKER | P:6♣ J♦=6  B:J♠ 3♥ 2♠=5  PLAYER(L)  | -1,000원 → 149,950원  [start]
H551 | bet   2,000원 PLAYER | P:A♣ 6♣=7  B:J♥ 5♦ A♥=6  PLAYER(W)  | +2,000원 → 151,950원  [end_win]
H552 | bet   1,000원 BANKER | P:5♣ J♣ 3♦=8  B:J♦ 5♠=5  PLAYER(L)  | -1,000원 → 150,950원  [start]
H553 | bet   2,000원 PLAYER | P:J♥ A♥ 3♦=4  B:6♦ J♣=6  BANKER(L)  | -2,000원 → 148,950원
H554 | bet   4,000원 PLAYER | P:9♣ 10♦=9  B:4♥ 6♦=0  PLAYER(W)  | +4,000원 → 152,950원  [end_win]
H555 | bet   1,000원 BANKER | P:5♠ 8♣ 2♣=5  B:3♠ K♠ 4♥=7  BANKER(W)  | +950원 → 153,900원
H556 | bet   1,000원 BANKER | P:Q♣ 5♦ 2♠=7  B:J♥ K♣ K♦=0  PLAYER(L)  | -1,000원 → 152,900원  [start]
H557 | bet   2,000원 PLAYER | P:2♥ J♠ K♥=2  B:10♠ Q♣ 9♥=9  BANKER(L)  | -2,000원 → 150,900원
H558 | bet   4,000원 PLAYER | P:9♣ 2♥ 2♠=3  B:J♦ 7♠=7  BANKER(L)  | -4,000원 → 146,900원
H559 | bet   8,000원 PLAYER | P:5♦ A♦=6  B:3♠ 7♦ A♠=1  PLAYER(W)  | +8,000원 → 154,900원  [end_win]
H560 | bet   1,000원 BANKER | P:10♦ 3♠ A♥=4  B:K♠ 3♠ A♣=4  TIE(T)  |     0원 → 154,900원
H561 | bet   1,000원 BANKER | P:10♦ Q♦ 7♣=7  B:4♥ Q♥ 4♠=8  BANKER(W)  | +950원 → 155,850원
H562 | bet   1,000원 BANKER | P:6♦ 5♦ 5♥=6  B:4♣ A♦ 6♦=1  PLAYER(L)  | -1,000원 → 154,850원  [start]
H563 | bet   2,000원 PLAYER | P:6♠ 9♠=5  B:6♥ 2♦=8  BANKER(L)  | -2,000원 → 152,850원
H564 | bet   4,000원 PLAYER | P:4♠ 6♣ 7♥=7  B:10♥ 7♦=7  TIE(T)  |     0원 → 152,850원
H565 | bet   4,000원 PLAYER | P:3♦ 6♥=9  B:7♥ J♣=7  PLAYER(W)  | +4,000원 → 156,850원  [end_win]
H566 | bet   1,000원 BANKER | P:10♣ 4♦ 10♣=4  B:6♣ 6♠ 8♥=0  PLAYER(L)  | -1,000원 → 155,850원  [start]
H567 | bet   2,000원 PLAYER | P:4♠ 2♥=6  B:K♠ 8♥=8  BANKER(L)  | -2,000원 → 153,850원
H568 | bet   4,000원 PLAYER | P:8♠ 5♠ 9♦=2  B:2♦ K♦ 6♥=8  BANKER(L)  | -4,000원 → 149,850원
H569 | bet   8,000원 PLAYER | P:Q♥ 8♣=8  B:8♥ J♠=8  TIE(T)  |     0원 → 149,850원
H570 | bet   8,000원 PLAYER | P:8♣ 2♠=0  B:3♦ 6♥=9  BANKER(L)  | -8,000원 → 141,850원
H571 | bet  16,000원 PLAYER | P:7♥ 5♦ 2♠=4  B:2♥ 3♥=5  BANKER(L)  | -16,000원 → 125,850원  [end_giveup]
H572 | bet   1,000원 BANKER | P:8♥ Q♠=8  B:A♦ 3♦=4  PLAYER(L)  | -1,000원 → 124,850원  [start]
H573 | bet   2,000원 PLAYER | P:K♦ 10♣=0  B:4♦ 5♦=9  BANKER(L)  | -2,000원 → 122,850원
H574 | bet   4,000원 PLAYER | P:K♥ 3♥ 5♣=8  B:8♠ 6♠ 8♣=2  PLAYER(W)  | +4,000원 → 126,850원  [end_win]
H575 | bet   1,000원 BANKER | P:K♣ J♣ J♣=0  B:3♣ K♣ 3♣=6  BANKER(W)  | +950원 → 127,800원
H576 | bet   1,000원 BANKER | P:4♣ K♦ 9♦=3  B:Q♠ K♥ 5♥=5  BANKER(W)  | +950원 → 128,750원
H577 | bet   1,000원 BANKER | P:Q♦ 4♣ 9♦=3  B:5♠ 5♦ Q♥=0  PLAYER(L)  | -1,000원 → 127,750원  [start]
H578 | bet   2,000원 PLAYER | P:10♣ A♣ 9♣=0  B:2♦ Q♥ 8♣=0  TIE(T)  |     0원 → 127,750원
H579 | bet   2,000원 PLAYER | P:7♠ 3♥ 4♦=4  B:10♠ 2♦ 8♠=0  PLAYER(W)  | +2,000원 → 129,750원  [end_win]
H580 | bet   1,000원 BANKER | P:9♥ 8♦=7  B:J♠ 3♥ K♦=3  PLAYER(L)  | -1,000원 → 128,750원  [start]
H581 | bet   2,000원 PLAYER | P:4♣ Q♠ 8♦=2  B:Q♠ K♥ 10♥=0  PLAYER(W)  | +2,000원 → 130,750원  [end_win]
H582 | bet   1,000원 BANKER | P:5♥ 8♥ 10♠=3  B:5♥ J♦=5  BANKER(W)  | +950원 → 131,700원
H583 | bet   1,000원 BANKER | P:3♣ Q♣ 6♦=9  B:4♣ 9♦ 6♣=9  TIE(T)  |     0원 → 131,700원
H584 | bet   1,000원 BANKER | P:5♠ A♣=6  B:5♠ K♣ 10♦=5  PLAYER(L)  | -1,000원 → 130,700원  [start]
H585 | bet   2,000원 PLAYER | P:A♥ 10♣=1  B:9♠ J♦=9  BANKER(L)  | -2,000원 → 128,700원
H586 | bet   4,000원 PLAYER | P:K♣ 9♠=9  B:Q♦ 9♦=9  TIE(T)  |     0원 → 128,700원
H587 | bet   4,000원 PLAYER | P:9♠ A♣ 7♠=7  B:5♠ 6♣ J♥=1  PLAYER(W)  | +4,000원 → 132,700원  [end_win]
H588 | bet   1,000원 BANKER | P:9♣ K♠=9  B:6♠ 4♥=0  PLAYER(L)  | -1,000원 → 131,700원  [start]
H589 | bet   2,000원 PLAYER | P:J♥ 8♥=8  B:8♣ 5♠=3  PLAYER(W)  | +2,000원 → 133,700원  [end_win]
H590 | bet   1,000원 BANKER | P:9♥ 7♦=6  B:5♠ 6♣ 3♠=4  PLAYER(L)  | -1,000원 → 132,700원  [start]
H591 | bet   2,000원 PLAYER | P:3♣ 9♦ J♣=2  B:9♦ 2♥ K♠=1  PLAYER(W)  | +2,000원 → 134,700원  [end_win]
H592 | bet   1,000원 BANKER | P:5♠ 5♥ 2♠=2  B:4♥ 8♠ A♣=3  BANKER(W)  | +950원 → 135,650원
H593 | bet   1,000원 BANKER | P:2♠ 10♦=2  B:J♠ 9♥=9  BANKER(W)  | +950원 → 136,600원
H594 | bet   1,000원 BANKER | P:A♦ Q♠ 10♥=1  B:10♥ 3♠ 3♦=6  BANKER(W)  | +950원 → 137,550원
H595 | bet   1,000원 BANKER | P:J♠ 8♦=8  B:4♠ 7♦=1  PLAYER(L)  | -1,000원 → 136,550원  [start]
H596 | bet   2,000원 PLAYER | P:Q♥ 2♥ A♦=3  B:5♦ 10♦=5  BANKER(L)  | -2,000원 → 134,550원
H597 | bet   4,000원 PLAYER | P:5♥ A♦=6  B:4♦ 10♠ J♥=4  PLAYER(W)  | +4,000원 → 138,550원  [end_win]
H598 | bet   1,000원 BANKER | P:Q♠ 3♠ 4♦=7  B:Q♣ 6♠=6  PLAYER(L)  | -1,000원 → 137,550원  [start]
H599 | bet   2,000원 PLAYER | P:2♦ K♦ 8♠=0  B:7♦ 6♠=3  BANKER(L)  | -2,000원 → 135,550원
H600 | bet   4,000원 PLAYER | P:2♦ 3♥ 6♣=1  B:6♠ Q♥ 7♠=3  BANKER(L)  | -4,000원 → 131,550원
H601 | bet   8,000원 PLAYER | P:3♥ 4♥=7  B:3♥ J♦ 5♣=8  BANKER(L)  | -8,000원 → 123,550원
H602 | bet  16,000원 PLAYER | P:3♦ 10♦ 7♣=0  B:4♦ 2♦ 5♠=1  BANKER(L)  | -16,000원 → 107,550원  [end_giveup]
H603 | bet   1,000원 BANKER | P:A♦ 5♦=6  B:5♣ 10♣ 3♦=8  BANKER(W)  | +950원 → 108,500원
H604 | bet   1,000원 BANKER | P:10♣ 3♦ 6♠=9  B:5♣ A♠ K♦=6  PLAYER(L)  | -1,000원 → 107,500원  [start]
H605 | bet   2,000원 PLAYER | P:J♦ 7♠=7  B:7♣ K♣=7  TIE(T)  |     0원 → 107,500원
H606 | bet   2,000원 PLAYER | P:8♠ 4♦ 10♣=2  B:3♠ 2♥=5  BANKER(L)  | -2,000원 → 105,500원
H607 | bet   4,000원 PLAYER | P:2♣ 9♦=1  B:J♠ 8♥=8  BANKER(L)  | -4,000원 → 101,500원
H608 | bet   8,000원 PLAYER | P:9♥ 4♠ 7♠=0  B:K♥ 6♥ 2♣=8  BANKER(L)  | -8,000원 → 93,500원
H609 | bet  16,000원 PLAYER | P:7♥ 4♥ 8♥=9  B:9♥ 4♣=3  PLAYER(W)  | +16,000원 → 109,500원  [end_win]
H610 | bet   1,000원 BANKER | P:7♦ J♥=7  B:K♥ J♠ K♦=0  PLAYER(L)  | -1,000원 → 108,500원  [start]
H611 | bet   2,000원 PLAYER | P:A♥ 3♥ 9♦=3  B:2♥ K♣ A♣=3  TIE(T)  |     0원 → 108,500원
H612 | bet   2,000원 PLAYER | P:8♦ J♠=8  B:2♥ 10♦=2  PLAYER(W)  | +2,000원 → 110,500원  [end_win]
H613 | bet   1,000원 BANKER | P:9♣ 2♣ 2♠=3  B:A♦ A♣ 8♣=0  PLAYER(L)  | -1,000원 → 109,500원  [start]
H614 | bet   2,000원 PLAYER | P:8♣ A♣=9  B:10♣ Q♥=0  PLAYER(W)  | +2,000원 → 111,500원  [end_win]
H615 | bet   1,000원 BANKER | P:7♣ 4♥ A♠=2  B:7♣ 6♥ 6♠=9  BANKER(W)  | +950원 → 112,450원
H616 | bet   1,000원 BANKER | P:6♦ 2♠=8  B:9♣ Q♦=9  BANKER(W)  | +950원 → 113,400원
H617 | bet   1,000원 BANKER | P:7♠ 5♥ K♣=2  B:7♥ 6♥ J♥=3  BANKER(W)  | +950원 → 114,350원
H618 | bet   1,000원 BANKER | P:3♣ 7♦ 4♣=4  B:K♥ 4♣ 8♥=2  PLAYER(L)  | -1,000원 → 113,350원  [start]
H619 | bet   2,000원 PLAYER | P:Q♣ 2♥=2  B:Q♣ 8♥=8  BANKER(L)  | -2,000원 → 111,350원
H620 | bet   4,000원 PLAYER | P:J♣ 2♣ 6♦=8  B:7♣ J♣=7  PLAYER(W)  | +4,000원 → 115,350원  [end_win]
H621 | bet   1,000원 BANKER | P:10♦ 6♣=6  B:5♦ 2♠=7  BANKER(W)  | +950원 → 116,300원
H622 | bet   1,000원 BANKER | P:7♦ 9♣=6  B:K♦ A♦ J♥=1  PLAYER(L)  | -1,000원 → 115,300원  [start]
H623 | bet   2,000원 PLAYER | P:5♥ K♠ 10♥=5  B:8♥ 8♠=6  BANKER(L)  | -2,000원 → 113,300원
H624 | bet   4,000원 PLAYER | P:7♥ 6♥ 9♠=2  B:7♥ 5♦ 7♥=9  BANKER(L)  | -4,000원 → 109,300원
H625 | bet   8,000원 PLAYER | P:7♣ Q♥=7  B:J♦ Q♦ 4♠=4  PLAYER(W)  | +8,000원 → 117,300원  [end_win]
H626 | bet   1,000원 BANKER | P:A♠ K♥ 3♠=4  B:K♣ J♦ 3♦=3  PLAYER(L)  | -1,000원 → 116,300원  [start]
H627 | bet   2,000원 PLAYER | P:9♦ 10♣=9  B:10♠ 9♥=9  TIE(T)  |     0원 → 116,300원
H628 | bet   2,000원 PLAYER | P:4♥ 8♣ A♦=3  B:A♥ A♣ J♦=2  PLAYER(W)  | +2,000원 → 118,300원  [end_win]
H629 | bet   1,000원 BANKER | P:K♠ A♠ 5♥=6  B:6♦ 8♠ 7♦=1  PLAYER(L)  | -1,000원 → 117,300원  [start]
H630 | bet   2,000원 PLAYER | P:2♠ 10♠ A♠=3  B:K♠ 7♥=7  BANKER(L)  | -2,000원 → 115,300원
H631 | bet   4,000원 PLAYER | P:3♦ 2♠=5  B:2♣ 6♥=8  BANKER(L)  | -4,000원 → 111,300원
H632 | bet   8,000원 PLAYER | P:4♣ 7♥ 5♣=6  B:2♠ Q♥ 6♦=8  BANKER(L)  | -8,000원 → 103,300원
H633 | bet  16,000원 PLAYER | P:10♦ 7♥=7  B:10♠ 10♠ 10♥=0  PLAYER(W)  | +16,000원 → 119,300원  [end_win]
H634 | bet   1,000원 BANKER | P:8♣ J♣=8  B:Q♣ 3♣=3  PLAYER(L)  | -1,000원 → 118,300원  [start]
H635 | bet   2,000원 PLAYER | P:Q♦ Q♠ 3♦=3  B:K♠ 5♦=5  BANKER(L)  | -2,000원 → 116,300원
H636 | bet   4,000원 PLAYER | P:6♣ 3♣=9  B:9♥ 3♠=2  PLAYER(W)  | +4,000원 → 120,300원  [end_win]
H637 | bet   1,000원 BANKER | P:10♥ 7♣=7  B:8♦ 9♠=7  TIE(T)  |     0원 → 120,300원
H638 | bet   1,000원 BANKER | P:A♦ K♦ 8♣=9  B:2♣ A♥=3  PLAYER(L)  | -1,000원 → 119,300원  [start]
H639 | bet   2,000원 PLAYER | P:6♥ 8♠ 9♣=3  B:2♥ Q♥ K♠=2  PLAYER(W)  | +2,000원 → 121,300원  [end_win]
H640 | bet   1,000원 BANKER | P:10♠ 6♦=6  B:Q♠ 6♦=6  TIE(T)  |     0원 → 121,300원
H641 | bet   1,000원 BANKER | P:9♠ J♥=9  B:3♠ 8♦=1  PLAYER(L)  | -1,000원 → 120,300원  [start]
H642 | bet   2,000원 PLAYER | P:K♠ 2♦ Q♦=2  B:6♥ K♦=6  BANKER(L)  | -2,000원 → 118,300원
H643 | bet   4,000원 PLAYER | P:5♣ 6♣ 8♦=9  B:Q♣ 6♠=6  PLAYER(W)  | +4,000원 → 122,300원  [end_win]
H644 | bet   1,000원 BANKER | P:4♥ 2♥=6  B:Q♦ K♥ 3♠=3  PLAYER(L)  | -1,000원 → 121,300원  [start]
H645 | bet   2,000원 PLAYER | P:J♥ 3♥ 4♠=7  B:4♠ 3♣=7  TIE(T)  |     0원 → 121,300원
H646 | bet   2,000원 PLAYER | P:4♠ 6♥ Q♠=0  B:Q♣ J♣ 10♦=0  TIE(T)  |     0원 → 121,300원
H647 | bet   2,000원 PLAYER | P:A♥ J♠=1  B:J♣ 8♦=8  BANKER(L)  | -2,000원 → 119,300원
H648 | bet   4,000원 PLAYER | P:6♠ 6♦ 10♣=2  B:6♣ A♠=7  BANKER(L)  | -4,000원 → 115,300원
H649 | bet   8,000원 PLAYER | P:10♥ 4♦=4  B:5♣ 3♣=8  BANKER(L)  | -8,000원 → 107,300원
H650 | bet  16,000원 PLAYER | P:A♠ 3♦ K♦=4  B:2♦ 4♦=6  BANKER(L)  | -16,000원 → 91,300원  [end_giveup]
H651 | bet   1,000원 BANKER | P:2♣ Q♣ 7♠=9  B:7♣ 8♠ A♠=6  PLAYER(L)  | -1,000원 → 90,300원  [start]
H652 | bet   2,000원 PLAYER | P:5♣ 10♥ J♣=5  B:3♣ 4♦=7  BANKER(L)  | -2,000원 → 88,300원
H653 | bet   4,000원 PLAYER | P:5♥ 9♠=4  B:5♣ 3♥=8  BANKER(L)  | -4,000원 → 84,300원
H654 | bet   8,000원 PLAYER | P:8♥ J♠=8  B:7♦ J♦=7  PLAYER(W)  | +8,000원 → 92,300원  [end_win]
H655 | bet   1,000원 BANKER | P:4♣ 4♠=8  B:5♦ 9♥=4  PLAYER(L)  | -1,000원 → 91,300원  [start]
H656 | bet   2,000원 PLAYER | P:8♣ 2♣ 4♥=4  B:Q♠ A♥ 9♣=0  PLAYER(W)  | +2,000원 → 93,300원  [end_win]
H657 | bet   1,000원 BANKER | P:7♣ A♥=8  B:K♠ 2♥=2  PLAYER(L)  | -1,000원 → 92,300원  [start]
H658 | bet   2,000원 PLAYER | P:5♠ 8♠=3  B:8♦ 10♦=8  BANKER(L)  | -2,000원 → 90,300원
H659 | bet   4,000원 PLAYER | P:8♣ 8♣=6  B:4♠ 4♦=8  BANKER(L)  | -4,000원 → 86,300원
H660 | bet   8,000원 PLAYER | P:9♥ K♦=9  B:7♠ 8♠=5  PLAYER(W)  | +8,000원 → 94,300원  [end_win]
H661 | bet   1,000원 BANKER | P:J♠ 8♥=8  B:K♥ 7♠=7  PLAYER(L)  | -1,000원 → 93,300원  [start]
H662 | bet   2,000원 PLAYER | P:6♠ Q♠=6  B:Q♦ A♣ 7♥=8  BANKER(L)  | -2,000원 → 91,300원
H663 | bet   4,000원 PLAYER | P:10♠ 2♥ 2♣=4  B:Q♣ 7♣=7  BANKER(L)  | -4,000원 → 87,300원
H664 | bet   8,000원 PLAYER | P:7♣ 3♥ 2♥=2  B:K♠ A♣ J♠=1  PLAYER(W)  | +8,000원 → 95,300원  [end_win]
H665 | bet   1,000원 BANKER | P:9♥ 2♥ 3♦=4  B:9♠ 4♣ 10♠=3  PLAYER(L)  | -1,000원 → 94,300원  [start]
H666 | bet   2,000원 PLAYER | P:K♣ 3♣ 4♦=7  B:7♠ 9♠=6  PLAYER(W)  | +2,000원 → 96,300원  [end_win]
H667 | bet   1,000원 BANKER | P:A♣ 10♠ 4♦=5  B:9♦ 8♣=7  BANKER(W)  | +950원 → 97,250원
H668 | bet   1,000원 BANKER | P:10♣ 9♥=9  B:A♥ A♦=2  PLAYER(L)  | -1,000원 → 96,250원  [start]
H669 | bet   2,000원 PLAYER | P:Q♠ 7♦=7  B:6♥ 6♥ 5♠=7  TIE(T)  |     0원 → 96,250원
H670 | bet   2,000원 PLAYER | P:4♥ Q♥ 7♦=1  B:J♣ 5♠ K♠=5  BANKER(L)  | -2,000원 → 94,250원
H671 | bet   4,000원 PLAYER | P:9♠ 7♦=6  B:2♠ 6♣=8  BANKER(L)  | -4,000원 → 90,250원
H672 | bet   8,000원 PLAYER | P:2♦ 3♦ 8♦=3  B:3♠ J♣=3  TIE(T)  |     0원 → 90,250원
H673 | bet   8,000원 PLAYER | P:A♠ K♦ 2♣=3  B:6♠ A♥=7  BANKER(L)  | -8,000원 → 82,250원
H674 | bet  16,000원 PLAYER | P:7♦ 3♦ Q♣=0  B:10♦ Q♣ 10♣=0  TIE(T)  |     0원 → 82,250원
H675 | bet  16,000원 PLAYER | P:3♣ 7♥ 9♠=9  B:2♦ 2♥=4  PLAYER(W)  | +16,000원 → 98,250원  [end_win]
H676 | bet   1,000원 BANKER | P:5♦ A♥=6  B:4♠ 5♠=9  BANKER(W)  | +950원 → 99,200원
H677 | bet   1,000원 BANKER | P:K♦ J♠=0  B:2♦ 6♣=8  BANKER(W)  | +950원 → 100,150원
H678 | bet   1,000원 BANKER | P:6♦ 10♦=6  B:J♠ 6♣=6  TIE(T)  |     0원 → 100,150원
H679 | bet   1,000원 BANKER | P:2♦ 4♦=6  B:Q♥ 4♦ 4♠=8  BANKER(W)  | +950원 → 101,100원
H680 | bet   1,000원 BANKER | P:8♠ 4♠=2  B:9♦ J♥=9  BANKER(W)  | +950원 → 102,050원
H681 | bet   1,000원 BANKER | P:7♥ 5♣ 4♦=6  B:4♣ 3♠=7  BANKER(W)  | +950원 → 103,000원
H682 | bet   1,000원 BANKER | P:4♠ 6♥ 6♠=6  B:7♦ 5♦ K♥=2  PLAYER(L)  | -1,000원 → 102,000원  [start]
H683 | bet   2,000원 PLAYER | P:J♦ 4♦=4  B:A♣ 7♠=8  BANKER(L)  | -2,000원 → 100,000원
H684 | bet   4,000원 PLAYER | P:K♦ J♦=0  B:3♠ 6♥=9  BANKER(L)  | -4,000원 → 96,000원
H685 | bet   8,000원 PLAYER | P:5♥ A♦=6  B:Q♠ J♦ 10♣=0  PLAYER(W)  | +8,000원 → 104,000원  [end_win]
H686 | bet   1,000원 BANKER | P:J♥ K♠ Q♦=0  B:A♦ 2♥ 6♦=9  BANKER(W)  | +950원 → 104,950원
H687 | bet   1,000원 BANKER | P:9♦ 10♣=9  B:6♦ 9♣=5  PLAYER(L)  | -1,000원 → 103,950원  [start]
H688 | bet   2,000원 PLAYER | P:J♥ Q♦ 8♣=8  B:3♣ 2♥=5  PLAYER(W)  | +2,000원 → 105,950원  [end_win]
H689 | bet   1,000원 BANKER | P:8♣ 8♦=6  B:J♥ 7♥=7  BANKER(W)  | +950원 → 106,900원
H690 | bet   1,000원 BANKER | P:9♥ 5♥ 3♦=7  B:Q♠ A♠ 5♦=6  PLAYER(L)  | -1,000원 → 105,900원  [start]
H691 | bet   2,000원 PLAYER | P:3♥ 2♥=5  B:J♣ 8♠=8  BANKER(L)  | -2,000원 → 103,900원
H692 | bet   4,000원 PLAYER | P:10♥ J♣ 6♠=6  B:K♦ 3♠ 6♠=9  BANKER(L)  | -4,000원 → 99,900원
H693 | bet   8,000원 PLAYER | P:Q♥ 10♥ 2♦=2  B:2♠ 2♠ 9♦=3  BANKER(L)  | -8,000원 → 91,900원
H694 | bet  16,000원 PLAYER | P:5♠ Q♣ 3♠=8  B:3♣ 8♥ Q♥=1  PLAYER(W)  | +16,000원 → 107,900원  [end_win]
H695 | bet   1,000원 BANKER | P:9♦ Q♦=9  B:10♣ 10♠=0  PLAYER(L)  | -1,000원 → 106,900원  [start]
H696 | bet   2,000원 PLAYER | P:4♦ 7♣ 2♦=3  B:A♥ 5♥=6  BANKER(L)  | -2,000원 → 104,900원
H697 | bet   4,000원 PLAYER | P:9♠ 6♣ 2♣=7  B:6♦ 9♣=5  PLAYER(W)  | +4,000원 → 108,900원  [end_win]
H698 | bet   1,000원 BANKER | P:K♣ 5♦=5  B:4♥ 5♣=9  BANKER(W)  | +950원 → 109,850원
H699 | bet   1,000원 BANKER | P:K♥ K♠ 3♠=3  B:5♣ A♦=6  BANKER(W)  | +950원 → 110,800원
H700 | bet   1,000원 BANKER | P:A♣ 2♠ K♥=3  B:J♠ 5♥=5  BANKER(W)  | +950원 → 111,750원
H701 | bet   1,000원 BANKER | P:J♦ 2♠=2  B:5♥ 4♥=9  BANKER(W)  | +950원 → 112,700원
H702 | bet   1,000원 BANKER | P:A♠ 4♥ 8♥=3  B:Q♦ Q♥ 9♠=9  BANKER(W)  | +950원 → 113,650원
H703 | bet   1,000원 BANKER | P:9♠ 9♥=8  B:6♣ 9♣=5  PLAYER(L)  | -1,000원 → 112,650원  [start]
H704 | bet   2,000원 PLAYER | P:8♥ 7♣=5  B:A♠ 8♦=9  BANKER(L)  | -2,000원 → 110,650원
H705 | bet   4,000원 PLAYER | P:7♥ A♣=8  B:5♣ 8♥=3  PLAYER(W)  | +4,000원 → 114,650원  [end_win]
H706 | bet   1,000원 BANKER | P:2♠ 5♦=7  B:3♥ 7♠ 4♥=4  PLAYER(L)  | -1,000원 → 113,650원  [start]
H707 | bet   2,000원 PLAYER | P:A♣ 5♦=6  B:10♥ 8♠=8  BANKER(L)  | -2,000원 → 111,650원
H708 | bet   4,000원 PLAYER | P:3♣ A♦ J♥=4  B:9♥ 4♠ 5♦=8  BANKER(L)  | -4,000원 → 107,650원
H709 | bet   8,000원 PLAYER | P:5♥ K♣ Q♠=5  B:7♣ K♠=7  BANKER(L)  | -8,000원 → 99,650원
H710 | bet  16,000원 PLAYER | P:8♣ J♠=8  B:4♣ Q♦=4  PLAYER(W)  | +16,000원 → 115,650원  [end_win]
H711 | bet   1,000원 BANKER | P:9♣ 5♥ 6♣=0  B:J♦ 7♠=7  BANKER(W)  | +950원 → 116,600원
H712 | bet   1,000원 BANKER | P:3♠ A♣ K♠=4  B:9♣ 3♣ 5♠=7  BANKER(W)  | +950원 → 117,550원
H713 | bet   1,000원 BANKER | P:2♦ 3♦ 10♠=5  B:9♣ 5♣=4  PLAYER(L)  | -1,000원 → 116,550원  [start]
H714 | bet   2,000원 PLAYER | P:J♣ 8♥=8  B:K♣ J♥=0  PLAYER(W)  | +2,000원 → 118,550원  [end_win]
H715 | bet   1,000원 BANKER | P:Q♥ 7♦=7  B:10♥ 7♣=7  TIE(T)  |     0원 → 118,550원
H716 | bet   1,000원 BANKER | P:A♦ 7♥=8  B:8♠ 8♦=6  PLAYER(L)  | -1,000원 → 117,550원  [start]
H717 | bet   2,000원 PLAYER | P:2♣ 6♦=8  B:10♦ A♦=1  PLAYER(W)  | +2,000원 → 119,550원  [end_win]
H718 | bet   1,000원 BANKER | P:8♦ A♥=9  B:10♥ 6♥=6  PLAYER(L)  | -1,000원 → 118,550원  [start]
H719 | bet   2,000원 PLAYER | P:Q♦ J♦ 10♠=0  B:3♠ J♣ Q♠=3  BANKER(L)  | -2,000원 → 116,550원
H720 | bet   4,000원 PLAYER | P:10♥ 4♣ 3♦=7  B:10♦ A♥ Q♠=1  PLAYER(W)  | +4,000원 → 120,550원  [end_win]
H721 | bet   1,000원 BANKER | P:6♠ 10♠=6  B:3♥ 6♠=9  BANKER(W)  | +950원 → 121,500원
H722 | bet   1,000원 BANKER | P:8♦ 7♥=5  B:5♥ 4♣=9  BANKER(W)  | +950원 → 122,450원
H723 | bet   1,000원 BANKER | P:8♠ 8♣=6  B:Q♦ 3♦ 5♣=8  BANKER(W)  | +950원 → 123,400원
H724 | bet   1,000원 BANKER | P:2♣ 9♥ K♥=1  B:5♣ K♣=5  BANKER(W)  | +950원 → 124,350원
H725 | bet   1,000원 BANKER | P:2♦ 8♦=0  B:8♥ A♠=9  BANKER(W)  | +950원 → 125,300원
H726 | bet   1,000원 BANKER | P:K♣ 8♣=8  B:6♣ Q♠=6  PLAYER(L)  | -1,000원 → 124,300원  [start]
H727 | bet   2,000원 PLAYER | P:10♥ 3♥ 4♠=7  B:J♦ J♠ Q♣=0  PLAYER(W)  | +2,000원 → 126,300원  [end_win]
H728 | bet   1,000원 BANKER | P:4♣ 9♦ 10♣=3  B:10♦ K♦ 7♥=7  BANKER(W)  | +950원 → 127,250원
H729 | bet   1,000원 BANKER | P:10♠ 10♣=0  B:7♦ 2♠=9  BANKER(W)  | +950원 → 128,200원
H730 | bet   1,000원 BANKER | P:6♠ Q♥=6  B:3♣ A♠ 4♠=8  BANKER(W)  | +950원 → 129,150원
H731 | bet   1,000원 BANKER | P:Q♣ A♠ 6♥=7  B:J♥ 3♣ 10♦=3  PLAYER(L)  | -1,000원 → 128,150원  [start]
H732 | bet   2,000원 PLAYER | P:4♣ K♥=4  B:4♥ 5♣=9  BANKER(L)  | -2,000원 → 126,150원
H733 | bet   4,000원 PLAYER | P:3♦ 6♥=9  B:K♣ 3♥=3  PLAYER(W)  | +4,000원 → 130,150원  [end_win]
H734 | bet   1,000원 BANKER | P:2♣ 9♠ 9♦=0  B:8♠ 2♣ 4♥=4  BANKER(W)  | +950원 → 131,100원
H735 | bet   1,000원 BANKER | P:6♦ K♦=6  B:K♣ 7♦=7  BANKER(W)  | +950원 → 132,050원
H736 | bet   1,000원 BANKER | P:8♥ K♥=8  B:5♠ 7♠=2  PLAYER(L)  | -1,000원 → 131,050원  [start]
H737 | bet   2,000원 PLAYER | P:4♥ J♥ 4♣=8  B:9♣ A♥ J♣=0  PLAYER(W)  | +2,000원 → 133,050원  [end_win]
H738 | bet   1,000원 BANKER | P:K♥ 10♦ Q♣=0  B:6♦ 10♥=6  BANKER(W)  | +950원 → 134,000원
H739 | bet   1,000원 BANKER | P:A♠ 5♠=6  B:A♦ Q♣ 3♥=4  PLAYER(L)  | -1,000원 → 133,000원  [start]
H740 | bet   2,000원 PLAYER | P:J♠ J♣=0  B:9♥ 9♣=8  BANKER(L)  | -2,000원 → 131,000원
H741 | bet   4,000원 PLAYER | P:6♥ 7♣ 10♣=3  B:K♠ K♦ 2♣=2  PLAYER(W)  | +4,000원 → 135,000원  [end_win]
H742 | bet   1,000원 BANKER | P:J♦ 9♥=9  B:K♠ 9♣=9  TIE(T)  |     0원 → 135,000원
H743 | bet   1,000원 BANKER | P:4♥ 6♠ J♥=0  B:A♥ 2♠ 4♣=7  BANKER(W)  | +950원 → 135,950원
H744 | bet   1,000원 BANKER | P:5♦ 10♥ 4♥=9  B:10♥ 7♣=7  PLAYER(L)  | -1,000원 → 134,950원  [start]
H745 | bet   2,000원 PLAYER | P:2♦ 8♥ A♣=1  B:2♦ A♣ 7♣=0  PLAYER(W)  | +2,000원 → 136,950원  [end_win]
H746 | bet   1,000원 BANKER | P:Q♥ A♦ Q♦=1  B:7♥ 9♠=6  BANKER(W)  | +950원 → 137,900원
H747 | bet   1,000원 BANKER | P:2♣ 7♥=9  B:Q♦ Q♣=0  PLAYER(L)  | -1,000원 → 136,900원  [start]
H748 | bet   2,000원 PLAYER | P:5♣ 7♦ J♣=2  B:7♣ J♣=7  BANKER(L)  | -2,000원 → 134,900원
H749 | bet   4,000원 PLAYER | P:J♠ 5♠ 9♣=4  B:J♠ 2♣ K♥=2  PLAYER(W)  | +4,000원 → 138,900원  [end_win]
H750 | bet   1,000원 BANKER | P:2♥ 3♥ Q♦=5  B:J♥ 6♠=6  BANKER(W)  | +950원 → 139,850원
H751 | bet   1,000원 BANKER | P:8♥ A♠=9  B:7♣ 7♥=4  PLAYER(L)  | -1,000원 → 138,850원  [start]
H752 | bet   2,000원 PLAYER | P:10♠ K♠ 5♠=5  B:K♥ 10♦ 4♦=4  PLAYER(W)  | +2,000원 → 140,850원  [end_win]
H753 | bet   1,000원 BANKER | P:Q♦ 8♣=8  B:Q♦ 7♠=7  PLAYER(L)  | -1,000원 → 139,850원  [start]
H754 | bet   2,000원 PLAYER | P:3♠ A♦ 8♠=2  B:3♦ 10♣=3  BANKER(L)  | -2,000원 → 137,850원
H755 | bet   4,000원 PLAYER | P:6♠ 6♣ 7♥=9  B:K♦ A♠ 10♦=1  PLAYER(W)  | +4,000원 → 141,850원  [end_win]
H756 | bet   1,000원 BANKER | P:A♥ 6♦=7  B:J♦ A♠ 2♦=3  PLAYER(L)  | -1,000원 → 140,850원  [start]
H757 | bet   2,000원 PLAYER | P:Q♠ 10♠ 5♣=5  B:5♣ K♥ 2♦=7  BANKER(L)  | -2,000원 → 138,850원
H758 | bet   4,000원 PLAYER | P:Q♠ 6♥=6  B:4♠ K♣ 9♣=3  PLAYER(W)  | +4,000원 → 142,850원  [end_win]
H759 | bet   1,000원 BANKER | P:2♣ 9♦=1  B:8♥ K♠=8  BANKER(W)  | +950원 → 143,800원
H760 | bet   1,000원 BANKER | P:2♠ 3♠ J♦=5  B:2♥ 4♣=6  BANKER(W)  | +950원 → 144,750원
H761 | bet   1,000원 BANKER | P:3♥ 3♦=6  B:2♣ 7♥=9  BANKER(W)  | +950원 → 145,700원
H762 | bet   1,000원 BANKER | P:A♠ Q♣=1  B:4♣ 5♦=9  BANKER(W)  | +950원 → 146,650원
H763 | bet   1,000원 BANKER | P:Q♠ 10♦ Q♥=0  B:7♠ 6♦ 7♦=0  TIE(T)  |     0원 → 146,650원
H764 | bet   1,000원 BANKER | P:2♠ 7♠=9  B:5♥ 10♥=5  PLAYER(L)  | -1,000원 → 145,650원  [start]
H765 | bet   2,000원 PLAYER | P:J♠ K♥ 4♣=4  B:8♦ 2♥ 8♠=8  BANKER(L)  | -2,000원 → 143,650원
H766 | bet   4,000원 PLAYER | P:4♥ 4♥=8  B:4♠ A♣=5  PLAYER(W)  | +4,000원 → 147,650원  [end_win]
H767 | bet   1,000원 BANKER | P:K♥ 3♣ J♥=3  B:8♠ 4♦ 6♠=8  BANKER(W)  | +950원 → 148,600원
H768 | bet   1,000원 BANKER | P:9♥ 8♠=7  B:3♠ 4♠=7  TIE(T)  |     0원 → 148,600원
H769 | bet   1,000원 BANKER | P:3♦ 6♥=9  B:5♣ 7♠=2  PLAYER(L)  | -1,000원 → 147,600원  [start]
H770 | bet   2,000원 PLAYER | P:9♥ Q♣=9  B:Q♥ K♠=0  PLAYER(W)  | +2,000원 → 149,600원  [end_win]
H771 | bet   1,000원 BANKER | P:5♠ 8♠=3  B:9♠ Q♣=9  BANKER(W)  | +950원 → 150,550원
H772 | bet   1,000원 BANKER | P:10♠ 10♠ 5♣=5  B:8♣ 6♥ 6♥=0  PLAYER(L)  | -1,000원 → 149,550원  [start]
H773 | bet   2,000원 PLAYER | P:7♣ 5♥ 10♥=2  B:J♣ A♥ 7♠=8  BANKER(L)  | -2,000원 → 147,550원
H774 | bet   4,000원 PLAYER | P:A♥ 5♠=6  B:K♥ J♠ 10♦=0  PLAYER(W)  | +4,000원 → 151,550원  [end_win]
H775 | bet   1,000원 BANKER | P:Q♥ 4♠ 8♥=2  B:J♠ J♣ 9♦=9  BANKER(W)  | +950원 → 152,500원
H776 | bet   1,000원 BANKER | P:10♠ A♣ 5♥=6  B:Q♣ 3♣ 8♦=1  PLAYER(L)  | -1,000원 → 151,500원  [start]
H777 | bet   2,000원 PLAYER | P:4♦ J♥=4  B:8♥ Q♥=8  BANKER(L)  | -2,000원 → 149,500원
H778 | bet   4,000원 PLAYER | P:Q♥ 6♥=6  B:3♠ Q♥ 6♣=9  BANKER(L)  | -4,000원 → 145,500원
H779 | bet   8,000원 PLAYER | P:5♣ 3♦=8  B:J♦ 3♣=3  PLAYER(W)  | +8,000원 → 153,500원  [end_win]
H780 | bet   1,000원 BANKER | P:K♦ 8♦=8  B:8♣ 10♠=8  TIE(T)  |     0원 → 153,500원
H781 | bet   1,000원 BANKER | P:3♠ Q♣ 9♠=2  B:K♦ 10♦ J♣=0  PLAYER(L)  | -1,000원 → 152,500원  [start]
H782 | bet   2,000원 PLAYER | P:6♣ 6♠ 7♠=9  B:10♥ 6♣ 5♠=1  PLAYER(W)  | +2,000원 → 154,500원  [end_win]
H783 | bet   1,000원 BANKER | P:9♣ 5♦ 3♣=7  B:5♦ 6♣ 7♣=8  BANKER(W)  | +950원 → 155,450원
H784 | bet   1,000원 BANKER | P:8♠ 6♦ 7♦=1  B:4♣ 2♣ 7♠=3  BANKER(W)  | +950원 → 156,400원
H785 | bet   1,000원 BANKER | P:K♦ 6♣=6  B:J♠ K♥ A♣=1  PLAYER(L)  | -1,000원 → 155,400원  [start]
H786 | bet   2,000원 PLAYER | P:3♦ 3♥=6  B:J♣ 10♣ Q♦=0  PLAYER(W)  | +2,000원 → 157,400원  [end_win]
H787 | bet   1,000원 BANKER | P:A♥ 2♦ 4♣=7  B:8♥ 5♣ 10♦=3  PLAYER(L)  | -1,000원 → 156,400원  [start]
H788 | bet   2,000원 PLAYER | P:5♥ 6♠=1  B:7♦ A♦=8  BANKER(L)  | -2,000원 → 154,400원
H789 | bet   4,000원 PLAYER | P:J♥ A♥ 2♥=3  B:10♣ 3♥ A♣=4  BANKER(L)  | -4,000원 → 150,400원
H790 | bet   8,000원 PLAYER | P:3♣ 9♠ K♥=2  B:3♦ 2♥=5  BANKER(L)  | -8,000원 → 142,400원
H791 | bet  16,000원 PLAYER | P:K♣ A♦ 4♦=5  B:Q♠ 5♥ 2♠=7  BANKER(L)  | -16,000원 → 126,400원  [end_giveup]
H792 | bet   1,000원 BANKER | P:2♠ 9♥ Q♦=1  B:6♠ 9♥=5  BANKER(W)  | +950원 → 127,350원
H793 | bet   1,000원 BANKER | P:9♣ 6♦ 8♥=3  B:5♦ Q♦=5  BANKER(W)  | +950원 → 128,300원
H794 | bet   1,000원 BANKER | P:A♦ 5♥=6  B:6♦ 6♥ 8♣=0  PLAYER(L)  | -1,000원 → 127,300원  [start]
H795 | bet   2,000원 PLAYER | P:K♠ 9♦=9  B:4♦ 8♣=2  PLAYER(W)  | +2,000원 → 129,300원  [end_win]
H796 | bet   1,000원 BANKER | P:4♣ 9♠ 3♠=6  B:10♣ 4♠ 2♠=6  TIE(T)  |     0원 → 129,300원
H797 | bet   1,000원 BANKER | P:8♣ J♦=8  B:A♠ 4♥=5  PLAYER(L)  | -1,000원 → 128,300원  [start]
H798 | bet   2,000원 PLAYER | P:5♠ J♦ 9♦=4  B:A♠ K♣ 6♥=7  BANKER(L)  | -2,000원 → 126,300원
H799 | bet   4,000원 PLAYER | P:J♠ Q♣ A♥=1  B:2♣ K♠ 5♦=7  BANKER(L)  | -4,000원 → 122,300원
H800 | bet   8,000원 PLAYER | P:4♠ 9♦ 3♥=6  B:3♠ 10♦ 7♦=0  PLAYER(W)  | +8,000원 → 130,300원  [end_win]
H801 | bet   1,000원 BANKER | P:K♦ 8♣=8  B:3♦ Q♠=3  PLAYER(L)  | -1,000원 → 129,300원  [start]
H802 | bet   2,000원 PLAYER | P:2♥ 10♠ Q♣=2  B:7♦ 10♣=7  BANKER(L)  | -2,000원 → 127,300원
H803 | bet   4,000원 PLAYER | P:9♣ 4♦=3  B:A♣ 8♦=9  BANKER(L)  | -4,000원 → 123,300원
H804 | bet   8,000원 PLAYER | P:4♠ 9♦=3  B:3♥ 6♥=9  BANKER(L)  | -8,000원 → 115,300원
H805 | bet  16,000원 PLAYER | P:7♣ J♠=7  B:K♦ 7♥=7  TIE(T)  |     0원 → 115,300원
H806 | bet  16,000원 PLAYER | P:J♦ J♣ J♥=0  B:2♦ 2♣=4  BANKER(L)  | -16,000원 → 99,300원  [end_giveup]
H807 | bet   1,000원 BANKER | P:3♥ 10♠ 8♦=1  B:A♠ 5♥=6  BANKER(W)  | +950원 → 100,250원
H808 | bet   1,000원 BANKER | P:A♠ 9♦ 4♦=4  B:6♣ 7♦ 8♥=1  PLAYER(L)  | -1,000원 → 99,250원  [start]
H809 | bet   2,000원 PLAYER | P:2♥ 5♦=7  B:K♠ 4♥ 8♣=2  PLAYER(W)  | +2,000원 → 101,250원  [end_win]
H810 | bet   1,000원 BANKER | P:Q♠ A♦=1  B:9♠ K♣=9  BANKER(W)  | +950원 → 102,200원
H811 | bet   1,000원 BANKER | P:J♥ 8♠=8  B:K♠ 10♥=0  PLAYER(L)  | -1,000원 → 101,200원  [start]
H812 | bet   2,000원 PLAYER | P:5♥ 4♥=9  B:9♣ 5♠=4  PLAYER(W)  | +2,000원 → 103,200원  [end_win]
H813 | bet   1,000원 BANKER | P:4♠ 10♣ Q♠=4  B:3♦ 9♠ 3♣=5  BANKER(W)  | +950원 → 104,150원
H814 | bet   1,000원 BANKER | P:6♦ K♦=6  B:K♦ A♣ A♦=2  PLAYER(L)  | -1,000원 → 103,150원  [start]
H815 | bet   2,000원 PLAYER | P:J♣ 7♦=7  B:7♥ 2♠=9  BANKER(L)  | -2,000원 → 101,150원
H816 | bet   4,000원 PLAYER | P:2♥ 6♦=8  B:Q♥ 2♠=2  PLAYER(W)  | +4,000원 → 105,150원  [end_win]
H817 | bet   1,000원 BANKER | P:7♥ 6♣ 10♣=3  B:10♥ 7♣=7  BANKER(W)  | +950원 → 106,100원
H818 | bet   1,000원 BANKER | P:3♠ K♣ 10♣=3  B:9♥ 5♣=4  BANKER(W)  | +950원 → 107,050원
H819 | bet   1,000원 BANKER | P:3♣ 9♥ 2♦=4  B:5♦ 9♦ A♥=5  BANKER(W)  | +950원 → 108,000원
H820 | bet   1,000원 BANKER | P:2♦ J♦=2  B:J♥ 8♦=8  BANKER(W)  | +950원 → 108,950원
H821 | bet   1,000원 BANKER | P:6♠ 4♦ 4♥=4  B:6♦ K♣=6  BANKER(W)  | +950원 → 109,900원
H822 | bet   1,000원 BANKER | P:10♥ 4♣=4  B:8♠ A♦=9  BANKER(W)  | +950원 → 110,850원
H823 | bet   1,000원 BANKER | P:A♥ K♣ 6♠=7  B:6♣ Q♣ 5♦=1  PLAYER(L)  | -1,000원 → 109,850원  [start]
H824 | bet   2,000원 PLAYER | P:7♦ 10♥=7  B:Q♦ 10♣ A♠=1  PLAYER(W)  | +2,000원 → 111,850원  [end_win]
H825 | bet   1,000원 BANKER | P:9♠ 3♠=2  B:3♠ 5♠=8  BANKER(W)  | +950원 → 112,800원
H826 | bet   1,000원 BANKER | P:K♦ 5♠ J♠=5  B:6♣ 7♠ 7♥=0  PLAYER(L)  | -1,000원 → 111,800원  [start]
H827 | bet   2,000원 PLAYER | P:2♦ 5♣=7  B:5♦ 9♦ 10♦=4  PLAYER(W)  | +2,000원 → 113,800원  [end_win]
H828 | bet   1,000원 BANKER | P:6♠ A♠=7  B:5♥ 9♥ 7♥=1  PLAYER(L)  | -1,000원 → 112,800원  [start]
H829 | bet   2,000원 PLAYER | P:6♥ 9♦ J♠=5  B:9♥ 4♣ K♥=3  PLAYER(W)  | +2,000원 → 114,800원  [end_win]
H830 | bet   1,000원 BANKER | P:J♦ 9♣=9  B:4♣ 10♥=4  PLAYER(L)  | -1,000원 → 113,800원  [start]
H831 | bet   2,000원 PLAYER | P:K♥ J♥=0  B:7♦ A♣=8  BANKER(L)  | -2,000원 → 111,800원
H832 | bet   4,000원 PLAYER | P:2♣ 10♣ 10♦=2  B:8♣ 2♥ 7♦=7  BANKER(L)  | -4,000원 → 107,800원
H833 | bet   8,000원 PLAYER | P:K♠ 3♦ 4♥=7  B:8♥ 6♥ 8♥=2  PLAYER(W)  | +8,000원 → 115,800원  [end_win]
H834 | bet   1,000원 BANKER | P:A♠ 3♣ 7♠=1  B:7♠ 8♥ 4♣=9  BANKER(W)  | +950원 → 116,750원
H835 | bet   1,000원 BANKER | P:9♣ 3♦ J♥=2  B:8♣ 7♦=5  BANKER(W)  | +950원 → 117,700원
H836 | bet   1,000원 BANKER | P:7♥ 10♥=7  B:J♥ 10♥ 5♥=5  PLAYER(L)  | -1,000원 → 116,700원  [start]
H837 | bet   2,000원 PLAYER | P:7♠ 4♥=1  B:A♦ 7♣=8  BANKER(L)  | -2,000원 → 114,700원
H838 | bet   4,000원 PLAYER | P:4♣ 8♣ A♥=3  B:Q♦ 2♠ Q♥=2  PLAYER(W)  | +4,000원 → 118,700원  [end_win]
H839 | bet   1,000원 BANKER | P:3♠ 8♦=1  B:A♥ 8♠=9  BANKER(W)  | +950원 → 119,650원
H840 | bet   1,000원 BANKER | P:Q♣ 7♣=7  B:6♦ J♥=6  PLAYER(L)  | -1,000원 → 118,650원  [start]
H841 | bet   2,000원 PLAYER | P:9♠ 2♠ A♠=2  B:K♠ 3♣ 4♥=7  BANKER(L)  | -2,000원 → 116,650원
H842 | bet   4,000원 PLAYER | P:5♣ A♣=6  B:J♥ 3♣ 5♦=8  BANKER(L)  | -4,000원 → 112,650원
H843 | bet   8,000원 PLAYER | P:Q♠ J♠=0  B:Q♦ 9♥=9  BANKER(L)  | -8,000원 → 104,650원
H844 | bet  16,000원 PLAYER | P:7♥ 4♣ 9♦=0  B:Q♦ 6♣=6  BANKER(L)  | -16,000원 → 88,650원  [end_giveup]
H845 | bet   1,000원 BANKER | P:4♦ 4♦=8  B:5♠ 10♣=5  PLAYER(L)  | -1,000원 → 87,650원  [start]
H846 | bet   2,000원 PLAYER | P:A♦ K♦ J♦=1  B:4♠ 6♠ 6♦=6  BANKER(L)  | -2,000원 → 85,650원
H847 | bet   4,000원 PLAYER | P:A♦ 10♣ 6♦=7  B:3♠ 9♥ 9♣=1  PLAYER(W)  | +4,000원 → 89,650원  [end_win]
H848 | bet   1,000원 BANKER | P:3♣ Q♥ 4♦=7  B:3♥ 2♣ Q♦=5  PLAYER(L)  | -1,000원 → 88,650원  [start]
H849 | bet   2,000원 PLAYER | P:J♠ Q♠=0  B:K♠ 8♦=8  BANKER(L)  | -2,000원 → 86,650원
H850 | bet   4,000원 PLAYER | P:J♦ 3♥ 9♣=2  B:J♣ 4♦=4  BANKER(L)  | -4,000원 → 82,650원
H851 | bet   8,000원 PLAYER | P:2♣ K♥ J♦=2  B:K♣ 4♣=4  BANKER(L)  | -8,000원 → 74,650원
H852 | bet  16,000원 PLAYER | P:6♣ 7♣ 2♥=5  B:4♦ 10♠ J♦=4  PLAYER(W)  | +16,000원 → 90,650원  [end_win]
H853 | bet   1,000원 BANKER | P:6♥ A♠=7  B:9♥ 5♥ 10♠=4  PLAYER(L)  | -1,000원 → 89,650원  [start]
H854 | bet   2,000원 PLAYER | P:5♥ 2♥=7  B:6♠ Q♥=6  PLAYER(W)  | +2,000원 → 91,650원  [end_win]
H855 | bet   1,000원 BANKER | P:6♥ 9♣ 6♥=1  B:5♠ Q♠ 9♥=4  BANKER(W)  | +950원 → 92,600원
H856 | bet   1,000원 BANKER | P:3♥ 8♠ 10♦=1  B:9♠ A♠ 4♠=4  BANKER(W)  | +950원 → 93,550원
H857 | bet   1,000원 BANKER | P:3♦ 7♦=0  B:10♠ 9♦=9  BANKER(W)  | +950원 → 94,500원
H858 | bet   1,000원 BANKER | P:Q♣ A♥ Q♣=1  B:A♦ 4♦=5  BANKER(W)  | +950원 → 95,450원
H859 | bet   1,000원 BANKER | P:Q♥ 10♠ 7♣=7  B:A♣ 2♦ 5♣=8  BANKER(W)  | +950원 → 96,400원
H860 | bet   1,000원 BANKER | P:3♥ 6♥=9  B:7♥ 3♣=0  PLAYER(L)  | -1,000원 → 95,400원  [start]
H861 | bet   2,000원 PLAYER | P:3♦ 7♠ 2♠=2  B:4♦ 9♣ 7♥=0  PLAYER(W)  | +2,000원 → 97,400원  [end_win]
H862 | bet   1,000원 BANKER | P:7♣ 8♠ K♣=5  B:J♠ 2♣ A♦=3  PLAYER(L)  | -1,000원 → 96,400원  [start]
H863 | bet   2,000원 PLAYER | P:10♦ 7♠=7  B:K♠ 6♦=6  PLAYER(W)  | +2,000원 → 98,400원  [end_win]
H864 | bet   1,000원 BANKER | P:10♥ 4♥=4  B:5♥ 4♠=9  BANKER(W)  | +950원 → 99,350원
H865 | bet   1,000원 BANKER | P:8♦ 10♦=8  B:2♣ K♦=2  PLAYER(L)  | -1,000원 → 98,350원  [start]
H866 | bet   2,000원 PLAYER | P:9♦ K♥=9  B:K♥ J♥=0  PLAYER(W)  | +2,000원 → 100,350원  [end_win]
H867 | bet   1,000원 BANKER | P:4♥ 9♠=3  B:8♠ K♦=8  BANKER(W)  | +950원 → 101,300원
H868 | bet   1,000원 BANKER | P:3♦ 8♥=1  B:6♦ 2♣=8  BANKER(W)  | +950원 → 102,250원
H869 | bet   1,000원 BANKER | P:8♦ 2♠ A♣=1  B:Q♠ A♣ K♠=1  TIE(T)  |     0원 → 102,250원
H870 | bet   1,000원 BANKER | P:8♦ J♦=8  B:J♠ J♣=0  PLAYER(L)  | -1,000원 → 101,250원  [start]
H871 | bet   2,000원 PLAYER | P:5♠ 5♦ 7♥=7  B:2♠ Q♠ 9♦=1  PLAYER(W)  | +2,000원 → 103,250원  [end_win]
H872 | bet   1,000원 BANKER | P:5♠ J♦ J♣=5  B:A♥ 6♠=7  BANKER(W)  | +950원 → 104,200원
H873 | bet   1,000원 BANKER | P:6♥ 2♥=8  B:5♥ 8♣=3  PLAYER(L)  | -1,000원 → 103,200원  [start]
H874 | bet   2,000원 PLAYER | P:6♦ J♥=6  B:7♣ 3♥ 5♣=5  PLAYER(W)  | +2,000원 → 105,200원  [end_win]
H875 | bet   1,000원 BANKER | P:Q♠ 2♣=2  B:2♦ 7♦=9  BANKER(W)  | +950원 → 106,150원
H876 | bet   1,000원 BANKER | P:9♦ 9♠=8  B:3♠ 5♦=8  TIE(T)  |     0원 → 106,150원
H877 | bet   1,000원 BANKER | P:2♥ A♦=3  B:10♣ 8♥=8  BANKER(W)  | +950원 → 107,100원
H878 | bet   1,000원 BANKER | P:3♣ 3♦=6  B:J♠ 5♥ 6♣=1  PLAYER(L)  | -1,000원 → 106,100원  [start]
H879 | bet   2,000원 PLAYER | P:4♥ 5♥=9  B:2♣ 8♥=0  PLAYER(W)  | +2,000원 → 108,100원  [end_win]
H880 | bet   1,000원 BANKER | P:8♣ J♣=8  B:A♣ 5♣=6  PLAYER(L)  | -1,000원 → 107,100원  [start]
H881 | bet   2,000원 PLAYER | P:7♣ 10♣=7  B:Q♥ K♦ 10♣=0  PLAYER(W)  | +2,000원 → 109,100원  [end_win]
H882 | bet   1,000원 BANKER | P:7♦ 3♦ 7♥=7  B:A♦ 9♠ Q♠=0  PLAYER(L)  | -1,000원 → 108,100원  [start]
H883 | bet   2,000원 PLAYER | P:4♠ 9♥=3  B:Q♥ 9♦=9  BANKER(L)  | -2,000원 → 106,100원
H884 | bet   4,000원 PLAYER | P:Q♠ 8♠=8  B:A♥ 8♣=9  BANKER(L)  | -4,000원 → 102,100원
H885 | bet   8,000원 PLAYER | P:9♣ A♠ J♣=0  B:5♣ 2♦=7  BANKER(L)  | -8,000원 → 94,100원
H886 | bet  16,000원 PLAYER | P:10♥ 9♣=9  B:3♠ 8♣=1  PLAYER(W)  | +16,000원 → 110,100원  [end_win]
H887 | bet   1,000원 BANKER | P:Q♣ 8♠=8  B:Q♣ 5♦=5  PLAYER(L)  | -1,000원 → 109,100원  [start]
H888 | bet   2,000원 PLAYER | P:4♥ 3♣=7  B:2♥ 8♥ 3♠=3  PLAYER(W)  | +2,000원 → 111,100원  [end_win]
H889 | bet   1,000원 BANKER | P:2♥ K♣ Q♦=2  B:4♠ A♦=5  BANKER(W)  | +950원 → 112,050원
H890 | bet   1,000원 BANKER | P:A♣ A♥=2  B:5♦ 4♥=9  BANKER(W)  | +950원 → 113,000원
H891 | bet   1,000원 BANKER | P:10♠ 3♥ 10♥=3  B:J♠ 6♣=6  BANKER(W)  | +950원 → 113,950원
H892 | bet   1,000원 BANKER | P:10♣ 3♥ 8♣=1  B:K♦ K♠ 10♠=0  PLAYER(L)  | -1,000원 → 112,950원  [start]
H893 | bet   2,000원 PLAYER | P:6♣ 4♣ J♣=0  B:4♠ J♣=4  BANKER(L)  | -2,000원 → 110,950원
H894 | bet   4,000원 PLAYER | P:4♦ J♥=4  B:5♣ 3♦=8  BANKER(L)  | -4,000원 → 106,950원
H895 | bet   8,000원 PLAYER | P:8♥ 6♠ K♦=4  B:9♠ 8♠=7  BANKER(L)  | -8,000원 → 98,950원
H896 | bet  16,000원 PLAYER | P:K♥ K♠ K♦=0  B:7♦ K♥=7  BANKER(L)  | -16,000원 → 82,950원  [end_giveup]
H897 | bet   1,000원 BANKER | P:A♣ 2♦ 2♦=5  B:Q♥ 2♠ Q♦=2  PLAYER(L)  | -1,000원 → 81,950원  [start]
H898 | bet   2,000원 PLAYER | P:10♦ 7♠=7  B:J♣ 9♠=9  BANKER(L)  | -2,000원 → 79,950원
H899 | bet   4,000원 PLAYER | P:3♠ 2♦ 4♠=9  B:3♥ 2♠ 6♦=1  PLAYER(W)  | +4,000원 → 83,950원  [end_win]
H900 | bet   1,000원 BANKER | P:8♦ 5♣ A♥=4  B:J♦ Q♣ 10♥=0  PLAYER(L)  | -1,000원 → 82,950원  [start]
H901 | bet   2,000원 PLAYER | P:8♦ 8♠=6  B:K♣ 5♠ 7♣=2  PLAYER(W)  | +2,000원 → 84,950원  [end_win]
H902 | bet   1,000원 BANKER | P:4♣ Q♥ Q♣=4  B:Q♦ 6♠=6  BANKER(W)  | +950원 → 85,900원
H903 | bet   1,000원 BANKER | P:10♠ K♣=0  B:5♠ 4♠=9  BANKER(W)  | +950원 → 86,850원
H904 | bet   1,000원 BANKER | P:8♦ 10♦=8  B:K♥ A♠=1  PLAYER(L)  | -1,000원 → 85,850원  [start]
H905 | bet   2,000원 PLAYER | P:3♣ K♠ 7♠=0  B:6♥ K♣ 10♠=6  BANKER(L)  | -2,000원 → 83,850원
H906 | bet   4,000원 PLAYER | P:K♦ 5♦=5  B:9♦ K♦=9  BANKER(L)  | -4,000원 → 79,850원
H907 | bet   8,000원 PLAYER | P:6♦ J♦=6  B:9♣ 7♦=6  TIE(T)  |     0원 → 79,850원
H908 | bet   8,000원 PLAYER | P:4♥ 7♠=1  B:9♣ 10♣=9  BANKER(L)  | -8,000원 → 71,850원
H909 | bet  16,000원 PLAYER | P:10♥ Q♥ 10♥=0  B:K♣ 6♥=6  BANKER(L)  | -16,000원 → 55,850원  [end_giveup]
H910 | bet   1,000원 BANKER | P:6♠ 5♠ J♦=1  B:J♠ 2♥ 10♥=2  BANKER(W)  | +950원 → 56,800원
H911 | bet   1,000원 BANKER | P:5♣ 3♠=8  B:K♥ 4♥=4  PLAYER(L)  | -1,000원 → 55,800원  [start]
H912 | bet   2,000원 PLAYER | P:7♥ K♦=7  B:A♦ 5♦=6  PLAYER(W)  | +2,000원 → 57,800원  [end_win]
H913 | bet   1,000원 BANKER | P:A♥ 6♥=7  B:K♠ 4♣ 5♠=9  BANKER(W)  | +950원 → 58,750원
H914 | bet   1,000원 BANKER | P:3♥ A♦ 3♣=7  B:7♥ 8♠=5  PLAYER(L)  | -1,000원 → 57,750원  [start]
H915 | bet   2,000원 PLAYER | P:10♥ J♥=0  B:9♥ K♠=9  BANKER(L)  | -2,000원 → 55,750원
H916 | bet   4,000원 PLAYER | P:J♥ 10♥ 10♦=0  B:A♣ 2♠ K♥=3  BANKER(L)  | -4,000원 → 51,750원
H917 | bet   8,000원 PLAYER | P:5♥ 5♥ Q♦=0  B:2♠ 10♠ 3♠=5  BANKER(L)  | -8,000원 → 43,750원

Result: RUIN (capital_depleted)
Final: 43,750원  Hands: 917  Bets: 832  Wagered: 2,220,000원  Max losing streak: 8
